
         /\      Grafana   /‾‾/  
    /\  /  \     |\  __   /  /   
   /  \/    \    | |/ /  /   ‾‾\ 
  /          \   |   (  |  (‾)  |
 / __________ \  |_|\_\  \_____/ 


     execution: local
        script: load/scripts/flash.ts
        output: -

     scenarios: (100.00%) 2 scenarios, 12001 max VUs, 1m10s max duration (incl. graceful stop):
              * flash: Up to 1000.00 iterations/s for 30s over 2 stages (maxVUs: 2000-12000, gracefulStop: 30s)
              * watcher: 1 looping VUs for 40s (exec: watchInventory, gracefulStop: 30s)

time="2026-09-20T16:09:10-07:00" level=info msg="flash sale: 10000 buyers arriving in 10s for 5000 seats (event 22554fc7-0a60-4638-a6ad-185bd6cd7232)" source=console

running (0m00.9s), 00481/02001 VUs, 138 complete and 0 interrupted iterations
flash     [   2% ] 00480/02000 VUs  00.6s/30s  1000.00 iters/s
watcher   [   2% ] 1 VUs            00.6s/40s 

running (0m01.9s), 01202/02001 VUs, 419 complete and 0 interrupted iterations
flash     [   5% ] 01201/02000 VUs  01.6s/30s  1000.00 iters/s
watcher   [   4% ] 1 VUs            01.6s/40s 

running (0m02.9s), 01866/02001 VUs, 756 complete and 0 interrupted iterations
flash     [   9% ] 01865/02000 VUs  02.6s/30s  1000.00 iters/s
watcher   [   7% ] 1 VUs            02.6s/40s 

running (0m03.9s), 02160/02165 VUs, 1248 complete and 0 interrupted iterations
flash     [  12% ] 02159/02164 VUs  03.6s/30s  1000.00 iters/s
watcher   [   9% ] 1 VUs            03.6s/40s 

running (0m04.9s), 02258/02277 VUs, 2009 complete and 0 interrupted iterations
flash     [  15% ] 02257/02276 VUs  04.6s/30s  1000.00 iters/s
watcher   [  12% ] 1 VUs            04.6s/40s 

running (0m05.9s), 02352/02377 VUs, 2780 complete and 0 interrupted iterations
flash     [  19% ] 02351/02376 VUs  05.6s/30s  1000.00 iters/s
watcher   [  14% ] 1 VUs            05.6s/40s 

running (0m06.9s), 02431/02464 VUs, 3597 complete and 0 interrupted iterations
flash     [  22% ] 02430/02463 VUs  06.6s/30s  1000.00 iters/s
watcher   [  17% ] 1 VUs            06.6s/40s 

running (0m07.9s), 02478/02497 VUs, 4505 complete and 0 interrupted iterations
flash     [  25% ] 02477/02496 VUs  07.6s/30s  1000.00 iters/s
watcher   [  19% ] 1 VUs            07.6s/40s 

running (0m08.9s), 02072/02521 VUs, 5878 complete and 0 interrupted iterations
flash     [  29% ] 02071/02520 VUs  08.6s/30s  1000.00 iters/s
watcher   [  22% ] 1 VUs            08.6s/40s 

running (0m09.9s), 01554/02521 VUs, 7397 complete and 0 interrupted iterations
flash     [  32% ] 01553/02520 VUs  09.6s/30s  1000.00 iters/s
watcher   [  24% ] 1 VUs            09.6s/40s 
time="2026-09-20T16:09:21-07:00" level=info msg="sold out after 10.6 s" source=console

running (0m10.9s), 01011/02521 VUs, 8932 complete and 0 interrupted iterations
flash     [  35% ] 01010/02520 VUs  10.6s/30s  0969.10 iters/s
watcher   [  27% ] 1 VUs            10.6s/40s 

running (0m11.9s), 00581/02521 VUs, 10306 complete and 0 interrupted iterations
flash     [  39% ] 00580/02520 VUs  11.6s/30s  0919.16 iters/s
watcher   [  29% ] 1 VUs            11.6s/40s 

running (0m12.9s), 00206/02521 VUs, 11577 complete and 0 interrupted iterations
flash     [  42% ] 00205/02520 VUs  12.6s/30s  0869.11 iters/s
watcher   [  32% ] 1 VUs            12.6s/40s 

running (0m13.9s), 00007/02521 VUs, 12621 complete and 0 interrupted iterations
flash     [  45% ] 00006/02520 VUs  13.6s/30s  0819.11 iters/s
watcher   [  34% ] 1 VUs            13.6s/40s 

running (0m14.9s), 00007/02521 VUs, 13415 complete and 0 interrupted iterations
flash     [  49% ] 00007/02520 VUs  14.6s/30s  0769.12 iters/s
watcher   [  37% ] 1 VUs            14.6s/40s 

running (0m15.9s), 00005/02521 VUs, 14163 complete and 0 interrupted iterations
flash     [  52% ] 00004/02520 VUs  15.6s/30s  0719.13 iters/s
watcher   [  39% ] 1 VUs            15.6s/40s 

running (0m16.9s), 00004/02521 VUs, 14859 complete and 0 interrupted iterations
flash     [  55% ] 00003/02520 VUs  16.6s/30s  0669.14 iters/s
watcher   [  42% ] 1 VUs            16.6s/40s 

running (0m17.9s), 00006/02521 VUs, 15502 complete and 0 interrupted iterations
flash     [  59% ] 00005/02520 VUs  17.6s/30s  0619.15 iters/s
watcher   [  44% ] 1 VUs            17.6s/40s 

running (0m18.9s), 00005/02521 VUs, 16098 complete and 0 interrupted iterations
flash     [  62% ] 00004/02520 VUs  18.6s/30s  0569.17 iters/s
watcher   [  47% ] 1 VUs            18.6s/40s 

running (0m19.9s), 00005/02521 VUs, 16644 complete and 0 interrupted iterations
flash     [  65% ] 00004/02520 VUs  19.6s/30s  0519.09 iters/s
watcher   [  49% ] 1 VUs            19.6s/40s 

running (0m20.9s), 00003/02521 VUs, 17140 complete and 0 interrupted iterations
flash     [  69% ] 00002/02520 VUs  20.6s/30s  0469.20 iters/s
watcher   [  52% ] 1 VUs            20.6s/40s 

running (0m21.9s), 00004/02521 VUs, 17584 complete and 0 interrupted iterations
flash     [  72% ] 00003/02520 VUs  21.6s/30s  0419.23 iters/s
watcher   [  54% ] 1 VUs            21.6s/40s 

running (0m22.9s), 00003/02521 VUs, 17981 complete and 0 interrupted iterations
flash     [  75% ] 00002/02520 VUs  22.6s/30s  0369.12 iters/s
watcher   [  57% ] 1 VUs            22.6s/40s 

running (0m23.9s), 00003/02521 VUs, 18326 complete and 0 interrupted iterations
flash     [  79% ] 00002/02520 VUs  23.6s/30s  0319.14 iters/s
watcher   [  59% ] 1 VUs            23.6s/40s 

running (0m24.9s), 00002/02521 VUs, 18622 complete and 0 interrupted iterations
flash     [  82% ] 00001/02520 VUs  24.6s/30s  0269.17 iters/s
watcher   [  62% ] 1 VUs            24.6s/40s 

running (0m25.9s), 00003/02521 VUs, 18867 complete and 0 interrupted iterations
flash     [  85% ] 00002/02520 VUs  25.6s/30s  0218.97 iters/s
watcher   [  64% ] 1 VUs            25.6s/40s 

running (0m26.9s), 00002/02521 VUs, 19063 complete and 0 interrupted iterations
flash     [  89% ] 00001/02520 VUs  26.6s/30s  0168.97 iters/s
watcher   [  67% ] 1 VUs            26.6s/40s 

running (0m27.9s), 00002/02521 VUs, 19208 complete and 0 interrupted iterations
flash     [  92% ] 00001/02520 VUs  27.6s/30s  0118.95 iters/s
watcher   [  69% ] 1 VUs            27.6s/40s 

running (0m28.9s), 00002/02521 VUs, 19303 complete and 0 interrupted iterations
flash     [  95% ] 00001/02520 VUs  28.6s/30s  0068.92 iters/s
watcher   [  72% ] 1 VUs            28.6s/40s 

running (0m29.9s), 00001/02521 VUs, 19349 complete and 0 interrupted iterations
flash     [  99% ] 00000/02520 VUs  29.6s/30s  0018.66 iters/s
watcher   [  74% ] 1 VUs            29.6s/40s 

running (0m30.9s), 00001/02521 VUs, 19353 complete and 0 interrupted iterations
flash   ✓ [ 100% ] 00000/02520 VUs  30s  0005.00 iters/s
watcher   [  77% ] 1 VUs            30.6s/40s

running (0m31.9s), 00001/02521 VUs, 19354 complete and 0 interrupted iterations
flash   ✓ [ 100% ] 00000/02520 VUs  30s  0005.00 iters/s
watcher   [  79% ] 1 VUs            31.6s/40s

running (0m32.9s), 00001/02521 VUs, 19355 complete and 0 interrupted iterations
flash   ✓ [ 100% ] 00000/02520 VUs  30s  0005.00 iters/s
watcher   [  82% ] 1 VUs            32.6s/40s

running (0m33.9s), 00001/02521 VUs, 19356 complete and 0 interrupted iterations
flash   ✓ [ 100% ] 00000/02520 VUs  30s  0005.00 iters/s
watcher   [  84% ] 1 VUs            33.6s/40s

running (0m34.9s), 00001/02521 VUs, 19357 complete and 0 interrupted iterations
flash   ✓ [ 100% ] 00000/02520 VUs  30s  0005.00 iters/s
watcher   [  87% ] 1 VUs            34.6s/40s

running (0m35.9s), 00001/02521 VUs, 19358 complete and 0 interrupted iterations
flash   ✓ [ 100% ] 00000/02520 VUs  30s  0005.00 iters/s
watcher   [  89% ] 1 VUs            35.6s/40s

running (0m36.9s), 00001/02521 VUs, 19359 complete and 0 interrupted iterations
flash   ✓ [ 100% ] 00000/02520 VUs  30s  0005.00 iters/s
watcher   [  92% ] 1 VUs            36.6s/40s

running (0m37.9s), 00001/02521 VUs, 19360 complete and 0 interrupted iterations
flash   ✓ [ 100% ] 00000/02520 VUs  30s  0005.00 iters/s
watcher   [  94% ] 1 VUs            37.6s/40s

running (0m38.9s), 00001/02521 VUs, 19361 complete and 0 interrupted iterations
flash   ✓ [ 100% ] 00000/02520 VUs  30s  0005.00 iters/s
watcher   [  97% ] 1 VUs            38.6s/40s

running (0m39.9s), 00001/02521 VUs, 19362 complete and 0 interrupted iterations
flash   ✓ [ 100% ] 00000/02520 VUs  30s  0005.00 iters/s
watcher   [  99% ] 1 VUs            39.6s/40s

running (0m40.9s), 00000/02521 VUs, 19363 complete and 0 interrupted iterations
flash   ✓ [ 100% ] 00000/02520 VUs  30s  0005.00 iters/s
watcher ✓ [ 100% ] 1 VUs            40s 
time="2026-09-20T16:09:51-07:00" level=info msg="invariants after the flash sale: PASS" source=console
time="2026-09-20T16:09:51-07:00" level=info msg="final tally for event 22554fc7-0a60-4638-a6ad-185bd6cd7232 (capacity 5000): 2903 sold, 0 held, 2097 available" source=console

thresholds: PASS willcall_flash_hold_duration: p(99)<5000
            PASS willcall_flash_errors: rate<0.001
            PASS willcall_flash_server_errors: count==0
            PASS willcall_invariants_held: rate==1

running (0m40.9s), 00000/02521 VUs, 19363 complete and 0 interrupted iterations
flash   ✓ [ 100% ] 00000/02520 VUs  30s  0005.00 iters/s
watcher ✓ [ 100% ] 1 VUs            40s 
