
         /\      Grafana   /‾‾/  
    /\  /  \     |\  __   /  /   
   /  \/    \    | |/ /  /   ‾‾\ 
  /          \   |   (  |  (‾)  |
 / __________ \  |_|\_\  \_____/ 


     execution: local
        script: load/scripts/flash.ts
        output: -

     scenarios: (100.00%) 2 scenarios, 12001 max VUs, 1m10s max duration (incl. graceful stop):
              * flash: Up to 1000.00 iterations/s for 30s over 2 stages (maxVUs: 2000-12000, gracefulStop: 30s)
              * watcher: 1 looping VUs for 40s (exec: watchInventory, gracefulStop: 30s)

time="2026-09-20T15:58:39-07:00" level=info msg="flash sale: 10000 buyers arriving in 10s for 5000 seats (event b2d0abe0-351f-4468-a212-01b5cac4e516)" source=console

running (0m00.9s), 00475/02001 VUs, 130 complete and 0 interrupted iterations
flash     [   2% ] 00474/02000 VUs  00.6s/30s  1000.00 iters/s
watcher   [   2% ] 1 VUs            00.6s/40s 

running (0m01.9s), 01194/02001 VUs, 412 complete and 0 interrupted iterations
flash     [   5% ] 01193/02000 VUs  01.6s/30s  1000.00 iters/s
watcher   [   4% ] 1 VUs            01.6s/40s 

running (0m02.9s), 01860/02001 VUs, 746 complete and 0 interrupted iterations
flash     [   9% ] 01859/02000 VUs  02.6s/30s  1000.00 iters/s
watcher   [   7% ] 1 VUs            02.6s/40s 

running (0m03.9s), 02129/02156 VUs, 1273 complete and 0 interrupted iterations
flash     [  12% ] 02128/02155 VUs  03.6s/30s  1000.00 iters/s
watcher   [   9% ] 1 VUs            03.6s/40s 

running (0m04.9s), 02226/02263 VUs, 2048 complete and 0 interrupted iterations
flash     [  15% ] 02225/02262 VUs  04.6s/30s  1000.00 iters/s
watcher   [  12% ] 1 VUs            04.6s/40s 

running (0m05.9s), 02319/02358 VUs, 2830 complete and 0 interrupted iterations
flash     [  19% ] 02318/02357 VUs  05.6s/30s  1000.00 iters/s
watcher   [  14% ] 1 VUs            05.6s/40s 

running (0m06.9s), 02396/02431 VUs, 3657 complete and 0 interrupted iterations
flash     [  22% ] 02395/02430 VUs  06.6s/30s  1000.00 iters/s
watcher   [  17% ] 1 VUs            06.6s/40s 

running (0m07.9s), 02204/02463 VUs, 4810 complete and 0 interrupted iterations
flash     [  25% ] 02203/02462 VUs  07.6s/30s  1000.00 iters/s
watcher   [  19% ] 1 VUs            07.6s/40s 
time="2026-09-20T15:58:48-07:00" level=info msg="sold out after 8.3 s" source=console

running (0m08.9s), 00948/02463 VUs, 7066 complete and 0 interrupted iterations
flash     [  29% ] 00947/02462 VUs  08.6s/30s  1000.00 iters/s
watcher   [  22% ] 1 VUs            08.6s/40s 

running (0m09.9s), 00007/02463 VUs, 9008 complete and 0 interrupted iterations
flash     [  32% ] 00006/02462 VUs  09.6s/30s  1000.00 iters/s
watcher   [  24% ] 1 VUs            09.6s/40s 

running (0m10.9s), 00008/02463 VUs, 9999 complete and 0 interrupted iterations
flash     [  35% ] 00007/02462 VUs  10.6s/30s  0969.82 iters/s
watcher   [  27% ] 1 VUs            10.6s/40s 

running (0m11.9s), 00007/02463 VUs, 10947 complete and 0 interrupted iterations
flash     [  39% ] 00006/02462 VUs  11.6s/30s  0919.76 iters/s
watcher   [  29% ] 1 VUs            11.6s/40s 

running (0m12.9s), 00005/02463 VUs, 11844 complete and 0 interrupted iterations
flash     [  42% ] 00004/02462 VUs  12.6s/30s  0869.80 iters/s
watcher   [  32% ] 1 VUs            12.6s/40s 

running (0m13.9s), 00004/02463 VUs, 12691 complete and 0 interrupted iterations
flash     [  45% ] 00003/02462 VUs  13.6s/30s  0819.79 iters/s
watcher   [  34% ] 1 VUs            13.6s/40s 

running (0m14.9s), 00005/02463 VUs, 13486 complete and 0 interrupted iterations
flash     [  49% ] 00004/02462 VUs  14.6s/30s  0769.77 iters/s
watcher   [  37% ] 1 VUs            14.6s/40s 

running (0m15.9s), 00004/02463 VUs, 14232 complete and 0 interrupted iterations
flash     [  52% ] 00003/02462 VUs  15.6s/30s  0719.83 iters/s
watcher   [  39% ] 1 VUs            15.6s/40s 

running (0m16.9s), 00004/02463 VUs, 14928 complete and 0 interrupted iterations
flash     [  55% ] 00003/02462 VUs  16.6s/30s  0669.81 iters/s
watcher   [  42% ] 1 VUs            16.6s/40s 

running (0m17.9s), 00004/02463 VUs, 15574 complete and 0 interrupted iterations
flash     [  59% ] 00003/02462 VUs  17.6s/30s  0619.80 iters/s
watcher   [  44% ] 1 VUs            17.6s/40s 

running (0m18.9s), 00003/02463 VUs, 16171 complete and 0 interrupted iterations
flash     [  62% ] 00002/02462 VUs  18.6s/30s  0569.78 iters/s
watcher   [  47% ] 1 VUs            18.6s/40s 

running (0m19.9s), 00003/02463 VUs, 16717 complete and 0 interrupted iterations
flash     [  65% ] 00002/02462 VUs  19.6s/30s  0519.76 iters/s
watcher   [  49% ] 1 VUs            19.6s/40s 

running (0m20.9s), 00003/02463 VUs, 17213 complete and 0 interrupted iterations
flash     [  69% ] 00002/02462 VUs  20.6s/30s  0469.73 iters/s
watcher   [  52% ] 1 VUs            20.6s/40s 

running (0m21.9s), 00002/02463 VUs, 17659 complete and 0 interrupted iterations
flash     [  72% ] 00001/02462 VUs  21.6s/30s  0419.82 iters/s
watcher   [  54% ] 1 VUs            21.6s/40s 

running (0m22.9s), 00002/02463 VUs, 18055 complete and 0 interrupted iterations
flash     [  75% ] 00001/02462 VUs  22.6s/30s  0369.80 iters/s
watcher   [  57% ] 1 VUs            22.6s/40s 

running (0m23.9s), 00002/02463 VUs, 18401 complete and 0 interrupted iterations
flash     [  79% ] 00001/02462 VUs  23.6s/30s  0319.77 iters/s
watcher   [  59% ] 1 VUs            23.6s/40s 

running (0m24.9s), 00003/02463 VUs, 18696 complete and 0 interrupted iterations
flash     [  82% ] 00002/02462 VUs  24.6s/30s  0269.72 iters/s
watcher   [  62% ] 1 VUs            24.6s/40s 

running (0m25.9s), 00002/02463 VUs, 18943 complete and 0 interrupted iterations
flash     [  85% ] 00001/02462 VUs  25.6s/30s  0219.66 iters/s
watcher   [  64% ] 1 VUs            25.6s/40s 

running (0m26.9s), 00002/02463 VUs, 19138 complete and 0 interrupted iterations
flash     [  89% ] 00001/02462 VUs  26.6s/30s  0169.85 iters/s
watcher   [  67% ] 1 VUs            26.6s/40s 

running (0m27.9s), 00001/02463 VUs, 19285 complete and 0 interrupted iterations
flash     [  92% ] 00000/02462 VUs  27.6s/30s  0119.79 iters/s
watcher   [  69% ] 1 VUs            27.6s/40s 

running (0m28.9s), 00001/02463 VUs, 19381 complete and 0 interrupted iterations
flash     [  95% ] 00000/02462 VUs  28.6s/30s  0069.64 iters/s
watcher   [  72% ] 1 VUs            28.6s/40s 

running (0m29.9s), 00002/02463 VUs, 19426 complete and 0 interrupted iterations
flash     [  99% ] 00001/02462 VUs  29.6s/30s  0018.66 iters/s
watcher   [  74% ] 1 VUs            29.6s/40s 

running (0m30.9s), 00001/02463 VUs, 19431 complete and 0 interrupted iterations
flash   ✓ [ 100% ] 00000/02462 VUs  30s  0005.00 iters/s
watcher   [  77% ] 1 VUs            30.6s/40s

running (0m31.9s), 00001/02463 VUs, 19432 complete and 0 interrupted iterations
flash   ✓ [ 100% ] 00000/02462 VUs  30s  0005.00 iters/s
watcher   [  79% ] 1 VUs            31.6s/40s
