
         /\      Grafana   /‾‾/  
    /\  /  \     |\  __   /  /   
   /  \/    \    | |/ /  /   ‾‾\ 
  /          \   |   (  |  (‾)  |
 / __________ \  |_|\_\  \_____/ 


     execution: local
        script: load/scripts/flash.ts
        output: -

     scenarios: (100.00%) 2 scenarios, 12001 max VUs, 1m10s max duration (incl. graceful stop):
              * flash: Up to 1000.00 iterations/s for 30s over 2 stages (maxVUs: 2000-12000, gracefulStop: 30s)
              * watcher: 1 looping VUs for 40s (exec: watchInventory, gracefulStop: 30s)

time="2026-09-20T14:06:27-07:00" level=info msg="flash sale: 10000 buyers arriving in 10s for 5000 seats (event c57bb902-7594-4b4e-9754-717cbdf37966)" source=console

running (0m00.9s), 00547/02001 VUs, 56 complete and 0 interrupted iterations
flash     [   2% ] 00546/02000 VUs  00.6s/30s  1000.00 iters/s
watcher   [   2% ] 1 VUs            00.6s/40s 

running (0m01.9s), 01375/02001 VUs, 229 complete and 0 interrupted iterations
flash     [   5% ] 01374/02000 VUs  01.6s/30s  1000.00 iters/s
watcher   [   4% ] 1 VUs            01.6s/40s 

running (0m02.9s), 02059/02059 VUs, 468 complete and 0 interrupted iterations
flash     [   9% ] 02058/02058 VUs  02.6s/30s  1000.00 iters/s
watcher   [   7% ] 1 VUs            02.6s/40s 

running (0m03.9s), 02259/02259 VUs, 1011 complete and 0 interrupted iterations
flash     [  12% ] 02258/02258 VUs  03.6s/30s  1000.00 iters/s
watcher   [   9% ] 1 VUs            03.6s/40s 

running (0m04.9s), 02371/02372 VUs, 1751 complete and 0 interrupted iterations
flash     [  15% ] 02370/02371 VUs  04.6s/30s  1000.00 iters/s
watcher   [  12% ] 1 VUs            04.6s/40s 

running (0m05.9s), 02488/02488 VUs, 2483 complete and 0 interrupted iterations
flash     [  19% ] 02487/02487 VUs  05.6s/30s  1000.00 iters/s
watcher   [  14% ] 1 VUs            05.6s/40s 

running (0m06.9s), 02596/02597 VUs, 3243 complete and 0 interrupted iterations
flash     [  22% ] 02595/02596 VUs  06.6s/30s  1000.00 iters/s
watcher   [  17% ] 1 VUs            06.6s/40s 

running (0m07.9s), 02649/02657 VUs, 4112 complete and 0 interrupted iterations
flash     [  25% ] 02648/02656 VUs  07.6s/30s  1000.00 iters/s
watcher   [  19% ] 1 VUs            07.6s/40s 

running (0m08.9s), 02718/02718 VUs, 4962 complete and 0 interrupted iterations
flash     [  29% ] 02717/02717 VUs  08.6s/30s  1000.00 iters/s
watcher   [  22% ] 1 VUs            08.6s/40s 

running (0m09.9s), 02480/02756 VUs, 6151 complete and 0 interrupted iterations
flash     [  32% ] 02479/02755 VUs  09.6s/30s  1000.00 iters/s
watcher   [  24% ] 1 VUs            09.6s/40s 

running (0m10.9s), 01252/02756 VUs, 8371 complete and 0 interrupted iterations
flash     [  35% ] 01251/02755 VUs  10.6s/30s  0969.87 iters/s
watcher   [  27% ] 1 VUs            10.6s/40s 
time="2026-09-20T14:06:38-07:00" level=info msg="sold out after 11.1 s" source=console

running (0m11.9s), 00005/02756 VUs, 10564 complete and 0 interrupted iterations
flash     [  39% ] 00004/02755 VUs  11.6s/30s  0919.86 iters/s
watcher   [  29% ] 1 VUs            11.6s/40s 

running (0m12.9s), 00007/02756 VUs, 11458 complete and 0 interrupted iterations
flash     [  42% ] 00006/02755 VUs  12.6s/30s  0869.86 iters/s
watcher   [  32% ] 1 VUs            12.6s/40s 

running (0m13.9s), 00004/02756 VUs, 12307 complete and 0 interrupted iterations
flash     [  45% ] 00003/02755 VUs  13.6s/30s  0819.85 iters/s
watcher   [  34% ] 1 VUs            13.6s/40s 

running (0m14.9s), 00005/02756 VUs, 13102 complete and 0 interrupted iterations
flash     [  49% ] 00004/02755 VUs  14.6s/30s  0769.84 iters/s
watcher   [  37% ] 1 VUs            14.6s/40s 

running (0m15.9s), 00005/02756 VUs, 13848 complete and 0 interrupted iterations
flash     [  52% ] 00004/02755 VUs  15.6s/30s  0719.83 iters/s
watcher   [  39% ] 1 VUs            15.6s/40s 

running (0m16.9s), 00004/02756 VUs, 14544 complete and 0 interrupted iterations
flash     [  55% ] 00003/02755 VUs  16.6s/30s  0669.89 iters/s
watcher   [  42% ] 1 VUs            16.6s/40s 

running (0m17.9s), 00003/02756 VUs, 15191 complete and 0 interrupted iterations
flash     [  59% ] 00002/02755 VUs  17.6s/30s  0619.88 iters/s
watcher   [  44% ] 1 VUs            17.6s/40s 

running (0m18.9s), 00003/02756 VUs, 15787 complete and 0 interrupted iterations
flash     [  62% ] 00002/02755 VUs  18.6s/30s  0569.87 iters/s
watcher   [  47% ] 1 VUs            18.6s/40s 

running (0m19.9s), 00003/02756 VUs, 16333 complete and 0 interrupted iterations
flash     [  65% ] 00002/02755 VUs  19.6s/30s  0519.86 iters/s
watcher   [  49% ] 1 VUs            19.6s/40s 

running (0m20.9s), 00003/02756 VUs, 16829 complete and 0 interrupted iterations
flash     [  69% ] 00002/02755 VUs  20.6s/30s  0469.84 iters/s
watcher   [  52% ] 1 VUs            20.6s/40s 

running (0m21.9s), 00003/02756 VUs, 17275 complete and 0 interrupted iterations
flash     [  72% ] 00002/02755 VUs  21.6s/30s  0419.82 iters/s
watcher   [  54% ] 1 VUs            21.6s/40s 

running (0m22.9s), 00002/02756 VUs, 17672 complete and 0 interrupted iterations
flash     [  75% ] 00001/02755 VUs  22.6s/30s  0369.80 iters/s
watcher   [  57% ] 1 VUs            22.6s/40s 

running (0m23.9s), 00002/02756 VUs, 18017 complete and 0 interrupted iterations
flash     [  79% ] 00001/02755 VUs  23.6s/30s  0319.92 iters/s
watcher   [  59% ] 1 VUs            23.6s/40s 

running (0m24.9s), 00002/02756 VUs, 18313 complete and 0 interrupted iterations
flash     [  82% ] 00001/02755 VUs  24.6s/30s  0269.91 iters/s
watcher   [  62% ] 1 VUs            24.6s/40s 

running (0m25.9s), 00002/02756 VUs, 18559 complete and 0 interrupted iterations
flash     [  85% ] 00001/02755 VUs  25.6s/30s  0219.89 iters/s
watcher   [  64% ] 1 VUs            25.6s/40s 

running (0m26.9s), 00002/02756 VUs, 18755 complete and 0 interrupted iterations
flash     [  89% ] 00001/02755 VUs  26.6s/30s  0169.85 iters/s
watcher   [  67% ] 1 VUs            26.6s/40s 

running (0m27.9s), 00002/02756 VUs, 18901 complete and 0 interrupted iterations
flash     [  92% ] 00001/02755 VUs  27.6s/30s  0119.79 iters/s
watcher   [  69% ] 1 VUs            27.6s/40s 

running (0m28.9s), 00002/02756 VUs, 18997 complete and 0 interrupted iterations
flash     [  95% ] 00001/02755 VUs  28.6s/30s  0069.64 iters/s
watcher   [  72% ] 1 VUs            28.6s/40s 

running (0m29.9s), 00002/02756 VUs, 19043 complete and 0 interrupted iterations
flash     [  99% ] 00001/02755 VUs  29.6s/30s  0018.66 iters/s
watcher   [  74% ] 1 VUs            29.6s/40s 

running (0m30.9s), 00001/02756 VUs, 19048 complete and 0 interrupted iterations
flash   ✓ [ 100% ] 00000/02755 VUs  30s  0005.00 iters/s
watcher   [  77% ] 1 VUs            30.6s/40s

running (0m31.9s), 00001/02756 VUs, 19049 complete and 0 interrupted iterations
flash   ✓ [ 100% ] 00000/02755 VUs  30s  0005.00 iters/s
watcher   [  79% ] 1 VUs            31.6s/40s

running (0m32.9s), 00001/02756 VUs, 19050 complete and 0 interrupted iterations
flash   ✓ [ 100% ] 00000/02755 VUs  30s  0005.00 iters/s
watcher   [  82% ] 1 VUs            32.6s/40s

running (0m33.9s), 00001/02756 VUs, 19051 complete and 0 interrupted iterations
flash   ✓ [ 100% ] 00000/02755 VUs  30s  0005.00 iters/s
watcher   [  84% ] 1 VUs            33.6s/40s

running (0m34.9s), 00001/02756 VUs, 19052 complete and 0 interrupted iterations
flash   ✓ [ 100% ] 00000/02755 VUs  30s  0005.00 iters/s
watcher   [  87% ] 1 VUs            34.6s/40s

running (0m35.9s), 00001/02756 VUs, 19053 complete and 0 interrupted iterations
flash   ✓ [ 100% ] 00000/02755 VUs  30s  0005.00 iters/s
watcher   [  89% ] 1 VUs            35.6s/40s

running (0m36.9s), 00001/02756 VUs, 19054 complete and 0 interrupted iterations
flash   ✓ [ 100% ] 00000/02755 VUs  30s  0005.00 iters/s
watcher   [  92% ] 1 VUs            36.6s/40s

running (0m37.9s), 00001/02756 VUs, 19055 complete and 0 interrupted iterations
flash   ✓ [ 100% ] 00000/02755 VUs  30s  0005.00 iters/s
watcher   [  94% ] 1 VUs            37.6s/40s

running (0m38.9s), 00001/02756 VUs, 19056 complete and 0 interrupted iterations
flash   ✓ [ 100% ] 00000/02755 VUs  30s  0005.00 iters/s
watcher   [  97% ] 1 VUs            38.6s/40s

running (0m39.9s), 00001/02756 VUs, 19057 complete and 0 interrupted iterations
flash   ✓ [ 100% ] 00000/02755 VUs  30s  0005.00 iters/s
watcher   [  99% ] 1 VUs            39.6s/40s
time="2026-09-20T14:07:07-07:00" level=info msg="invariants after the flash sale: PASS" source=console
time="2026-09-20T14:07:07-07:00" level=info msg="final tally for event c57bb902-7594-4b4e-9754-717cbdf37966 (capacity 5000): 2481 sold, 0 held, 2519 available" source=console

thresholds: PASS willcall_invariants_held: rate==1
            PASS willcall_flash_server_errors: count==0
            PASS willcall_flash_errors: rate<0.001
            PASS willcall_flash_hold_duration: p(99)<5000

running (0m40.5s), 00000/02756 VUs, 19058 complete and 0 interrupted iterations
flash   ✓ [ 100% ] 00000/02755 VUs  30s  0005.00 iters/s
watcher ✓ [ 100% ] 1 VUs            40s 
