
         /\      Grafana   /‾‾/  
    /\  /  \     |\  __   /  /   
   /  \/    \    | |/ /  /   ‾‾\ 
  /          \   |   (  |  (‾)  |
 / __________ \  |_|\_\  \_____/ 


     execution: local
        script: load/scripts/flash.ts
        output: -

     scenarios: (100.00%) 2 scenarios, 12001 max VUs, 1m10s max duration (incl. graceful stop):
              * flash: Up to 1000.00 iterations/s for 30s over 2 stages (maxVUs: 2000-12000, gracefulStop: 30s)
              * watcher: 1 looping VUs for 40s (exec: watchInventory, gracefulStop: 30s)

time="2026-09-20T16:05:40-07:00" level=info msg="flash sale: 10000 buyers arriving in 10s for 5000 seats (event c43cfef3-3ae0-447a-a439-6e4f2de53f45)" source=console

running (0m00.9s), 00517/02001 VUs, 100 complete and 0 interrupted iterations
flash     [   2% ] 00516/02000 VUs  00.6s/30s  1000.00 iters/s
watcher   [   2% ] 1 VUs            00.6s/40s 

running (0m01.9s), 01266/02001 VUs, 353 complete and 0 interrupted iterations
flash     [   5% ] 01265/02000 VUs  01.6s/30s  1000.00 iters/s
watcher   [   4% ] 1 VUs            01.6s/40s 

running (0m02.9s), 01935/02001 VUs, 685 complete and 0 interrupted iterations
flash     [   9% ] 01934/02000 VUs  02.6s/30s  1000.00 iters/s
watcher   [   7% ] 1 VUs            02.6s/40s 

running (0m03.9s), 02162/02179 VUs, 1210 complete and 0 interrupted iterations
flash     [  12% ] 02161/02178 VUs  03.6s/30s  1000.00 iters/s
watcher   [   9% ] 1 VUs            03.6s/40s 

running (0m04.9s), 02289/02294 VUs, 1934 complete and 0 interrupted iterations
flash     [  15% ] 02288/02293 VUs  04.6s/30s  1000.00 iters/s
watcher   [  12% ] 1 VUs            04.6s/40s 

running (0m05.9s), 02373/02386 VUs, 2728 complete and 0 interrupted iterations
flash     [  19% ] 02372/02385 VUs  05.6s/30s  1000.00 iters/s
watcher   [  14% ] 1 VUs            05.6s/40s 

running (0m06.9s), 02429/02437 VUs, 3606 complete and 0 interrupted iterations
flash     [  22% ] 02428/02436 VUs  06.6s/30s  1000.00 iters/s
watcher   [  17% ] 1 VUs            06.6s/40s 
time="2026-09-20T16:05:48-07:00" level=info msg="sold out after 7.6 s" source=console

running (0m07.9s), 02375/02499 VUs, 4578 complete and 0 interrupted iterations
flash     [  25% ] 02374/02498 VUs  07.6s/30s  1000.00 iters/s
watcher   [  19% ] 1 VUs            07.6s/40s 

running (0m08.9s), 01090/02499 VUs, 6864 complete and 0 interrupted iterations
flash     [  29% ] 01089/02498 VUs  08.6s/30s  1000.00 iters/s
watcher   [  22% ] 1 VUs            08.6s/40s 

running (0m09.9s), 00006/02499 VUs, 8949 complete and 0 interrupted iterations
flash     [  32% ] 00005/02498 VUs  09.6s/30s  1000.00 iters/s
watcher   [  24% ] 1 VUs            09.6s/40s 

running (0m10.9s), 00006/02499 VUs, 9941 complete and 0 interrupted iterations
flash     [  35% ] 00005/02498 VUs  10.6s/30s  0969.15 iters/s
watcher   [  27% ] 1 VUs            10.6s/40s 

running (0m11.9s), 00006/02499 VUs, 10886 complete and 0 interrupted iterations
flash     [  39% ] 00005/02498 VUs  11.6s/30s  0919.16 iters/s
watcher   [  29% ] 1 VUs            11.6s/40s 

running (0m12.9s), 00005/02499 VUs, 11782 complete and 0 interrupted iterations
flash     [  42% ] 00004/02498 VUs  12.6s/30s  0869.17 iters/s
watcher   [  32% ] 1 VUs            12.6s/40s 

running (0m13.9s), 00005/02499 VUs, 12628 complete and 0 interrupted iterations
flash     [  45% ] 00004/02498 VUs  13.6s/30s  0819.11 iters/s
watcher   [  34% ] 1 VUs            13.6s/40s 

running (0m14.9s), 00004/02499 VUs, 13424 complete and 0 interrupted iterations
flash     [  49% ] 00003/02498 VUs  14.6s/30s  0769.12 iters/s
watcher   [  37% ] 1 VUs            14.6s/40s 

running (0m15.9s), 00005/02499 VUs, 14168 complete and 0 interrupted iterations
flash     [  52% ] 00004/02498 VUs  15.6s/30s  0719.13 iters/s
watcher   [  39% ] 1 VUs            15.6s/40s 

running (0m16.9s), 00003/02499 VUs, 14865 complete and 0 interrupted iterations
flash     [  55% ] 00002/02498 VUs  16.6s/30s  0669.14 iters/s
watcher   [  42% ] 1 VUs            16.6s/40s 

running (0m17.9s), 00003/02499 VUs, 15510 complete and 0 interrupted iterations
flash     [  59% ] 00002/02498 VUs  17.6s/30s  0619.15 iters/s
watcher   [  44% ] 1 VUs            17.6s/40s 

running (0m18.9s), 00003/02499 VUs, 16105 complete and 0 interrupted iterations
flash     [  62% ] 00002/02498 VUs  18.6s/30s  0569.17 iters/s
watcher   [  47% ] 1 VUs            18.6s/40s 

running (0m19.9s), 00003/02499 VUs, 16650 complete and 0 interrupted iterations
flash     [  65% ] 00002/02498 VUs  19.6s/30s  0519.18 iters/s
watcher   [  49% ] 1 VUs            19.6s/40s 

running (0m20.9s), 00003/02499 VUs, 17146 complete and 0 interrupted iterations
flash     [  69% ] 00002/02498 VUs  20.6s/30s  0469.09 iters/s
watcher   [  52% ] 1 VUs            20.6s/40s 

running (0m21.9s), 00003/02499 VUs, 17591 complete and 0 interrupted iterations
flash     [  72% ] 00002/02498 VUs  21.6s/30s  0419.11 iters/s
watcher   [  54% ] 1 VUs            21.6s/40s 

running (0m22.9s), 00003/02499 VUs, 17986 complete and 0 interrupted iterations
flash     [  75% ] 00002/02498 VUs  22.6s/30s  0369.12 iters/s
watcher   [  57% ] 1 VUs            22.6s/40s 

running (0m23.9s), 00002/02499 VUs, 18332 complete and 0 interrupted iterations
flash     [  79% ] 00001/02498 VUs  23.6s/30s  0319.14 iters/s
watcher   [  59% ] 1 VUs            23.6s/40s 

running (0m24.9s), 00002/02499 VUs, 18627 complete and 0 interrupted iterations
flash     [  82% ] 00001/02498 VUs  24.6s/30s  0269.17 iters/s
watcher   [  62% ] 1 VUs            24.6s/40s 

running (0m25.9s), 00002/02499 VUs, 18872 complete and 0 interrupted iterations
flash     [  85% ] 00001/02498 VUs  25.6s/30s  0219.20 iters/s
watcher   [  64% ] 1 VUs            25.6s/40s 

running (0m26.9s), 00001/02499 VUs, 19068 complete and 0 interrupted iterations
flash     [  89% ] 00000/02498 VUs  26.6s/30s  0169.26 iters/s
watcher   [  67% ] 1 VUs            26.6s/40s 

running (0m27.9s), 00002/02499 VUs, 19212 complete and 0 interrupted iterations
flash     [  92% ] 00001/02498 VUs  27.6s/30s  0119.37 iters/s
watcher   [  69% ] 1 VUs            27.6s/40s 

running (0m28.9s), 00002/02499 VUs, 19308 complete and 0 interrupted iterations
flash     [  95% ] 00001/02498 VUs  28.6s/30s  0068.92 iters/s
watcher   [  72% ] 1 VUs            28.6s/40s 

running (0m29.9s), 00001/02499 VUs, 19354 complete and 0 interrupted iterations
flash     [  99% ] 00000/02498 VUs  29.6s/30s  0018.66 iters/s
watcher   [  74% ] 1 VUs            29.6s/40s 

running (0m30.9s), 00001/02499 VUs, 19358 complete and 0 interrupted iterations
flash   ✓ [ 100% ] 00000/02498 VUs  30s  0005.00 iters/s
watcher   [  77% ] 1 VUs            30.6s/40s

running (0m31.9s), 00001/02499 VUs, 19359 complete and 0 interrupted iterations
flash   ✓ [ 100% ] 00000/02498 VUs  30s  0005.00 iters/s
watcher   [  79% ] 1 VUs            31.6s/40s

running (0m32.9s), 00001/02499 VUs, 19360 complete and 0 interrupted iterations
flash   ✓ [ 100% ] 00000/02498 VUs  30s  0005.00 iters/s
watcher   [  82% ] 1 VUs            32.6s/40s

running (0m33.9s), 00001/02499 VUs, 19361 complete and 0 interrupted iterations
flash   ✓ [ 100% ] 00000/02498 VUs  30s  0005.00 iters/s
watcher   [  84% ] 1 VUs            33.6s/40s

running (0m34.9s), 00001/02499 VUs, 19362 complete and 0 interrupted iterations
flash   ✓ [ 100% ] 00000/02498 VUs  30s  0005.00 iters/s
watcher   [  87% ] 1 VUs            34.6s/40s

running (0m35.9s), 00001/02499 VUs, 19363 complete and 0 interrupted iterations
flash   ✓ [ 100% ] 00000/02498 VUs  30s  0005.00 iters/s
watcher   [  89% ] 1 VUs            35.6s/40s

running (0m36.9s), 00001/02499 VUs, 19364 complete and 0 interrupted iterations
flash   ✓ [ 100% ] 00000/02498 VUs  30s  0005.00 iters/s
watcher   [  92% ] 1 VUs            36.6s/40s

running (0m37.9s), 00001/02499 VUs, 19365 complete and 0 interrupted iterations
flash   ✓ [ 100% ] 00000/02498 VUs  30s  0005.00 iters/s
watcher   [  94% ] 1 VUs            37.6s/40s

running (0m38.9s), 00001/02499 VUs, 19366 complete and 0 interrupted iterations
flash   ✓ [ 100% ] 00000/02498 VUs  30s  0005.00 iters/s
watcher   [  97% ] 1 VUs            38.6s/40s

running (0m39.9s), 00001/02499 VUs, 19367 complete and 0 interrupted iterations
flash   ✓ [ 100% ] 00000/02498 VUs  30s  0005.00 iters/s
watcher   [  99% ] 1 VUs            39.6s/40s
time="2026-09-20T16:06:21-07:00" level=info msg="invariants after the flash sale: PASS" source=console
time="2026-09-20T16:06:21-07:00" level=info msg="final tally for event c43cfef3-3ae0-447a-a439-6e4f2de53f45 (capacity 5000): 3320 sold, 0 held, 1680 available" source=console

thresholds: PASS willcall_flash_server_errors: count==0
            PASS willcall_invariants_held: rate==1
            PASS willcall_flash_errors: rate<0.001
            PASS willcall_flash_hold_duration: p(99)<5000

running (0m40.9s), 00000/02499 VUs, 19368 complete and 0 interrupted iterations
flash   ✓ [ 100% ] 00000/02498 VUs  30s  0005.00 iters/s
watcher ✓ [ 100% ] 1 VUs            40s 
