
         /\      Grafana   /‾‾/  
    /\  /  \     |\  __   /  /   
   /  \/    \    | |/ /  /   ‾‾\ 
  /          \   |   (  |  (‾)  |
 / __________ \  |_|\_\  \_____/ 


     execution: local
        script: load/scripts/flash.ts
        output: -

     scenarios: (100.00%) 2 scenarios, 12001 max VUs, 1m10s max duration (incl. graceful stop):
              * flash: Up to 1000.00 iterations/s for 30s over 2 stages (maxVUs: 2000-12000, gracefulStop: 30s)
              * watcher: 1 looping VUs for 40s (exec: watchInventory, gracefulStop: 30s)

time="2026-09-20T15:50:13-07:00" level=info msg="flash sale: 10000 buyers arriving in 10s for 5000 seats (event cf836213-adaf-4a9e-8893-146eea48e1ca)" source=console

running (0m00.9s), 00476/02001 VUs, 109 complete and 0 interrupted iterations
flash     [   2% ] 00475/02000 VUs  00.6s/30s  1000.00 iters/s
watcher   [   2% ] 1 VUs            00.6s/40s 

running (0m01.9s), 01184/02001 VUs, 402 complete and 0 interrupted iterations
flash     [   5% ] 01183/02000 VUs  01.6s/30s  1000.00 iters/s
watcher   [   4% ] 1 VUs            01.6s/40s 

running (0m02.9s), 01843/02001 VUs, 743 complete and 0 interrupted iterations
flash     [   9% ] 01842/02000 VUs  02.6s/30s  1000.00 iters/s
watcher   [   7% ] 1 VUs            02.6s/40s 

running (0m03.9s), 02122/02127 VUs, 1289 complete and 0 interrupted iterations
flash     [  12% ] 02121/02126 VUs  03.6s/30s  1000.00 iters/s
watcher   [   9% ] 1 VUs            03.6s/40s 

running (0m04.9s), 02228/02230 VUs, 2051 complete and 0 interrupted iterations
flash     [  15% ] 02227/02229 VUs  04.6s/30s  1000.00 iters/s
watcher   [  12% ] 1 VUs            04.6s/40s 

running (0m05.9s), 02305/02318 VUs, 2862 complete and 0 interrupted iterations
flash     [  19% ] 02304/02317 VUs  05.6s/30s  1000.00 iters/s
watcher   [  14% ] 1 VUs            05.6s/40s 

running (0m06.9s), 02393/02410 VUs, 3646 complete and 0 interrupted iterations
flash     [  22% ] 02392/02409 VUs  06.6s/30s  1000.00 iters/s
watcher   [  17% ] 1 VUs            06.6s/40s 

running (0m07.9s), 02378/02487 VUs, 4557 complete and 0 interrupted iterations
flash     [  25% ] 02377/02486 VUs  07.6s/30s  1000.00 iters/s
watcher   [  19% ] 1 VUs            07.6s/40s 

running (0m08.9s), 01841/02487 VUs, 6097 complete and 0 interrupted iterations
flash     [  29% ] 01840/02486 VUs  08.6s/30s  1000.00 iters/s
watcher   [  22% ] 1 VUs            08.6s/40s 
time="2026-09-20T15:50:22-07:00" level=info msg="sold out after 8.8 s" source=console

running (0m09.9s), 01188/02487 VUs, 7751 complete and 0 interrupted iterations
flash     [  32% ] 01187/02486 VUs  09.6s/30s  1000.00 iters/s
watcher   [  24% ] 1 VUs            09.6s/40s 

running (0m10.9s), 00691/02487 VUs, 9239 complete and 0 interrupted iterations
flash     [  35% ] 00690/02486 VUs  10.6s/30s  0970.90 iters/s
watcher   [  27% ] 1 VUs            10.6s/40s 

running (0m11.9s), 00305/02487 VUs, 10573 complete and 0 interrupted iterations
flash     [  39% ] 00304/02486 VUs  11.6s/30s  0920.84 iters/s
watcher   [  29% ] 1 VUs            11.6s/40s 

running (0m12.9s), 00006/02487 VUs, 11769 complete and 0 interrupted iterations
flash     [  42% ] 00005/02486 VUs  12.6s/30s  0870.83 iters/s
watcher   [  32% ] 1 VUs            12.6s/40s 

running (0m13.9s), 00005/02487 VUs, 12617 complete and 0 interrupted iterations
flash     [  45% ] 00004/02486 VUs  13.6s/30s  0820.82 iters/s
watcher   [  34% ] 1 VUs            13.6s/40s 

running (0m14.9s), 00006/02487 VUs, 13412 complete and 0 interrupted iterations
flash     [  49% ] 00005/02486 VUs  14.6s/30s  0770.88 iters/s
watcher   [  37% ] 1 VUs            14.6s/40s 

running (0m15.9s), 00005/02487 VUs, 14160 complete and 0 interrupted iterations
flash     [  52% ] 00004/02486 VUs  15.6s/30s  0720.87 iters/s
watcher   [  39% ] 1 VUs            15.6s/40s 

running (0m16.9s), 00003/02487 VUs, 14859 complete and 0 interrupted iterations
flash     [  55% ] 00002/02486 VUs  16.6s/30s  0670.86 iters/s
watcher   [  42% ] 1 VUs            16.6s/40s 

running (0m17.9s), 00003/02487 VUs, 15506 complete and 0 interrupted iterations
flash     [  59% ] 00002/02486 VUs  17.6s/30s  0620.85 iters/s
watcher   [  44% ] 1 VUs            17.6s/40s 

running (0m18.9s), 00004/02487 VUs, 16102 complete and 0 interrupted iterations
flash     [  62% ] 00003/02486 VUs  18.6s/30s  0570.83 iters/s
watcher   [  47% ] 1 VUs            18.6s/40s 

running (0m19.9s), 00004/02487 VUs, 16649 complete and 0 interrupted iterations
flash     [  65% ] 00003/02486 VUs  19.6s/30s  0520.82 iters/s
watcher   [  49% ] 1 VUs            19.6s/40s 

running (0m20.9s), 00004/02487 VUs, 17146 complete and 0 interrupted iterations
flash     [  69% ] 00003/02486 VUs  20.6s/30s  0470.80 iters/s
watcher   [  52% ] 1 VUs            20.6s/40s 

running (0m21.9s), 00003/02487 VUs, 17593 complete and 0 interrupted iterations
flash     [  72% ] 00002/02486 VUs  21.6s/30s  0420.89 iters/s
watcher   [  54% ] 1 VUs            21.6s/40s 

running (0m22.9s), 00003/02487 VUs, 17990 complete and 0 interrupted iterations
flash     [  75% ] 00002/02486 VUs  22.6s/30s  0370.88 iters/s
watcher   [  57% ] 1 VUs            22.6s/40s 

running (0m23.9s), 00004/02487 VUs, 18336 complete and 0 interrupted iterations
flash     [  79% ] 00003/02486 VUs  23.6s/30s  0320.86 iters/s
watcher   [  59% ] 1 VUs            23.6s/40s 

running (0m24.9s), 00002/02487 VUs, 18635 complete and 0 interrupted iterations
flash     [  82% ] 00001/02486 VUs  24.6s/30s  0270.83 iters/s
watcher   [  62% ] 1 VUs            24.6s/40s 

running (0m25.9s), 00002/02487 VUs, 18882 complete and 0 interrupted iterations
flash     [  85% ] 00001/02486 VUs  25.6s/30s  0220.79 iters/s
watcher   [  64% ] 1 VUs            25.6s/40s 

running (0m26.9s), 00003/02487 VUs, 19078 complete and 0 interrupted iterations
flash     [  89% ] 00002/02486 VUs  26.6s/30s  0170.73 iters/s
watcher   [  67% ] 1 VUs            26.6s/40s 

running (0m27.9s), 00001/02487 VUs, 19226 complete and 0 interrupted iterations
flash     [  92% ] 00000/02486 VUs  27.6s/30s  0121.04 iters/s
watcher   [  69% ] 1 VUs            27.6s/40s 

running (0m28.9s), 00001/02487 VUs, 19323 complete and 0 interrupted iterations
flash     [  95% ] 00000/02486 VUs  28.6s/30s  0071.06 iters/s
watcher   [  72% ] 1 VUs            28.6s/40s 

running (0m29.9s), 00001/02487 VUs, 19370 complete and 0 interrupted iterations
flash     [  99% ] 00000/02486 VUs  29.6s/30s  0021.18 iters/s
watcher   [  74% ] 1 VUs            29.6s/40s 

running (0m30.9s), 00001/02487 VUs, 19375 complete and 0 interrupted iterations
flash   ✓ [ 100% ] 00000/02486 VUs  30s  0005.00 iters/s
watcher   [  77% ] 1 VUs            30.6s/40s

running (0m31.9s), 00001/02487 VUs, 19376 complete and 0 interrupted iterations
flash   ✓ [ 100% ] 00000/02486 VUs  30s  0005.00 iters/s
watcher   [  79% ] 1 VUs            31.6s/40s

running (0m32.9s), 00001/02487 VUs, 19377 complete and 0 interrupted iterations
flash   ✓ [ 100% ] 00000/02486 VUs  30s  0005.00 iters/s
watcher   [  82% ] 1 VUs            32.6s/40s

running (0m33.9s), 00001/02487 VUs, 19378 complete and 0 interrupted iterations
flash   ✓ [ 100% ] 00000/02486 VUs  30s  0005.00 iters/s
watcher   [  84% ] 1 VUs            33.6s/40s

running (0m34.9s), 00001/02487 VUs, 19379 complete and 0 interrupted iterations
flash   ✓ [ 100% ] 00000/02486 VUs  30s  0005.00 iters/s
watcher   [  87% ] 1 VUs            34.6s/40s

running (0m35.9s), 00001/02487 VUs, 19380 complete and 0 interrupted iterations
flash   ✓ [ 100% ] 00000/02486 VUs  30s  0005.00 iters/s
watcher   [  89% ] 1 VUs            35.6s/40s

running (0m36.9s), 00001/02487 VUs, 19381 complete and 0 interrupted iterations
flash   ✓ [ 100% ] 00000/02486 VUs  30s  0005.00 iters/s
watcher   [  92% ] 1 VUs            36.6s/40s

running (0m37.9s), 00001/02487 VUs, 19382 complete and 0 interrupted iterations
flash   ✓ [ 100% ] 00000/02486 VUs  30s  0005.00 iters/s
watcher   [  94% ] 1 VUs            37.6s/40s

running (0m38.9s), 00001/02487 VUs, 19383 complete and 0 interrupted iterations
flash   ✓ [ 100% ] 00000/02486 VUs  30s  0005.00 iters/s
watcher   [  97% ] 1 VUs            38.6s/40s

running (0m39.9s), 00001/02487 VUs, 19384 complete and 0 interrupted iterations
flash   ✓ [ 100% ] 00000/02486 VUs  30s  0005.00 iters/s
watcher   [  99% ] 1 VUs            39.6s/40s

running (0m40.9s), 00001/02487 VUs, 19385 complete and 0 interrupted iterations
flash   ✓ [ 100% ] 00000/02486 VUs  30s  0005.00 iters/s
watcher ↓ [ 100% ] 1 VUs            40s 
time="2026-09-20T15:50:54-07:00" level=info msg="invariants after the flash sale: PASS" source=console
time="2026-09-20T15:50:54-07:00" level=info msg="final tally for event cf836213-adaf-4a9e-8893-146eea48e1ca (capacity 5000): 3225 sold, 0 held, 1775 available" source=console

thresholds: PASS willcall_invariants_held: rate==1
            PASS willcall_flash_server_errors: count==0
            PASS willcall_flash_hold_duration: p(99)<5000
            PASS willcall_flash_errors: rate<0.001

running (0m41.1s), 00000/02487 VUs, 19386 complete and 0 interrupted iterations
flash   ✓ [ 100% ] 00000/02486 VUs  30s  0005.00 iters/s
watcher ✓ [ 100% ] 1 VUs            40s 
