
         /\      Grafana   /‾‾/  
    /\  /  \     |\  __   /  /   
   /  \/    \    | |/ /  /   ‾‾\ 
  /          \   |   (  |  (‾)  |
 / __________ \  |_|\_\  \_____/ 


     execution: local
        script: load/scripts/flash.ts
        output: -

     scenarios: (100.00%) 2 scenarios, 12001 max VUs, 1m10s max duration (incl. graceful stop):
              * flash: Up to 1000.00 iterations/s for 30s over 2 stages (maxVUs: 2000-12000, gracefulStop: 30s)
              * watcher: 1 looping VUs for 40s (exec: watchInventory, gracefulStop: 30s)

time="2026-09-20T14:34:22-07:00" level=info msg="flash sale: 10000 buyers arriving in 10s for 5000 seats (event 07ed5b4a-e666-409c-aead-61535717cf6a)" source=console

running (0m00.9s), 00503/02001 VUs, 99 complete and 0 interrupted iterations
flash     [   2% ] 00502/02000 VUs  00.6s/30s  1000.00 iters/s
watcher   [   2% ] 1 VUs            00.6s/40s 

running (0m01.9s), 01228/02001 VUs, 375 complete and 0 interrupted iterations
flash     [   5% ] 01227/02000 VUs  01.6s/30s  1000.00 iters/s
watcher   [   4% ] 1 VUs            01.6s/40s 

running (0m02.9s), 01886/02001 VUs, 717 complete and 0 interrupted iterations
flash     [   9% ] 01885/02000 VUs  02.6s/30s  1000.00 iters/s
watcher   [   7% ] 1 VUs            02.6s/40s 

running (0m03.9s), 02141/02156 VUs, 1253 complete and 0 interrupted iterations
flash     [  12% ] 02140/02155 VUs  03.6s/30s  1000.00 iters/s
watcher   [   9% ] 1 VUs            03.6s/40s 

running (0m04.9s), 02226/02252 VUs, 2042 complete and 0 interrupted iterations
flash     [  15% ] 02225/02251 VUs  04.6s/30s  1000.00 iters/s
watcher   [  12% ] 1 VUs            04.6s/40s 

running (0m05.9s), 02299/02324 VUs, 2871 complete and 0 interrupted iterations
flash     [  19% ] 02298/02323 VUs  05.6s/30s  1000.00 iters/s
watcher   [  14% ] 1 VUs            05.6s/40s 

running (0m06.9s), 02406/02418 VUs, 3637 complete and 0 interrupted iterations
flash     [  22% ] 02405/02417 VUs  06.6s/30s  1000.00 iters/s
watcher   [  17% ] 1 VUs            06.6s/40s 

running (0m07.9s), 02222/02434 VUs, 4802 complete and 0 interrupted iterations
flash     [  25% ] 02221/02433 VUs  07.6s/30s  1000.00 iters/s
watcher   [  19% ] 1 VUs            07.6s/40s 
time="2026-09-20T14:34:30-07:00" level=info msg="sold out after 7.7 s" source=console

running (0m08.9s), 01071/02434 VUs, 6954 complete and 0 interrupted iterations
flash     [  29% ] 01070/02433 VUs  08.6s/30s  1000.00 iters/s
watcher   [  22% ] 1 VUs            08.6s/40s 

running (0m09.9s), 00005/02434 VUs, 9021 complete and 0 interrupted iterations
flash     [  32% ] 00004/02433 VUs  09.6s/30s  1000.00 iters/s
watcher   [  24% ] 1 VUs            09.6s/40s 

running (0m10.9s), 00005/02434 VUs, 10013 complete and 0 interrupted iterations
flash     [  35% ] 00004/02433 VUs  10.6s/30s  0969.97 iters/s
watcher   [  27% ] 1 VUs            10.6s/40s 

running (0m11.9s), 00005/02434 VUs, 10959 complete and 0 interrupted iterations
flash     [  39% ] 00004/02433 VUs  11.6s/30s  0919.97 iters/s
watcher   [  29% ] 1 VUs            11.6s/40s 

running (0m12.9s), 00005/02434 VUs, 11855 complete and 0 interrupted iterations
flash     [  42% ] 00004/02433 VUs  12.6s/30s  0869.97 iters/s
watcher   [  32% ] 1 VUs            12.6s/40s 

running (0m13.9s), 00004/02434 VUs, 12702 complete and 0 interrupted iterations
flash     [  45% ] 00003/02433 VUs  13.6s/30s  0819.97 iters/s
watcher   [  34% ] 1 VUs            13.6s/40s 

running (0m14.9s), 00004/02434 VUs, 13498 complete and 0 interrupted iterations
flash     [  49% ] 00003/02433 VUs  14.6s/30s  0769.97 iters/s
watcher   [  37% ] 1 VUs            14.6s/40s 

running (0m15.9s), 00004/02434 VUs, 14244 complete and 0 interrupted iterations
flash     [  52% ] 00003/02433 VUs  15.6s/30s  0719.97 iters/s
watcher   [  39% ] 1 VUs            15.6s/40s 

running (0m16.9s), 00004/02434 VUs, 14940 complete and 0 interrupted iterations
flash     [  55% ] 00003/02433 VUs  16.6s/30s  0669.96 iters/s
watcher   [  42% ] 1 VUs            16.6s/40s 

running (0m17.9s), 00003/02434 VUs, 15587 complete and 0 interrupted iterations
flash     [  59% ] 00002/02433 VUs  17.6s/30s  0619.96 iters/s
watcher   [  44% ] 1 VUs            17.6s/40s 

running (0m18.9s), 00003/02434 VUs, 16183 complete and 0 interrupted iterations
flash     [  62% ] 00002/02433 VUs  18.6s/30s  0569.96 iters/s
watcher   [  47% ] 1 VUs            18.6s/40s 

running (0m19.9s), 00003/02434 VUs, 16729 complete and 0 interrupted iterations
flash     [  65% ] 00002/02433 VUs  19.6s/30s  0519.95 iters/s
watcher   [  49% ] 1 VUs            19.6s/40s 

running (0m20.9s), 00003/02434 VUs, 17225 complete and 0 interrupted iterations
flash     [  69% ] 00002/02433 VUs  20.6s/30s  0469.95 iters/s
watcher   [  52% ] 1 VUs            20.6s/40s 

running (0m21.9s), 00003/02434 VUs, 17671 complete and 0 interrupted iterations
flash     [  72% ] 00002/02433 VUs  21.6s/30s  0419.94 iters/s
watcher   [  54% ] 1 VUs            21.6s/40s 

running (0m22.9s), 00002/02434 VUs, 18068 complete and 0 interrupted iterations
flash     [  75% ] 00001/02433 VUs  22.6s/30s  0369.93 iters/s
watcher   [  57% ] 1 VUs            22.6s/40s 

running (0m23.9s), 00002/02434 VUs, 18414 complete and 0 interrupted iterations
flash     [  79% ] 00001/02433 VUs  23.6s/30s  0319.92 iters/s
watcher   [  59% ] 1 VUs            23.6s/40s 

running (0m24.9s), 00002/02434 VUs, 18710 complete and 0 interrupted iterations
flash     [  82% ] 00001/02433 VUs  24.6s/30s  0269.91 iters/s
watcher   [  62% ] 1 VUs            24.6s/40s 

running (0m25.9s), 00002/02434 VUs, 18956 complete and 0 interrupted iterations
flash     [  85% ] 00001/02433 VUs  25.6s/30s  0219.89 iters/s
watcher   [  64% ] 1 VUs            25.6s/40s 

running (0m26.9s), 00002/02434 VUs, 19152 complete and 0 interrupted iterations
flash     [  89% ] 00001/02433 VUs  26.6s/30s  0169.85 iters/s
watcher   [  67% ] 1 VUs            26.6s/40s 

running (0m27.9s), 00002/02434 VUs, 19298 complete and 0 interrupted iterations
flash     [  92% ] 00001/02433 VUs  27.6s/30s  0119.79 iters/s
watcher   [  69% ] 1 VUs            27.6s/40s 

running (0m28.9s), 00002/02434 VUs, 19394 complete and 0 interrupted iterations
flash     [  95% ] 00001/02433 VUs  28.6s/30s  0069.64 iters/s
watcher   [  72% ] 1 VUs            28.6s/40s 

running (0m29.9s), 00002/02434 VUs, 19440 complete and 0 interrupted iterations
flash     [  99% ] 00001/02433 VUs  29.6s/30s  0018.66 iters/s
watcher   [  74% ] 1 VUs            29.6s/40s 

running (0m30.9s), 00001/02434 VUs, 19445 complete and 0 interrupted iterations
flash   ✓ [ 100% ] 00000/02433 VUs  30s  0005.00 iters/s
watcher   [  77% ] 1 VUs            30.6s/40s

running (0m31.9s), 00001/02434 VUs, 19446 complete and 0 interrupted iterations
flash   ✓ [ 100% ] 00000/02433 VUs  30s  0005.00 iters/s
watcher   [  79% ] 1 VUs            31.6s/40s

running (0m32.9s), 00001/02434 VUs, 19447 complete and 0 interrupted iterations
flash   ✓ [ 100% ] 00000/02433 VUs  30s  0005.00 iters/s
watcher   [  82% ] 1 VUs            32.6s/40s

running (0m33.9s), 00001/02434 VUs, 19448 complete and 0 interrupted iterations
flash   ✓ [ 100% ] 00000/02433 VUs  30s  0005.00 iters/s
watcher   [  84% ] 1 VUs            33.6s/40s

running (0m34.9s), 00001/02434 VUs, 19449 complete and 0 interrupted iterations
flash   ✓ [ 100% ] 00000/02433 VUs  30s  0005.00 iters/s
watcher   [  87% ] 1 VUs            34.6s/40s

running (0m35.9s), 00001/02434 VUs, 19450 complete and 0 interrupted iterations
flash   ✓ [ 100% ] 00000/02433 VUs  30s  0005.00 iters/s
watcher   [  89% ] 1 VUs            35.6s/40s

running (0m36.9s), 00001/02434 VUs, 19451 complete and 0 interrupted iterations
flash   ✓ [ 100% ] 00000/02433 VUs  30s  0005.00 iters/s
watcher   [  92% ] 1 VUs            36.6s/40s

running (0m37.9s), 00001/02434 VUs, 19452 complete and 0 interrupted iterations
flash   ✓ [ 100% ] 00000/02433 VUs  30s  0005.00 iters/s
watcher   [  94% ] 1 VUs            37.6s/40s

running (0m38.9s), 00001/02434 VUs, 19453 complete and 0 interrupted iterations
flash   ✓ [ 100% ] 00000/02433 VUs  30s  0005.00 iters/s
watcher   [  97% ] 1 VUs            38.6s/40s

running (0m39.9s), 00001/02434 VUs, 19454 complete and 0 interrupted iterations
flash   ✓ [ 100% ] 00000/02433 VUs  30s  0005.00 iters/s
watcher   [  99% ] 1 VUs            39.6s/40s

running (0m40.9s), 00001/02434 VUs, 19455 complete and 0 interrupted iterations
flash   ✓ [ 100% ] 00000/02433 VUs  30s  0005.00 iters/s
watcher ↓ [ 100% ] 1 VUs            40s 
time="2026-09-20T14:35:03-07:00" level=info msg="invariants after the flash sale: PASS" source=console
time="2026-09-20T14:35:03-07:00" level=info msg="final tally for event 07ed5b4a-e666-409c-aead-61535717cf6a (capacity 5000): 3319 sold, 0 held, 1681 available" source=console

thresholds: PASS willcall_flash_hold_duration: p(99)<5000
            PASS willcall_flash_server_errors: count==0
            PASS willcall_invariants_held: rate==1
            PASS willcall_flash_errors: rate<0.001

running (0m41.1s), 00000/02434 VUs, 19456 complete and 0 interrupted iterations
flash   ✓ [ 100% ] 00000/02433 VUs  30s  0005.00 iters/s
watcher ✓ [ 100% ] 1 VUs            40s 
