
         /\      Grafana   /‾‾/  
    /\  /  \     |\  __   /  /   
   /  \/    \    | |/ /  /   ‾‾\ 
  /          \   |   (  |  (‾)  |
 / __________ \  |_|\_\  \_____/ 


     execution: local
        script: load/scripts/flash.ts
        output: -

     scenarios: (100.00%) 2 scenarios, 12001 max VUs, 1m10s max duration (incl. graceful stop):
              * flash: Up to 1000.00 iterations/s for 30s over 2 stages (maxVUs: 2000-12000, gracefulStop: 30s)
              * watcher: 1 looping VUs for 40s (exec: watchInventory, gracefulStop: 30s)

time="2026-09-20T15:49:31-07:00" level=info msg="flash sale: 10000 buyers arriving in 10s for 5000 seats (event d0762a45-206d-4c50-93a0-c975c75c7dce)" source=console

running (0m00.9s), 00497/02001 VUs, 127 complete and 0 interrupted iterations
flash     [   2% ] 00496/02000 VUs  00.6s/30s  1000.00 iters/s
watcher   [   2% ] 1 VUs            00.6s/40s 

running (0m01.9s), 01208/02001 VUs, 418 complete and 0 interrupted iterations
flash     [   5% ] 01207/02000 VUs  01.6s/30s  1000.00 iters/s
watcher   [   4% ] 1 VUs            01.6s/40s 

running (0m02.9s), 01908/02001 VUs, 718 complete and 0 interrupted iterations
flash     [   9% ] 01907/02000 VUs  02.6s/30s  1000.00 iters/s
watcher   [   7% ] 1 VUs            02.6s/40s 

running (0m03.9s), 02164/02164 VUs, 1242 complete and 0 interrupted iterations
flash     [  12% ] 02163/02163 VUs  03.6s/30s  1000.00 iters/s
watcher   [   9% ] 1 VUs            03.6s/40s 

running (0m04.9s), 02253/02264 VUs, 2018 complete and 0 interrupted iterations
flash     [  15% ] 02252/02263 VUs  04.6s/30s  1000.00 iters/s
watcher   [  12% ] 1 VUs            04.6s/40s 

running (0m05.9s), 02323/02332 VUs, 2853 complete and 0 interrupted iterations
flash     [  19% ] 02322/02331 VUs  05.6s/30s  1000.00 iters/s
watcher   [  14% ] 1 VUs            05.6s/40s 

running (0m06.9s), 02378/02386 VUs, 3719 complete and 0 interrupted iterations
flash     [  22% ] 02377/02385 VUs  06.6s/30s  1000.00 iters/s
watcher   [  17% ] 1 VUs            06.6s/40s 
time="2026-09-20T15:49:38-07:00" level=info msg="sold out after 7.4 s" source=console

running (0m07.9s), 02016/02398 VUs, 5070 complete and 0 interrupted iterations
flash     [  25% ] 02015/02397 VUs  07.6s/30s  1000.00 iters/s
watcher   [  19% ] 1 VUs            07.6s/40s 

running (0m08.9s), 00575/02398 VUs, 7511 complete and 0 interrupted iterations
flash     [  29% ] 00574/02397 VUs  08.6s/30s  1000.00 iters/s
watcher   [  22% ] 1 VUs            08.6s/40s 

running (0m09.9s), 00010/02398 VUs, 9077 complete and 0 interrupted iterations
flash     [  32% ] 00009/02397 VUs  09.6s/30s  1000.00 iters/s
watcher   [  24% ] 1 VUs            09.6s/40s 

running (0m10.9s), 00009/02398 VUs, 10070 complete and 0 interrupted iterations
flash     [  35% ] 00008/02397 VUs  10.6s/30s  0968.84 iters/s
watcher   [  27% ] 1 VUs            10.6s/40s 

running (0m11.9s), 00009/02398 VUs, 11015 complete and 0 interrupted iterations
flash     [  39% ] 00008/02397 VUs  11.6s/30s  0918.83 iters/s
watcher   [  29% ] 1 VUs            11.6s/40s 

running (0m12.9s), 00008/02398 VUs, 11910 complete and 0 interrupted iterations
flash     [  42% ] 00007/02397 VUs  12.6s/30s  0868.88 iters/s
watcher   [  32% ] 1 VUs            12.6s/40s 

running (0m13.9s), 00008/02398 VUs, 12756 complete and 0 interrupted iterations
flash     [  45% ] 00007/02397 VUs  13.6s/30s  0818.81 iters/s
watcher   [  34% ] 1 VUs            13.6s/40s 

running (0m14.9s), 00008/02398 VUs, 13550 complete and 0 interrupted iterations
flash     [  49% ] 00007/02397 VUs  14.6s/30s  0768.86 iters/s
watcher   [  37% ] 1 VUs            14.6s/40s 

running (0m15.9s), 00007/02398 VUs, 14296 complete and 0 interrupted iterations
flash     [  52% ] 00006/02397 VUs  15.6s/30s  0718.85 iters/s
watcher   [  39% ] 1 VUs            15.6s/40s 

running (0m16.9s), 00006/02398 VUs, 14992 complete and 0 interrupted iterations
flash     [  55% ] 00005/02397 VUs  16.6s/30s  0668.84 iters/s
watcher   [  42% ] 1 VUs            16.6s/40s 

running (0m17.9s), 00006/02398 VUs, 15637 complete and 0 interrupted iterations
flash     [  59% ] 00005/02397 VUs  17.6s/30s  0618.83 iters/s
watcher   [  44% ] 1 VUs            17.6s/40s 

running (0m18.9s), 00006/02398 VUs, 16232 complete and 0 interrupted iterations
flash     [  62% ] 00005/02397 VUs  18.6s/30s  0568.81 iters/s
watcher   [  47% ] 1 VUs            18.6s/40s 

running (0m19.9s), 00005/02398 VUs, 16777 complete and 0 interrupted iterations
flash     [  65% ] 00004/02397 VUs  19.6s/30s  0518.89 iters/s
watcher   [  49% ] 1 VUs            19.6s/40s 

running (0m20.9s), 00005/02398 VUs, 17272 complete and 0 interrupted iterations
flash     [  69% ] 00004/02397 VUs  20.6s/30s  0468.88 iters/s
watcher   [  52% ] 1 VUs            20.6s/40s 

running (0m21.9s), 00005/02398 VUs, 17717 complete and 0 interrupted iterations
flash     [  72% ] 00004/02397 VUs  21.6s/30s  0418.87 iters/s
watcher   [  54% ] 1 VUs            21.6s/40s 

running (0m22.9s), 00004/02398 VUs, 18113 complete and 0 interrupted iterations
flash     [  75% ] 00003/02397 VUs  22.6s/30s  0368.85 iters/s
watcher   [  57% ] 1 VUs            22.6s/40s 

running (0m23.9s), 00004/02398 VUs, 18458 complete and 0 interrupted iterations
flash     [  79% ] 00003/02397 VUs  23.6s/30s  0318.83 iters/s
watcher   [  59% ] 1 VUs            23.6s/40s 

running (0m24.9s), 00003/02398 VUs, 18754 complete and 0 interrupted iterations
flash     [  82% ] 00002/02397 VUs  24.6s/30s  0268.79 iters/s
watcher   [  62% ] 1 VUs            24.6s/40s 

running (0m25.9s), 00003/02398 VUs, 18999 complete and 0 interrupted iterations
flash     [  85% ] 00002/02397 VUs  25.6s/30s  0218.75 iters/s
watcher   [  64% ] 1 VUs            25.6s/40s 

running (0m26.9s), 00003/02398 VUs, 19194 complete and 0 interrupted iterations
flash     [  89% ] 00002/02397 VUs  26.6s/30s  0168.67 iters/s
watcher   [  67% ] 1 VUs            26.6s/40s 

running (0m27.9s), 00002/02398 VUs, 19339 complete and 0 interrupted iterations
flash     [  92% ] 00001/02397 VUs  27.6s/30s  0118.95 iters/s
watcher   [  69% ] 1 VUs            27.6s/40s 

running (0m28.9s), 00001/02398 VUs, 19435 complete and 0 interrupted iterations
flash     [  95% ] 00000/02397 VUs  28.6s/30s  0068.92 iters/s
watcher   [  72% ] 1 VUs            28.6s/40s 

running (0m29.9s), 00001/02398 VUs, 19480 complete and 0 interrupted iterations
flash     [  99% ] 00000/02397 VUs  29.6s/30s  0018.66 iters/s
watcher   [  74% ] 1 VUs            29.6s/40s 

running (0m30.9s), 00001/02398 VUs, 19484 complete and 0 interrupted iterations
flash   ✓ [ 100% ] 00000/02397 VUs  30s  0005.00 iters/s
watcher   [  77% ] 1 VUs            30.6s/40s

running (0m31.9s), 00001/02398 VUs, 19485 complete and 0 interrupted iterations
flash   ✓ [ 100% ] 00000/02397 VUs  30s  0005.00 iters/s
watcher   [  79% ] 1 VUs            31.6s/40s

running (0m32.9s), 00001/02398 VUs, 19486 complete and 0 interrupted iterations
flash   ✓ [ 100% ] 00000/02397 VUs  30s  0005.00 iters/s
watcher   [  82% ] 1 VUs            32.6s/40s

running (0m33.9s), 00001/02398 VUs, 19487 complete and 0 interrupted iterations
flash   ✓ [ 100% ] 00000/02397 VUs  30s  0005.00 iters/s
watcher   [  84% ] 1 VUs            33.6s/40s

running (0m34.9s), 00001/02398 VUs, 19488 complete and 0 interrupted iterations
flash   ✓ [ 100% ] 00000/02397 VUs  30s  0005.00 iters/s
watcher   [  87% ] 1 VUs            34.6s/40s

running (0m35.9s), 00001/02398 VUs, 19489 complete and 0 interrupted iterations
flash   ✓ [ 100% ] 00000/02397 VUs  30s  0005.00 iters/s
watcher   [  89% ] 1 VUs            35.6s/40s

running (0m36.9s), 00001/02398 VUs, 19490 complete and 0 interrupted iterations
flash   ✓ [ 100% ] 00000/02397 VUs  30s  0005.00 iters/s
watcher   [  92% ] 1 VUs            36.6s/40s

running (0m37.9s), 00001/02398 VUs, 19491 complete and 0 interrupted iterations
flash   ✓ [ 100% ] 00000/02397 VUs  30s  0005.00 iters/s
watcher   [  94% ] 1 VUs            37.7s/40s

running (0m38.9s), 00001/02398 VUs, 19492 complete and 0 interrupted iterations
flash   ✓ [ 100% ] 00000/02397 VUs  30s  0005.00 iters/s
watcher   [  97% ] 1 VUs            38.6s/40s

running (0m39.9s), 00001/02398 VUs, 19493 complete and 0 interrupted iterations
flash   ✓ [ 100% ] 00000/02397 VUs  30s  0005.00 iters/s
watcher   [  99% ] 1 VUs            39.6s/40s
time="2026-09-20T15:50:11-07:00" level=info msg="invariants after the flash sale: PASS" source=console
time="2026-09-20T15:50:11-07:00" level=info msg="final tally for event d0762a45-206d-4c50-93a0-c975c75c7dce (capacity 5000): 3427 sold, 0 held, 1573 available" source=console

thresholds: PASS willcall_flash_errors: rate<0.001
            PASS willcall_flash_hold_duration: p(99)<5000
            PASS willcall_flash_server_errors: count==0
            PASS willcall_invariants_held: rate==1

running (0m40.7s), 00000/02398 VUs, 19494 complete and 0 interrupted iterations
flash   ✓ [ 100% ] 00000/02397 VUs  30s  0005.00 iters/s
watcher ✓ [ 100% ] 1 VUs            40s 
