
         /\      Grafana   /‾‾/  
    /\  /  \     |\  __   /  /   
   /  \/    \    | |/ /  /   ‾‾\ 
  /          \   |   (  |  (‾)  |
 / __________ \  |_|\_\  \_____/ 


     execution: local
        script: load/scripts/flash.ts
        output: -

     scenarios: (100.00%) 2 scenarios, 12001 max VUs, 1m10s max duration (incl. graceful stop):
              * flash: Up to 1000.00 iterations/s for 30s over 2 stages (maxVUs: 2000-12000, gracefulStop: 30s)
              * watcher: 1 looping VUs for 40s (exec: watchInventory, gracefulStop: 30s)

time="2026-09-20T14:16:07-07:00" level=info msg="flash sale: 10000 buyers arriving in 10s for 5000 seats (event 8fed0a97-fbbc-4bdf-a7fe-1b48fea9a2e6)" source=console

running (0m00.9s), 00488/02001 VUs, 124 complete and 0 interrupted iterations
flash     [   2% ] 00487/02000 VUs  00.6s/30s  1000.00 iters/s
watcher   [   2% ] 1 VUs            00.6s/40s 

running (0m01.9s), 01172/02001 VUs, 441 complete and 0 interrupted iterations
flash     [   5% ] 01171/02000 VUs  01.6s/30s  1000.00 iters/s
watcher   [   4% ] 1 VUs            01.6s/40s 

running (0m02.9s), 01844/02001 VUs, 769 complete and 0 interrupted iterations
flash     [   9% ] 01842/02000 VUs  02.6s/30s  1000.00 iters/s
watcher   [   7% ] 1 VUs            02.6s/40s 

running (0m03.9s), 02144/02148 VUs, 1272 complete and 0 interrupted iterations
flash     [  12% ] 02143/02147 VUs  03.6s/30s  1000.00 iters/s
watcher   [   9% ] 1 VUs            03.6s/40s 

running (0m04.9s), 02230/02256 VUs, 2039 complete and 0 interrupted iterations
flash     [  15% ] 02229/02255 VUs  04.6s/30s  1000.00 iters/s
watcher   [  12% ] 1 VUs            04.6s/40s 

running (0m05.9s), 02308/02330 VUs, 2858 complete and 0 interrupted iterations
flash     [  19% ] 02307/02329 VUs  05.6s/30s  1000.00 iters/s
watcher   [  14% ] 1 VUs            05.6s/40s 

running (0m06.9s), 02385/02400 VUs, 3685 complete and 0 interrupted iterations
flash     [  22% ] 02384/02399 VUs  06.6s/30s  1000.00 iters/s
watcher   [  17% ] 1 VUs            06.6s/40s 

running (0m07.9s), 02484/02494 VUs, 4467 complete and 0 interrupted iterations
flash     [  25% ] 02483/02493 VUs  07.6s/30s  1000.00 iters/s
watcher   [  19% ] 1 VUs            07.6s/40s 

running (0m08.9s), 01975/02504 VUs, 5965 complete and 0 interrupted iterations
flash     [  29% ] 01974/02503 VUs  08.6s/30s  1000.00 iters/s
watcher   [  22% ] 1 VUs            08.6s/40s 
time="2026-09-20T14:16:15-07:00" level=info msg="sold out after 8.6 s" source=console

running (0m09.9s), 01282/02504 VUs, 7659 complete and 0 interrupted iterations
flash     [  32% ] 01281/02503 VUs  09.6s/30s  1000.00 iters/s
watcher   [  24% ] 1 VUs            09.6s/40s 

running (0m10.9s), 00801/02504 VUs, 9132 complete and 0 interrupted iterations
flash     [  35% ] 00800/02503 VUs  10.6s/30s  0969.46 iters/s
watcher   [  27% ] 1 VUs            10.6s/40s 

running (0m11.9s), 00428/02504 VUs, 10450 complete and 0 interrupted iterations
flash     [  39% ] 00427/02503 VUs  11.6s/30s  0919.48 iters/s
watcher   [  29% ] 1 VUs            11.6s/40s 

running (0m12.9s), 00461/02504 VUs, 11312 complete and 0 interrupted iterations
flash     [  42% ] 00460/02503 VUs  12.6s/30s  0869.51 iters/s
watcher   [  32% ] 1 VUs            12.6s/40s 

running (0m13.9s), 00063/02504 VUs, 12556 complete and 0 interrupted iterations
flash     [  45% ] 00062/02503 VUs  13.6s/30s  0819.48 iters/s
watcher   [  34% ] 1 VUs            13.6s/40s 

running (0m14.9s), 00005/02504 VUs, 13409 complete and 0 interrupted iterations
flash     [  49% ] 00004/02503 VUs  14.6s/30s  0769.51 iters/s
watcher   [  37% ] 1 VUs            14.6s/40s 

running (0m15.9s), 00006/02504 VUs, 14154 complete and 0 interrupted iterations
flash     [  52% ] 00005/02503 VUs  15.6s/30s  0719.48 iters/s
watcher   [  39% ] 1 VUs            15.6s/40s 

running (0m16.9s), 00003/02504 VUs, 14852 complete and 0 interrupted iterations
flash     [  55% ] 00002/02503 VUs  16.6s/30s  0669.51 iters/s
watcher   [  42% ] 1 VUs            16.6s/40s 

running (0m17.9s), 00005/02504 VUs, 15496 complete and 0 interrupted iterations
flash     [  59% ] 00004/02503 VUs  17.6s/30s  0619.48 iters/s
watcher   [  44% ] 1 VUs            17.6s/40s 

running (0m18.9s), 00004/02504 VUs, 16093 complete and 0 interrupted iterations
flash     [  62% ] 00003/02503 VUs  18.6s/30s  0569.43 iters/s
watcher   [  47% ] 1 VUs            18.6s/40s 

running (0m19.9s), 00004/02504 VUs, 16638 complete and 0 interrupted iterations
flash     [  65% ] 00003/02503 VUs  19.6s/30s  0519.47 iters/s
watcher   [  49% ] 1 VUs            19.6s/40s 

running (0m20.9s), 00003/02504 VUs, 17134 complete and 0 interrupted iterations
flash     [  69% ] 00002/02503 VUs  20.6s/30s  0469.52 iters/s
watcher   [  52% ] 1 VUs            20.6s/40s 

running (0m21.9s), 00003/02504 VUs, 17580 complete and 0 interrupted iterations
flash     [  72% ] 00002/02503 VUs  21.6s/30s  0419.46 iters/s
watcher   [  54% ] 1 VUs            21.6s/40s 

running (0m22.9s), 00003/02504 VUs, 17975 complete and 0 interrupted iterations
flash     [  75% ] 00002/02503 VUs  22.6s/30s  0369.53 iters/s
watcher   [  57% ] 1 VUs            22.6s/40s 

running (0m23.9s), 00003/02504 VUs, 18321 complete and 0 interrupted iterations
flash     [  79% ] 00002/02503 VUs  23.6s/30s  0319.45 iters/s
watcher   [  59% ] 1 VUs            23.6s/40s 

running (0m24.9s), 00002/02504 VUs, 18617 complete and 0 interrupted iterations
flash     [  82% ] 00001/02503 VUs  24.6s/30s  0269.54 iters/s
watcher   [  62% ] 1 VUs            24.6s/40s 

running (0m25.9s), 00002/02504 VUs, 18863 complete and 0 interrupted iterations
flash     [  85% ] 00001/02503 VUs  25.6s/30s  0219.43 iters/s
watcher   [  64% ] 1 VUs            25.6s/40s 

running (0m26.9s), 00002/02504 VUs, 19058 complete and 0 interrupted iterations
flash     [  89% ] 00001/02503 VUs  26.6s/30s  0169.56 iters/s
watcher   [  67% ] 1 VUs            26.6s/40s 

running (0m27.9s), 00002/02504 VUs, 19204 complete and 0 interrupted iterations
flash     [  92% ] 00001/02503 VUs  27.6s/30s  0119.37 iters/s
watcher   [  69% ] 1 VUs            27.6s/40s 

running (0m28.9s), 00001/02504 VUs, 19300 complete and 0 interrupted iterations
flash     [  95% ] 00000/02503 VUs  28.6s/30s  0069.64 iters/s
watcher   [  72% ] 1 VUs            28.6s/40s 

running (0m29.9s), 00001/02504 VUs, 19346 complete and 0 interrupted iterations
flash     [  99% ] 00000/02503 VUs  29.6s/30s  0018.66 iters/s
watcher   [  74% ] 1 VUs            29.6s/40s 

running (0m30.9s), 00001/02504 VUs, 19350 complete and 0 interrupted iterations
flash   ✓ [ 100% ] 00000/02503 VUs  30s  0005.00 iters/s
watcher   [  77% ] 1 VUs            30.6s/40s

running (0m31.9s), 00001/02504 VUs, 19351 complete and 0 interrupted iterations
flash   ✓ [ 100% ] 00000/02503 VUs  30s  0005.00 iters/s
watcher   [  79% ] 1 VUs            31.6s/40s

running (0m32.9s), 00001/02504 VUs, 19352 complete and 0 interrupted iterations
flash   ✓ [ 100% ] 00000/02503 VUs  30s  0005.00 iters/s
watcher   [  82% ] 1 VUs            32.6s/40s

running (0m33.9s), 00001/02504 VUs, 19353 complete and 0 interrupted iterations
flash   ✓ [ 100% ] 00000/02503 VUs  30s  0005.00 iters/s
watcher   [  84% ] 1 VUs            33.6s/40s

running (0m34.9s), 00001/02504 VUs, 19354 complete and 0 interrupted iterations
flash   ✓ [ 100% ] 00000/02503 VUs  30s  0005.00 iters/s
watcher   [  87% ] 1 VUs            34.6s/40s

running (0m35.9s), 00001/02504 VUs, 19355 complete and 0 interrupted iterations
flash   ✓ [ 100% ] 00000/02503 VUs  30s  0005.00 iters/s
watcher   [  89% ] 1 VUs            35.6s/40s

running (0m36.9s), 00001/02504 VUs, 19356 complete and 0 interrupted iterations
flash   ✓ [ 100% ] 00000/02503 VUs  30s  0005.00 iters/s
watcher   [  92% ] 1 VUs            36.6s/40s

running (0m37.9s), 00001/02504 VUs, 19357 complete and 0 interrupted iterations
flash   ✓ [ 100% ] 00000/02503 VUs  30s  0005.00 iters/s
watcher   [  94% ] 1 VUs            37.6s/40s

running (0m38.9s), 00001/02504 VUs, 19358 complete and 0 interrupted iterations
flash   ✓ [ 100% ] 00000/02503 VUs  30s  0005.00 iters/s
watcher   [  97% ] 1 VUs            38.6s/40s

running (0m39.9s), 00001/02504 VUs, 19359 complete and 0 interrupted iterations
flash   ✓ [ 100% ] 00000/02503 VUs  30s  0005.00 iters/s
watcher   [  99% ] 1 VUs            39.6s/40s

running (0m40.9s), 00001/02504 VUs, 19360 complete and 0 interrupted iterations
flash   ✓ [ 100% ] 00000/02503 VUs  30s  0005.00 iters/s
watcher ↓ [ 100% ] 1 VUs            40s 
time="2026-09-20T14:16:47-07:00" level=info msg="invariants after the flash sale: PASS" source=console
time="2026-09-20T14:16:47-07:00" level=info msg="final tally for event 8fed0a97-fbbc-4bdf-a7fe-1b48fea9a2e6 (capacity 5000): 2986 sold, 0 held, 2014 available" source=console

thresholds: PASS willcall_flash_errors: rate<0.001
            PASS willcall_invariants_held: rate==1
            PASS willcall_flash_hold_duration: p(99)<5000
            PASS willcall_flash_server_errors: count==0

running (0m41.0s), 00000/02504 VUs, 19361 complete and 0 interrupted iterations
flash   ✓ [ 100% ] 00000/02503 VUs  30s  0005.00 iters/s
watcher ✓ [ 100% ] 1 VUs            40s 
