
         /\      Grafana   /‾‾/  
    /\  /  \     |\  __   /  /   
   /  \/    \    | |/ /  /   ‾‾\ 
  /          \   |   (  |  (‾)  |
 / __________ \  |_|\_\  \_____/ 


     execution: local
        script: load/scripts/flash.ts
        output: -

     scenarios: (100.00%) 1 scenario, 12000 max VUs, 1m0s max duration (incl. graceful stop):
              * flash: Up to 1000.00 iterations/s for 30s over 2 stages (maxVUs: 2000-12000, gracefulStop: 30s)

time="2026-09-20T14:01:33-07:00" level=info msg="flash sale: 10000 buyers arriving in 10s for 5000 seats (event c27e610d-8723-49cb-8a89-402fb1ca3415)" source=console

running (0m00.9s), 00462/02000 VUs, 4 complete and 0 interrupted iterations
flash   [   2% ] 00462/02000 VUs  00.5s/30s  1000.00 iters/s

running (0m01.9s), 01436/02000 VUs, 30 complete and 0 interrupted iterations
flash   [   5% ] 01436/02000 VUs  01.5s/30s  1000.00 iters/s

running (0m02.9s), 02126/02137 VUs, 148 complete and 0 interrupted iterations
flash   [   8% ] 02126/02137 VUs  02.5s/30s  1000.00 iters/s

running (0m03.9s), 02263/02357 VUs, 697 complete and 0 interrupted iterations
flash   [  12% ] 02263/02357 VUs  03.5s/30s  1000.00 iters/s

running (0m04.9s), 02396/02402 VUs, 1503 complete and 0 interrupted iterations
flash   [  15% ] 02397/02402 VUs  04.5s/30s  1000.00 iters/s

running (0m05.9s), 02524/02534 VUs, 2197 complete and 0 interrupted iterations
flash   [  18% ] 02524/02534 VUs  05.5s/30s  1000.00 iters/s

running (0m06.9s), 02537/02559 VUs, 3153 complete and 0 interrupted iterations
flash   [  22% ] 02537/02559 VUs  06.5s/30s  1000.00 iters/s

running (0m07.9s), 02619/02622 VUs, 3992 complete and 0 interrupted iterations
flash   [  25% ] 02619/02622 VUs  07.5s/30s  1000.00 iters/s

running (0m08.9s), 02637/02669 VUs, 4910 complete and 0 interrupted iterations
flash   [  28% ] 02637/02669 VUs  08.5s/30s  1000.00 iters/s

running (0m09.9s), 02652/02672 VUs, 5893 complete and 0 interrupted iterations
flash   [  32% ] 02652/02672 VUs  09.5s/30s  1000.00 iters/s

running (0m10.9s), 02712/02713 VUs, 6771 complete and 0 interrupted iterations
flash   [  35% ] 02712/02713 VUs  10.5s/30s  0976.76 iters/s

running (0m11.9s), 02214/02718 VUs, 8216 complete and 0 interrupted iterations
flash   [  38% ] 02214/02718 VUs  11.5s/30s  0926.69 iters/s

running (0m12.9s), 00917/02718 VUs, 10414 complete and 0 interrupted iterations
flash   [  42% ] 00917/02718 VUs  12.5s/30s  0876.73 iters/s

running (0m13.9s), 00006/02718 VUs, 12177 complete and 0 interrupted iterations
flash   [  45% ] 00006/02718 VUs  13.5s/30s  0826.71 iters/s

running (0m14.9s), 00007/02718 VUs, 12978 complete and 0 interrupted iterations
flash   [  48% ] 00006/02718 VUs  14.5s/30s  0776.69 iters/s

running (0m15.9s), 00005/02718 VUs, 13732 complete and 0 interrupted iterations
flash   [  52% ] 00005/02718 VUs  15.5s/30s  0726.67 iters/s

running (0m16.9s), 00005/02718 VUs, 14433 complete and 0 interrupted iterations
flash   [  55% ] 00005/02718 VUs  16.5s/30s  0676.72 iters/s

running (0m17.9s), 00003/02718 VUs, 15087 complete and 0 interrupted iterations
flash   [  58% ] 00003/02718 VUs  17.5s/30s  0626.70 iters/s

running (0m18.9s), 00003/02718 VUs, 15689 complete and 0 interrupted iterations
flash   [  62% ] 00003/02718 VUs  18.5s/30s  0576.67 iters/s

running (0m19.9s), 00002/02718 VUs, 16241 complete and 0 interrupted iterations
flash   [  65% ] 00002/02718 VUs  19.5s/30s  0526.74 iters/s

running (0m20.9s), 00002/02718 VUs, 16743 complete and 0 interrupted iterations
flash   [  68% ] 00002/02718 VUs  20.5s/30s  0476.71 iters/s

running (0m21.9s), 00002/02718 VUs, 17195 complete and 0 interrupted iterations
flash   [  72% ] 00002/02718 VUs  21.5s/30s  0426.67 iters/s

running (0m22.9s), 00002/02718 VUs, 17597 complete and 0 interrupted iterations
flash   [  75% ] 00002/02718 VUs  22.5s/30s  0376.63 iters/s

running (0m23.9s), 00001/02718 VUs, 17949 complete and 0 interrupted iterations
flash   [  78% ] 00001/02718 VUs  23.5s/30s  0326.73 iters/s

running (0m24.9s), 00001/02718 VUs, 18251 complete and 0 interrupted iterations
flash   [  82% ] 00001/02718 VUs  24.5s/30s  0276.68 iters/s

running (0m25.9s), 00001/02718 VUs, 18503 complete and 0 interrupted iterations
flash   [  85% ] 00001/02718 VUs  25.5s/30s  0226.61 iters/s

running (0m26.9s), 00001/02718 VUs, 18704 complete and 0 interrupted iterations
flash   [  88% ] 00001/02718 VUs  26.5s/30s  0176.78 iters/s

running (0m27.9s), 00001/02718 VUs, 18856 complete and 0 interrupted iterations
flash   [  92% ] 00001/02718 VUs  27.5s/30s  0126.69 iters/s

running (0m28.9s), 00001/02718 VUs, 18958 complete and 0 interrupted iterations
flash   [  95% ] 00001/02718 VUs  28.5s/30s  0076.48 iters/s

running (0m29.9s), 00000/02718 VUs, 19010 complete and 0 interrupted iterations
flash   [  98% ] 00000/02718 VUs  29.5s/30s  0027.37 iters/s
time="2026-09-20T14:02:03-07:00" level=info msg="invariants after the flash sale: PASS" source=console
time="2026-09-20T14:02:03-07:00" level=info msg="final tally for event c27e610d-8723-49cb-8a89-402fb1ca3415 (capacity 5000): 2114 sold, 2886 held, 0 available" source=console

thresholds: PASS willcall_flash_errors: rate<0.001
            PASS willcall_flash_hold_duration: p(99)<5000
            PASS willcall_flash_server_errors: count==0
            PASS willcall_invariants_held: rate==1

running (0m30.5s), 00000/02718 VUs, 19017 complete and 0 interrupted iterations
flash ✓ [ 100% ] 00000/02718 VUs  30s  0005.00 iters/s
