
         /\      Grafana   /‾‾/  
    /\  /  \     |\  __   /  /   
   /  \/    \    | |/ /  /   ‾‾\ 
  /          \   |   (  |  (‾)  |
 / __________ \  |_|\_\  \_____/ 


     execution: local
        script: load/scripts/flash.ts
        output: -

     scenarios: (100.00%) 2 scenarios, 12001 max VUs, 1m10s max duration (incl. graceful stop):
              * flash: Up to 1000.00 iterations/s for 30s over 2 stages (maxVUs: 2000-12000, gracefulStop: 30s)
              * watcher: 1 looping VUs for 40s (exec: watchInventory, gracefulStop: 30s)

time="2026-09-20T15:53:45-07:00" level=info msg="flash sale: 10000 buyers arriving in 10s for 5000 seats (event ca655bed-2d03-4f33-afb3-8a7abbe50f9d)" source=console

running (0m00.9s), 00486/02001 VUs, 117 complete and 0 interrupted iterations
flash     [   2% ] 00485/02000 VUs  00.6s/30s  1000.00 iters/s
watcher   [   2% ] 1 VUs            00.6s/40s 

running (0m01.9s), 01210/02001 VUs, 393 complete and 0 interrupted iterations
flash     [   5% ] 01209/02000 VUs  01.6s/30s  1000.00 iters/s
watcher   [   4% ] 1 VUs            01.6s/40s 

running (0m02.9s), 01868/02001 VUs, 736 complete and 0 interrupted iterations
flash     [   9% ] 01867/02000 VUs  02.6s/30s  1000.00 iters/s
watcher   [   7% ] 1 VUs            02.6s/40s 

running (0m03.9s), 02144/02149 VUs, 1267 complete and 0 interrupted iterations
flash     [  12% ] 02143/02148 VUs  03.6s/30s  1000.00 iters/s
watcher   [   9% ] 1 VUs            03.6s/40s 

running (0m04.9s), 02221/02240 VUs, 2067 complete and 0 interrupted iterations
flash     [  15% ] 02220/02239 VUs  04.6s/30s  1000.00 iters/s
watcher   [  12% ] 1 VUs            04.6s/40s 

running (0m05.9s), 02315/02334 VUs, 2843 complete and 0 interrupted iterations
flash     [  19% ] 02314/02333 VUs  05.6s/30s  1000.00 iters/s
watcher   [  14% ] 1 VUs            05.6s/40s 

running (0m06.9s), 02346/02379 VUs, 3752 complete and 0 interrupted iterations
flash     [  22% ] 02345/02378 VUs  06.6s/30s  1000.00 iters/s
watcher   [  17% ] 1 VUs            06.6s/40s 

running (0m07.9s), 02016/02423 VUs, 5020 complete and 0 interrupted iterations
flash     [  25% ] 02015/02422 VUs  07.6s/30s  1000.00 iters/s
watcher   [  19% ] 1 VUs            07.6s/40s 
time="2026-09-20T15:53:53-07:00" level=info msg="sold out after 8.4 s" source=console

running (0m08.9s), 00431/02423 VUs, 7607 complete and 0 interrupted iterations
flash     [  29% ] 00430/02422 VUs  08.6s/30s  1000.00 iters/s
watcher   [  22% ] 1 VUs            08.6s/40s 

running (0m09.9s), 00008/02423 VUs, 9032 complete and 0 interrupted iterations
flash     [  32% ] 00007/02422 VUs  09.6s/30s  1000.00 iters/s
watcher   [  24% ] 1 VUs            09.6s/40s 

running (0m10.9s), 00005/02423 VUs, 10027 complete and 0 interrupted iterations
flash     [  35% ] 00004/02422 VUs  10.6s/30s  0969.92 iters/s
watcher   [  27% ] 1 VUs            10.6s/40s 

running (0m11.9s), 00004/02423 VUs, 10972 complete and 0 interrupted iterations
flash     [  39% ] 00004/02422 VUs  11.6s/30s  0919.92 iters/s
watcher   [  29% ] 1 VUs            11.6s/40s 

running (0m12.9s), 00004/02423 VUs, 11868 complete and 0 interrupted iterations
flash     [  42% ] 00003/02422 VUs  12.6s/30s  0870.03 iters/s
watcher   [  32% ] 1 VUs            12.6s/40s 

running (0m13.9s), 00005/02423 VUs, 12715 complete and 0 interrupted iterations
flash     [  45% ] 00004/02422 VUs  13.6s/30s  0819.91 iters/s
watcher   [  34% ] 1 VUs            13.6s/40s 

running (0m14.9s), 00004/02423 VUs, 13511 complete and 0 interrupted iterations
flash     [  49% ] 00003/02422 VUs  14.6s/30s  0769.97 iters/s
watcher   [  37% ] 1 VUs            14.6s/40s 

running (0m15.9s), 00003/02423 VUs, 14258 complete and 0 interrupted iterations
flash     [  52% ] 00002/02422 VUs  15.6s/30s  0719.97 iters/s
watcher   [  39% ] 1 VUs            15.6s/40s 

running (0m16.9s), 00003/02423 VUs, 14954 complete and 0 interrupted iterations
flash     [  55% ] 00002/02422 VUs  16.6s/30s  0669.96 iters/s
watcher   [  42% ] 1 VUs            16.6s/40s 

running (0m17.9s), 00003/02423 VUs, 15600 complete and 0 interrupted iterations
flash     [  59% ] 00002/02422 VUs  17.6s/30s  0619.96 iters/s
watcher   [  44% ] 1 VUs            17.6s/40s 

running (0m18.9s), 00003/02423 VUs, 16196 complete and 0 interrupted iterations
flash     [  62% ] 00002/02422 VUs  18.6s/30s  0569.96 iters/s
watcher   [  47% ] 1 VUs            18.6s/40s 

running (0m19.9s), 00003/02423 VUs, 16742 complete and 0 interrupted iterations
flash     [  65% ] 00002/02422 VUs  19.6s/30s  0519.95 iters/s
watcher   [  49% ] 1 VUs            19.6s/40s 

running (0m20.9s), 00002/02423 VUs, 17239 complete and 0 interrupted iterations
flash     [  69% ] 00001/02422 VUs  20.6s/30s  0469.95 iters/s
watcher   [  52% ] 1 VUs            20.6s/40s 

running (0m21.9s), 00002/02423 VUs, 17685 complete and 0 interrupted iterations
flash     [  72% ] 00001/02422 VUs  21.6s/30s  0419.94 iters/s
watcher   [  54% ] 1 VUs            21.6s/40s 

running (0m22.9s), 00003/02423 VUs, 18080 complete and 0 interrupted iterations
flash     [  75% ] 00002/02422 VUs  22.6s/30s  0369.93 iters/s
watcher   [  57% ] 1 VUs            22.6s/40s 

running (0m23.9s), 00002/02423 VUs, 18427 complete and 0 interrupted iterations
flash     [  79% ] 00001/02422 VUs  23.6s/30s  0319.92 iters/s
watcher   [  59% ] 1 VUs            23.6s/40s 

running (0m24.9s), 00002/02423 VUs, 18723 complete and 0 interrupted iterations
flash     [  82% ] 00001/02422 VUs  24.6s/30s  0269.91 iters/s
watcher   [  62% ] 1 VUs            24.6s/40s 

running (0m25.9s), 00002/02423 VUs, 18969 complete and 0 interrupted iterations
flash     [  85% ] 00001/02422 VUs  25.6s/30s  0219.89 iters/s
watcher   [  64% ] 1 VUs            25.6s/40s 

running (0m26.9s), 00002/02423 VUs, 19165 complete and 0 interrupted iterations
flash     [  89% ] 00001/02422 VUs  26.6s/30s  0169.85 iters/s
watcher   [  67% ] 1 VUs            26.6s/40s 

running (0m27.9s), 00002/02423 VUs, 19311 complete and 0 interrupted iterations
flash     [  92% ] 00001/02422 VUs  27.6s/30s  0119.79 iters/s
watcher   [  69% ] 1 VUs            27.6s/40s 

running (0m28.9s), 00002/02423 VUs, 19407 complete and 0 interrupted iterations
flash     [  95% ] 00001/02422 VUs  28.6s/30s  0069.64 iters/s
watcher   [  72% ] 1 VUs            28.6s/40s 

running (0m29.9s), 00002/02423 VUs, 19453 complete and 0 interrupted iterations
flash     [  99% ] 00001/02422 VUs  29.6s/30s  0018.66 iters/s
watcher   [  74% ] 1 VUs            29.6s/40s 

running (0m30.9s), 00001/02423 VUs, 19458 complete and 0 interrupted iterations
flash   ✓ [ 100% ] 00000/02422 VUs  30s  0005.00 iters/s
watcher   [  77% ] 1 VUs            30.6s/40s

running (0m31.9s), 00001/02423 VUs, 19459 complete and 0 interrupted iterations
flash   ✓ [ 100% ] 00000/02422 VUs  30s  0005.00 iters/s
watcher   [  79% ] 1 VUs            31.6s/40s

running (0m32.9s), 00001/02423 VUs, 19460 complete and 0 interrupted iterations
flash   ✓ [ 100% ] 00000/02422 VUs  30s  0005.00 iters/s
watcher   [  82% ] 1 VUs            32.6s/40s

running (0m33.9s), 00001/02423 VUs, 19461 complete and 0 interrupted iterations
flash   ✓ [ 100% ] 00000/02422 VUs  30s  0005.00 iters/s
watcher   [  84% ] 1 VUs            33.6s/40s

running (0m34.9s), 00001/02423 VUs, 19462 complete and 0 interrupted iterations
flash   ✓ [ 100% ] 00000/02422 VUs  30s  0005.00 iters/s
watcher   [  87% ] 1 VUs            34.6s/40s

running (0m35.9s), 00001/02423 VUs, 19463 complete and 0 interrupted iterations
flash   ✓ [ 100% ] 00000/02422 VUs  30s  0005.00 iters/s
watcher   [  89% ] 1 VUs            35.6s/40s

running (0m36.9s), 00001/02423 VUs, 19464 complete and 0 interrupted iterations
flash   ✓ [ 100% ] 00000/02422 VUs  30s  0005.00 iters/s
watcher   [  92% ] 1 VUs            36.6s/40s

running (0m37.9s), 00001/02423 VUs, 19465 complete and 0 interrupted iterations
flash   ✓ [ 100% ] 00000/02422 VUs  30s  0005.00 iters/s
watcher   [  94% ] 1 VUs            37.6s/40s
