
         /\      Grafana   /‾‾/  
    /\  /  \     |\  __   /  /   
   /  \/    \    | |/ /  /   ‾‾\ 
  /          \   |   (  |  (‾)  |
 / __________ \  |_|\_\  \_____/ 


     execution: local
        script: load/scripts/flash.ts
        output: -

     scenarios: (100.00%) 2 scenarios, 12001 max VUs, 1m10s max duration (incl. graceful stop):
              * flash: Up to 1000.00 iterations/s for 30s over 2 stages (maxVUs: 2000-12000, gracefulStop: 30s)
              * watcher: 1 looping VUs for 40s (exec: watchInventory, gracefulStop: 30s)

time="2026-09-20T14:43:30-07:00" level=info msg="flash sale: 10000 buyers arriving in 10s for 5000 seats (event 2d8b8c0f-0275-4573-aa15-8b5903e0a4a5)" source=console

running (0m00.9s), 00480/02001 VUs, 123 complete and 0 interrupted iterations
flash     [   2% ] 00479/02000 VUs  00.6s/30s  1000.00 iters/s
watcher   [   2% ] 1 VUs            00.6s/40s 

running (0m01.9s), 01189/02001 VUs, 415 complete and 0 interrupted iterations
flash     [   5% ] 01188/02000 VUs  01.6s/30s  1000.00 iters/s
watcher   [   4% ] 1 VUs            01.6s/40s 

running (0m02.9s), 01856/02001 VUs, 750 complete and 0 interrupted iterations
flash     [   9% ] 01855/02000 VUs  02.6s/30s  1000.00 iters/s
watcher   [   7% ] 1 VUs            02.6s/40s 

running (0m03.9s), 02131/02132 VUs, 1296 complete and 0 interrupted iterations
flash     [  12% ] 02130/02131 VUs  03.6s/30s  1000.00 iters/s
watcher   [   9% ] 1 VUs            03.6s/40s 

running (0m04.9s), 02231/02242 VUs, 2041 complete and 0 interrupted iterations
flash     [  15% ] 02230/02241 VUs  04.6s/30s  1000.00 iters/s
watcher   [  12% ] 1 VUs            04.6s/40s 

running (0m05.9s), 02291/02303 VUs, 2899 complete and 0 interrupted iterations
flash     [  19% ] 02290/02302 VUs  05.6s/30s  1000.00 iters/s
watcher   [  14% ] 1 VUs            05.6s/40s 

running (0m06.9s), 02364/02378 VUs, 3723 complete and 0 interrupted iterations
flash     [  22% ] 02363/02377 VUs  06.6s/30s  1000.00 iters/s
watcher   [  17% ] 1 VUs            06.6s/40s 
time="2026-09-20T14:43:38-07:00" level=info msg="sold out after 7.6 s" source=console

running (0m07.9s), 02132/02413 VUs, 4908 complete and 0 interrupted iterations
flash     [  25% ] 02131/02412 VUs  07.6s/30s  1000.00 iters/s
watcher   [  19% ] 1 VUs            07.6s/40s 

running (0m08.9s), 00856/02413 VUs, 7184 complete and 0 interrupted iterations
flash     [  29% ] 00855/02412 VUs  08.6s/30s  1000.00 iters/s
watcher   [  22% ] 1 VUs            08.6s/40s 

running (0m09.9s), 00008/02413 VUs, 9033 complete and 0 interrupted iterations
flash     [  32% ] 00007/02412 VUs  09.6s/30s  1000.00 iters/s
watcher   [  24% ] 1 VUs            09.6s/40s 

running (0m10.9s), 00006/02413 VUs, 10027 complete and 0 interrupted iterations
flash     [  35% ] 00005/02412 VUs  10.6s/30s  0969.92 iters/s
watcher   [  27% ] 1 VUs            10.6s/40s 

running (0m11.9s), 00006/02413 VUs, 10973 complete and 0 interrupted iterations
flash     [  39% ] 00005/02412 VUs  11.6s/30s  0919.92 iters/s
watcher   [  29% ] 1 VUs            11.6s/40s 

running (0m12.9s), 00006/02413 VUs, 11869 complete and 0 interrupted iterations
flash     [  42% ] 00005/02412 VUs  12.6s/30s  0869.91 iters/s
watcher   [  32% ] 1 VUs            12.6s/40s 

running (0m13.9s), 00007/02413 VUs, 12714 complete and 0 interrupted iterations
flash     [  45% ] 00006/02412 VUs  13.6s/30s  0819.91 iters/s
watcher   [  34% ] 1 VUs            13.6s/40s 

running (0m14.9s), 00004/02413 VUs, 13513 complete and 0 interrupted iterations
flash     [  49% ] 00003/02412 VUs  14.6s/30s  0769.90 iters/s
watcher   [  37% ] 1 VUs            14.6s/40s 

running (0m15.9s), 00004/02413 VUs, 14258 complete and 0 interrupted iterations
flash     [  52% ] 00003/02412 VUs  15.6s/30s  0719.97 iters/s
watcher   [  39% ] 1 VUs            15.6s/40s 

running (0m16.9s), 00004/02413 VUs, 14954 complete and 0 interrupted iterations
flash     [  55% ] 00003/02412 VUs  16.6s/30s  0669.89 iters/s
watcher   [  42% ] 1 VUs            16.6s/40s 

running (0m17.9s), 00003/02413 VUs, 15602 complete and 0 interrupted iterations
flash     [  59% ] 00002/02412 VUs  17.6s/30s  0619.88 iters/s
watcher   [  44% ] 1 VUs            17.6s/40s 

running (0m18.9s), 00004/02413 VUs, 16197 complete and 0 interrupted iterations
flash     [  62% ] 00003/02412 VUs  18.6s/30s  0569.87 iters/s
watcher   [  47% ] 1 VUs            18.6s/40s 

running (0m19.9s), 00004/02413 VUs, 16743 complete and 0 interrupted iterations
flash     [  65% ] 00003/02412 VUs  19.6s/30s  0519.86 iters/s
watcher   [  49% ] 1 VUs            19.6s/40s 

running (0m20.9s), 00002/02413 VUs, 17240 complete and 0 interrupted iterations
flash     [  69% ] 00001/02412 VUs  20.6s/30s  0469.95 iters/s
watcher   [  52% ] 1 VUs            20.6s/40s 

running (0m21.9s), 00002/02413 VUs, 17686 complete and 0 interrupted iterations
flash     [  72% ] 00001/02412 VUs  21.6s/30s  0419.94 iters/s
watcher   [  54% ] 1 VUs            21.6s/40s 

running (0m22.9s), 00002/02413 VUs, 18082 complete and 0 interrupted iterations
flash     [  75% ] 00001/02412 VUs  22.6s/30s  0369.93 iters/s
watcher   [  57% ] 1 VUs            22.6s/40s 

running (0m23.9s), 00002/02413 VUs, 18428 complete and 0 interrupted iterations
flash     [  79% ] 00001/02412 VUs  23.6s/30s  0319.92 iters/s
watcher   [  59% ] 1 VUs            23.6s/40s 

running (0m24.9s), 00002/02413 VUs, 18724 complete and 0 interrupted iterations
flash     [  82% ] 00001/02412 VUs  24.6s/30s  0269.91 iters/s
watcher   [  62% ] 1 VUs            24.6s/40s 

running (0m25.9s), 00002/02413 VUs, 18970 complete and 0 interrupted iterations
flash     [  85% ] 00001/02412 VUs  25.6s/30s  0219.89 iters/s
watcher   [  64% ] 1 VUs            25.6s/40s 

running (0m26.9s), 00002/02413 VUs, 19166 complete and 0 interrupted iterations
flash     [  89% ] 00001/02412 VUs  26.6s/30s  0169.85 iters/s
watcher   [  67% ] 1 VUs            26.6s/40s 

running (0m27.9s), 00002/02413 VUs, 19312 complete and 0 interrupted iterations
flash     [  92% ] 00001/02412 VUs  27.6s/30s  0119.79 iters/s
watcher   [  69% ] 1 VUs            27.6s/40s 

running (0m28.9s), 00002/02413 VUs, 19408 complete and 0 interrupted iterations
flash     [  95% ] 00001/02412 VUs  28.6s/30s  0069.64 iters/s
watcher   [  72% ] 1 VUs            28.6s/40s 

running (0m29.9s), 00002/02413 VUs, 19454 complete and 0 interrupted iterations
flash     [  99% ] 00001/02412 VUs  29.6s/30s  0018.66 iters/s
watcher   [  74% ] 1 VUs            29.6s/40s 

running (0m30.9s), 00001/02413 VUs, 19459 complete and 0 interrupted iterations
flash   ✓ [ 100% ] 00000/02412 VUs  30s  0005.00 iters/s
watcher   [  77% ] 1 VUs            30.6s/40s

running (0m31.9s), 00001/02413 VUs, 19460 complete and 0 interrupted iterations
flash   ✓ [ 100% ] 00000/02412 VUs  30s  0005.00 iters/s
watcher   [  79% ] 1 VUs            31.6s/40s

running (0m32.9s), 00001/02413 VUs, 19461 complete and 0 interrupted iterations
flash   ✓ [ 100% ] 00000/02412 VUs  30s  0005.00 iters/s
watcher   [  82% ] 1 VUs            32.6s/40s

running (0m33.9s), 00001/02413 VUs, 19462 complete and 0 interrupted iterations
flash   ✓ [ 100% ] 00000/02412 VUs  30s  0005.00 iters/s
watcher   [  84% ] 1 VUs            33.6s/40s

running (0m34.9s), 00001/02413 VUs, 19463 complete and 0 interrupted iterations
flash   ✓ [ 100% ] 00000/02412 VUs  30s  0005.00 iters/s
watcher   [  87% ] 1 VUs            34.6s/40s

running (0m35.9s), 00001/02413 VUs, 19464 complete and 0 interrupted iterations
flash   ✓ [ 100% ] 00000/02412 VUs  30s  0005.00 iters/s
watcher   [  89% ] 1 VUs            35.6s/40s

running (0m36.9s), 00001/02413 VUs, 19465 complete and 0 interrupted iterations
flash   ✓ [ 100% ] 00000/02412 VUs  30s  0005.00 iters/s
watcher   [  92% ] 1 VUs            36.6s/40s

running (0m37.9s), 00001/02413 VUs, 19466 complete and 0 interrupted iterations
flash   ✓ [ 100% ] 00000/02412 VUs  30s  0005.00 iters/s
watcher   [  94% ] 1 VUs            37.6s/40s

running (0m38.9s), 00001/02413 VUs, 19467 complete and 0 interrupted iterations
flash   ✓ [ 100% ] 00000/02412 VUs  30s  0005.00 iters/s
watcher   [  97% ] 1 VUs            38.6s/40s

running (0m39.9s), 00001/02413 VUs, 19468 complete and 0 interrupted iterations
flash   ✓ [ 100% ] 00000/02412 VUs  30s  0005.00 iters/s
watcher   [  99% ] 1 VUs            39.6s/40s

running (0m40.9s), 00000/02413 VUs, 19469 complete and 0 interrupted iterations
flash   ✓ [ 100% ] 00000/02412 VUs  30s  0005.00 iters/s
watcher ✓ [ 100% ] 1 VUs            40s 
time="2026-09-20T14:44:11-07:00" level=info msg="invariants after the flash sale: PASS" source=console
time="2026-09-20T14:44:11-07:00" level=info msg="final tally for event 2d8b8c0f-0275-4573-aa15-8b5903e0a4a5 (capacity 5000): 3354 sold, 0 held, 1646 available" source=console

thresholds: PASS willcall_invariants_held: rate==1
            PASS willcall_flash_server_errors: count==0
            PASS willcall_flash_hold_duration: p(99)<5000
            PASS willcall_flash_errors: rate<0.001

running (0m40.9s), 00000/02413 VUs, 19469 complete and 0 interrupted iterations
flash   ✓ [ 100% ] 00000/02412 VUs  30s  0005.00 iters/s
watcher ✓ [ 100% ] 1 VUs            40s 
