
         /\      Grafana   /‾‾/  
    /\  /  \     |\  __   /  /   
   /  \/    \    | |/ /  /   ‾‾\ 
  /          \   |   (  |  (‾)  |
 / __________ \  |_|\_\  \_____/ 


     execution: local
        script: load/scripts/flash.ts
        output: -

     scenarios: (100.00%) 2 scenarios, 12001 max VUs, 1m10s max duration (incl. graceful stop):
              * flash: Up to 1000.00 iterations/s for 30s over 2 stages (maxVUs: 2000-12000, gracefulStop: 30s)
              * watcher: 1 looping VUs for 40s (exec: watchInventory, gracefulStop: 30s)

time="2026-09-20T14:31:34-07:00" level=info msg="flash sale: 10000 buyers arriving in 10s for 5000 seats (event 5cf2f736-186c-4a95-bb43-7487df15f1bd)" source=console

running (0m00.9s), 00501/02001 VUs, 101 complete and 0 interrupted iterations
flash     [   2% ] 00500/02000 VUs  00.6s/30s  1000.00 iters/s
watcher   [   2% ] 1 VUs            00.6s/40s 

running (0m01.9s), 01208/02001 VUs, 395 complete and 0 interrupted iterations
flash     [   5% ] 01207/02000 VUs  01.6s/30s  1000.00 iters/s
watcher   [   4% ] 1 VUs            01.6s/40s 

running (0m02.9s), 01880/02001 VUs, 724 complete and 0 interrupted iterations
flash     [   9% ] 01879/02000 VUs  02.6s/30s  1000.00 iters/s
watcher   [   7% ] 1 VUs            02.6s/40s 

running (0m03.9s), 02134/02149 VUs, 1267 complete and 0 interrupted iterations
flash     [  12% ] 02133/02148 VUs  03.6s/30s  1000.00 iters/s
watcher   [   9% ] 1 VUs            03.6s/40s 

running (0m04.9s), 02232/02246 VUs, 2045 complete and 0 interrupted iterations
flash     [  15% ] 02231/02245 VUs  04.6s/30s  1000.00 iters/s
watcher   [  12% ] 1 VUs            04.6s/40s 

running (0m05.9s), 02302/02324 VUs, 2875 complete and 0 interrupted iterations
flash     [  19% ] 02301/02323 VUs  05.6s/30s  1000.00 iters/s
watcher   [  14% ] 1 VUs            05.6s/40s 

running (0m06.9s), 02373/02384 VUs, 3723 complete and 0 interrupted iterations
flash     [  22% ] 02372/02383 VUs  06.6s/30s  1000.00 iters/s
watcher   [  17% ] 1 VUs            06.6s/40s 

running (0m07.9s), 02224/02430 VUs, 4810 complete and 0 interrupted iterations
flash     [  25% ] 02223/02429 VUs  07.6s/30s  1000.00 iters/s
watcher   [  19% ] 1 VUs            07.6s/40s 
time="2026-09-20T14:31:42-07:00" level=info msg="sold out after 7.8 s" source=console

running (0m08.9s), 00837/02430 VUs, 7197 complete and 0 interrupted iterations
flash     [  29% ] 00836/02429 VUs  08.6s/30s  1000.00 iters/s
watcher   [  22% ] 1 VUs            08.6s/40s 

running (0m09.9s), 00006/02430 VUs, 9029 complete and 0 interrupted iterations
flash     [  32% ] 00005/02429 VUs  09.6s/30s  1000.00 iters/s
watcher   [  24% ] 1 VUs            09.6s/40s 

running (0m10.9s), 00005/02430 VUs, 10022 complete and 0 interrupted iterations
flash     [  35% ] 00004/02429 VUs  10.6s/30s  0969.97 iters/s
watcher   [  27% ] 1 VUs            10.6s/40s 

running (0m11.9s), 00004/02430 VUs, 10969 complete and 0 interrupted iterations
flash     [  39% ] 00003/02429 VUs  11.6s/30s  0919.97 iters/s
watcher   [  29% ] 1 VUs            11.6s/40s 

running (0m12.9s), 00004/02430 VUs, 11865 complete and 0 interrupted iterations
flash     [  42% ] 00003/02429 VUs  12.6s/30s  0869.97 iters/s
watcher   [  32% ] 1 VUs            12.6s/40s 

running (0m13.9s), 00004/02430 VUs, 12711 complete and 0 interrupted iterations
flash     [  45% ] 00003/02429 VUs  13.6s/30s  0819.97 iters/s
watcher   [  34% ] 1 VUs            13.6s/40s 

running (0m14.9s), 00004/02430 VUs, 13507 complete and 0 interrupted iterations
flash     [  49% ] 00003/02429 VUs  14.6s/30s  0769.97 iters/s
watcher   [  37% ] 1 VUs            14.6s/40s 

running (0m15.9s), 00004/02430 VUs, 14253 complete and 0 interrupted iterations
flash     [  52% ] 00003/02429 VUs  15.6s/30s  0719.97 iters/s
watcher   [  39% ] 1 VUs            15.6s/40s 

running (0m16.9s), 00004/02430 VUs, 14949 complete and 0 interrupted iterations
flash     [  55% ] 00003/02429 VUs  16.6s/30s  0669.96 iters/s
watcher   [  42% ] 1 VUs            16.6s/40s 

running (0m17.9s), 00003/02430 VUs, 15596 complete and 0 interrupted iterations
flash     [  59% ] 00002/02429 VUs  17.6s/30s  0619.96 iters/s
watcher   [  44% ] 1 VUs            17.6s/40s 

running (0m18.9s), 00004/02430 VUs, 16191 complete and 0 interrupted iterations
flash     [  62% ] 00003/02429 VUs  18.6s/30s  0569.96 iters/s
watcher   [  47% ] 1 VUs            18.6s/40s 

running (0m19.9s), 00002/02430 VUs, 16738 complete and 0 interrupted iterations
flash     [  65% ] 00001/02429 VUs  19.6s/30s  0520.05 iters/s
watcher   [  49% ] 1 VUs            19.6s/40s 

running (0m20.9s), 00002/02430 VUs, 17234 complete and 0 interrupted iterations
flash     [  69% ] 00001/02429 VUs  20.6s/30s  0470.05 iters/s
watcher   [  52% ] 1 VUs            20.6s/40s 

running (0m21.9s), 00003/02430 VUs, 17680 complete and 0 interrupted iterations
flash     [  72% ] 00002/02429 VUs  21.6s/30s  0419.94 iters/s
watcher   [  54% ] 1 VUs            21.6s/40s 

running (0m22.9s), 00003/02430 VUs, 18076 complete and 0 interrupted iterations
flash     [  75% ] 00002/02429 VUs  22.6s/30s  0369.93 iters/s
watcher   [  57% ] 1 VUs            22.6s/40s 

running (0m23.9s), 00002/02430 VUs, 18423 complete and 0 interrupted iterations
flash     [  79% ] 00001/02429 VUs  23.6s/30s  0319.92 iters/s
watcher   [  59% ] 1 VUs            23.6s/40s 

running (0m24.9s), 00002/02430 VUs, 18719 complete and 0 interrupted iterations
flash     [  82% ] 00001/02429 VUs  24.6s/30s  0269.91 iters/s
watcher   [  62% ] 1 VUs            24.6s/40s 

running (0m25.9s), 00002/02430 VUs, 18965 complete and 0 interrupted iterations
flash     [  85% ] 00001/02429 VUs  25.6s/30s  0219.89 iters/s
watcher   [  64% ] 1 VUs            25.6s/40s 

running (0m26.9s), 00002/02430 VUs, 19161 complete and 0 interrupted iterations
flash     [  89% ] 00001/02429 VUs  26.6s/30s  0169.85 iters/s
watcher   [  67% ] 1 VUs            26.6s/40s 

running (0m27.9s), 00002/02430 VUs, 19307 complete and 0 interrupted iterations
flash     [  92% ] 00001/02429 VUs  27.6s/30s  0119.79 iters/s
watcher   [  69% ] 1 VUs            27.6s/40s 

running (0m28.9s), 00002/02430 VUs, 19403 complete and 0 interrupted iterations
flash     [  95% ] 00001/02429 VUs  28.6s/30s  0069.64 iters/s
watcher   [  72% ] 1 VUs            28.6s/40s 

running (0m29.9s), 00002/02430 VUs, 19449 complete and 0 interrupted iterations
flash     [  99% ] 00001/02429 VUs  29.6s/30s  0018.66 iters/s
watcher   [  74% ] 1 VUs            29.6s/40s 

running (0m30.9s), 00001/02430 VUs, 19454 complete and 0 interrupted iterations
flash   ✓ [ 100% ] 00000/02429 VUs  30s  0005.00 iters/s
watcher   [  77% ] 1 VUs            30.6s/40s

running (0m31.9s), 00001/02430 VUs, 19455 complete and 0 interrupted iterations
flash   ✓ [ 100% ] 00000/02429 VUs  30s  0005.00 iters/s
watcher   [  79% ] 1 VUs            31.6s/40s

running (0m32.9s), 00001/02430 VUs, 19456 complete and 0 interrupted iterations
flash   ✓ [ 100% ] 00000/02429 VUs  30s  0005.00 iters/s
watcher   [  82% ] 1 VUs            32.6s/40s

running (0m33.9s), 00001/02430 VUs, 19457 complete and 0 interrupted iterations
flash   ✓ [ 100% ] 00000/02429 VUs  30s  0005.00 iters/s
watcher   [  84% ] 1 VUs            33.6s/40s

running (0m34.9s), 00001/02430 VUs, 19458 complete and 0 interrupted iterations
flash   ✓ [ 100% ] 00000/02429 VUs  30s  0005.00 iters/s
watcher   [  87% ] 1 VUs            34.6s/40s

running (0m35.9s), 00001/02430 VUs, 19459 complete and 0 interrupted iterations
flash   ✓ [ 100% ] 00000/02429 VUs  30s  0005.00 iters/s
watcher   [  89% ] 1 VUs            35.6s/40s

running (0m36.9s), 00001/02430 VUs, 19460 complete and 0 interrupted iterations
flash   ✓ [ 100% ] 00000/02429 VUs  30s  0005.00 iters/s
watcher   [  92% ] 1 VUs            36.6s/40s

running (0m37.9s), 00001/02430 VUs, 19461 complete and 0 interrupted iterations
flash   ✓ [ 100% ] 00000/02429 VUs  30s  0005.00 iters/s
watcher   [  94% ] 1 VUs            37.6s/40s

running (0m38.9s), 00001/02430 VUs, 19462 complete and 0 interrupted iterations
flash   ✓ [ 100% ] 00000/02429 VUs  30s  0005.00 iters/s
watcher   [  97% ] 1 VUs            38.6s/40s

running (0m39.9s), 00001/02430 VUs, 19463 complete and 0 interrupted iterations
flash   ✓ [ 100% ] 00000/02429 VUs  30s  0005.00 iters/s
watcher   [  99% ] 1 VUs            39.6s/40s

running (0m40.9s), 00001/02430 VUs, 19464 complete and 0 interrupted iterations
flash   ✓ [ 100% ] 00000/02429 VUs  30s  0005.00 iters/s
watcher ↓ [ 100% ] 1 VUs            40s 
time="2026-09-20T14:32:15-07:00" level=info msg="invariants after the flash sale: PASS" source=console
time="2026-09-20T14:32:15-07:00" level=info msg="final tally for event 5cf2f736-186c-4a95-bb43-7487df15f1bd (capacity 5000): 3315 sold, 0 held, 1685 available" source=console

thresholds: PASS willcall_flash_server_errors: count==0
            PASS willcall_flash_errors: rate<0.001
            PASS willcall_invariants_held: rate==1
            PASS willcall_flash_hold_duration: p(99)<5000

running (0m41.1s), 00000/02430 VUs, 19465 complete and 0 interrupted iterations
flash   ✓ [ 100% ] 00000/02429 VUs  30s  0005.00 iters/s
watcher ✓ [ 100% ] 1 VUs            40s 
