
         /\      Grafana   /‾‾/  
    /\  /  \     |\  __   /  /   
   /  \/    \    | |/ /  /   ‾‾\ 
  /          \   |   (  |  (‾)  |
 / __________ \  |_|\_\  \_____/ 


     execution: local
        script: load/scripts/flash.ts
        output: -

     scenarios: (100.00%) 2 scenarios, 12001 max VUs, 1m10s max duration (incl. graceful stop):
              * flash: Up to 1000.00 iterations/s for 30s over 2 stages (maxVUs: 2000-12000, gracefulStop: 30s)
              * watcher: 1 looping VUs for 40s (exec: watchInventory, gracefulStop: 30s)

time="2026-09-20T14:35:04-07:00" level=info msg="flash sale: 10000 buyers arriving in 10s for 5000 seats (event 38afe3b0-f7a9-4c97-8bde-f610ab8b89a7)" source=console

running (0m00.9s), 00494/02001 VUs, 108 complete and 0 interrupted iterations
flash     [   2% ] 00493/02000 VUs  00.6s/30s  1000.00 iters/s
watcher   [   2% ] 1 VUs            00.6s/40s 

running (0m01.9s), 01209/02001 VUs, 394 complete and 0 interrupted iterations
flash     [   5% ] 01208/02000 VUs  01.6s/30s  1000.00 iters/s
watcher   [   4% ] 1 VUs            01.6s/40s 

running (0m02.9s), 01869/02001 VUs, 735 complete and 0 interrupted iterations
flash     [   9% ] 01868/02000 VUs  02.6s/30s  1000.00 iters/s
watcher   [   7% ] 1 VUs            02.6s/40s 

running (0m03.9s), 02138/02140 VUs, 1264 complete and 0 interrupted iterations
flash     [  12% ] 02137/02139 VUs  03.6s/30s  1000.00 iters/s
watcher   [   9% ] 1 VUs            03.6s/40s 

running (0m04.9s), 02242/02253 VUs, 2014 complete and 0 interrupted iterations
flash     [  15% ] 02241/02252 VUs  04.6s/30s  1000.00 iters/s
watcher   [  12% ] 1 VUs            04.6s/40s 

running (0m05.9s), 02309/02312 VUs, 2864 complete and 0 interrupted iterations
flash     [  19% ] 02308/02311 VUs  05.6s/30s  1000.00 iters/s
watcher   [  14% ] 1 VUs            05.6s/40s 

running (0m06.9s), 02374/02378 VUs, 3712 complete and 0 interrupted iterations
flash     [  22% ] 02373/02377 VUs  06.6s/30s  1000.00 iters/s
watcher   [  17% ] 1 VUs            06.6s/40s 

running (0m07.9s), 02211/02409 VUs, 4837 complete and 0 interrupted iterations
flash     [  25% ] 02210/02408 VUs  07.6s/30s  1000.00 iters/s
watcher   [  19% ] 1 VUs            07.6s/40s 
time="2026-09-20T14:35:12-07:00" level=info msg="sold out after 8.0 s" source=console

running (0m08.9s), 01060/02409 VUs, 6989 complete and 0 interrupted iterations
flash     [  29% ] 01059/02408 VUs  08.6s/30s  1000.00 iters/s
watcher   [  22% ] 1 VUs            08.6s/40s 

running (0m09.9s), 00008/02409 VUs, 9042 complete and 0 interrupted iterations
flash     [  32% ] 00007/02408 VUs  09.6s/30s  1000.00 iters/s
watcher   [  24% ] 1 VUs            09.6s/40s 

running (0m10.9s), 00008/02409 VUs, 10035 complete and 0 interrupted iterations
flash     [  35% ] 00007/02408 VUs  10.6s/30s  0969.92 iters/s
watcher   [  27% ] 1 VUs            10.6s/40s 

running (0m11.9s), 00008/02409 VUs, 10980 complete and 0 interrupted iterations
flash     [  39% ] 00007/02408 VUs  11.6s/30s  0919.97 iters/s
watcher   [  29% ] 1 VUs            11.6s/40s 

running (0m12.9s), 00004/02409 VUs, 11880 complete and 0 interrupted iterations
flash     [  42% ] 00003/02408 VUs  12.6s/30s  0869.97 iters/s
watcher   [  32% ] 1 VUs            12.6s/40s 

running (0m13.9s), 00003/02409 VUs, 12727 complete and 0 interrupted iterations
flash     [  45% ] 00002/02408 VUs  13.6s/30s  0819.97 iters/s
watcher   [  34% ] 1 VUs            13.6s/40s 

running (0m14.9s), 00005/02409 VUs, 13521 complete and 0 interrupted iterations
flash     [  49% ] 00004/02408 VUs  14.6s/30s  0769.97 iters/s
watcher   [  37% ] 1 VUs            14.6s/40s 

running (0m15.9s), 00005/02409 VUs, 14267 complete and 0 interrupted iterations
flash     [  52% ] 00004/02408 VUs  15.6s/30s  0719.97 iters/s
watcher   [  39% ] 1 VUs            15.6s/40s 

running (0m16.9s), 00005/02409 VUs, 14964 complete and 0 interrupted iterations
flash     [  55% ] 00004/02408 VUs  16.6s/30s  0669.89 iters/s
watcher   [  42% ] 1 VUs            16.6s/40s 

running (0m17.9s), 00004/02409 VUs, 15610 complete and 0 interrupted iterations
flash     [  59% ] 00003/02408 VUs  17.6s/30s  0619.96 iters/s
watcher   [  44% ] 1 VUs            17.6s/40s 

running (0m18.9s), 00004/02409 VUs, 16206 complete and 0 interrupted iterations
flash     [  62% ] 00003/02408 VUs  18.6s/30s  0569.96 iters/s
watcher   [  47% ] 1 VUs            18.6s/40s 

running (0m19.9s), 00003/02409 VUs, 16753 complete and 0 interrupted iterations
flash     [  65% ] 00002/02408 VUs  19.6s/30s  0519.95 iters/s
watcher   [  49% ] 1 VUs            19.6s/40s 

running (0m20.9s), 00003/02409 VUs, 17248 complete and 0 interrupted iterations
flash     [  69% ] 00002/02408 VUs  20.6s/30s  0469.95 iters/s
watcher   [  52% ] 1 VUs            20.6s/40s 

running (0m21.9s), 00003/02409 VUs, 17695 complete and 0 interrupted iterations
flash     [  72% ] 00002/02408 VUs  21.6s/30s  0419.94 iters/s
watcher   [  54% ] 1 VUs            21.6s/40s 

running (0m22.9s), 00002/02409 VUs, 18091 complete and 0 interrupted iterations
flash     [  75% ] 00001/02408 VUs  22.6s/30s  0370.07 iters/s
watcher   [  57% ] 1 VUs            22.6s/40s 

running (0m23.9s), 00003/02409 VUs, 18437 complete and 0 interrupted iterations
flash     [  79% ] 00002/02408 VUs  23.6s/30s  0319.92 iters/s
watcher   [  59% ] 1 VUs            23.6s/40s 

running (0m24.9s), 00002/02409 VUs, 18734 complete and 0 interrupted iterations
flash     [  82% ] 00001/02408 VUs  24.6s/30s  0269.91 iters/s
watcher   [  62% ] 1 VUs            24.6s/40s 

running (0m25.9s), 00002/02409 VUs, 18980 complete and 0 interrupted iterations
flash     [  85% ] 00001/02408 VUs  25.6s/30s  0219.89 iters/s
watcher   [  64% ] 1 VUs            25.6s/40s 

running (0m26.9s), 00002/02409 VUs, 19176 complete and 0 interrupted iterations
flash     [  89% ] 00001/02408 VUs  26.6s/30s  0169.85 iters/s
watcher   [  67% ] 1 VUs            26.6s/40s 

running (0m27.9s), 00002/02409 VUs, 19322 complete and 0 interrupted iterations
flash     [  92% ] 00001/02408 VUs  27.6s/30s  0119.79 iters/s
watcher   [  69% ] 1 VUs            27.6s/40s 

running (0m28.9s), 00002/02409 VUs, 19418 complete and 0 interrupted iterations
flash     [  95% ] 00001/02408 VUs  28.6s/30s  0069.64 iters/s
watcher   [  72% ] 1 VUs            28.6s/40s 

running (0m29.9s), 00002/02409 VUs, 19464 complete and 0 interrupted iterations
flash     [  99% ] 00001/02408 VUs  29.6s/30s  0018.66 iters/s
watcher   [  74% ] 1 VUs            29.6s/40s 

running (0m30.9s), 00001/02409 VUs, 19469 complete and 0 interrupted iterations
flash   ✓ [ 100% ] 00000/02408 VUs  30s  0005.00 iters/s
watcher   [  77% ] 1 VUs            30.6s/40s

running (0m31.9s), 00001/02409 VUs, 19470 complete and 0 interrupted iterations
flash   ✓ [ 100% ] 00000/02408 VUs  30s  0005.00 iters/s
watcher   [  79% ] 1 VUs            31.6s/40s

running (0m32.9s), 00001/02409 VUs, 19471 complete and 0 interrupted iterations
flash   ✓ [ 100% ] 00000/02408 VUs  30s  0005.00 iters/s
watcher   [  82% ] 1 VUs            32.6s/40s

running (0m33.9s), 00001/02409 VUs, 19472 complete and 0 interrupted iterations
flash   ✓ [ 100% ] 00000/02408 VUs  30s  0005.00 iters/s
watcher   [  84% ] 1 VUs            33.6s/40s

running (0m34.9s), 00001/02409 VUs, 19473 complete and 0 interrupted iterations
flash   ✓ [ 100% ] 00000/02408 VUs  30s  0005.00 iters/s
watcher   [  87% ] 1 VUs            34.6s/40s

running (0m35.9s), 00001/02409 VUs, 19474 complete and 0 interrupted iterations
flash   ✓ [ 100% ] 00000/02408 VUs  30s  0005.00 iters/s
watcher   [  89% ] 1 VUs            35.6s/40s

running (0m36.9s), 00001/02409 VUs, 19475 complete and 0 interrupted iterations
flash   ✓ [ 100% ] 00000/02408 VUs  30s  0005.00 iters/s
watcher   [  92% ] 1 VUs            36.6s/40s

running (0m37.9s), 00001/02409 VUs, 19476 complete and 0 interrupted iterations
flash   ✓ [ 100% ] 00000/02408 VUs  30s  0005.00 iters/s
watcher   [  94% ] 1 VUs            37.6s/40s

running (0m38.9s), 00001/02409 VUs, 19477 complete and 0 interrupted iterations
flash   ✓ [ 100% ] 00000/02408 VUs  30s  0005.00 iters/s
watcher   [  97% ] 1 VUs            38.6s/40s

running (0m39.9s), 00001/02409 VUs, 19478 complete and 0 interrupted iterations
flash   ✓ [ 100% ] 00000/02408 VUs  30s  0005.00 iters/s
watcher   [  99% ] 1 VUs            39.6s/40s

running (0m40.9s), 00001/02409 VUs, 19479 complete and 0 interrupted iterations
flash   ✓ [ 100% ] 00000/02408 VUs  30s  0005.00 iters/s
watcher ↓ [ 100% ] 1 VUs            40s 
time="2026-09-20T14:35:45-07:00" level=info msg="invariants after the flash sale: PASS" source=console
time="2026-09-20T14:35:45-07:00" level=info msg="final tally for event 38afe3b0-f7a9-4c97-8bde-f610ab8b89a7 (capacity 5000): 3322 sold, 0 held, 1678 available" source=console

thresholds: PASS willcall_invariants_held: rate==1
            PASS willcall_flash_hold_duration: p(99)<5000
            PASS willcall_flash_errors: rate<0.001
            PASS willcall_flash_server_errors: count==0

running (0m41.3s), 00000/02409 VUs, 19480 complete and 0 interrupted iterations
flash   ✓ [ 100% ] 00000/02408 VUs  30s  0005.00 iters/s
watcher ✓ [ 100% ] 1 VUs            40s 
