
         /\      Grafana   /‾‾/  
    /\  /  \     |\  __   /  /   
   /  \/    \    | |/ /  /   ‾‾\ 
  /          \   |   (  |  (‾)  |
 / __________ \  |_|\_\  \_____/ 


     execution: local
        script: load/scripts/flash.ts
        output: -

     scenarios: (100.00%) 2 scenarios, 12001 max VUs, 1m10s max duration (incl. graceful stop):
              * flash: Up to 1000.00 iterations/s for 30s over 2 stages (maxVUs: 2000-12000, gracefulStop: 30s)
              * watcher: 1 looping VUs for 40s (exec: watchInventory, gracefulStop: 30s)

time="2026-09-20T14:44:55-07:00" level=info msg="flash sale: 10000 buyers arriving in 10s for 5000 seats (event 76d0d187-07b5-46ec-90aa-588b8f7fbc16)" source=console

running (0m00.9s), 00461/02001 VUs, 125 complete and 0 interrupted iterations
flash     [   2% ] 00460/02000 VUs  00.6s/30s  1000.00 iters/s
watcher   [   2% ] 1 VUs            00.6s/40s 

running (0m01.9s), 01194/02001 VUs, 392 complete and 0 interrupted iterations
flash     [   5% ] 01193/02000 VUs  01.6s/30s  1000.00 iters/s
watcher   [   4% ] 1 VUs            01.6s/40s 

running (0m02.9s), 01834/02001 VUs, 752 complete and 0 interrupted iterations
flash     [   9% ] 01833/02000 VUs  02.6s/30s  1000.00 iters/s
watcher   [   7% ] 1 VUs            02.6s/40s 

running (0m03.9s), 02103/02133 VUs, 1303 complete and 0 interrupted iterations
flash     [  12% ] 02102/02132 VUs  03.6s/30s  1000.00 iters/s
watcher   [   9% ] 1 VUs            03.6s/40s 

running (0m04.9s), 02209/02231 VUs, 2068 complete and 0 interrupted iterations
flash     [  15% ] 02208/02230 VUs  04.6s/30s  1000.00 iters/s
watcher   [  12% ] 1 VUs            04.6s/40s 

running (0m05.9s), 02292/02311 VUs, 2878 complete and 0 interrupted iterations
flash     [  19% ] 02291/02310 VUs  05.6s/30s  1000.00 iters/s
watcher   [  14% ] 1 VUs            05.6s/40s 

running (0m06.9s), 02361/02381 VUs, 3716 complete and 0 interrupted iterations
flash     [  22% ] 02360/02380 VUs  06.6s/30s  1000.00 iters/s
watcher   [  17% ] 1 VUs            06.6s/40s 

running (0m07.9s), 02006/02407 VUs, 5037 complete and 0 interrupted iterations
flash     [  25% ] 02005/02406 VUs  07.6s/30s  1000.00 iters/s
watcher   [  19% ] 1 VUs            07.6s/40s 
time="2026-09-20T14:45:03-07:00" level=info msg="sold out after 7.7 s" source=console

running (0m08.9s), 00463/02407 VUs, 7581 complete and 0 interrupted iterations
flash     [  29% ] 00462/02406 VUs  08.6s/30s  1000.00 iters/s
watcher   [  22% ] 1 VUs            08.6s/40s 

running (0m09.9s), 00007/02407 VUs, 9038 complete and 0 interrupted iterations
flash     [  32% ] 00006/02406 VUs  09.6s/30s  1000.00 iters/s
watcher   [  24% ] 1 VUs            09.6s/40s 

running (0m10.9s), 00005/02407 VUs, 10032 complete and 0 interrupted iterations
flash     [  35% ] 00004/02406 VUs  10.6s/30s  0970.85 iters/s
watcher   [  27% ] 1 VUs            10.6s/40s 

running (0m11.9s), 00007/02407 VUs, 10978 complete and 0 interrupted iterations
flash     [  39% ] 00006/02406 VUs  11.6s/30s  0920.79 iters/s
watcher   [  29% ] 1 VUs            11.6s/40s 

running (0m12.9s), 00005/02407 VUs, 11876 complete and 0 interrupted iterations
flash     [  42% ] 00004/02406 VUs  12.6s/30s  0870.83 iters/s
watcher   [  32% ] 1 VUs            12.6s/40s 

running (0m13.9s), 00005/02407 VUs, 12723 complete and 0 interrupted iterations
flash     [  45% ] 00004/02406 VUs  13.6s/30s  0820.82 iters/s
watcher   [  34% ] 1 VUs            13.6s/40s 

running (0m14.9s), 00004/02407 VUs, 13521 complete and 0 interrupted iterations
flash     [  49% ] 00003/02406 VUs  14.6s/30s  0770.81 iters/s
watcher   [  37% ] 1 VUs            14.6s/40s 

running (0m15.9s), 00004/02407 VUs, 14268 complete and 0 interrupted iterations
flash     [  52% ] 00003/02406 VUs  15.6s/30s  0720.80 iters/s
watcher   [  39% ] 1 VUs            15.6s/40s 

running (0m16.9s), 00004/02407 VUs, 14964 complete and 0 interrupted iterations
flash     [  55% ] 00003/02406 VUs  16.6s/30s  0670.86 iters/s
watcher   [  42% ] 1 VUs            16.6s/40s 

running (0m17.9s), 00005/02407 VUs, 15610 complete and 0 interrupted iterations
flash     [  59% ] 00004/02406 VUs  17.6s/30s  0620.85 iters/s
watcher   [  44% ] 1 VUs            17.6s/40s 

running (0m18.9s), 00003/02407 VUs, 16209 complete and 0 interrupted iterations
flash     [  62% ] 00002/02406 VUs  18.6s/30s  0570.83 iters/s
watcher   [  47% ] 1 VUs            18.6s/40s 

running (0m19.9s), 00003/02407 VUs, 16756 complete and 0 interrupted iterations
flash     [  65% ] 00002/02406 VUs  19.6s/30s  0520.82 iters/s
watcher   [  49% ] 1 VUs            19.6s/40s 

running (0m20.9s), 00003/02407 VUs, 17253 complete and 0 interrupted iterations
flash     [  69% ] 00002/02406 VUs  20.6s/30s  0470.80 iters/s
watcher   [  52% ] 1 VUs            20.6s/40s 

running (0m21.9s), 00003/02407 VUs, 17700 complete and 0 interrupted iterations
flash     [  72% ] 00002/02406 VUs  21.6s/30s  0420.77 iters/s
watcher   [  54% ] 1 VUs            21.6s/40s 

running (0m22.9s), 00003/02407 VUs, 18097 complete and 0 interrupted iterations
flash     [  75% ] 00002/02406 VUs  22.6s/30s  0370.74 iters/s
watcher   [  57% ] 1 VUs            22.6s/40s 

running (0m23.9s), 00002/02407 VUs, 18444 complete and 0 interrupted iterations
flash     [  79% ] 00001/02406 VUs  23.6s/30s  0320.86 iters/s
watcher   [  59% ] 1 VUs            23.6s/40s 

running (0m24.9s), 00002/02407 VUs, 18741 complete and 0 interrupted iterations
flash     [  82% ] 00001/02406 VUs  24.6s/30s  0270.83 iters/s
watcher   [  62% ] 1 VUs            24.6s/40s 

running (0m25.9s), 00002/02407 VUs, 18988 complete and 0 interrupted iterations
flash     [  85% ] 00001/02406 VUs  25.6s/30s  0220.79 iters/s
watcher   [  64% ] 1 VUs            25.6s/40s 

running (0m26.9s), 00002/02407 VUs, 19185 complete and 0 interrupted iterations
flash     [  89% ] 00001/02406 VUs  26.6s/30s  0170.73 iters/s
watcher   [  67% ] 1 VUs            26.6s/40s 

running (0m27.9s), 00002/02407 VUs, 19332 complete and 0 interrupted iterations
flash     [  92% ] 00001/02406 VUs  27.6s/30s  0120.62 iters/s
watcher   [  69% ] 1 VUs            27.6s/40s 

running (0m28.9s), 00001/02407 VUs, 19429 complete and 0 interrupted iterations
flash     [  95% ] 00000/02406 VUs  28.6s/30s  0071.06 iters/s
watcher   [  72% ] 1 VUs            28.6s/40s 

running (0m29.9s), 00001/02407 VUs, 19476 complete and 0 interrupted iterations
flash     [  99% ] 00000/02406 VUs  29.6s/30s  0021.18 iters/s
watcher   [  74% ] 1 VUs            29.6s/40s 

running (0m30.9s), 00001/02407 VUs, 19481 complete and 0 interrupted iterations
flash   ✓ [ 100% ] 00000/02406 VUs  30s  0005.00 iters/s
watcher   [  77% ] 1 VUs            30.6s/40s

running (0m31.9s), 00001/02407 VUs, 19482 complete and 0 interrupted iterations
flash   ✓ [ 100% ] 00000/02406 VUs  30s  0005.00 iters/s
watcher   [  79% ] 1 VUs            31.6s/40s

running (0m32.9s), 00001/02407 VUs, 19483 complete and 0 interrupted iterations
flash   ✓ [ 100% ] 00000/02406 VUs  30s  0005.00 iters/s
watcher   [  82% ] 1 VUs            32.6s/40s

running (0m33.9s), 00001/02407 VUs, 19484 complete and 0 interrupted iterations
flash   ✓ [ 100% ] 00000/02406 VUs  30s  0005.00 iters/s
watcher   [  84% ] 1 VUs            33.6s/40s

running (0m34.9s), 00001/02407 VUs, 19485 complete and 0 interrupted iterations
flash   ✓ [ 100% ] 00000/02406 VUs  30s  0005.00 iters/s
watcher   [  87% ] 1 VUs            34.6s/40s

running (0m35.9s), 00001/02407 VUs, 19486 complete and 0 interrupted iterations
flash   ✓ [ 100% ] 00000/02406 VUs  30s  0005.00 iters/s
watcher   [  89% ] 1 VUs            35.6s/40s

running (0m36.9s), 00001/02407 VUs, 19487 complete and 0 interrupted iterations
flash   ✓ [ 100% ] 00000/02406 VUs  30s  0005.00 iters/s
watcher   [  92% ] 1 VUs            36.6s/40s

running (0m37.9s), 00001/02407 VUs, 19488 complete and 0 interrupted iterations
flash   ✓ [ 100% ] 00000/02406 VUs  30s  0005.00 iters/s
watcher   [  94% ] 1 VUs            37.6s/40s

running (0m38.9s), 00001/02407 VUs, 19489 complete and 0 interrupted iterations
flash   ✓ [ 100% ] 00000/02406 VUs  30s  0005.00 iters/s
watcher   [  97% ] 1 VUs            38.6s/40s

running (0m39.9s), 00001/02407 VUs, 19490 complete and 0 interrupted iterations
flash   ✓ [ 100% ] 00000/02406 VUs  30s  0005.00 iters/s
watcher   [  99% ] 1 VUs            39.6s/40s

running (0m40.9s), 00001/02407 VUs, 19491 complete and 0 interrupted iterations
flash   ✓ [ 100% ] 00000/02406 VUs  30s  0005.00 iters/s
watcher ↓ [ 100% ] 1 VUs            40s 
time="2026-09-20T14:45:36-07:00" level=info msg="invariants after the flash sale: PASS" source=console
time="2026-09-20T14:45:36-07:00" level=info msg="final tally for event 76d0d187-07b5-46ec-90aa-588b8f7fbc16 (capacity 5000): 3348 sold, 0 held, 1652 available" source=console

thresholds: PASS willcall_invariants_held: rate==1
            PASS willcall_flash_hold_duration: p(99)<5000
            PASS willcall_flash_errors: rate<0.001
            PASS willcall_flash_server_errors: count==0

running (0m41.0s), 00000/02407 VUs, 19492 complete and 0 interrupted iterations
flash   ✓ [ 100% ] 00000/02406 VUs  30s  0005.00 iters/s
watcher ✓ [ 100% ] 1 VUs            40s 
