
         /\      Grafana   /‾‾/  
    /\  /  \     |\  __   /  /   
   /  \/    \    | |/ /  /   ‾‾\ 
  /          \   |   (  |  (‾)  |
 / __________ \  |_|\_\  \_____/ 


     execution: local
        script: load/scripts/flash.ts
        output: -

     scenarios: (100.00%) 2 scenarios, 12001 max VUs, 1m10s max duration (incl. graceful stop):
              * flash: Up to 1000.00 iterations/s for 30s over 2 stages (maxVUs: 2000-12000, gracefulStop: 30s)
              * watcher: 1 looping VUs for 40s (exec: watchInventory, gracefulStop: 30s)

time="2026-09-20T14:20:19-07:00" level=info msg="flash sale: 10000 buyers arriving in 10s for 5000 seats (event 09927beb-7d05-49cf-87da-a315dad37edc)" source=console

running (0m00.9s), 00496/02001 VUs, 109 complete and 0 interrupted iterations
flash     [   2% ] 00495/02000 VUs  00.6s/30s  1000.00 iters/s
watcher   [   2% ] 1 VUs            00.6s/40s 

running (0m01.9s), 01215/02001 VUs, 392 complete and 0 interrupted iterations
flash     [   5% ] 01214/02000 VUs  01.6s/30s  1000.00 iters/s
watcher   [   4% ] 1 VUs            01.6s/40s 

running (0m02.9s), 01876/02001 VUs, 731 complete and 0 interrupted iterations
flash     [   9% ] 01875/02000 VUs  02.6s/30s  1000.00 iters/s
watcher   [   7% ] 1 VUs            02.6s/40s 

running (0m03.9s), 02132/02132 VUs, 1301 complete and 0 interrupted iterations
flash     [  12% ] 02131/02131 VUs  03.6s/30s  1000.00 iters/s
watcher   [   9% ] 1 VUs            03.6s/40s 

running (0m04.9s), 02242/02242 VUs, 2047 complete and 0 interrupted iterations
flash     [  15% ] 02241/02241 VUs  04.6s/30s  1000.00 iters/s
watcher   [  12% ] 1 VUs            04.6s/40s 

running (0m05.9s), 02339/02339 VUs, 2826 complete and 0 interrupted iterations
flash     [  19% ] 02338/02338 VUs  05.6s/30s  1000.00 iters/s
watcher   [  14% ] 1 VUs            05.6s/40s 

running (0m06.9s), 02376/02387 VUs, 3723 complete and 0 interrupted iterations
flash     [  22% ] 02375/02386 VUs  06.6s/30s  1000.00 iters/s
watcher   [  17% ] 1 VUs            06.6s/40s 

running (0m07.9s), 02193/02410 VUs, 4876 complete and 0 interrupted iterations
flash     [  25% ] 02192/02409 VUs  07.6s/30s  1000.00 iters/s
watcher   [  19% ] 1 VUs            07.6s/40s 
time="2026-09-20T14:20:27-07:00" level=info msg="sold out after 7.8 s" source=console

running (0m08.9s), 00923/02410 VUs, 7147 complete and 0 interrupted iterations
flash     [  29% ] 00922/02409 VUs  08.6s/30s  1000.00 iters/s
watcher   [  22% ] 1 VUs            08.6s/40s 

running (0m09.9s), 00006/02410 VUs, 9065 complete and 0 interrupted iterations
flash     [  32% ] 00005/02409 VUs  09.6s/30s  1000.00 iters/s
watcher   [  24% ] 1 VUs            09.6s/40s 

running (0m10.9s), 00005/02410 VUs, 10057 complete and 0 interrupted iterations
flash     [  35% ] 00004/02409 VUs  10.6s/30s  0969.82 iters/s
watcher   [  27% ] 1 VUs            10.6s/40s 

running (0m11.9s), 00005/02410 VUs, 11004 complete and 0 interrupted iterations
flash     [  39% ] 00004/02409 VUs  11.6s/30s  0919.76 iters/s
watcher   [  29% ] 1 VUs            11.6s/40s 

running (0m12.9s), 00004/02410 VUs, 11900 complete and 0 interrupted iterations
flash     [  42% ] 00003/02409 VUs  12.6s/30s  0869.80 iters/s
watcher   [  32% ] 1 VUs            12.6s/40s 

running (0m13.9s), 00004/02410 VUs, 12746 complete and 0 interrupted iterations
flash     [  45% ] 00003/02409 VUs  13.6s/30s  0819.79 iters/s
watcher   [  34% ] 1 VUs            13.6s/40s 

running (0m14.9s), 00003/02410 VUs, 13543 complete and 0 interrupted iterations
flash     [  49% ] 00002/02409 VUs  14.6s/30s  0769.77 iters/s
watcher   [  37% ] 1 VUs            14.6s/40s 

running (0m15.9s), 00004/02410 VUs, 14288 complete and 0 interrupted iterations
flash     [  52% ] 00003/02409 VUs  15.6s/30s  0719.76 iters/s
watcher   [  39% ] 1 VUs            15.6s/40s 

running (0m16.9s), 00003/02410 VUs, 14984 complete and 0 interrupted iterations
flash     [  55% ] 00002/02409 VUs  16.6s/30s  0669.81 iters/s
watcher   [  42% ] 1 VUs            16.6s/40s 

running (0m17.9s), 00003/02410 VUs, 15630 complete and 0 interrupted iterations
flash     [  59% ] 00002/02409 VUs  17.6s/30s  0619.80 iters/s
watcher   [  44% ] 1 VUs            17.6s/40s 

running (0m18.9s), 00003/02410 VUs, 16226 complete and 0 interrupted iterations
flash     [  62% ] 00002/02409 VUs  18.6s/30s  0569.78 iters/s
watcher   [  47% ] 1 VUs            18.6s/40s 

running (0m19.9s), 00003/02410 VUs, 16772 complete and 0 interrupted iterations
flash     [  65% ] 00002/02409 VUs  19.6s/30s  0519.76 iters/s
watcher   [  49% ] 1 VUs            19.6s/40s 

running (0m20.9s), 00003/02410 VUs, 17268 complete and 0 interrupted iterations
flash     [  69% ] 00002/02409 VUs  20.6s/30s  0469.73 iters/s
watcher   [  52% ] 1 VUs            20.6s/40s 

running (0m21.9s), 00003/02410 VUs, 17714 complete and 0 interrupted iterations
flash     [  72% ] 00002/02409 VUs  21.6s/30s  0419.70 iters/s
watcher   [  54% ] 1 VUs            21.6s/40s 

running (0m22.9s), 00002/02410 VUs, 18110 complete and 0 interrupted iterations
flash     [  75% ] 00001/02409 VUs  22.6s/30s  0369.80 iters/s
watcher   [  57% ] 1 VUs            22.6s/40s 

running (0m23.9s), 00002/02410 VUs, 18456 complete and 0 interrupted iterations
flash     [  79% ] 00001/02409 VUs  23.6s/30s  0319.77 iters/s
watcher   [  59% ] 1 VUs            23.6s/40s 

running (0m24.9s), 00001/02410 VUs, 18752 complete and 0 interrupted iterations
flash     [  82% ] 00000/02409 VUs  24.6s/30s  0269.91 iters/s
watcher   [  62% ] 1 VUs            24.6s/40s 

running (0m25.9s), 00002/02410 VUs, 18998 complete and 0 interrupted iterations
flash     [  85% ] 00001/02409 VUs  25.6s/30s  0219.66 iters/s
watcher   [  64% ] 1 VUs            25.6s/40s 

running (0m26.9s), 00001/02410 VUs, 19194 complete and 0 interrupted iterations
flash     [  89% ] 00000/02409 VUs  26.6s/30s  0169.85 iters/s
watcher   [  67% ] 1 VUs            26.6s/40s 

running (0m27.9s), 00001/02410 VUs, 19340 complete and 0 interrupted iterations
flash     [  92% ] 00000/02409 VUs  27.6s/30s  0119.79 iters/s
watcher   [  69% ] 1 VUs            27.6s/40s 

running (0m28.9s), 00002/02410 VUs, 19435 complete and 0 interrupted iterations
flash     [  95% ] 00001/02409 VUs  28.6s/30s  0069.64 iters/s
watcher   [  72% ] 1 VUs            28.6s/40s 

running (0m29.9s), 00002/02410 VUs, 19481 complete and 0 interrupted iterations
flash     [  99% ] 00001/02409 VUs  29.6s/30s  0018.66 iters/s
watcher   [  74% ] 1 VUs            29.6s/40s 

running (0m30.9s), 00001/02410 VUs, 19486 complete and 0 interrupted iterations
flash   ✓ [ 100% ] 00000/02409 VUs  30s  0005.00 iters/s
watcher   [  77% ] 1 VUs            30.6s/40s

running (0m31.9s), 00001/02410 VUs, 19487 complete and 0 interrupted iterations
flash   ✓ [ 100% ] 00000/02409 VUs  30s  0005.00 iters/s
watcher   [  79% ] 1 VUs            31.6s/40s

running (0m32.9s), 00001/02410 VUs, 19488 complete and 0 interrupted iterations
flash   ✓ [ 100% ] 00000/02409 VUs  30s  0005.00 iters/s
watcher   [  82% ] 1 VUs            32.6s/40s

running (0m33.9s), 00001/02410 VUs, 19489 complete and 0 interrupted iterations
flash   ✓ [ 100% ] 00000/02409 VUs  30s  0005.00 iters/s
watcher   [  84% ] 1 VUs            33.6s/40s

running (0m34.9s), 00001/02410 VUs, 19490 complete and 0 interrupted iterations
flash   ✓ [ 100% ] 00000/02409 VUs  30s  0005.00 iters/s
watcher   [  87% ] 1 VUs            34.6s/40s

running (0m35.9s), 00001/02410 VUs, 19491 complete and 0 interrupted iterations
flash   ✓ [ 100% ] 00000/02409 VUs  30s  0005.00 iters/s
watcher   [  89% ] 1 VUs            35.6s/40s

running (0m36.9s), 00001/02410 VUs, 19492 complete and 0 interrupted iterations
flash   ✓ [ 100% ] 00000/02409 VUs  30s  0005.00 iters/s
watcher   [  92% ] 1 VUs            36.6s/40s

running (0m37.9s), 00001/02410 VUs, 19493 complete and 0 interrupted iterations
flash   ✓ [ 100% ] 00000/02409 VUs  30s  0005.00 iters/s
watcher   [  94% ] 1 VUs            37.6s/40s

running (0m38.9s), 00001/02410 VUs, 19494 complete and 0 interrupted iterations
flash   ✓ [ 100% ] 00000/02409 VUs  30s  0005.00 iters/s
watcher   [  97% ] 1 VUs            38.6s/40s

running (0m39.9s), 00001/02410 VUs, 19495 complete and 0 interrupted iterations
flash   ✓ [ 100% ] 00000/02409 VUs  30s  0005.00 iters/s
watcher   [  99% ] 1 VUs            39.6s/40s

running (0m40.9s), 00001/02410 VUs, 19496 complete and 0 interrupted iterations
flash   ✓ [ 100% ] 00000/02409 VUs  30s  0005.00 iters/s
watcher ↓ [ 100% ] 1 VUs            40s 
time="2026-09-20T14:21:00-07:00" level=info msg="invariants after the flash sale: PASS" source=console
time="2026-09-20T14:21:00-07:00" level=info msg="final tally for event 09927beb-7d05-49cf-87da-a315dad37edc (capacity 5000): 3320 sold, 0 held, 1680 available" source=console

thresholds: PASS willcall_flash_server_errors: count==0
            PASS willcall_invariants_held: rate==1
            PASS willcall_flash_errors: rate<0.001
            PASS willcall_flash_hold_duration: p(99)<5000

running (0m41.1s), 00000/02410 VUs, 19497 complete and 0 interrupted iterations
flash   ✓ [ 100% ] 00000/02409 VUs  30s  0005.00 iters/s
watcher ✓ [ 100% ] 1 VUs            40s 
