
         /\      Grafana   /‾‾/  
    /\  /  \     |\  __   /  /   
   /  \/    \    | |/ /  /   ‾‾\ 
  /          \   |   (  |  (‾)  |
 / __________ \  |_|\_\  \_____/ 


     execution: local
        script: load/scripts/flash.ts
        output: -

     scenarios: (100.00%) 2 scenarios, 12001 max VUs, 1m10s max duration (incl. graceful stop):
              * flash: Up to 1000.00 iterations/s for 30s over 2 stages (maxVUs: 2000-12000, gracefulStop: 30s)
              * watcher: 1 looping VUs for 40s (exec: watchInventory, gracefulStop: 30s)

time="2026-09-20T15:39:39-07:00" level=info msg="flash sale: 10000 buyers arriving in 10s for 5000 seats (event bea6a466-f7ff-4b56-913f-5bfc0a00f97f)" source=console

running (0m00.9s), 00497/02001 VUs, 65 complete and 0 interrupted iterations
flash     [   2% ] 00496/02000 VUs  00.6s/30s  1000.00 iters/s
watcher   [   1% ] 1 VUs            00.6s/40s 

running (0m01.9s), 01266/02001 VUs, 297 complete and 0 interrupted iterations
flash     [   5% ] 01265/02000 VUs  01.6s/30s  1000.00 iters/s
watcher   [   4% ] 1 VUs            01.6s/40s 

running (0m02.9s), 01959/02001 VUs, 605 complete and 0 interrupted iterations
flash     [   9% ] 01958/02000 VUs  02.6s/30s  1000.00 iters/s
watcher   [   6% ] 1 VUs            02.6s/40s 

running (0m03.9s), 02182/02191 VUs, 1129 complete and 0 interrupted iterations
flash     [  12% ] 02181/02190 VUs  03.6s/30s  1000.00 iters/s
watcher   [   9% ] 1 VUs            03.6s/40s 

running (0m04.9s), 02262/02284 VUs, 1930 complete and 0 interrupted iterations
flash     [  15% ] 02261/02283 VUs  04.6s/30s  1000.00 iters/s
watcher   [  11% ] 1 VUs            04.6s/40s 

running (0m05.9s), 02344/02353 VUs, 2759 complete and 0 interrupted iterations
flash     [  19% ] 02343/02352 VUs  05.6s/30s  1000.00 iters/s
watcher   [  14% ] 1 VUs            05.6s/40s 

running (0m06.9s), 02365/02393 VUs, 3685 complete and 0 interrupted iterations
flash     [  22% ] 02364/02392 VUs  06.6s/30s  1000.00 iters/s
watcher   [  16% ] 1 VUs            06.6s/40s 

running (0m07.9s), 02101/02398 VUs, 4942 complete and 0 interrupted iterations
flash     [  25% ] 02100/02397 VUs  07.6s/30s  1000.00 iters/s
watcher   [  19% ] 1 VUs            07.6s/40s 
time="2026-09-20T15:39:46-07:00" level=info msg="sold out after 7.7 s" source=console

running (0m08.9s), 00751/02398 VUs, 7293 complete and 0 interrupted iterations
flash     [  29% ] 00750/02397 VUs  08.6s/30s  1000.00 iters/s
watcher   [  21% ] 1 VUs            08.6s/40s 

running (0m09.9s), 00012/02398 VUs, 9033 complete and 0 interrupted iterations
flash     [  32% ] 00011/02397 VUs  09.6s/30s  1000.00 iters/s
watcher   [  24% ] 1 VUs            09.6s/40s 

running (0m10.9s), 00010/02398 VUs, 10027 complete and 0 interrupted iterations
flash     [  35% ] 00009/02397 VUs  10.6s/30s  0972.03 iters/s
watcher   [  26% ] 1 VUs            10.6s/40s 

running (0m11.9s), 00010/02398 VUs, 10976 complete and 0 interrupted iterations
flash     [  39% ] 00009/02397 VUs  11.6s/30s  0921.98 iters/s
watcher   [  29% ] 1 VUs            11.6s/40s 

running (0m12.9s), 00009/02398 VUs, 11876 complete and 0 interrupted iterations
flash     [  42% ] 00008/02397 VUs  12.6s/30s  0871.92 iters/s
watcher   [  31% ] 1 VUs            12.6s/40s 

running (0m13.9s), 00007/02398 VUs, 12725 complete and 0 interrupted iterations
flash     [  45% ] 00006/02397 VUs  13.6s/30s  0821.98 iters/s
watcher   [  34% ] 1 VUs            13.6s/40s 

running (0m14.9s), 00007/02398 VUs, 13522 complete and 0 interrupted iterations
flash     [  49% ] 00006/02397 VUs  14.6s/30s  0772.04 iters/s
watcher   [  36% ] 1 VUs            14.6s/40s 

running (0m15.9s), 00008/02398 VUs, 14270 complete and 0 interrupted iterations
flash     [  52% ] 00007/02397 VUs  15.6s/30s  0721.98 iters/s
watcher   [  39% ] 1 VUs            15.6s/40s 

running (0m16.9s), 00007/02398 VUs, 14969 complete and 0 interrupted iterations
flash     [  55% ] 00006/02397 VUs  16.6s/30s  0671.97 iters/s
watcher   [  41% ] 1 VUs            16.6s/40s 

running (0m17.9s), 00007/02398 VUs, 15617 complete and 0 interrupted iterations
flash     [  59% ] 00006/02397 VUs  17.6s/30s  0621.97 iters/s
watcher   [  44% ] 1 VUs            17.6s/40s 

running (0m18.9s), 00007/02398 VUs, 16215 complete and 0 interrupted iterations
flash     [  62% ] 00006/02397 VUs  18.6s/30s  0571.97 iters/s
watcher   [  46% ] 1 VUs            18.6s/40s 

running (0m19.9s), 00004/02398 VUs, 16765 complete and 0 interrupted iterations
flash     [  65% ] 00003/02397 VUs  19.6s/30s  0522.06 iters/s
watcher   [  49% ] 1 VUs            19.6s/40s 

running (0m20.9s), 00005/02398 VUs, 17263 complete and 0 interrupted iterations
flash     [  69% ] 00004/02397 VUs  20.6s/30s  0471.96 iters/s
watcher   [  51% ] 1 VUs            20.6s/40s 

running (0m21.9s), 00004/02398 VUs, 17712 complete and 0 interrupted iterations
flash     [  72% ] 00003/02397 VUs  21.6s/30s  0421.96 iters/s
watcher   [  54% ] 1 VUs            21.6s/40s 

running (0m22.9s), 00005/02398 VUs, 18109 complete and 0 interrupted iterations
flash     [  75% ] 00004/02397 VUs  22.6s/30s  0371.95 iters/s
watcher   [  56% ] 1 VUs            22.6s/40s 

running (0m23.9s), 00004/02398 VUs, 18458 complete and 0 interrupted iterations
flash     [  79% ] 00003/02397 VUs  23.6s/30s  0321.95 iters/s
watcher   [  59% ] 1 VUs            23.6s/40s 

running (0m24.9s), 00003/02398 VUs, 18757 complete and 0 interrupted iterations
flash     [  82% ] 00002/02397 VUs  24.6s/30s  0271.94 iters/s
watcher   [  61% ] 1 VUs            24.6s/40s 

running (0m25.9s), 00003/02398 VUs, 19005 complete and 0 interrupted iterations
flash     [  85% ] 00002/02397 VUs  25.6s/30s  0221.92 iters/s
watcher   [  64% ] 1 VUs            25.6s/40s 

running (0m26.9s), 00002/02398 VUs, 19204 complete and 0 interrupted iterations
flash     [  89% ] 00001/02397 VUs  26.6s/30s  0171.90 iters/s
watcher   [  66% ] 1 VUs            26.6s/40s 

running (0m27.9s), 00002/02398 VUs, 19352 complete and 0 interrupted iterations
flash     [  92% ] 00001/02397 VUs  27.6s/30s  0121.86 iters/s
watcher   [  69% ] 1 VUs            27.6s/40s 

running (0m28.9s), 00002/02398 VUs, 19450 complete and 0 interrupted iterations
flash     [  95% ] 00001/02397 VUs  28.6s/30s  0071.76 iters/s
watcher   [  71% ] 1 VUs            28.6s/40s 

running (0m29.9s), 00002/02398 VUs, 19498 complete and 0 interrupted iterations
flash     [  99% ] 00001/02397 VUs  29.6s/30s  0021.18 iters/s
watcher   [  74% ] 1 VUs            29.6s/40s 

running (0m30.9s), 00001/02398 VUs, 19504 complete and 0 interrupted iterations
flash   ✓ [ 100% ] 00000/02397 VUs  30s  0005.00 iters/s
watcher   [  76% ] 1 VUs            30.6s/40s

running (0m31.9s), 00001/02398 VUs, 19505 complete and 0 interrupted iterations
flash   ✓ [ 100% ] 00000/02397 VUs  30s  0005.00 iters/s
watcher   [  79% ] 1 VUs            31.6s/40s

running (0m32.9s), 00001/02398 VUs, 19506 complete and 0 interrupted iterations
flash   ✓ [ 100% ] 00000/02397 VUs  30s  0005.00 iters/s
watcher   [  81% ] 1 VUs            32.6s/40s

running (0m33.9s), 00001/02398 VUs, 19507 complete and 0 interrupted iterations
flash   ✓ [ 100% ] 00000/02397 VUs  30s  0005.00 iters/s
watcher   [  84% ] 1 VUs            33.6s/40s

running (0m34.9s), 00001/02398 VUs, 19508 complete and 0 interrupted iterations
flash   ✓ [ 100% ] 00000/02397 VUs  30s  0005.00 iters/s
watcher   [  86% ] 1 VUs            34.6s/40s

running (0m35.9s), 00001/02398 VUs, 19509 complete and 0 interrupted iterations
flash   ✓ [ 100% ] 00000/02397 VUs  30s  0005.00 iters/s
watcher   [  89% ] 1 VUs            35.6s/40s

running (0m36.9s), 00001/02398 VUs, 19510 complete and 0 interrupted iterations
flash   ✓ [ 100% ] 00000/02397 VUs  30s  0005.00 iters/s
watcher   [  91% ] 1 VUs            36.6s/40s

running (0m37.9s), 00001/02398 VUs, 19511 complete and 0 interrupted iterations
flash   ✓ [ 100% ] 00000/02397 VUs  30s  0005.00 iters/s
watcher   [  94% ] 1 VUs            37.6s/40s

running (0m38.9s), 00001/02398 VUs, 19512 complete and 0 interrupted iterations
flash   ✓ [ 100% ] 00000/02397 VUs  30s  0005.00 iters/s
watcher   [  96% ] 1 VUs            38.6s/40s

running (0m39.9s), 00001/02398 VUs, 19513 complete and 0 interrupted iterations
flash   ✓ [ 100% ] 00000/02397 VUs  30s  0005.00 iters/s
watcher   [  99% ] 1 VUs            39.6s/40s

running (0m40.9s), 00001/02398 VUs, 19514 complete and 0 interrupted iterations
flash   ✓ [ 100% ] 00000/02397 VUs  30s  0005.00 iters/s
watcher ↓ [ 100% ] 1 VUs            40s 
time="2026-09-20T15:40:19-07:00" level=info msg="invariants after the flash sale: PASS" source=console
time="2026-09-20T15:40:19-07:00" level=info msg="final tally for event bea6a466-f7ff-4b56-913f-5bfc0a00f97f (capacity 5000): 3408 sold, 0 held, 1592 available" source=console

thresholds: PASS willcall_flash_hold_duration: p(99)<5000
            PASS willcall_flash_server_errors: count==0
            PASS willcall_flash_errors: rate<0.001
            PASS willcall_invariants_held: rate==1

running (0m41.0s), 00000/02398 VUs, 19515 complete and 0 interrupted iterations
flash   ✓ [ 100% ] 00000/02397 VUs  30s  0005.00 iters/s
watcher ✓ [ 100% ] 1 VUs            40s 
