
         /\      Grafana   /‾‾/  
    /\  /  \     |\  __   /  /   
   /  \/    \    | |/ /  /   ‾‾\ 
  /          \   |   (  |  (‾)  |
 / __________ \  |_|\_\  \_____/ 


     execution: local
        script: load/scripts/flash.ts
        output: -

     scenarios: (100.00%) 2 scenarios, 12001 max VUs, 1m10s max duration (incl. graceful stop):
              * flash: Up to 1000.00 iterations/s for 30s over 2 stages (maxVUs: 2000-12000, gracefulStop: 30s)
              * watcher: 1 looping VUs for 40s (exec: watchInventory, gracefulStop: 30s)

time="2026-09-20T14:41:23-07:00" level=info msg="flash sale: 10000 buyers arriving in 10s for 5000 seats (event 3be7b550-4b15-4f27-915f-c0ca8410116f)" source=console

running (0m00.9s), 00487/02001 VUs, 103 complete and 0 interrupted iterations
flash     [   2% ] 00486/02000 VUs  00.6s/30s  1000.00 iters/s
watcher   [   2% ] 1 VUs            00.6s/40s 

running (0m01.9s), 01212/02001 VUs, 379 complete and 0 interrupted iterations
flash     [   5% ] 01211/02000 VUs  01.6s/30s  1000.00 iters/s
watcher   [   4% ] 1 VUs            01.6s/40s 

running (0m02.9s), 01904/02001 VUs, 688 complete and 0 interrupted iterations
flash     [   9% ] 01903/02000 VUs  02.6s/30s  1000.00 iters/s
watcher   [   7% ] 1 VUs            02.6s/40s 

running (0m03.9s), 02158/02159 VUs, 1215 complete and 0 interrupted iterations
flash     [  12% ] 02157/02158 VUs  03.6s/30s  1000.00 iters/s
watcher   [   9% ] 1 VUs            03.6s/40s 

running (0m04.9s), 02257/02259 VUs, 1992 complete and 0 interrupted iterations
flash     [  15% ] 02256/02258 VUs  04.6s/30s  1000.00 iters/s
watcher   [  12% ] 1 VUs            04.6s/40s 

running (0m05.9s), 02349/02352 VUs, 2773 complete and 0 interrupted iterations
flash     [  19% ] 02348/02351 VUs  05.6s/30s  1000.00 iters/s
watcher   [  14% ] 1 VUs            05.6s/40s 

running (0m06.9s), 02397/02413 VUs, 3646 complete and 0 interrupted iterations
flash     [  22% ] 02396/02412 VUs  06.6s/30s  1000.00 iters/s
watcher   [  17% ] 1 VUs            06.6s/40s 

running (0m07.9s), 02239/02465 VUs, 4739 complete and 0 interrupted iterations
flash     [  25% ] 02238/02464 VUs  07.6s/30s  1000.00 iters/s
watcher   [  19% ] 1 VUs            07.6s/40s 
time="2026-09-20T14:41:31-07:00" level=info msg="sold out after 7.9 s" source=console

running (0m08.9s), 00873/02465 VUs, 7106 complete and 0 interrupted iterations
flash     [  29% ] 00872/02464 VUs  08.6s/30s  1000.00 iters/s
watcher   [  22% ] 1 VUs            08.6s/40s 

running (0m09.9s), 00005/02465 VUs, 8974 complete and 0 interrupted iterations
flash     [  32% ] 00005/02464 VUs  09.6s/30s  1000.00 iters/s
watcher   [  24% ] 1 VUs            09.6s/40s 

running (0m10.9s), 00006/02465 VUs, 9967 complete and 0 interrupted iterations
flash     [  35% ] 00005/02464 VUs  10.6s/30s  0970.54 iters/s
watcher   [  27% ] 1 VUs            10.6s/40s 

running (0m11.9s), 00004/02465 VUs, 10915 complete and 0 interrupted iterations
flash     [  39% ] 00003/02464 VUs  11.6s/30s  0920.57 iters/s
watcher   [  29% ] 1 VUs            11.6s/40s 

running (0m12.9s), 00005/02465 VUs, 11811 complete and 0 interrupted iterations
flash     [  42% ] 00004/02464 VUs  12.6s/30s  0870.55 iters/s
watcher   [  32% ] 1 VUs            12.6s/40s 

running (0m13.9s), 00004/02465 VUs, 12658 complete and 0 interrupted iterations
flash     [  45% ] 00003/02464 VUs  13.6s/30s  0820.58 iters/s
watcher   [  34% ] 1 VUs            13.6s/40s 

running (0m14.9s), 00004/02465 VUs, 13455 complete and 0 interrupted iterations
flash     [  49% ] 00003/02464 VUs  14.6s/30s  0770.55 iters/s
watcher   [  37% ] 1 VUs            14.6s/40s 

running (0m15.9s), 00003/02465 VUs, 14202 complete and 0 interrupted iterations
flash     [  52% ] 00002/02464 VUs  15.6s/30s  0720.59 iters/s
watcher   [  39% ] 1 VUs            15.6s/40s 

running (0m16.9s), 00004/02465 VUs, 14898 complete and 0 interrupted iterations
flash     [  55% ] 00003/02464 VUs  16.6s/30s  0670.56 iters/s
watcher   [  42% ] 1 VUs            16.6s/40s 

running (0m17.9s), 00003/02465 VUs, 15545 complete and 0 interrupted iterations
flash     [  59% ] 00002/02464 VUs  17.6s/30s  0620.60 iters/s
watcher   [  44% ] 1 VUs            17.6s/40s 

running (0m18.9s), 00003/02465 VUs, 16142 complete and 0 interrupted iterations
flash     [  62% ] 00002/02464 VUs  18.6s/30s  0570.57 iters/s
watcher   [  47% ] 1 VUs            18.6s/40s 

running (0m19.9s), 00003/02465 VUs, 16689 complete and 0 interrupted iterations
flash     [  65% ] 00002/02464 VUs  19.6s/30s  0520.53 iters/s
watcher   [  49% ] 1 VUs            19.6s/40s 

running (0m20.9s), 00002/02465 VUs, 17186 complete and 0 interrupted iterations
flash     [  69% ] 00001/02464 VUs  20.6s/30s  0470.58 iters/s
watcher   [  52% ] 1 VUs            20.6s/40s 

running (0m21.9s), 00003/02465 VUs, 17632 complete and 0 interrupted iterations
flash     [  72% ] 00002/02464 VUs  21.6s/30s  0420.54 iters/s
watcher   [  54% ] 1 VUs            21.6s/40s 

running (0m22.9s), 00002/02465 VUs, 18029 complete and 0 interrupted iterations
flash     [  75% ] 00001/02464 VUs  22.6s/30s  0370.61 iters/s
watcher   [  57% ] 1 VUs            22.6s/40s 

running (0m23.9s), 00002/02465 VUs, 18376 complete and 0 interrupted iterations
flash     [  79% ] 00001/02464 VUs  23.6s/30s  0320.55 iters/s
watcher   [  59% ] 1 VUs            23.6s/40s 

running (0m24.9s), 00002/02465 VUs, 18672 complete and 0 interrupted iterations
flash     [  82% ] 00001/02464 VUs  24.6s/30s  0270.65 iters/s
watcher   [  62% ] 1 VUs            24.6s/40s 

running (0m25.9s), 00002/02465 VUs, 18919 complete and 0 interrupted iterations
flash     [  85% ] 00001/02464 VUs  25.6s/30s  0220.57 iters/s
watcher   [  64% ] 1 VUs            25.6s/40s 

running (0m26.9s), 00002/02465 VUs, 19116 complete and 0 interrupted iterations
flash     [  89% ] 00001/02464 VUs  26.6s/30s  0170.44 iters/s
watcher   [  67% ] 1 VUs            26.6s/40s 

running (0m27.9s), 00001/02465 VUs, 19263 complete and 0 interrupted iterations
flash     [  92% ] 00000/02464 VUs  27.6s/30s  0120.62 iters/s
watcher   [  69% ] 1 VUs            27.6s/40s 

running (0m28.9s), 00002/02465 VUs, 19359 complete and 0 interrupted iterations
flash     [  95% ] 00001/02464 VUs  28.6s/30s  0070.36 iters/s
watcher   [  72% ] 1 VUs            28.6s/40s 

running (0m29.9s), 00001/02465 VUs, 19406 complete and 0 interrupted iterations
flash     [  99% ] 00000/02464 VUs  29.6s/30s  0021.18 iters/s
watcher   [  74% ] 1 VUs            29.6s/40s 

running (0m30.9s), 00001/02465 VUs, 19411 complete and 0 interrupted iterations
flash   ✓ [ 100% ] 00000/02464 VUs  30s  0005.00 iters/s
watcher   [  77% ] 1 VUs            30.6s/40s

running (0m31.9s), 00001/02465 VUs, 19412 complete and 0 interrupted iterations
flash   ✓ [ 100% ] 00000/02464 VUs  30s  0005.00 iters/s
watcher   [  79% ] 1 VUs            31.6s/40s

running (0m32.9s), 00001/02465 VUs, 19413 complete and 0 interrupted iterations
flash   ✓ [ 100% ] 00000/02464 VUs  30s  0005.00 iters/s
watcher   [  82% ] 1 VUs            32.6s/40s

running (0m33.9s), 00001/02465 VUs, 19414 complete and 0 interrupted iterations
flash   ✓ [ 100% ] 00000/02464 VUs  30s  0005.00 iters/s
watcher   [  84% ] 1 VUs            33.6s/40s

running (0m34.9s), 00001/02465 VUs, 19415 complete and 0 interrupted iterations
flash   ✓ [ 100% ] 00000/02464 VUs  30s  0005.00 iters/s
watcher   [  87% ] 1 VUs            34.6s/40s

running (0m35.9s), 00001/02465 VUs, 19416 complete and 0 interrupted iterations
flash   ✓ [ 100% ] 00000/02464 VUs  30s  0005.00 iters/s
watcher   [  89% ] 1 VUs            35.6s/40s

running (0m36.9s), 00001/02465 VUs, 19417 complete and 0 interrupted iterations
flash   ✓ [ 100% ] 00000/02464 VUs  30s  0005.00 iters/s
watcher   [  92% ] 1 VUs            36.6s/40s

running (0m37.9s), 00001/02465 VUs, 19418 complete and 0 interrupted iterations
flash   ✓ [ 100% ] 00000/02464 VUs  30s  0005.00 iters/s
watcher   [  94% ] 1 VUs            37.6s/40s

running (0m38.9s), 00001/02465 VUs, 19419 complete and 0 interrupted iterations
flash   ✓ [ 100% ] 00000/02464 VUs  30s  0005.00 iters/s
watcher   [  97% ] 1 VUs            38.6s/40s

running (0m39.9s), 00001/02465 VUs, 19420 complete and 0 interrupted iterations
flash   ✓ [ 100% ] 00000/02464 VUs  30s  0005.00 iters/s
watcher   [  99% ] 1 VUs            39.6s/40s

running (0m40.9s), 00001/02465 VUs, 19421 complete and 0 interrupted iterations
flash   ✓ [ 100% ] 00000/02464 VUs  30s  0005.00 iters/s
watcher ↓ [ 100% ] 1 VUs            40s 
time="2026-09-20T14:42:04-07:00" level=info msg="invariants after the flash sale: PASS" source=console
time="2026-09-20T14:42:04-07:00" level=info msg="final tally for event 3be7b550-4b15-4f27-915f-c0ca8410116f (capacity 5000): 3377 sold, 0 held, 1623 available" source=console

thresholds: PASS willcall_flash_errors: rate<0.001
            PASS willcall_flash_server_errors: count==0
            PASS willcall_invariants_held: rate==1
            PASS willcall_flash_hold_duration: p(99)<5000

running (0m41.2s), 00000/02465 VUs, 19422 complete and 0 interrupted iterations
flash   ✓ [ 100% ] 00000/02464 VUs  30s  0005.00 iters/s
watcher ✓ [ 100% ] 1 VUs            40s 
