
         /\      Grafana   /‾‾/  
    /\  /  \     |\  __   /  /   
   /  \/    \    | |/ /  /   ‾‾\ 
  /          \   |   (  |  (‾)  |
 / __________ \  |_|\_\  \_____/ 


     execution: local
        script: load/scripts/flash.ts
        output: -

     scenarios: (100.00%) 2 scenarios, 12001 max VUs, 1m10s max duration (incl. graceful stop):
              * flash: Up to 1000.00 iterations/s for 30s over 2 stages (maxVUs: 2000-12000, gracefulStop: 30s)
              * watcher: 1 looping VUs for 40s (exec: watchInventory, gracefulStop: 30s)

time="2026-09-20T15:40:22-07:00" level=info msg="flash sale: 10000 buyers arriving in 10s for 5000 seats (event 68232c97-2a2c-4f0f-b66a-4abd547e1233)" source=console

running (0m00.9s), 00467/02001 VUs, 97 complete and 0 interrupted iterations
flash     [   2% ] 00466/02000 VUs  00.6s/30s  1000.00 iters/s
watcher   [   1% ] 1 VUs            00.6s/40s 

running (0m01.9s), 01166/02001 VUs, 400 complete and 0 interrupted iterations
flash     [   5% ] 01165/02000 VUs  01.6s/30s  1000.00 iters/s
watcher   [   4% ] 1 VUs            01.6s/40s 

running (0m02.9s), 01807/02001 VUs, 759 complete and 0 interrupted iterations
flash     [   9% ] 01806/02000 VUs  02.6s/30s  1000.00 iters/s
watcher   [   6% ] 1 VUs            02.6s/40s 

running (0m03.9s), 02137/02137 VUs, 1236 complete and 0 interrupted iterations
flash     [  12% ] 02136/02136 VUs  03.6s/30s  1000.00 iters/s
watcher   [   9% ] 1 VUs            03.6s/40s 

running (0m04.9s), 02244/02245 VUs, 1993 complete and 0 interrupted iterations
flash     [  15% ] 02243/02244 VUs  04.6s/30s  1000.00 iters/s
watcher   [  11% ] 1 VUs            04.6s/40s 

running (0m05.9s), 02317/02317 VUs, 2828 complete and 0 interrupted iterations
flash     [  19% ] 02316/02316 VUs  05.6s/30s  1000.00 iters/s
watcher   [  14% ] 1 VUs            05.6s/40s 

running (0m06.9s), 02338/02360 VUs, 3756 complete and 0 interrupted iterations
flash     [  22% ] 02337/02359 VUs  06.6s/30s  1000.00 iters/s
watcher   [  16% ] 1 VUs            06.6s/40s 

running (0m07.9s), 01990/02376 VUs, 5080 complete and 0 interrupted iterations
flash     [  25% ] 01989/02375 VUs  07.6s/30s  1000.00 iters/s
watcher   [  19% ] 1 VUs            07.6s/40s 
time="2026-09-20T15:40:29-07:00" level=info msg="sold out after 7.6 s" source=console

running (0m08.9s), 00396/02376 VUs, 7676 complete and 0 interrupted iterations
flash     [  29% ] 00395/02375 VUs  08.6s/30s  1000.00 iters/s
watcher   [  21% ] 1 VUs            08.6s/40s 

running (0m09.9s), 00014/02376 VUs, 9060 complete and 0 interrupted iterations
flash     [  32% ] 00013/02375 VUs  09.6s/30s  1000.00 iters/s
watcher   [  24% ] 1 VUs            09.6s/40s 

running (0m10.9s), 00011/02376 VUs, 10056 complete and 0 interrupted iterations
flash     [  35% ] 00010/02375 VUs  10.6s/30s  0971.83 iters/s
watcher   [  26% ] 1 VUs            10.6s/40s 

running (0m11.9s), 00008/02376 VUs, 11006 complete and 0 interrupted iterations
flash     [  39% ] 00007/02375 VUs  11.6s/30s  0921.87 iters/s
watcher   [  29% ] 1 VUs            11.6s/40s 

running (0m12.9s), 00010/02376 VUs, 11902 complete and 0 interrupted iterations
flash     [  42% ] 00009/02375 VUs  12.6s/30s  0871.87 iters/s
watcher   [  31% ] 1 VUs            12.6s/40s 

running (0m13.9s), 00009/02376 VUs, 12752 complete and 0 interrupted iterations
flash     [  45% ] 00008/02375 VUs  13.6s/30s  0821.80 iters/s
watcher   [  34% ] 1 VUs            13.6s/40s 

running (0m14.9s), 00008/02376 VUs, 13550 complete and 0 interrupted iterations
flash     [  49% ] 00007/02375 VUs  14.6s/30s  0771.85 iters/s
watcher   [  36% ] 1 VUs            14.6s/40s 

running (0m15.9s), 00008/02376 VUs, 14298 complete and 0 interrupted iterations
flash     [  52% ] 00007/02375 VUs  15.6s/30s  0721.84 iters/s
watcher   [  39% ] 1 VUs            15.6s/40s 

running (0m16.9s), 00007/02376 VUs, 14996 complete and 0 interrupted iterations
flash     [  55% ] 00006/02375 VUs  16.6s/30s  0671.90 iters/s
watcher   [  41% ] 1 VUs            16.6s/40s 

running (0m17.9s), 00006/02376 VUs, 15645 complete and 0 interrupted iterations
flash     [  59% ] 00005/02375 VUs  17.6s/30s  0621.81 iters/s
watcher   [  44% ] 1 VUs            17.6s/40s 

running (0m18.9s), 00006/02376 VUs, 16244 complete and 0 interrupted iterations
flash     [  62% ] 00005/02375 VUs  18.6s/30s  0571.80 iters/s
watcher   [  46% ] 1 VUs            18.6s/40s 

running (0m19.9s), 00005/02376 VUs, 16792 complete and 0 interrupted iterations
flash     [  65% ] 00004/02375 VUs  19.6s/30s  0521.87 iters/s
watcher   [  49% ] 1 VUs            19.6s/40s 

running (0m20.9s), 00006/02376 VUs, 17289 complete and 0 interrupted iterations
flash     [  69% ] 00005/02375 VUs  20.6s/30s  0471.86 iters/s
watcher   [  51% ] 1 VUs            20.6s/40s 

running (0m21.9s), 00005/02376 VUs, 17738 complete and 0 interrupted iterations
flash     [  72% ] 00004/02375 VUs  21.6s/30s  0421.84 iters/s
watcher   [  54% ] 1 VUs            21.6s/40s 

running (0m22.9s), 00004/02376 VUs, 18137 complete and 0 interrupted iterations
flash     [  75% ] 00003/02375 VUs  22.6s/30s  0371.82 iters/s
watcher   [  56% ] 1 VUs            22.6s/40s 

running (0m23.9s), 00003/02376 VUs, 18485 complete and 0 interrupted iterations
flash     [  79% ] 00002/02375 VUs  23.6s/30s  0321.95 iters/s
watcher   [  59% ] 1 VUs            23.6s/40s 

running (0m24.9s), 00003/02376 VUs, 18783 complete and 0 interrupted iterations
flash     [  82% ] 00003/02375 VUs  24.6s/30s  0271.75 iters/s
watcher   [  61% ] 1 VUs            24.6s/40s 

running (0m25.9s), 00002/02376 VUs, 19032 complete and 0 interrupted iterations
flash     [  85% ] 00001/02375 VUs  25.6s/30s  0221.92 iters/s
watcher   [  64% ] 1 VUs            25.6s/40s 

running (0m26.9s), 00002/02376 VUs, 19230 complete and 0 interrupted iterations
flash     [  89% ] 00001/02375 VUs  26.6s/30s  0171.90 iters/s
watcher   [  66% ] 1 VUs            26.6s/40s 

running (0m27.9s), 00002/02376 VUs, 19378 complete and 0 interrupted iterations
flash     [  92% ] 00001/02375 VUs  27.6s/30s  0121.86 iters/s
watcher   [  69% ] 1 VUs            27.6s/40s 

running (0m28.9s), 00002/02376 VUs, 19476 complete and 0 interrupted iterations
flash     [  95% ] 00001/02375 VUs  28.6s/30s  0071.76 iters/s
watcher   [  71% ] 1 VUs            28.6s/40s 

running (0m29.9s), 00001/02376 VUs, 19525 complete and 0 interrupted iterations
flash     [  99% ] 00000/02375 VUs  29.6s/30s  0021.18 iters/s
watcher   [  74% ] 1 VUs            29.6s/40s 

running (0m30.9s), 00001/02376 VUs, 19530 complete and 0 interrupted iterations
flash   ✓ [ 100% ] 00000/02375 VUs  30s  0005.00 iters/s
watcher   [  76% ] 1 VUs            30.6s/40s

running (0m31.9s), 00001/02376 VUs, 19531 complete and 0 interrupted iterations
flash   ✓ [ 100% ] 00000/02375 VUs  30s  0005.00 iters/s
watcher   [  79% ] 1 VUs            31.6s/40s

running (0m32.9s), 00001/02376 VUs, 19532 complete and 0 interrupted iterations
flash   ✓ [ 100% ] 00000/02375 VUs  30s  0005.00 iters/s
watcher   [  81% ] 1 VUs            32.6s/40s

running (0m33.9s), 00001/02376 VUs, 19533 complete and 0 interrupted iterations
flash   ✓ [ 100% ] 00000/02375 VUs  30s  0005.00 iters/s
watcher   [  84% ] 1 VUs            33.6s/40s

running (0m34.9s), 00001/02376 VUs, 19534 complete and 0 interrupted iterations
flash   ✓ [ 100% ] 00000/02375 VUs  30s  0005.00 iters/s
watcher   [  86% ] 1 VUs            34.6s/40s

running (0m35.9s), 00001/02376 VUs, 19535 complete and 0 interrupted iterations
flash   ✓ [ 100% ] 00000/02375 VUs  30s  0005.00 iters/s
watcher   [  89% ] 1 VUs            35.6s/40s

running (0m36.9s), 00001/02376 VUs, 19536 complete and 0 interrupted iterations
flash   ✓ [ 100% ] 00000/02375 VUs  30s  0005.00 iters/s
watcher   [  91% ] 1 VUs            36.6s/40s

running (0m37.9s), 00001/02376 VUs, 19537 complete and 0 interrupted iterations
flash   ✓ [ 100% ] 00000/02375 VUs  30s  0005.00 iters/s
watcher   [  94% ] 1 VUs            37.6s/40s

running (0m38.9s), 00001/02376 VUs, 19538 complete and 0 interrupted iterations
flash   ✓ [ 100% ] 00000/02375 VUs  30s  0005.00 iters/s
watcher   [  96% ] 1 VUs            38.6s/40s

running (0m39.9s), 00001/02376 VUs, 19539 complete and 0 interrupted iterations
flash   ✓ [ 100% ] 00000/02375 VUs  30s  0005.00 iters/s
watcher   [  99% ] 1 VUs            39.6s/40s

running (0m40.9s), 00001/02376 VUs, 19540 complete and 0 interrupted iterations
flash   ✓ [ 100% ] 00000/02375 VUs  30s  0005.00 iters/s
watcher ↓ [ 100% ] 1 VUs            40s 
time="2026-09-20T15:41:02-07:00" level=info msg="invariants after the flash sale: PASS" source=console
time="2026-09-20T15:41:02-07:00" level=info msg="final tally for event 68232c97-2a2c-4f0f-b66a-4abd547e1233 (capacity 5000): 3478 sold, 0 held, 1522 available" source=console

thresholds: PASS willcall_flash_server_errors: count==0
            PASS willcall_invariants_held: rate==1
            PASS willcall_flash_hold_duration: p(99)<5000
            PASS willcall_flash_errors: rate<0.001

running (0m41.0s), 00000/02376 VUs, 19541 complete and 0 interrupted iterations
flash   ✓ [ 100% ] 00000/02375 VUs  30s  0005.00 iters/s
watcher ✓ [ 100% ] 1 VUs            40s 
