
         /\      Grafana   /‾‾/  
    /\  /  \     |\  __   /  /   
   /  \/    \    | |/ /  /   ‾‾\ 
  /          \   |   (  |  (‾)  |
 / __________ \  |_|\_\  \_____/ 


     execution: local
        script: load/scripts/flash.ts
        output: -

     scenarios: (100.00%) 1 scenario, 12000 max VUs, 1m0s max duration (incl. graceful stop):
              * flash: Up to 1000.00 iterations/s for 30s over 2 stages (maxVUs: 2000-12000, gracefulStop: 30s)

time="2026-09-20T13:57:04-07:00" level=info msg="flash sale: 10000 buyers arriving in 10s for 5000 seats (event 9ee6f5f6-70bb-463a-b133-c279cc2d4a6a)" source=console

running (0m00.9s), 00457/02000 VUs, 150 complete and 0 interrupted iterations
flash   [   2% ] 00457/02000 VUs  00.6s/30s  1000.00 iters/s

running (0m01.9s), 01214/02000 VUs, 392 complete and 0 interrupted iterations
flash   [   5% ] 01214/02000 VUs  01.6s/30s  1000.00 iters/s

running (0m02.9s), 01918/02000 VUs, 688 complete and 0 interrupted iterations
flash   [   9% ] 01918/02000 VUs  02.6s/30s  1000.00 iters/s

running (0m03.9s), 02173/02183 VUs, 1182 complete and 0 interrupted iterations
flash   [  12% ] 02173/02183 VUs  03.6s/30s  1000.00 iters/s

running (0m04.9s), 02282/02303 VUs, 1911 complete and 0 interrupted iterations
flash   [  15% ] 02282/02303 VUs  04.6s/30s  1000.00 iters/s

running (0m05.9s), 02346/02384 VUs, 2736 complete and 0 interrupted iterations
flash   [  19% ] 02346/02384 VUs  05.6s/30s  1000.00 iters/s

running (0m06.9s), 02431/02466 VUs, 3544 complete and 0 interrupted iterations
flash   [  22% ] 02431/02466 VUs  06.6s/30s  1000.00 iters/s

running (0m07.9s), 02504/02529 VUs, 4389 complete and 0 interrupted iterations
flash   [  25% ] 02504/02529 VUs  07.6s/30s  1000.00 iters/s

running (0m08.9s), 01864/02534 VUs, 6024 complete and 0 interrupted iterations
flash   [  29% ] 01864/02534 VUs  08.6s/30s  1000.00 iters/s

running (0m09.9s), 00782/02534 VUs, 8106 complete and 0 interrupted iterations
flash   [  32% ] 00782/02534 VUs  09.6s/30s  1000.00 iters/s

running (0m10.9s), 01609/02534 VUs, 8270 complete and 0 interrupted iterations
flash   [  35% ] 01609/02534 VUs  10.6s/30s  0969.67 iters/s

running (0m11.9s), 02063/02534 VUs, 8760 complete and 0 interrupted iterations
flash   [  39% ] 02063/02534 VUs  11.6s/30s  0919.70 iters/s

running (0m12.9s), 02117/02534 VUs, 9602 complete and 0 interrupted iterations
flash   [  42% ] 02117/02534 VUs  12.6s/30s  0869.63 iters/s

running (0m13.9s), 01957/02534 VUs, 10606 complete and 0 interrupted iterations
flash   [  45% ] 01957/02534 VUs  13.6s/30s  0819.66 iters/s

running (0m14.9s), 01816/02534 VUs, 11542 complete and 0 interrupted iterations
flash   [  49% ] 01816/02534 VUs  14.6s/30s  0769.64 iters/s

running (0m15.9s), 01782/02534 VUs, 12320 complete and 0 interrupted iterations
flash   [  52% ] 01782/02534 VUs  15.6s/30s  0719.69 iters/s

running (0m16.9s), 01675/02534 VUs, 13122 complete and 0 interrupted iterations
flash   [  55% ] 01675/02534 VUs  16.6s/30s  0669.66 iters/s

running (0m17.9s), 01556/02534 VUs, 13885 complete and 0 interrupted iterations
flash   [  59% ] 01556/02534 VUs  17.6s/30s  0619.72 iters/s

running (0m18.9s), 01455/02534 VUs, 14582 complete and 0 interrupted iterations
flash   [  62% ] 01455/02534 VUs  18.6s/30s  0569.61 iters/s

running (0m19.9s), 01361/02534 VUs, 15220 complete and 0 interrupted iterations
flash   [  65% ] 01361/02534 VUs  19.6s/30s  0519.66 iters/s

running (0m20.9s), 01263/02534 VUs, 15813 complete and 0 interrupted iterations
flash   [  69% ] 01263/02534 VUs  20.6s/30s  0469.63 iters/s

running (0m21.9s), 01141/02534 VUs, 16379 complete and 0 interrupted iterations
flash   [  72% ] 01141/02534 VUs  21.6s/30s  0419.70 iters/s

running (0m22.9s), 01017/02534 VUs, 16898 complete and 0 interrupted iterations
flash   [  75% ] 01017/02534 VUs  22.6s/30s  0369.66 iters/s

running (0m23.9s), 00907/02534 VUs, 17353 complete and 0 interrupted iterations
flash   [  79% ] 00907/02534 VUs  23.6s/30s  0319.61 iters/s

running (0m24.9s), 00772/02534 VUs, 17782 complete and 0 interrupted iterations
flash   [  82% ] 00772/02534 VUs  24.6s/30s  0269.72 iters/s

running (0m25.9s), 00660/02534 VUs, 18139 complete and 0 interrupted iterations
flash   [  85% ] 00660/02534 VUs  25.6s/30s  0219.66 iters/s

running (0m26.9s), 00548/02534 VUs, 18446 complete and 0 interrupted iterations
flash   [  89% ] 00548/02534 VUs  26.6s/30s  0169.56 iters/s

running (0m27.9s), 00417/02534 VUs, 18721 complete and 0 interrupted iterations
flash   [  92% ] 00417/02534 VUs  27.6s/30s  0119.79 iters/s

running (0m28.9s), 00317/02534 VUs, 18916 complete and 0 interrupted iterations
flash   [  95% ] 00317/02534 VUs  28.6s/30s  0069.64 iters/s

running (0m29.9s), 00191/02534 VUs, 19087 complete and 0 interrupted iterations
flash   [  99% ] 00191/02534 VUs  29.6s/30s  0018.66 iters/s

running (0m30.9s), 00071/02534 VUs, 19210 complete and 0 interrupted iterations
flash ↓ [ 100% ] 00142/02534 VUs  30s  0005.00 iters/s
time="2026-09-20T13:57:35-07:00" level=info msg="invariants after the flash sale: PASS" source=console
time="2026-09-20T13:57:35-07:00" level=info msg="final tally for event 9ee6f5f6-70bb-463a-b133-c279cc2d4a6a (capacity 5000): 3096 sold, 1820 held, 84 available" source=console

thresholds: FAIL willcall_flash_server_errors: count==0
            PASS willcall_flash_hold_duration: p(99)<5000
            PASS willcall_invariants_held: rate==1
            FAIL willcall_flash_errors: rate<0.001

running (0m31.4s), 00000/02534 VUs, 19281 complete and 0 interrupted iterations
flash ✓ [ 100% ] 00000/02534 VUs  30s  0005.00 iters/s
time="2026-09-20T13:57:35-07:00" level=error msg="thresholds on metrics 'willcall_flash_errors, willcall_flash_server_errors' have been crossed"
