
         /\      Grafana   /‾‾/  
    /\  /  \     |\  __   /  /   
   /  \/    \    | |/ /  /   ‾‾\ 
  /          \   |   (  |  (‾)  |
 / __________ \  |_|\_\  \_____/ 


     execution: local
        script: load/scripts/smoke.ts
        output: -

     scenarios: (100.00%) 1 scenario, 10 max VUs, 50s max duration (incl. graceful stop):
              * smoke: 10 looping VUs for 20s (gracefulStop: 30s)


running (01.0s), 10/10 VUs, 0 complete and 0 interrupted iterations
smoke   [   5% ] 10 VUs  01.0s/20s

running (02.0s), 10/10 VUs, 10 complete and 0 interrupted iterations
smoke   [  10% ] 10 VUs  02.0s/20s

running (03.0s), 10/10 VUs, 20 complete and 0 interrupted iterations
smoke   [  15% ] 10 VUs  03.0s/20s

running (04.0s), 10/10 VUs, 30 complete and 0 interrupted iterations
smoke   [  20% ] 10 VUs  04.0s/20s

running (05.0s), 10/10 VUs, 40 complete and 0 interrupted iterations
smoke   [  25% ] 10 VUs  05.0s/20s

running (06.0s), 10/10 VUs, 50 complete and 0 interrupted iterations
smoke   [  30% ] 10 VUs  06.0s/20s

running (07.0s), 10/10 VUs, 60 complete and 0 interrupted iterations
smoke   [  35% ] 10 VUs  07.0s/20s

running (08.0s), 10/10 VUs, 70 complete and 0 interrupted iterations
smoke   [  40% ] 10 VUs  08.0s/20s

running (09.0s), 10/10 VUs, 80 complete and 0 interrupted iterations
smoke   [  45% ] 10 VUs  09.0s/20s

running (10.0s), 10/10 VUs, 90 complete and 0 interrupted iterations
smoke   [  50% ] 10 VUs  10.0s/20s

running (11.0s), 10/10 VUs, 100 complete and 0 interrupted iterations
smoke   [  55% ] 10 VUs  11.0s/20s

running (12.0s), 10/10 VUs, 110 complete and 0 interrupted iterations
smoke   [  60% ] 10 VUs  12.0s/20s

running (13.0s), 10/10 VUs, 120 complete and 0 interrupted iterations
smoke   [  65% ] 10 VUs  13.0s/20s

running (14.0s), 10/10 VUs, 130 complete and 0 interrupted iterations
smoke   [  70% ] 10 VUs  14.0s/20s

running (15.0s), 10/10 VUs, 140 complete and 0 interrupted iterations
smoke   [  75% ] 10 VUs  15.0s/20s

running (16.0s), 10/10 VUs, 150 complete and 0 interrupted iterations
smoke   [  80% ] 10 VUs  16.0s/20s

running (17.0s), 10/10 VUs, 160 complete and 0 interrupted iterations
smoke   [  85% ] 10 VUs  17.0s/20s

running (18.0s), 10/10 VUs, 170 complete and 0 interrupted iterations
smoke   [  90% ] 10 VUs  18.0s/20s

running (19.0s), 10/10 VUs, 180 complete and 0 interrupted iterations
smoke   [  95% ] 10 VUs  19.0s/20s

running (20.0s), 10/10 VUs, 190 complete and 0 interrupted iterations
smoke   [ 100% ] 10 VUs  20.0s/20s

thresholds: PASS http_req_duration: p(99)<1000
            PASS http_req_failed: rate<0.01
            PASS willcall_errors: rate<0.01

running (20.1s), 00/10 VUs, 200 complete and 0 interrupted iterations
smoke ✓ [ 100% ] 10 VUs  20s

k6 exit code: 0
