
         /\      Grafana   /‾‾/  
    /\  /  \     |\  __   /  /   
   /  \/    \    | |/ /  /   ‾‾\ 
  /          \   |   (  |  (‾)  |
 / __________ \  |_|\_\  \_____/ 


     execution: local
        script: load/scripts/flash.ts
        output: -

     scenarios: (100.00%) 2 scenarios, 12001 max VUs, 1m10s max duration (incl. graceful stop):
              * flash: Up to 1000.00 iterations/s for 30s over 2 stages (maxVUs: 2000-12000, gracefulStop: 30s)
              * watcher: 1 looping VUs for 40s (exec: watchInventory, gracefulStop: 30s)

time="2026-09-20T15:48:48-07:00" level=info msg="flash sale: 10000 buyers arriving in 10s for 5000 seats (event b2a2ae23-fa5b-4ad7-8e23-83c52edcab6c)" source=console

running (0m00.9s), 00456/02001 VUs, 120 complete and 0 interrupted iterations
flash     [   2% ] 00455/02000 VUs  00.6s/30s  1000.00 iters/s
watcher   [   2% ] 1 VUs            00.6s/40s 

running (0m01.9s), 01169/02001 VUs, 408 complete and 0 interrupted iterations
flash     [   5% ] 01168/02000 VUs  01.6s/30s  1000.00 iters/s
watcher   [   4% ] 1 VUs            01.6s/40s 

running (0m02.9s), 01819/02001 VUs, 758 complete and 0 interrupted iterations
flash     [   9% ] 01818/02000 VUs  02.6s/30s  1000.00 iters/s
watcher   [   7% ] 1 VUs            02.6s/40s 

running (0m03.9s), 02117/02122 VUs, 1294 complete and 0 interrupted iterations
flash     [  12% ] 02116/02121 VUs  03.6s/30s  1000.00 iters/s
watcher   [   9% ] 1 VUs            03.6s/40s 

running (0m04.9s), 02220/02233 VUs, 2043 complete and 0 interrupted iterations
flash     [  15% ] 02219/02232 VUs  04.6s/30s  1000.00 iters/s
watcher   [  12% ] 1 VUs            04.6s/40s 

running (0m05.9s), 02295/02309 VUs, 2870 complete and 0 interrupted iterations
flash     [  19% ] 02294/02308 VUs  05.6s/30s  1000.00 iters/s
watcher   [  14% ] 1 VUs            05.6s/40s 

running (0m06.9s), 02336/02358 VUs, 3765 complete and 0 interrupted iterations
flash     [  22% ] 02335/02357 VUs  06.6s/30s  1000.00 iters/s
watcher   [  17% ] 1 VUs            06.6s/40s 
time="2026-09-20T15:48:56-07:00" level=info msg="sold out after 7.3 s" source=console

running (0m07.9s), 01885/02361 VUs, 5213 complete and 0 interrupted iterations
flash     [  25% ] 01884/02360 VUs  07.6s/30s  1000.00 iters/s
watcher   [  19% ] 1 VUs            07.6s/40s 

running (0m08.9s), 00311/02361 VUs, 7788 complete and 0 interrupted iterations
flash     [  29% ] 00310/02360 VUs  08.6s/30s  1000.00 iters/s
watcher   [  22% ] 1 VUs            08.6s/40s 

running (0m09.9s), 00020/02361 VUs, 9080 complete and 0 interrupted iterations
flash     [  32% ] 00019/02360 VUs  09.6s/30s  1000.00 iters/s
watcher   [  24% ] 1 VUs            09.6s/40s 

running (0m10.9s), 00010/02361 VUs, 10083 complete and 0 interrupted iterations
flash     [  35% ] 00009/02360 VUs  10.6s/30s  0971.26 iters/s
watcher   [  27% ] 1 VUs            10.6s/40s 

running (0m11.9s), 00011/02361 VUs, 11030 complete and 0 interrupted iterations
flash     [  39% ] 00010/02360 VUs  11.6s/30s  0921.22 iters/s
watcher   [  29% ] 1 VUs            11.6s/40s 

running (0m12.9s), 00010/02361 VUs, 11927 complete and 0 interrupted iterations
flash     [  42% ] 00009/02360 VUs  12.6s/30s  0871.29 iters/s
watcher   [  32% ] 1 VUs            12.6s/40s 

running (0m13.9s), 00009/02361 VUs, 12776 complete and 0 interrupted iterations
flash     [  45% ] 00008/02360 VUs  13.6s/30s  0821.25 iters/s
watcher   [  34% ] 1 VUs            13.6s/40s 

running (0m14.9s), 00007/02361 VUs, 13574 complete and 0 interrupted iterations
flash     [  49% ] 00006/02360 VUs  14.6s/30s  0771.33 iters/s
watcher   [  37% ] 1 VUs            14.6s/40s 

running (0m15.9s), 00007/02361 VUs, 14322 complete and 0 interrupted iterations
flash     [  52% ] 00006/02360 VUs  15.6s/30s  0721.28 iters/s
watcher   [  39% ] 1 VUs            15.6s/40s 

running (0m16.9s), 00008/02361 VUs, 15019 complete and 0 interrupted iterations
flash     [  55% ] 00007/02360 VUs  16.6s/30s  0671.23 iters/s
watcher   [  42% ] 1 VUs            16.6s/40s 

running (0m17.9s), 00006/02361 VUs, 15667 complete and 0 interrupted iterations
flash     [  59% ] 00005/02360 VUs  17.6s/30s  0621.33 iters/s
watcher   [  44% ] 1 VUs            17.6s/40s 

running (0m18.9s), 00006/02361 VUs, 16265 complete and 0 interrupted iterations
flash     [  62% ] 00005/02360 VUs  18.6s/30s  0571.27 iters/s
watcher   [  47% ] 1 VUs            18.6s/40s 

running (0m19.9s), 00006/02361 VUs, 16812 complete and 0 interrupted iterations
flash     [  65% ] 00005/02360 VUs  19.6s/30s  0521.30 iters/s
watcher   [  49% ] 1 VUs            19.6s/40s 

running (0m20.9s), 00005/02361 VUs, 17310 complete and 0 interrupted iterations
flash     [  69% ] 00004/02360 VUs  20.6s/30s  0471.33 iters/s
watcher   [  52% ] 1 VUs            20.6s/40s 

running (0m21.9s), 00004/02361 VUs, 17758 complete and 0 interrupted iterations
flash     [  72% ] 00003/02360 VUs  21.6s/30s  0421.37 iters/s
watcher   [  54% ] 1 VUs            21.6s/40s 

running (0m22.9s), 00004/02361 VUs, 18156 complete and 0 interrupted iterations
flash     [  75% ] 00003/02360 VUs  22.6s/30s  0371.28 iters/s
watcher   [  57% ] 1 VUs            22.6s/40s 

running (0m23.9s), 00003/02361 VUs, 18504 complete and 0 interrupted iterations
flash     [  79% ] 00002/02360 VUs  23.6s/30s  0321.33 iters/s
watcher   [  59% ] 1 VUs            23.6s/40s 

running (0m24.9s), 00002/02361 VUs, 18802 complete and 0 interrupted iterations
flash     [  82% ] 00001/02360 VUs  24.6s/30s  0271.39 iters/s
watcher   [  62% ] 1 VUs            24.6s/40s 

running (0m25.9s), 00003/02361 VUs, 19049 complete and 0 interrupted iterations
flash     [  85% ] 00002/02360 VUs  25.6s/30s  0221.25 iters/s
watcher   [  64% ] 1 VUs            25.6s/40s 

running (0m26.9s), 00002/02361 VUs, 19247 complete and 0 interrupted iterations
flash     [  89% ] 00001/02360 VUs  26.6s/30s  0171.32 iters/s
watcher   [  67% ] 1 VUs            26.6s/40s 

running (0m27.9s), 00001/02361 VUs, 19395 complete and 0 interrupted iterations
flash     [  92% ] 00000/02360 VUs  27.6s/30s  0121.45 iters/s
watcher   [  69% ] 1 VUs            27.6s/40s 

running (0m28.9s), 00002/02361 VUs, 19492 complete and 0 interrupted iterations
flash     [  95% ] 00001/02360 VUs  28.6s/30s  0071.06 iters/s
watcher   [  72% ] 1 VUs            28.6s/40s 

running (0m29.9s), 00001/02361 VUs, 19540 complete and 0 interrupted iterations
flash     [  99% ] 00000/02360 VUs  29.6s/30s  0021.18 iters/s
watcher   [  74% ] 1 VUs            29.6s/40s 

running (0m30.9s), 00001/02361 VUs, 19545 complete and 0 interrupted iterations
flash   ✓ [ 100% ] 00000/02360 VUs  30s  0005.00 iters/s
watcher   [  77% ] 1 VUs            30.6s/40s

running (0m31.9s), 00001/02361 VUs, 19546 complete and 0 interrupted iterations
flash   ✓ [ 100% ] 00000/02360 VUs  30s  0005.00 iters/s
watcher   [  79% ] 1 VUs            31.6s/40s

running (0m32.9s), 00001/02361 VUs, 19547 complete and 0 interrupted iterations
flash   ✓ [ 100% ] 00000/02360 VUs  30s  0005.00 iters/s
watcher   [  82% ] 1 VUs            32.6s/40s

running (0m33.9s), 00001/02361 VUs, 19548 complete and 0 interrupted iterations
flash   ✓ [ 100% ] 00000/02360 VUs  30s  0005.00 iters/s
watcher   [  84% ] 1 VUs            33.6s/40s

running (0m34.9s), 00001/02361 VUs, 19549 complete and 0 interrupted iterations
flash   ✓ [ 100% ] 00000/02360 VUs  30s  0005.00 iters/s
watcher   [  87% ] 1 VUs            34.6s/40s

running (0m35.9s), 00001/02361 VUs, 19550 complete and 0 interrupted iterations
flash   ✓ [ 100% ] 00000/02360 VUs  30s  0005.00 iters/s
watcher   [  89% ] 1 VUs            35.6s/40s

running (0m36.9s), 00001/02361 VUs, 19551 complete and 0 interrupted iterations
flash   ✓ [ 100% ] 00000/02360 VUs  30s  0005.00 iters/s
watcher   [  92% ] 1 VUs            36.6s/40s

running (0m37.9s), 00001/02361 VUs, 19552 complete and 0 interrupted iterations
flash   ✓ [ 100% ] 00000/02360 VUs  30s  0005.00 iters/s
watcher   [  94% ] 1 VUs            37.6s/40s

running (0m38.9s), 00001/02361 VUs, 19553 complete and 0 interrupted iterations
flash   ✓ [ 100% ] 00000/02360 VUs  30s  0005.00 iters/s
watcher   [  97% ] 1 VUs            38.6s/40s

running (0m39.9s), 00001/02361 VUs, 19554 complete and 0 interrupted iterations
flash   ✓ [ 100% ] 00000/02360 VUs  30s  0005.00 iters/s
watcher   [  99% ] 1 VUs            39.6s/40s
time="2026-09-20T15:49:29-07:00" level=info msg="invariants after the flash sale: PASS" source=console
time="2026-09-20T15:49:29-07:00" level=info msg="final tally for event b2a2ae23-fa5b-4ad7-8e23-83c52edcab6c (capacity 5000): 3503 sold, 0 held, 1497 available" source=console

thresholds: PASS willcall_invariants_held: rate==1
            PASS willcall_flash_hold_duration: p(99)<5000
            PASS willcall_flash_server_errors: count==0
            PASS willcall_flash_errors: rate<0.001

running (0m40.7s), 00000/02361 VUs, 19555 complete and 0 interrupted iterations
flash   ✓ [ 100% ] 00000/02360 VUs  30s  0005.00 iters/s
watcher ✓ [ 100% ] 1 VUs            40s 
