
         /\      Grafana   /‾‾/  
    /\  /  \     |\  __   /  /   
   /  \/    \    | |/ /  /   ‾‾\ 
  /          \   |   (  |  (‾)  |
 / __________ \  |_|\_\  \_____/ 


     execution: local
        script: load/scripts/flash.ts
        output: -

     scenarios: (100.00%) 2 scenarios, 12001 max VUs, 1m10s max duration (incl. graceful stop):
              * flash: Up to 1000.00 iterations/s for 30s over 2 stages (maxVUs: 2000-12000, gracefulStop: 30s)
              * watcher: 1 looping VUs for 40s (exec: watchInventory, gracefulStop: 30s)

time="2026-09-20T16:04:17-07:00" level=info msg="flash sale: 10000 buyers arriving in 10s for 5000 seats (event 3fca2e5b-41aa-4a8c-831a-ceb7aaf55433)" source=console

running (0m00.9s), 00482/02001 VUs, 135 complete and 0 interrupted iterations
flash     [   2% ] 00481/02000 VUs  00.6s/30s  1000.00 iters/s
watcher   [   2% ] 1 VUs            00.6s/40s 

running (0m01.9s), 01222/02001 VUs, 395 complete and 0 interrupted iterations
flash     [   5% ] 01221/02000 VUs  01.6s/30s  1000.00 iters/s
watcher   [   4% ] 1 VUs            01.6s/40s 

running (0m02.9s), 01958/02001 VUs, 661 complete and 0 interrupted iterations
flash     [   9% ] 01957/02000 VUs  02.6s/30s  1000.00 iters/s
watcher   [   7% ] 1 VUs            02.6s/40s 

running (0m03.9s), 02227/02227 VUs, 1098 complete and 0 interrupted iterations
flash     [  12% ] 02226/02226 VUs  03.6s/30s  1000.00 iters/s
watcher   [   9% ] 1 VUs            03.6s/40s 

running (0m04.9s), 02323/02337 VUs, 1873 complete and 0 interrupted iterations
flash     [  15% ] 02322/02336 VUs  04.6s/30s  1000.00 iters/s
watcher   [  12% ] 1 VUs            04.6s/40s 

running (0m05.9s), 02463/02477 VUs, 2552 complete and 0 interrupted iterations
flash     [  19% ] 02462/02476 VUs  05.6s/30s  1000.00 iters/s
watcher   [  14% ] 1 VUs            05.6s/40s 

running (0m06.9s), 02537/02569 VUs, 3359 complete and 0 interrupted iterations
flash     [  22% ] 02536/02568 VUs  06.6s/30s  1000.00 iters/s
watcher   [  17% ] 1 VUs            06.6s/40s 

running (0m07.9s), 02659/02663 VUs, 4121 complete and 0 interrupted iterations
flash     [  25% ] 02658/02662 VUs  07.6s/30s  1000.00 iters/s
watcher   [  19% ] 1 VUs            07.6s/40s 

running (0m08.9s), 02683/02715 VUs, 5033 complete and 0 interrupted iterations
flash     [  29% ] 02682/02714 VUs  08.6s/30s  1000.00 iters/s
watcher   [  22% ] 1 VUs            08.6s/40s 

running (0m09.9s), 02366/02727 VUs, 6336 complete and 0 interrupted iterations
flash     [  32% ] 02365/02726 VUs  09.6s/30s  1000.00 iters/s
watcher   [  24% ] 1 VUs            09.6s/40s 
time="2026-09-20T16:04:27-07:00" level=info msg="sold out after 10.2 s" source=console

running (0m10.9s), 01608/02727 VUs, 8085 complete and 0 interrupted iterations
flash     [  35% ] 01607/02726 VUs  10.6s/30s  0969.25 iters/s
watcher   [  27% ] 1 VUs            10.6s/40s 

running (0m11.9s), 00599/02727 VUs, 10039 complete and 0 interrupted iterations
flash     [  39% ] 00598/02726 VUs  11.6s/30s  0919.27 iters/s
watcher   [  29% ] 1 VUs            11.6s/40s 

running (0m12.9s), 00006/02727 VUs, 11528 complete and 0 interrupted iterations
flash     [  42% ] 00005/02726 VUs  12.6s/30s  0869.22 iters/s
watcher   [  32% ] 1 VUs            12.6s/40s 

running (0m13.9s), 00007/02727 VUs, 12372 complete and 0 interrupted iterations
flash     [  45% ] 00006/02726 VUs  13.6s/30s  0819.24 iters/s
watcher   [  34% ] 1 VUs            13.6s/40s 

running (0m14.9s), 00006/02727 VUs, 13168 complete and 0 interrupted iterations
flash     [  49% ] 00005/02726 VUs  14.6s/30s  0769.25 iters/s
watcher   [  37% ] 1 VUs            14.6s/40s 

running (0m15.9s), 00006/02727 VUs, 13914 complete and 0 interrupted iterations
flash     [  52% ] 00005/02726 VUs  15.6s/30s  0719.20 iters/s
watcher   [  39% ] 1 VUs            15.6s/40s 

running (0m16.9s), 00004/02727 VUs, 14611 complete and 0 interrupted iterations
flash     [  55% ] 00003/02726 VUs  16.6s/30s  0669.22 iters/s
watcher   [  42% ] 1 VUs            16.6s/40s 

running (0m17.9s), 00005/02727 VUs, 15255 complete and 0 interrupted iterations
flash     [  59% ] 00004/02726 VUs  17.6s/30s  0619.23 iters/s
watcher   [  44% ] 1 VUs            17.6s/40s 

running (0m18.9s), 00006/02727 VUs, 15849 complete and 0 interrupted iterations
flash     [  62% ] 00005/02726 VUs  18.6s/30s  0569.25 iters/s
watcher   [  47% ] 1 VUs            18.6s/40s 

running (0m19.9s), 00004/02727 VUs, 16397 complete and 0 interrupted iterations
flash     [  65% ] 00003/02726 VUs  19.6s/30s  0519.18 iters/s
watcher   [  49% ] 1 VUs            19.6s/40s 

running (0m20.9s), 00003/02727 VUs, 16893 complete and 0 interrupted iterations
flash     [  69% ] 00002/02726 VUs  20.6s/30s  0469.20 iters/s
watcher   [  52% ] 1 VUs            20.6s/40s 

running (0m21.9s), 00003/02727 VUs, 17338 complete and 0 interrupted iterations
flash     [  72% ] 00002/02726 VUs  21.6s/30s  0419.23 iters/s
watcher   [  54% ] 1 VUs            21.6s/40s 

running (0m22.9s), 00002/02727 VUs, 17734 complete and 0 interrupted iterations
flash     [  75% ] 00001/02726 VUs  22.6s/30s  0369.26 iters/s
watcher   [  57% ] 1 VUs            22.6s/40s 

running (0m23.9s), 00003/02727 VUs, 18079 complete and 0 interrupted iterations
flash     [  79% ] 00002/02726 VUs  23.6s/30s  0319.14 iters/s
watcher   [  59% ] 1 VUs            23.6s/40s 

running (0m24.9s), 00003/02727 VUs, 18374 complete and 0 interrupted iterations
flash     [  82% ] 00002/02726 VUs  24.6s/30s  0269.17 iters/s
watcher   [  62% ] 1 VUs            24.6s/40s 

running (0m25.9s), 00002/02727 VUs, 18620 complete and 0 interrupted iterations
flash     [  85% ] 00001/02726 VUs  25.6s/30s  0219.20 iters/s
watcher   [  64% ] 1 VUs            25.6s/40s 

running (0m26.9s), 00002/02727 VUs, 18815 complete and 0 interrupted iterations
flash     [  89% ] 00001/02726 VUs  26.6s/30s  0169.26 iters/s
watcher   [  67% ] 1 VUs            26.6s/40s 

running (0m27.9s), 00001/02727 VUs, 18961 complete and 0 interrupted iterations
flash     [  92% ] 00000/02726 VUs  27.6s/30s  0119.37 iters/s
watcher   [  69% ] 1 VUs            27.6s/40s 

running (0m28.9s), 00002/02727 VUs, 19056 complete and 0 interrupted iterations
flash     [  95% ] 00001/02726 VUs  28.6s/30s  0068.92 iters/s
watcher   [  72% ] 1 VUs            28.6s/40s 

running (0m29.9s), 00001/02727 VUs, 19102 complete and 0 interrupted iterations
flash     [  99% ] 00000/02726 VUs  29.6s/30s  0018.66 iters/s
watcher   [  74% ] 1 VUs            29.6s/40s 

running (0m30.9s), 00001/02727 VUs, 19106 complete and 0 interrupted iterations
flash   ✓ [ 100% ] 00000/02726 VUs  30s  0005.00 iters/s
watcher   [  77% ] 1 VUs            30.6s/40s

running (0m31.9s), 00001/02727 VUs, 19107 complete and 0 interrupted iterations
flash   ✓ [ 100% ] 00000/02726 VUs  30s  0005.00 iters/s
watcher   [  79% ] 1 VUs            31.6s/40s

running (0m32.9s), 00001/02727 VUs, 19108 complete and 0 interrupted iterations
flash   ✓ [ 100% ] 00000/02726 VUs  30s  0005.00 iters/s
watcher   [  82% ] 1 VUs            32.6s/40s

running (0m33.9s), 00001/02727 VUs, 19109 complete and 0 interrupted iterations
flash   ✓ [ 100% ] 00000/02726 VUs  30s  0005.00 iters/s
watcher   [  84% ] 1 VUs            33.6s/40s

running (0m34.9s), 00001/02727 VUs, 19110 complete and 0 interrupted iterations
flash   ✓ [ 100% ] 00000/02726 VUs  30s  0005.00 iters/s
watcher   [  87% ] 1 VUs            34.6s/40s

running (0m35.9s), 00001/02727 VUs, 19111 complete and 0 interrupted iterations
flash   ✓ [ 100% ] 00000/02726 VUs  30s  0005.00 iters/s
watcher   [  89% ] 1 VUs            35.6s/40s

running (0m36.9s), 00001/02727 VUs, 19112 complete and 0 interrupted iterations
flash   ✓ [ 100% ] 00000/02726 VUs  30s  0005.00 iters/s
watcher   [  92% ] 1 VUs            36.6s/40s

running (0m37.9s), 00001/02727 VUs, 19113 complete and 0 interrupted iterations
flash   ✓ [ 100% ] 00000/02726 VUs  30s  0005.00 iters/s
watcher   [  94% ] 1 VUs            37.6s/40s

running (0m38.9s), 00001/02727 VUs, 19114 complete and 0 interrupted iterations
flash   ✓ [ 100% ] 00000/02726 VUs  30s  0005.00 iters/s
watcher   [  97% ] 1 VUs            38.6s/40s

running (0m39.9s), 00001/02727 VUs, 19115 complete and 0 interrupted iterations
flash   ✓ [ 100% ] 00000/02726 VUs  30s  0005.00 iters/s
watcher   [  99% ] 1 VUs            39.6s/40s
time="2026-09-20T16:04:57-07:00" level=info msg="invariants after the flash sale: PASS" source=console
time="2026-09-20T16:04:57-07:00" level=info msg="final tally for event 3fca2e5b-41aa-4a8c-831a-ceb7aaf55433 (capacity 5000): 2557 sold, 0 held, 2443 available" source=console

thresholds: PASS willcall_invariants_held: rate==1
            PASS willcall_flash_hold_duration: p(99)<5000
            PASS willcall_flash_server_errors: count==0
            PASS willcall_flash_errors: rate<0.001

running (0m40.5s), 00000/02727 VUs, 19116 complete and 0 interrupted iterations
flash   ✓ [ 100% ] 00000/02726 VUs  30s  0005.00 iters/s
watcher ✓ [ 100% ] 1 VUs            40s 
