
         /\      Grafana   /‾‾/  
    /\  /  \     |\  __   /  /   
   /  \/    \    | |/ /  /   ‾‾\ 
  /          \   |   (  |  (‾)  |
 / __________ \  |_|\_\  \_____/ 


     execution: local
        script: load/scripts/flash.ts
        output: -

     scenarios: (100.00%) 2 scenarios, 12001 max VUs, 1m10s max duration (incl. graceful stop):
              * flash: Up to 1000.00 iterations/s for 30s over 2 stages (maxVUs: 2000-12000, gracefulStop: 30s)
              * watcher: 1 looping VUs for 40s (exec: watchInventory, gracefulStop: 30s)

time="2026-09-20T15:55:09-07:00" level=info msg="flash sale: 10000 buyers arriving in 10s for 5000 seats (event 1afd02ce-52bb-450a-9c68-2baf7316b4b3)" source=console

running (0m00.9s), 00491/02001 VUs, 117 complete and 0 interrupted iterations
flash     [   2% ] 00490/02000 VUs  00.6s/30s  1000.00 iters/s
watcher   [   2% ] 1 VUs            00.6s/40s 

running (0m01.9s), 01234/02001 VUs, 375 complete and 0 interrupted iterations
flash     [   5% ] 01233/02000 VUs  01.6s/30s  1000.00 iters/s
watcher   [   4% ] 1 VUs            01.6s/40s 

running (0m02.9s), 01928/02001 VUs, 682 complete and 0 interrupted iterations
flash     [   9% ] 01927/02000 VUs  02.6s/30s  1000.00 iters/s
watcher   [   7% ] 1 VUs            02.6s/40s 

running (0m03.9s), 02164/02164 VUs, 1232 complete and 0 interrupted iterations
flash     [  12% ] 02163/02163 VUs  03.6s/30s  1000.00 iters/s
watcher   [   9% ] 1 VUs            03.6s/40s 

running (0m04.9s), 02287/02288 VUs, 1953 complete and 0 interrupted iterations
flash     [  15% ] 02286/02287 VUs  04.6s/30s  1000.00 iters/s
watcher   [  12% ] 1 VUs            04.6s/40s 

running (0m05.9s), 02372/02376 VUs, 2753 complete and 0 interrupted iterations
flash     [  19% ] 02371/02375 VUs  05.6s/30s  1000.00 iters/s
watcher   [  14% ] 1 VUs            05.6s/40s 

running (0m06.9s), 02385/02435 VUs, 3663 complete and 0 interrupted iterations
flash     [  22% ] 02384/02434 VUs  06.6s/30s  1000.00 iters/s
watcher   [  17% ] 1 VUs            06.6s/40s 

running (0m07.9s), 02525/02533 VUs, 4394 complete and 0 interrupted iterations
flash     [  25% ] 02524/02532 VUs  07.6s/30s  1000.00 iters/s
watcher   [  19% ] 1 VUs            07.6s/40s 
time="2026-09-20T15:55:17-07:00" level=info msg="sold out after 8.0 s" source=console

running (0m08.9s), 02059/02557 VUs, 5830 complete and 0 interrupted iterations
flash     [  29% ] 02058/02556 VUs  08.6s/30s  1000.00 iters/s
watcher   [  22% ] 1 VUs            08.6s/40s 

running (0m09.9s), 01408/02557 VUs, 7482 complete and 0 interrupted iterations
flash     [  32% ] 01407/02556 VUs  09.6s/30s  1000.00 iters/s
watcher   [  24% ] 1 VUs            09.6s/40s 

running (0m10.9s), 00884/02557 VUs, 8996 complete and 0 interrupted iterations
flash     [  35% ] 00883/02556 VUs  10.6s/30s  0969.72 iters/s
watcher   [  27% ] 1 VUs            10.6s/40s 

running (0m11.9s), 00567/02557 VUs, 10260 complete and 0 interrupted iterations
flash     [  39% ] 00566/02556 VUs  11.6s/30s  0919.65 iters/s
watcher   [  29% ] 1 VUs            11.6s/40s 

running (0m12.9s), 00223/02557 VUs, 11500 complete and 0 interrupted iterations
flash     [  42% ] 00222/02556 VUs  12.6s/30s  0869.63 iters/s
watcher   [  32% ] 1 VUs            12.6s/40s 

running (0m13.9s), 00005/02557 VUs, 12563 complete and 0 interrupted iterations
flash     [  45% ] 00004/02556 VUs  13.6s/30s  0819.66 iters/s
watcher   [  34% ] 1 VUs            13.6s/40s 

running (0m14.9s), 00004/02557 VUs, 13360 complete and 0 interrupted iterations
flash     [  49% ] 00003/02556 VUs  14.6s/30s  0769.64 iters/s
watcher   [  37% ] 1 VUs            14.6s/40s 

running (0m15.9s), 00004/02557 VUs, 14105 complete and 0 interrupted iterations
flash     [  52% ] 00003/02556 VUs  15.6s/30s  0719.69 iters/s
watcher   [  39% ] 1 VUs            15.6s/40s 

running (0m16.9s), 00004/02557 VUs, 14801 complete and 0 interrupted iterations
flash     [  55% ] 00003/02556 VUs  16.6s/30s  0669.66 iters/s
watcher   [  42% ] 1 VUs            16.6s/40s 

running (0m17.9s), 00004/02557 VUs, 15447 complete and 0 interrupted iterations
flash     [  59% ] 00003/02556 VUs  17.6s/30s  0619.64 iters/s
watcher   [  44% ] 1 VUs            17.6s/40s 

running (0m18.9s), 00008/02557 VUs, 16038 complete and 0 interrupted iterations
flash     [  62% ] 00007/02556 VUs  18.6s/30s  0569.69 iters/s
watcher   [  47% ] 1 VUs            18.6s/40s 

running (0m19.9s), 00003/02557 VUs, 16589 complete and 0 interrupted iterations
flash     [  65% ] 00002/02556 VUs  19.6s/30s  0519.66 iters/s
watcher   [  49% ] 1 VUs            19.6s/40s 

running (0m20.9s), 00003/02557 VUs, 17085 complete and 0 interrupted iterations
flash     [  69% ] 00002/02556 VUs  20.6s/30s  0469.63 iters/s
watcher   [  52% ] 1 VUs            20.6s/40s 

running (0m21.9s), 00003/02557 VUs, 17530 complete and 0 interrupted iterations
flash     [  72% ] 00002/02556 VUs  21.6s/30s  0419.70 iters/s
watcher   [  54% ] 1 VUs            21.6s/40s 

running (0m22.9s), 00003/02557 VUs, 17926 complete and 0 interrupted iterations
flash     [  75% ] 00002/02556 VUs  22.6s/30s  0369.66 iters/s
watcher   [  57% ] 1 VUs            22.6s/40s 

running (0m23.9s), 00003/02557 VUs, 18272 complete and 0 interrupted iterations
flash     [  79% ] 00002/02556 VUs  23.6s/30s  0319.61 iters/s
watcher   [  59% ] 1 VUs            23.6s/40s 

running (0m24.9s), 00002/02557 VUs, 18568 complete and 0 interrupted iterations
flash     [  82% ] 00001/02556 VUs  24.6s/30s  0269.72 iters/s
watcher   [  62% ] 1 VUs            24.6s/40s 

running (0m25.9s), 00002/02557 VUs, 18814 complete and 0 interrupted iterations
flash     [  85% ] 00001/02556 VUs  25.6s/30s  0219.66 iters/s
watcher   [  64% ] 1 VUs            25.6s/40s 

running (0m26.9s), 00002/02557 VUs, 19010 complete and 0 interrupted iterations
flash     [  89% ] 00001/02556 VUs  26.6s/30s  0169.56 iters/s
watcher   [  67% ] 1 VUs            26.6s/40s 

running (0m27.9s), 00001/02557 VUs, 19156 complete and 0 interrupted iterations
flash     [  92% ] 00000/02556 VUs  27.6s/30s  0119.79 iters/s
watcher   [  69% ] 1 VUs            27.6s/40s 

running (0m28.9s), 00002/02557 VUs, 19251 complete and 0 interrupted iterations
flash     [  95% ] 00001/02556 VUs  28.6s/30s  0069.64 iters/s
watcher   [  72% ] 1 VUs            28.6s/40s 

running (0m29.9s), 00002/02557 VUs, 19297 complete and 0 interrupted iterations
flash     [  99% ] 00001/02556 VUs  29.6s/30s  0018.66 iters/s
watcher   [  74% ] 1 VUs            29.6s/40s 

running (0m30.9s), 00001/02557 VUs, 19302 complete and 0 interrupted iterations
flash   ✓ [ 100% ] 00000/02556 VUs  30s  0005.00 iters/s
watcher   [  77% ] 1 VUs            30.6s/40s

running (0m31.9s), 00001/02557 VUs, 19303 complete and 0 interrupted iterations
flash   ✓ [ 100% ] 00000/02556 VUs  30s  0005.00 iters/s
watcher   [  79% ] 1 VUs            31.6s/40s

running (0m32.9s), 00001/02557 VUs, 19304 complete and 0 interrupted iterations
flash   ✓ [ 100% ] 00000/02556 VUs  30s  0005.00 iters/s
watcher   [  82% ] 1 VUs            32.6s/40s

running (0m33.9s), 00001/02557 VUs, 19305 complete and 0 interrupted iterations
flash   ✓ [ 100% ] 00000/02556 VUs  30s  0005.00 iters/s
watcher   [  84% ] 1 VUs            33.6s/40s

running (0m34.9s), 00001/02557 VUs, 19306 complete and 0 interrupted iterations
flash   ✓ [ 100% ] 00000/02556 VUs  30s  0005.00 iters/s
watcher   [  87% ] 1 VUs            34.6s/40s

running (0m35.9s), 00001/02557 VUs, 19307 complete and 0 interrupted iterations
flash   ✓ [ 100% ] 00000/02556 VUs  30s  0005.00 iters/s
watcher   [  89% ] 1 VUs            35.6s/40s

running (0m36.9s), 00001/02557 VUs, 19308 complete and 0 interrupted iterations
flash   ✓ [ 100% ] 00000/02556 VUs  30s  0005.00 iters/s
watcher   [  92% ] 1 VUs            36.6s/40s

running (0m37.9s), 00001/02557 VUs, 19309 complete and 0 interrupted iterations
flash   ✓ [ 100% ] 00000/02556 VUs  30s  0005.00 iters/s
watcher   [  94% ] 1 VUs            37.6s/40s

running (0m38.9s), 00001/02557 VUs, 19310 complete and 0 interrupted iterations
flash   ✓ [ 100% ] 00000/02556 VUs  30s  0005.00 iters/s
watcher   [  97% ] 1 VUs            38.6s/40s

running (0m39.9s), 00001/02557 VUs, 19311 complete and 0 interrupted iterations
flash   ✓ [ 100% ] 00000/02556 VUs  30s  0005.00 iters/s
watcher   [  99% ] 1 VUs            39.6s/40s
time="2026-09-20T15:55:49-07:00" level=info msg="invariants after the flash sale: PASS" source=console
time="2026-09-20T15:55:49-07:00" level=info msg="final tally for event 1afd02ce-52bb-450a-9c68-2baf7316b4b3 (capacity 5000): 2966 sold, 0 held, 2034 available" source=console

thresholds: PASS willcall_invariants_held: rate==1
            PASS willcall_flash_hold_duration: p(99)<5000
            PASS willcall_flash_errors: rate<0.001
            PASS willcall_flash_server_errors: count==0

running (0m40.3s), 00000/02557 VUs, 19312 complete and 0 interrupted iterations
flash   ✓ [ 100% ] 00000/02556 VUs  30s  0005.00 iters/s
watcher ✓ [ 100% ] 1 VUs            40s 
