
         /\      Grafana   /‾‾/  
    /\  /  \     |\  __   /  /   
   /  \/    \    | |/ /  /   ‾‾\ 
  /          \   |   (  |  (‾)  |
 / __________ \  |_|\_\  \_____/ 


     execution: local
        script: load/scripts/flash.ts
        output: -

     scenarios: (100.00%) 2 scenarios, 12001 max VUs, 1m10s max duration (incl. graceful stop):
              * flash: Up to 1000.00 iterations/s for 30s over 2 stages (maxVUs: 2000-12000, gracefulStop: 30s)
              * watcher: 1 looping VUs for 40s (exec: watchInventory, gracefulStop: 30s)

time="2026-09-20T14:25:15-07:00" level=info msg="flash sale: 10000 buyers arriving in 10s for 5000 seats (event 71259231-32f6-4ac1-9058-450eabcc7126)" source=console

running (0m00.9s), 00484/02001 VUs, 107 complete and 0 interrupted iterations
flash     [   2% ] 00483/02000 VUs  00.6s/30s  1000.00 iters/s
watcher   [   2% ] 1 VUs            00.6s/40s 

running (0m01.9s), 01245/02001 VUs, 346 complete and 0 interrupted iterations
flash     [   5% ] 01244/02000 VUs  01.6s/30s  1000.00 iters/s
watcher   [   4% ] 1 VUs            01.6s/40s 

running (0m02.9s), 01943/02001 VUs, 649 complete and 0 interrupted iterations
flash     [   9% ] 01942/02000 VUs  02.6s/30s  1000.00 iters/s
watcher   [   7% ] 1 VUs            02.6s/40s 

running (0m03.9s), 02199/02199 VUs, 1135 complete and 0 interrupted iterations
flash     [  12% ] 02198/02198 VUs  03.6s/30s  1000.00 iters/s
watcher   [   9% ] 1 VUs            03.6s/40s 

running (0m04.9s), 02311/02314 VUs, 1875 complete and 0 interrupted iterations
flash     [  15% ] 02310/02313 VUs  04.6s/30s  1000.00 iters/s
watcher   [  12% ] 1 VUs            04.6s/40s 

running (0m05.9s), 02412/02417 VUs, 2641 complete and 0 interrupted iterations
flash     [  19% ] 02411/02416 VUs  05.6s/30s  1000.00 iters/s
watcher   [  14% ] 1 VUs            05.6s/40s 

running (0m06.9s), 02476/02496 VUs, 3468 complete and 0 interrupted iterations
flash     [  22% ] 02475/02495 VUs  06.6s/30s  1000.00 iters/s
watcher   [  17% ] 1 VUs            06.6s/40s 

running (0m07.9s), 02584/02590 VUs, 4238 complete and 0 interrupted iterations
flash     [  25% ] 02583/02589 VUs  07.6s/30s  1000.00 iters/s
watcher   [  19% ] 1 VUs            07.6s/40s 

running (0m08.9s), 02671/02691 VUs, 5020 complete and 0 interrupted iterations
flash     [  29% ] 02670/02690 VUs  08.6s/30s  1000.00 iters/s
watcher   [  22% ] 1 VUs            08.6s/40s 
time="2026-09-20T14:25:24-07:00" level=info msg="sold out after 9.6 s" source=console

running (0m09.9s), 02177/02694 VUs, 6514 complete and 0 interrupted iterations
flash     [  32% ] 02176/02693 VUs  09.6s/30s  1000.00 iters/s
watcher   [  24% ] 1 VUs            09.6s/40s 

running (0m10.9s), 01499/02694 VUs, 8183 complete and 0 interrupted iterations
flash     [  35% ] 01498/02693 VUs  10.6s/30s  0970.59 iters/s
watcher   [  27% ] 1 VUs            10.6s/40s 

running (0m11.9s), 00253/02694 VUs, 10376 complete and 0 interrupted iterations
flash     [  39% ] 00252/02693 VUs  11.6s/30s  0920.57 iters/s
watcher   [  29% ] 1 VUs            11.6s/40s 

running (0m12.9s), 00007/02694 VUs, 11519 complete and 0 interrupted iterations
flash     [  42% ] 00006/02693 VUs  12.6s/30s  0870.55 iters/s
watcher   [  32% ] 1 VUs            12.6s/40s 

running (0m13.9s), 00006/02694 VUs, 12366 complete and 0 interrupted iterations
flash     [  45% ] 00005/02693 VUs  13.6s/30s  0820.58 iters/s
watcher   [  34% ] 1 VUs            13.6s/40s 

running (0m14.9s), 00004/02694 VUs, 13165 complete and 0 interrupted iterations
flash     [  49% ] 00003/02693 VUs  14.6s/30s  0770.55 iters/s
watcher   [  37% ] 1 VUs            14.6s/40s 

running (0m15.9s), 00004/02694 VUs, 13911 complete and 0 interrupted iterations
flash     [  52% ] 00003/02693 VUs  15.6s/30s  0720.59 iters/s
watcher   [  39% ] 1 VUs            15.6s/40s 

running (0m16.9s), 00005/02694 VUs, 14607 complete and 0 interrupted iterations
flash     [  55% ] 00004/02693 VUs  16.6s/30s  0670.56 iters/s
watcher   [  42% ] 1 VUs            16.6s/40s 

running (0m17.9s), 00006/02694 VUs, 15253 complete and 0 interrupted iterations
flash     [  59% ] 00005/02693 VUs  17.6s/30s  0620.52 iters/s
watcher   [  44% ] 1 VUs            17.6s/40s 

running (0m18.9s), 00003/02694 VUs, 15852 complete and 0 interrupted iterations
flash     [  62% ] 00002/02693 VUs  18.6s/30s  0570.57 iters/s
watcher   [  47% ] 1 VUs            18.6s/40s 

running (0m19.9s), 00004/02694 VUs, 16398 complete and 0 interrupted iterations
flash     [  65% ] 00003/02693 VUs  19.6s/30s  0520.53 iters/s
watcher   [  49% ] 1 VUs            19.6s/40s 

running (0m20.9s), 00003/02694 VUs, 16895 complete and 0 interrupted iterations
flash     [  69% ] 00002/02693 VUs  20.6s/30s  0470.58 iters/s
watcher   [  52% ] 1 VUs            20.6s/40s 

running (0m21.9s), 00003/02694 VUs, 17342 complete and 0 interrupted iterations
flash     [  72% ] 00002/02693 VUs  21.6s/30s  0420.54 iters/s
watcher   [  54% ] 1 VUs            21.6s/40s 

running (0m22.9s), 00002/02694 VUs, 17739 complete and 0 interrupted iterations
flash     [  75% ] 00001/02693 VUs  22.6s/30s  0370.61 iters/s
watcher   [  57% ] 1 VUs            22.6s/40s 

running (0m23.9s), 00003/02694 VUs, 18085 complete and 0 interrupted iterations
flash     [  79% ] 00002/02693 VUs  23.6s/30s  0320.55 iters/s
watcher   [  59% ] 1 VUs            23.6s/40s 

running (0m24.9s), 00002/02694 VUs, 18382 complete and 0 interrupted iterations
flash     [  82% ] 00001/02693 VUs  24.6s/30s  0270.65 iters/s
watcher   [  62% ] 1 VUs            24.6s/40s 

running (0m25.9s), 00002/02694 VUs, 18629 complete and 0 interrupted iterations
flash     [  85% ] 00001/02693 VUs  25.6s/30s  0220.57 iters/s
watcher   [  64% ] 1 VUs            25.6s/40s 

running (0m26.9s), 00002/02694 VUs, 18826 complete and 0 interrupted iterations
flash     [  89% ] 00001/02693 VUs  26.6s/30s  0170.44 iters/s
watcher   [  67% ] 1 VUs            26.6s/40s 

running (0m27.9s), 00001/02694 VUs, 18973 complete and 0 interrupted iterations
flash     [  92% ] 00000/02693 VUs  27.6s/30s  0120.62 iters/s
watcher   [  69% ] 1 VUs            27.6s/40s 

running (0m28.9s), 00002/02694 VUs, 19069 complete and 0 interrupted iterations
flash     [  95% ] 00001/02693 VUs  28.6s/30s  0070.36 iters/s
watcher   [  72% ] 1 VUs            28.6s/40s 

running (0m29.9s), 00001/02694 VUs, 19116 complete and 0 interrupted iterations
flash     [  99% ] 00000/02693 VUs  29.6s/30s  0021.18 iters/s
watcher   [  74% ] 1 VUs            29.6s/40s 

running (0m30.9s), 00001/02694 VUs, 19121 complete and 0 interrupted iterations
flash   ✓ [ 100% ] 00000/02693 VUs  30s  0005.00 iters/s
watcher   [  77% ] 1 VUs            30.6s/40s

running (0m31.9s), 00001/02694 VUs, 19122 complete and 0 interrupted iterations
flash   ✓ [ 100% ] 00000/02693 VUs  30s  0005.00 iters/s
watcher   [  79% ] 1 VUs            31.6s/40s

running (0m32.9s), 00001/02694 VUs, 19123 complete and 0 interrupted iterations
flash   ✓ [ 100% ] 00000/02693 VUs  30s  0005.00 iters/s
watcher   [  82% ] 1 VUs            32.6s/40s

running (0m33.9s), 00001/02694 VUs, 19124 complete and 0 interrupted iterations
flash   ✓ [ 100% ] 00000/02693 VUs  30s  0005.00 iters/s
watcher   [  84% ] 1 VUs            33.6s/40s

running (0m34.9s), 00001/02694 VUs, 19125 complete and 0 interrupted iterations
flash   ✓ [ 100% ] 00000/02693 VUs  30s  0005.00 iters/s
watcher   [  87% ] 1 VUs            34.6s/40s

running (0m35.9s), 00001/02694 VUs, 19126 complete and 0 interrupted iterations
flash   ✓ [ 100% ] 00000/02693 VUs  30s  0005.00 iters/s
watcher   [  89% ] 1 VUs            35.6s/40s

running (0m36.9s), 00001/02694 VUs, 19127 complete and 0 interrupted iterations
flash   ✓ [ 100% ] 00000/02693 VUs  30s  0005.00 iters/s
watcher   [  92% ] 1 VUs            36.6s/40s

running (0m37.9s), 00001/02694 VUs, 19128 complete and 0 interrupted iterations
flash   ✓ [ 100% ] 00000/02693 VUs  30s  0005.00 iters/s
watcher   [  94% ] 1 VUs            37.6s/40s

running (0m38.9s), 00001/02694 VUs, 19129 complete and 0 interrupted iterations
flash   ✓ [ 100% ] 00000/02693 VUs  30s  0005.00 iters/s
watcher   [  97% ] 1 VUs            38.6s/40s

running (0m39.9s), 00001/02694 VUs, 19130 complete and 0 interrupted iterations
flash   ✓ [ 100% ] 00000/02693 VUs  30s  0005.00 iters/s
watcher   [  99% ] 1 VUs            39.6s/40s
time="2026-09-20T14:25:55-07:00" level=info msg="invariants after the flash sale: PASS" source=console
time="2026-09-20T14:25:55-07:00" level=info msg="final tally for event 71259231-32f6-4ac1-9058-450eabcc7126 (capacity 5000): 2624 sold, 0 held, 2376 available" source=console

running (0m40.9s), 00000/02694 VUs, 19131 complete and 0 interrupted iterations
flash   ✓ [ 100% ] 00000/02693 VUs  30s  0005.00 iters/s
watcher ✓ [ 100% ] 1 VUs            40s 

thresholds: PASS willcall_invariants_held: rate==1
            PASS willcall_flash_hold_duration: p(99)<5000
            PASS willcall_flash_errors: rate<0.001
            PASS willcall_flash_server_errors: count==0

running (0m40.9s), 00000/02694 VUs, 19131 complete and 0 interrupted iterations
flash   ✓ [ 100% ] 00000/02693 VUs  30s  0005.00 iters/s
watcher ✓ [ 100% ] 1 VUs            40s 
