
         /\      Grafana   /‾‾/  
    /\  /  \     |\  __   /  /   
   /  \/    \    | |/ /  /   ‾‾\ 
  /          \   |   (  |  (‾)  |
 / __________ \  |_|\_\  \_____/ 


     execution: local
        script: load/scripts/flash.ts
        output: -

     scenarios: (100.00%) 2 scenarios, 12001 max VUs, 1m10s max duration (incl. graceful stop):
              * flash: Up to 1000.00 iterations/s for 30s over 2 stages (maxVUs: 2000-12000, gracefulStop: 30s)
              * watcher: 1 looping VUs for 40s (exec: watchInventory, gracefulStop: 30s)

time="2026-09-20T14:02:30-07:00" level=info msg="flash sale: 10000 buyers arriving in 10s for 5000 seats (event 54a1f803-ce5e-4d32-b708-dd877ca1293f)" source=console

running (0m00.9s), 00540/02001 VUs, 68 complete and 0 interrupted iterations
flash     [   2% ] 00539/02000 VUs  00.6s/30s  1000.00 iters/s
watcher   [   2% ] 1 VUs            00.6s/40s 

running (0m01.9s), 01378/02001 VUs, 230 complete and 0 interrupted iterations
flash     [   5% ] 01377/02000 VUs  01.6s/30s  1000.00 iters/s
watcher   [   4% ] 1 VUs            01.6s/40s 

running (0m02.9s), 02069/02070 VUs, 449 complete and 0 interrupted iterations
flash     [   9% ] 02068/02069 VUs  02.6s/30s  1000.00 iters/s
watcher   [   7% ] 1 VUs            02.6s/40s 

running (0m03.9s), 02282/02282 VUs, 960 complete and 0 interrupted iterations
flash     [  12% ] 02281/02281 VUs  03.6s/30s  1000.00 iters/s
watcher   [   9% ] 1 VUs            03.6s/40s 

running (0m04.9s), 02395/02395 VUs, 1691 complete and 0 interrupted iterations
flash     [  15% ] 02394/02394 VUs  04.6s/30s  1000.00 iters/s
watcher   [  12% ] 1 VUs            04.6s/40s 

running (0m05.9s), 02476/02498 VUs, 2475 complete and 0 interrupted iterations
flash     [  19% ] 02475/02497 VUs  05.6s/30s  1000.00 iters/s
watcher   [  14% ] 1 VUs            05.6s/40s 

running (0m06.9s), 02564/02564 VUs, 3305 complete and 0 interrupted iterations
flash     [  22% ] 02563/02563 VUs  06.6s/30s  1000.00 iters/s
watcher   [  17% ] 1 VUs            06.6s/40s 

running (0m07.9s), 02597/02608 VUs, 4213 complete and 0 interrupted iterations
flash     [  25% ] 02596/02607 VUs  07.6s/30s  1000.00 iters/s
watcher   [  19% ] 1 VUs            07.6s/40s 

running (0m08.9s), 02636/02645 VUs, 5126 complete and 0 interrupted iterations
flash     [  29% ] 02635/02644 VUs  08.6s/30s  1000.00 iters/s
watcher   [  22% ] 1 VUs            08.6s/40s 

running (0m09.9s), 02680/02687 VUs, 6027 complete and 0 interrupted iterations
flash     [  32% ] 02679/02686 VUs  09.6s/30s  1000.00 iters/s
watcher   [  24% ] 1 VUs            09.6s/40s 
time="2026-09-20T14:02:41-07:00" level=info msg="sold out after 10.5 s" source=console

running (0m10.9s), 02419/02704 VUs, 7258 complete and 0 interrupted iterations
flash     [  35% ] 02418/02703 VUs  10.6s/30s  0969.67 iters/s
watcher   [  27% ] 1 VUs            10.6s/40s 

running (0m11.9s), 01737/02704 VUs, 8885 complete and 0 interrupted iterations
flash     [  39% ] 01737/02703 VUs  11.6s/30s  0919.65 iters/s
watcher   [  29% ] 1 VUs            11.6s/40s 

running (0m12.9s), 00857/02704 VUs, 10661 complete and 0 interrupted iterations
flash     [  42% ] 00856/02703 VUs  12.6s/30s  0869.68 iters/s
watcher   [  32% ] 1 VUs            12.6s/40s 

running (0m13.9s), 00005/02704 VUs, 12359 complete and 0 interrupted iterations
flash     [  45% ] 00004/02703 VUs  13.6s/30s  0819.66 iters/s
watcher   [  34% ] 1 VUs            13.6s/40s 

running (0m14.9s), 00011/02704 VUs, 13151 complete and 0 interrupted iterations
flash     [  49% ] 00010/02703 VUs  14.6s/30s  0769.51 iters/s
watcher   [  37% ] 1 VUs            14.6s/40s 

running (0m15.9s), 00003/02704 VUs, 13902 complete and 0 interrupted iterations
flash     [  52% ] 00002/02703 VUs  15.6s/30s  0719.69 iters/s
watcher   [  39% ] 1 VUs            15.6s/40s 

running (0m16.9s), 00004/02704 VUs, 14597 complete and 0 interrupted iterations
flash     [  55% ] 00003/02703 VUs  16.6s/30s  0669.66 iters/s
watcher   [  42% ] 1 VUs            16.6s/40s 

running (0m17.9s), 00004/02704 VUs, 15243 complete and 0 interrupted iterations
flash     [  59% ] 00003/02703 VUs  17.6s/30s  0619.64 iters/s
watcher   [  44% ] 1 VUs            17.6s/40s 

running (0m18.9s), 00003/02704 VUs, 15839 complete and 0 interrupted iterations
flash     [  62% ] 00002/02703 VUs  18.6s/30s  0569.61 iters/s
watcher   [  47% ] 1 VUs            18.6s/40s 

running (0m19.9s), 00004/02704 VUs, 16384 complete and 0 interrupted iterations
flash     [  65% ] 00002/02703 VUs  19.6s/30s  0519.66 iters/s
watcher   [  49% ] 1 VUs            19.6s/40s 

running (0m20.9s), 00004/02704 VUs, 16880 complete and 0 interrupted iterations
flash     [  69% ] 00003/02703 VUs  20.6s/30s  0469.63 iters/s
watcher   [  52% ] 1 VUs            20.6s/40s 

running (0m21.9s), 00002/02704 VUs, 17327 complete and 0 interrupted iterations
flash     [  72% ] 00001/02703 VUs  21.6s/30s  0419.70 iters/s
watcher   [  54% ] 1 VUs            21.6s/40s 

running (0m22.9s), 00002/02704 VUs, 17723 complete and 0 interrupted iterations
flash     [  75% ] 00001/02703 VUs  22.6s/30s  0369.66 iters/s
watcher   [  57% ] 1 VUs            22.6s/40s 

running (0m23.9s), 00003/02704 VUs, 18068 complete and 0 interrupted iterations
flash     [  79% ] 00002/02703 VUs  23.6s/30s  0319.61 iters/s
watcher   [  59% ] 1 VUs            23.6s/40s 

running (0m24.9s), 00003/02704 VUs, 18364 complete and 0 interrupted iterations
flash     [  82% ] 00002/02703 VUs  24.6s/30s  0269.54 iters/s
watcher   [  62% ] 1 VUs            24.6s/40s 

running (0m25.9s), 00002/02704 VUs, 18610 complete and 0 interrupted iterations
flash     [  85% ] 00001/02703 VUs  25.6s/30s  0219.66 iters/s
watcher   [  64% ] 1 VUs            25.6s/40s 

running (0m26.9s), 00002/02704 VUs, 18806 complete and 0 interrupted iterations
flash     [  89% ] 00001/02703 VUs  26.6s/30s  0169.56 iters/s
watcher   [  67% ] 1 VUs            26.6s/40s 

running (0m27.9s), 00001/02704 VUs, 18952 complete and 0 interrupted iterations
flash     [  92% ] 00000/02703 VUs  27.6s/30s  0119.79 iters/s
watcher   [  69% ] 1 VUs            27.6s/40s 

running (0m28.9s), 00001/02704 VUs, 19048 complete and 0 interrupted iterations
flash     [  95% ] 00000/02703 VUs  28.6s/30s  0069.64 iters/s
watcher   [  72% ] 1 VUs            28.6s/40s 

running (0m29.9s), 00001/02704 VUs, 19094 complete and 0 interrupted iterations
flash     [  99% ] 00000/02703 VUs  29.6s/30s  0018.66 iters/s
watcher   [  74% ] 1 VUs            29.6s/40s 

running (0m30.9s), 00001/02704 VUs, 19098 complete and 0 interrupted iterations
flash   ✓ [ 100% ] 00000/02703 VUs  30s  0005.00 iters/s
watcher   [  77% ] 1 VUs            30.6s/40s

running (0m31.9s), 00001/02704 VUs, 19099 complete and 0 interrupted iterations
flash   ✓ [ 100% ] 00000/02703 VUs  30s  0005.00 iters/s
watcher   [  79% ] 1 VUs            31.6s/40s

running (0m32.9s), 00001/02704 VUs, 19100 complete and 0 interrupted iterations
flash   ✓ [ 100% ] 00000/02703 VUs  30s  0005.00 iters/s
watcher   [  82% ] 1 VUs            32.6s/40s

running (0m33.9s), 00001/02704 VUs, 19101 complete and 0 interrupted iterations
flash   ✓ [ 100% ] 00000/02703 VUs  30s  0005.00 iters/s
watcher   [  84% ] 1 VUs            33.6s/40s

running (0m34.9s), 00001/02704 VUs, 19102 complete and 0 interrupted iterations
flash   ✓ [ 100% ] 00000/02703 VUs  30s  0005.00 iters/s
watcher   [  87% ] 1 VUs            34.6s/40s

running (0m35.9s), 00001/02704 VUs, 19103 complete and 0 interrupted iterations
flash   ✓ [ 100% ] 00000/02703 VUs  30s  0005.00 iters/s
watcher   [  89% ] 1 VUs            35.6s/40s

running (0m36.9s), 00001/02704 VUs, 19104 complete and 0 interrupted iterations
flash   ✓ [ 100% ] 00000/02703 VUs  30s  0005.00 iters/s
watcher   [  92% ] 1 VUs            36.6s/40s

running (0m37.9s), 00001/02704 VUs, 19105 complete and 0 interrupted iterations
flash   ✓ [ 100% ] 00000/02703 VUs  30s  0005.00 iters/s
watcher   [  94% ] 1 VUs            37.6s/40s

running (0m38.9s), 00001/02704 VUs, 19106 complete and 0 interrupted iterations
flash   ✓ [ 100% ] 00000/02703 VUs  30s  0005.00 iters/s
watcher   [  97% ] 1 VUs            38.6s/40s

running (0m39.9s), 00001/02704 VUs, 19107 complete and 0 interrupted iterations
flash   ✓ [ 100% ] 00000/02703 VUs  30s  0005.00 iters/s
watcher   [  99% ] 1 VUs            39.6s/40s
time="2026-09-20T14:03:11-07:00" level=info msg="invariants after the flash sale: PASS" source=console
time="2026-09-20T14:03:11-07:00" level=info msg="final tally for event 54a1f803-ce5e-4d32-b708-dd877ca1293f (capacity 5000): 1968 sold, 6 held, 3026 available" source=console

thresholds: PASS willcall_flash_errors: rate<0.001
            PASS willcall_flash_server_errors: count==0
            PASS willcall_flash_hold_duration: p(99)<5000
            PASS willcall_invariants_held: rate==1

running (0m40.8s), 00000/02704 VUs, 19108 complete and 0 interrupted iterations
flash   ✓ [ 100% ] 00000/02703 VUs  30s  0005.00 iters/s
watcher ✓ [ 100% ] 1 VUs            40s 
