
         /\      Grafana   /‾‾/  
    /\  /  \     |\  __   /  /   
   /  \/    \    | |/ /  /   ‾‾\ 
  /          \   |   (  |  (‾)  |
 / __________ \  |_|\_\  \_____/ 


     execution: local
        script: load/scripts/flash.ts
        output: -

     scenarios: (100.00%) 2 scenarios, 12001 max VUs, 1m10s max duration (incl. graceful stop):
              * flash: Up to 1000.00 iterations/s for 30s over 2 stages (maxVUs: 2000-12000, gracefulStop: 30s)
              * watcher: 1 looping VUs for 40s (exec: watchInventory, gracefulStop: 30s)

time="2026-09-20T15:59:21-07:00" level=info msg="flash sale: 10000 buyers arriving in 10s for 5000 seats (event ec31525f-6c14-4eab-b4d9-818ecd352930)" source=console

running (0m00.9s), 00479/02001 VUs, 121 complete and 0 interrupted iterations
flash     [   2% ] 00478/02000 VUs  00.6s/30s  1000.00 iters/s
watcher   [   2% ] 1 VUs            00.6s/40s 

running (0m01.9s), 01212/02001 VUs, 389 complete and 0 interrupted iterations
flash     [   5% ] 01211/02000 VUs  01.6s/30s  1000.00 iters/s
watcher   [   4% ] 1 VUs            01.6s/40s 

running (0m02.9s), 01864/02001 VUs, 738 complete and 0 interrupted iterations
flash     [   9% ] 01863/02000 VUs  02.6s/30s  1000.00 iters/s
watcher   [   7% ] 1 VUs            02.6s/40s 

running (0m03.9s), 02121/02135 VUs, 1313 complete and 0 interrupted iterations
flash     [  12% ] 02120/02134 VUs  03.6s/30s  1000.00 iters/s
watcher   [   9% ] 1 VUs            03.6s/40s 

running (0m04.9s), 02226/02251 VUs, 2055 complete and 0 interrupted iterations
flash     [  15% ] 02225/02250 VUs  04.6s/30s  1000.00 iters/s
watcher   [  12% ] 1 VUs            04.6s/40s 

running (0m05.9s), 02305/02325 VUs, 2872 complete and 0 interrupted iterations
flash     [  19% ] 02304/02324 VUs  05.6s/30s  1000.00 iters/s
watcher   [  14% ] 1 VUs            05.6s/40s 

running (0m06.9s), 02367/02397 VUs, 3715 complete and 0 interrupted iterations
flash     [  22% ] 02366/02396 VUs  06.6s/30s  1000.00 iters/s
watcher   [  17% ] 1 VUs            06.6s/40s 

running (0m07.9s), 02188/02431 VUs, 4854 complete and 0 interrupted iterations
flash     [  25% ] 02187/02430 VUs  07.6s/30s  1000.00 iters/s
watcher   [  19% ] 1 VUs            07.6s/40s 
time="2026-09-20T15:59:29-07:00" level=info msg="sold out after 7.7 s" source=console

running (0m08.9s), 00811/02431 VUs, 7232 complete and 0 interrupted iterations
flash     [  29% ] 00810/02430 VUs  08.6s/30s  1000.00 iters/s
watcher   [  22% ] 1 VUs            08.6s/40s 

running (0m09.9s), 00007/02431 VUs, 9036 complete and 0 interrupted iterations
flash     [  32% ] 00007/02430 VUs  09.6s/30s  1000.00 iters/s
watcher   [  24% ] 1 VUs            09.6s/40s 

running (0m10.9s), 00008/02431 VUs, 10028 complete and 0 interrupted iterations
flash     [  35% ] 00007/02430 VUs  10.6s/30s  0970.08 iters/s
watcher   [  27% ] 1 VUs            10.6s/40s 

running (0m11.9s), 00007/02431 VUs, 10975 complete and 0 interrupted iterations
flash     [  39% ] 00006/02430 VUs  11.6s/30s  0920.08 iters/s
watcher   [  29% ] 1 VUs            11.6s/40s 

running (0m12.9s), 00006/02431 VUs, 11872 complete and 0 interrupted iterations
flash     [  42% ] 00005/02430 VUs  12.6s/30s  0870.09 iters/s
watcher   [  32% ] 1 VUs            12.6s/40s 

running (0m13.9s), 00005/02431 VUs, 12719 complete and 0 interrupted iterations
flash     [  45% ] 00004/02430 VUs  13.6s/30s  0820.09 iters/s
watcher   [  34% ] 1 VUs            13.6s/40s 

running (0m14.9s), 00006/02431 VUs, 13514 complete and 0 interrupted iterations
flash     [  49% ] 00006/02430 VUs  14.6s/30s  0770.03 iters/s
watcher   [  37% ] 1 VUs            14.6s/40s 

running (0m15.9s), 00003/02431 VUs, 14263 complete and 0 interrupted iterations
flash     [  52% ] 00002/02430 VUs  15.6s/30s  0720.10 iters/s
watcher   [  39% ] 1 VUs            15.6s/40s 

running (0m16.9s), 00005/02431 VUs, 14957 complete and 0 interrupted iterations
flash     [  55% ] 00004/02430 VUs  16.6s/30s  0670.11 iters/s
watcher   [  42% ] 1 VUs            16.6s/40s 

running (0m17.9s), 00004/02431 VUs, 15604 complete and 0 interrupted iterations
flash     [  59% ] 00003/02430 VUs  17.6s/30s  0620.12 iters/s
watcher   [  44% ] 1 VUs            17.6s/40s 

running (0m18.9s), 00003/02431 VUs, 16201 complete and 0 interrupted iterations
flash     [  62% ] 00002/02430 VUs  18.6s/30s  0570.13 iters/s
watcher   [  47% ] 1 VUs            18.6s/40s 

running (0m19.9s), 00003/02431 VUs, 16748 complete and 0 interrupted iterations
flash     [  65% ] 00002/02430 VUs  19.6s/30s  0520.05 iters/s
watcher   [  49% ] 1 VUs            19.6s/40s 

running (0m20.9s), 00003/02431 VUs, 17244 complete and 0 interrupted iterations
flash     [  69% ] 00002/02430 VUs  20.6s/30s  0470.05 iters/s
watcher   [  52% ] 1 VUs            20.6s/40s 

running (0m21.9s), 00003/02431 VUs, 17690 complete and 0 interrupted iterations
flash     [  72% ] 00002/02430 VUs  21.6s/30s  0420.06 iters/s
watcher   [  54% ] 1 VUs            21.6s/40s 

running (0m22.9s), 00002/02431 VUs, 18087 complete and 0 interrupted iterations
flash     [  75% ] 00001/02430 VUs  22.6s/30s  0370.07 iters/s
watcher   [  57% ] 1 VUs            22.6s/40s 

running (0m23.9s), 00003/02431 VUs, 18432 complete and 0 interrupted iterations
flash     [  79% ] 00002/02430 VUs  23.6s/30s  0320.08 iters/s
watcher   [  59% ] 1 VUs            23.6s/40s 

running (0m24.9s), 00002/02431 VUs, 18729 complete and 0 interrupted iterations
flash     [  82% ] 00001/02430 VUs  24.6s/30s  0270.09 iters/s
watcher   [  62% ] 1 VUs            24.6s/40s 

running (0m25.9s), 00002/02431 VUs, 18975 complete and 0 interrupted iterations
flash     [  85% ] 00001/02430 VUs  25.6s/30s  0220.11 iters/s
watcher   [  64% ] 1 VUs            25.6s/40s 

running (0m26.9s), 00001/02431 VUs, 19172 complete and 0 interrupted iterations
flash     [  89% ] 00000/02430 VUs  26.6s/30s  0170.15 iters/s
watcher   [  67% ] 1 VUs            26.6s/40s 

running (0m27.9s), 00001/02431 VUs, 19318 complete and 0 interrupted iterations
flash     [  92% ] 00000/02430 VUs  27.6s/30s  0120.21 iters/s
watcher   [  69% ] 1 VUs            27.6s/40s 

running (0m28.9s), 00001/02431 VUs, 19414 complete and 0 interrupted iterations
flash     [  95% ] 00000/02430 VUs  28.6s/30s  0070.36 iters/s
watcher   [  72% ] 1 VUs            28.6s/40s 

running (0m29.9s), 00001/02431 VUs, 19460 complete and 0 interrupted iterations
flash     [  99% ] 00000/02430 VUs  29.6s/30s  0021.18 iters/s
watcher   [  74% ] 1 VUs            29.6s/40s 

running (0m30.9s), 00001/02431 VUs, 19465 complete and 0 interrupted iterations
flash   ✓ [ 100% ] 00000/02430 VUs  30s  0005.00 iters/s
watcher   [  77% ] 1 VUs            30.6s/40s

running (0m31.9s), 00001/02431 VUs, 19466 complete and 0 interrupted iterations
flash   ✓ [ 100% ] 00000/02430 VUs  30s  0005.00 iters/s
watcher   [  79% ] 1 VUs            31.6s/40s

running (0m32.9s), 00001/02431 VUs, 19467 complete and 0 interrupted iterations
flash   ✓ [ 100% ] 00000/02430 VUs  30s  0005.00 iters/s
watcher   [  82% ] 1 VUs            32.6s/40s

running (0m33.9s), 00001/02431 VUs, 19468 complete and 0 interrupted iterations
flash   ✓ [ 100% ] 00000/02430 VUs  30s  0005.00 iters/s
watcher   [  84% ] 1 VUs            33.6s/40s

running (0m34.9s), 00001/02431 VUs, 19469 complete and 0 interrupted iterations
flash   ✓ [ 100% ] 00000/02430 VUs  30s  0005.00 iters/s
watcher   [  87% ] 1 VUs            34.6s/40s

running (0m35.9s), 00001/02431 VUs, 19470 complete and 0 interrupted iterations
flash   ✓ [ 100% ] 00000/02430 VUs  30s  0005.00 iters/s
watcher   [  89% ] 1 VUs            35.6s/40s

running (0m36.9s), 00001/02431 VUs, 19471 complete and 0 interrupted iterations
flash   ✓ [ 100% ] 00000/02430 VUs  30s  0005.00 iters/s
watcher   [  92% ] 1 VUs            36.6s/40s

running (0m37.9s), 00001/02431 VUs, 19472 complete and 0 interrupted iterations
flash   ✓ [ 100% ] 00000/02430 VUs  30s  0005.00 iters/s
watcher   [  94% ] 1 VUs            37.6s/40s

running (0m38.9s), 00001/02431 VUs, 19473 complete and 0 interrupted iterations
flash   ✓ [ 100% ] 00000/02430 VUs  30s  0005.00 iters/s
watcher   [  97% ] 1 VUs            38.6s/40s

running (0m39.9s), 00001/02431 VUs, 19474 complete and 0 interrupted iterations
flash   ✓ [ 100% ] 00000/02430 VUs  30s  0005.00 iters/s
watcher   [  99% ] 1 VUs            39.6s/40s

running (0m40.9s), 00001/02431 VUs, 19475 complete and 0 interrupted iterations
flash   ✓ [ 100% ] 00000/02430 VUs  30s  0005.00 iters/s
watcher ↓ [ 100% ] 1 VUs            40s 
time="2026-09-20T16:00:02-07:00" level=info msg="invariants after the flash sale: PASS" source=console
time="2026-09-20T16:00:02-07:00" level=info msg="final tally for event ec31525f-6c14-4eab-b4d9-818ecd352930 (capacity 5000): 3364 sold, 0 held, 1636 available" source=console

thresholds: PASS willcall_invariants_held: rate==1
            PASS willcall_flash_hold_duration: p(99)<5000
            PASS willcall_flash_errors: rate<0.001
            PASS willcall_flash_server_errors: count==0

running (0m41.1s), 00000/02431 VUs, 19476 complete and 0 interrupted iterations
flash   ✓ [ 100% ] 00000/02430 VUs  30s  0005.00 iters/s
watcher ✓ [ 100% ] 1 VUs            40s 
