
         /\      Grafana   /‾‾/  
    /\  /  \     |\  __   /  /   
   /  \/    \    | |/ /  /   ‾‾\ 
  /          \   |   (  |  (‾)  |
 / __________ \  |_|\_\  \_____/ 


     execution: local
        script: load/scripts/flash.ts
        output: -

     scenarios: (100.00%) 2 scenarios, 12001 max VUs, 1m10s max duration (incl. graceful stop):
              * flash: Up to 1000.00 iterations/s for 30s over 2 stages (maxVUs: 2000-12000, gracefulStop: 30s)
              * watcher: 1 looping VUs for 40s (exec: watchInventory, gracefulStop: 30s)

time="2026-09-20T14:37:11-07:00" level=info msg="flash sale: 10000 buyers arriving in 10s for 5000 seats (event e668fdfc-295d-42ce-92e9-2e215cc98433)" source=console

running (0m00.9s), 00496/02001 VUs, 111 complete and 0 interrupted iterations
flash     [   2% ] 00495/02000 VUs  00.6s/30s  1000.00 iters/s
watcher   [   2% ] 1 VUs            00.6s/40s 

running (0m01.9s), 01210/02001 VUs, 399 complete and 0 interrupted iterations
flash     [   5% ] 01209/02000 VUs  01.6s/30s  1000.00 iters/s
watcher   [   4% ] 1 VUs            01.6s/40s 

running (0m02.9s), 01901/02001 VUs, 709 complete and 0 interrupted iterations
flash     [   9% ] 01900/02000 VUs  02.6s/30s  1000.00 iters/s
watcher   [   7% ] 1 VUs            02.6s/40s 

running (0m03.9s), 02160/02160 VUs, 1219 complete and 0 interrupted iterations
flash     [  12% ] 02159/02159 VUs  03.6s/30s  1000.00 iters/s
watcher   [   9% ] 1 VUs            03.6s/40s 

running (0m04.9s), 02209/02211 VUs, 2105 complete and 0 interrupted iterations
flash     [  15% ] 02208/02210 VUs  04.6s/30s  1000.00 iters/s
watcher   [  12% ] 1 VUs            04.6s/40s 

running (0m05.9s), 02285/02285 VUs, 2936 complete and 0 interrupted iterations
flash     [  19% ] 02284/02284 VUs  05.6s/30s  1000.00 iters/s
watcher   [  14% ] 1 VUs            05.6s/40s 

running (0m06.9s), 02339/02339 VUs, 3807 complete and 0 interrupted iterations
flash     [  22% ] 02338/02338 VUs  06.6s/30s  1000.00 iters/s
watcher   [  17% ] 1 VUs            06.6s/40s 

running (0m07.9s), 02419/02449 VUs, 4584 complete and 0 interrupted iterations
flash     [  25% ] 02418/02448 VUs  07.6s/30s  1000.00 iters/s
watcher   [  19% ] 1 VUs            07.6s/40s 

running (0m08.9s), 01942/02449 VUs, 6062 complete and 0 interrupted iterations
flash     [  29% ] 01941/02448 VUs  08.6s/30s  1000.00 iters/s
watcher   [  22% ] 1 VUs            08.6s/40s 

running (0m09.9s), 01386/02449 VUs, 7618 complete and 0 interrupted iterations
flash     [  32% ] 01385/02448 VUs  09.6s/30s  1000.00 iters/s
watcher   [  24% ] 1 VUs            09.6s/40s 
time="2026-09-20T14:37:22-07:00" level=info msg="sold out after 10.5 s" source=console

running (0m10.9s), 00922/02449 VUs, 9074 complete and 0 interrupted iterations
flash     [  35% ] 00921/02448 VUs  10.6s/30s  0969.72 iters/s
watcher   [  27% ] 1 VUs            10.6s/40s 

running (0m11.9s), 00556/02449 VUs, 10386 complete and 0 interrupted iterations
flash     [  39% ] 00555/02448 VUs  11.6s/30s  0919.70 iters/s
watcher   [  29% ] 1 VUs            11.6s/40s 

running (0m12.9s), 00218/02449 VUs, 11621 complete and 0 interrupted iterations
flash     [  42% ] 00217/02448 VUs  12.6s/30s  0869.63 iters/s
watcher   [  32% ] 1 VUs            12.6s/40s 

running (0m13.9s), 00006/02449 VUs, 12678 complete and 0 interrupted iterations
flash     [  45% ] 00005/02448 VUs  13.6s/30s  0819.66 iters/s
watcher   [  34% ] 1 VUs            13.6s/40s 

running (0m14.9s), 00006/02449 VUs, 13474 complete and 0 interrupted iterations
flash     [  49% ] 00005/02448 VUs  14.6s/30s  0769.64 iters/s
watcher   [  37% ] 1 VUs            14.6s/40s 

running (0m15.9s), 00003/02449 VUs, 14222 complete and 0 interrupted iterations
flash     [  52% ] 00002/02448 VUs  15.6s/30s  0719.69 iters/s
watcher   [  39% ] 1 VUs            15.6s/40s 

running (0m16.9s), 00005/02449 VUs, 14917 complete and 0 interrupted iterations
flash     [  55% ] 00004/02448 VUs  16.6s/30s  0669.59 iters/s
watcher   [  42% ] 1 VUs            16.6s/40s 

running (0m17.9s), 00004/02449 VUs, 15563 complete and 0 interrupted iterations
flash     [  59% ] 00003/02448 VUs  17.6s/30s  0619.64 iters/s
watcher   [  44% ] 1 VUs            17.6s/40s 

running (0m18.9s), 00003/02449 VUs, 16159 complete and 0 interrupted iterations
flash     [  62% ] 00002/02448 VUs  18.6s/30s  0569.69 iters/s
watcher   [  47% ] 1 VUs            18.6s/40s 

running (0m19.9s), 00003/02449 VUs, 16705 complete and 0 interrupted iterations
flash     [  65% ] 00002/02448 VUs  19.6s/30s  0519.66 iters/s
watcher   [  49% ] 1 VUs            19.6s/40s 

running (0m20.9s), 00003/02449 VUs, 17201 complete and 0 interrupted iterations
flash     [  69% ] 00002/02448 VUs  20.6s/30s  0469.63 iters/s
watcher   [  52% ] 1 VUs            20.6s/40s 

running (0m21.9s), 00002/02449 VUs, 17647 complete and 0 interrupted iterations
flash     [  72% ] 00001/02448 VUs  21.6s/30s  0419.70 iters/s
watcher   [  54% ] 1 VUs            21.6s/40s 

running (0m22.9s), 00003/02449 VUs, 18042 complete and 0 interrupted iterations
flash     [  75% ] 00002/02448 VUs  22.6s/30s  0369.66 iters/s
watcher   [  57% ] 1 VUs            22.6s/40s 

running (0m23.9s), 00003/02449 VUs, 18388 complete and 0 interrupted iterations
flash     [  79% ] 00002/02448 VUs  23.6s/30s  0319.61 iters/s
watcher   [  59% ] 1 VUs            23.6s/40s 

running (0m24.9s), 00002/02449 VUs, 18684 complete and 0 interrupted iterations
flash     [  82% ] 00001/02448 VUs  24.6s/30s  0269.72 iters/s
watcher   [  62% ] 1 VUs            24.6s/40s 

running (0m25.9s), 00002/02449 VUs, 18930 complete and 0 interrupted iterations
flash     [  85% ] 00001/02448 VUs  25.6s/30s  0219.66 iters/s
watcher   [  64% ] 1 VUs            25.6s/40s 

running (0m26.9s), 00002/02449 VUs, 19126 complete and 0 interrupted iterations
flash     [  89% ] 00001/02448 VUs  26.6s/30s  0169.56 iters/s
watcher   [  67% ] 1 VUs            26.6s/40s 

running (0m27.9s), 00001/02449 VUs, 19272 complete and 0 interrupted iterations
flash     [  92% ] 00000/02448 VUs  27.6s/30s  0119.79 iters/s
watcher   [  69% ] 1 VUs            27.6s/40s 

running (0m28.9s), 00001/02449 VUs, 19368 complete and 0 interrupted iterations
flash     [  95% ] 00000/02448 VUs  28.6s/30s  0069.64 iters/s
watcher   [  72% ] 1 VUs            28.6s/40s 

running (0m29.9s), 00001/02449 VUs, 19414 complete and 0 interrupted iterations
flash     [  99% ] 00000/02448 VUs  29.6s/30s  0018.66 iters/s
watcher   [  74% ] 1 VUs            29.6s/40s 

running (0m30.9s), 00001/02449 VUs, 19418 complete and 0 interrupted iterations
flash   ✓ [ 100% ] 00000/02448 VUs  30s  0005.00 iters/s
watcher   [  77% ] 1 VUs            30.6s/40s

running (0m31.9s), 00001/02449 VUs, 19419 complete and 0 interrupted iterations
flash   ✓ [ 100% ] 00000/02448 VUs  30s  0005.00 iters/s
watcher   [  79% ] 1 VUs            31.6s/40s

running (0m32.9s), 00001/02449 VUs, 19420 complete and 0 interrupted iterations
flash   ✓ [ 100% ] 00000/02448 VUs  30s  0005.00 iters/s
watcher   [  82% ] 1 VUs            32.6s/40s

running (0m33.9s), 00001/02449 VUs, 19421 complete and 0 interrupted iterations
flash   ✓ [ 100% ] 00000/02448 VUs  30s  0005.00 iters/s
watcher   [  84% ] 1 VUs            33.6s/40s

running (0m34.9s), 00001/02449 VUs, 19422 complete and 0 interrupted iterations
flash   ✓ [ 100% ] 00000/02448 VUs  30s  0005.00 iters/s
watcher   [  87% ] 1 VUs            34.6s/40s

running (0m35.9s), 00001/02449 VUs, 19423 complete and 0 interrupted iterations
flash   ✓ [ 100% ] 00000/02448 VUs  30s  0005.00 iters/s
watcher   [  89% ] 1 VUs            35.6s/40s

running (0m36.9s), 00001/02449 VUs, 19424 complete and 0 interrupted iterations
flash   ✓ [ 100% ] 00000/02448 VUs  30s  0005.00 iters/s
watcher   [  92% ] 1 VUs            36.6s/40s

running (0m37.9s), 00001/02449 VUs, 19425 complete and 0 interrupted iterations
flash   ✓ [ 100% ] 00000/02448 VUs  30s  0005.00 iters/s
watcher   [  94% ] 1 VUs            37.6s/40s

running (0m38.9s), 00001/02449 VUs, 19426 complete and 0 interrupted iterations
flash   ✓ [ 100% ] 00000/02448 VUs  30s  0005.00 iters/s
watcher   [  97% ] 1 VUs            38.6s/40s

running (0m39.9s), 00001/02449 VUs, 19427 complete and 0 interrupted iterations
flash   ✓ [ 100% ] 00000/02448 VUs  30s  0005.00 iters/s
watcher   [  99% ] 1 VUs            39.6s/40s
time="2026-09-20T14:37:52-07:00" level=info msg="invariants after the flash sale: PASS" source=console
time="2026-09-20T14:37:52-07:00" level=info msg="final tally for event e668fdfc-295d-42ce-92e9-2e215cc98433 (capacity 5000): 3078 sold, 0 held, 1922 available" source=console

thresholds: PASS willcall_flash_errors: rate<0.001
            PASS willcall_invariants_held: rate==1
            PASS willcall_flash_hold_duration: p(99)<5000
            PASS willcall_flash_server_errors: count==0

running (0m40.8s), 00000/02449 VUs, 19428 complete and 0 interrupted iterations
flash   ✓ [ 100% ] 00000/02448 VUs  30s  0005.00 iters/s
watcher ✓ [ 100% ] 1 VUs            40s 
