
         /\      Grafana   /‾‾/  
    /\  /  \     |\  __   /  /   
   /  \/    \    | |/ /  /   ‾‾\ 
  /          \   |   (  |  (‾)  |
 / __________ \  |_|\_\  \_____/ 


     execution: local
        script: load/scripts/flash.ts
        output: -

     scenarios: (100.00%) 1 scenario, 12000 max VUs, 1m0s max duration (incl. graceful stop):
              * flash: Up to 1000.00 iterations/s for 30s over 2 stages (maxVUs: 2000-12000, gracefulStop: 30s)

time="2026-09-20T13:59:07-07:00" level=info msg="flash sale: 10000 buyers arriving in 10s for 5000 seats (event 93cabef7-b9d3-4aa6-9db0-915606649eea)" source=console

running (0m00.9s), 00469/02000 VUs, 3 complete and 0 interrupted iterations
flash   [   2% ] 00469/02000 VUs  00.5s/30s  1000.00 iters/s

running (0m01.9s), 01430/02000 VUs, 41 complete and 0 interrupted iterations
flash   [   5% ] 01430/02000 VUs  01.5s/30s  1000.00 iters/s

running (0m02.9s), 02111/02111 VUs, 220 complete and 0 interrupted iterations
flash   [   8% ] 02111/02111 VUs  02.5s/30s  1000.00 iters/s

running (0m03.9s), 02289/02294 VUs, 794 complete and 0 interrupted iterations
flash   [  12% ] 02289/02294 VUs  03.5s/30s  1000.00 iters/s

running (0m04.9s), 02356/02357 VUs, 1644 complete and 0 interrupted iterations
flash   [  15% ] 02356/02357 VUs  04.5s/30s  1000.00 iters/s

running (0m05.9s), 02445/02445 VUs, 2439 complete and 0 interrupted iterations
flash   [  18% ] 02445/02445 VUs  05.5s/30s  1000.00 iters/s

running (0m06.9s), 02547/02547 VUs, 3206 complete and 0 interrupted iterations
flash   [  22% ] 02547/02547 VUs  06.5s/30s  1000.00 iters/s

running (0m07.9s), 02653/02654 VUs, 3958 complete and 0 interrupted iterations
flash   [  25% ] 02653/02654 VUs  07.5s/30s  1000.00 iters/s

running (0m08.9s), 02672/02679 VUs, 4908 complete and 0 interrupted iterations
flash   [  28% ] 02672/02679 VUs  08.5s/30s  1000.00 iters/s

running (0m09.9s), 02690/02711 VUs, 5848 complete and 0 interrupted iterations
flash   [  32% ] 02690/02711 VUs  09.5s/30s  1000.00 iters/s

running (0m10.9s), 02615/02711 VUs, 6917 complete and 0 interrupted iterations
flash   [  35% ] 02615/02711 VUs  10.5s/30s  0976.40 iters/s

running (0m11.9s), 02570/02711 VUs, 7914 complete and 0 interrupted iterations
flash   [  38% ] 02570/02711 VUs  11.5s/30s  0926.36 iters/s

running (0m12.9s), 02456/02711 VUs, 8929 complete and 0 interrupted iterations
flash   [  42% ] 02456/02711 VUs  12.5s/30s  0876.39 iters/s

running (0m13.9s), 02371/02711 VUs, 9866 complete and 0 interrupted iterations
flash   [  45% ] 02371/02711 VUs  13.5s/30s  0826.35 iters/s

running (0m14.9s), 02238/02711 VUs, 10800 complete and 0 interrupted iterations
flash   [  48% ] 02238/02711 VUs  14.5s/30s  0776.37 iters/s

running (0m15.9s), 02127/02711 VUs, 11662 complete and 0 interrupted iterations
flash   [  52% ] 02127/02711 VUs  15.5s/30s  0726.40 iters/s

running (0m16.9s), 02069/02711 VUs, 12422 complete and 0 interrupted iterations
flash   [  55% ] 02069/02711 VUs  16.5s/30s  0676.35 iters/s

running (0m17.9s), 01962/02711 VUs, 13180 complete and 0 interrupted iterations
flash   [  58% ] 01962/02711 VUs  17.5s/30s  0626.38 iters/s

running (0m18.9s), 01843/02711 VUs, 13900 complete and 0 interrupted iterations
flash   [  62% ] 01843/02711 VUs  18.5s/30s  0576.41 iters/s

running (0m19.9s), 01699/02711 VUs, 14596 complete and 0 interrupted iterations
flash   [  65% ] 01699/02711 VUs  19.5s/30s  0526.36 iters/s

running (0m20.9s), 01569/02711 VUs, 15227 complete and 0 interrupted iterations
flash   [  68% ] 01569/02711 VUs  20.5s/30s  0476.39 iters/s

running (0m21.9s), 01470/02711 VUs, 15778 complete and 0 interrupted iterations
flash   [  72% ] 01470/02711 VUs  21.5s/30s  0426.32 iters/s

running (0m22.9s), 01356/02711 VUs, 16293 complete and 0 interrupted iterations
flash   [  75% ] 01356/02711 VUs  22.5s/30s  0376.36 iters/s

running (0m23.9s), 01214/02711 VUs, 16786 complete and 0 interrupted iterations
flash   [  78% ] 01214/02711 VUs  23.5s/30s  0326.42 iters/s

running (0m24.9s), 01022/02711 VUs, 17280 complete and 0 interrupted iterations
flash   [  82% ] 01022/02711 VUs  24.5s/30s  0276.31 iters/s

running (0m25.9s), 00864/02711 VUs, 17689 complete and 0 interrupted iterations
flash   [  85% ] 00864/02711 VUs  25.5s/30s  0226.38 iters/s

running (0m26.9s), 00684/02711 VUs, 18071 complete and 0 interrupted iterations
flash   [  88% ] 00683/02711 VUs  26.5s/30s  0176.21 iters/s

running (0m27.9s), 00512/02711 VUs, 18394 complete and 0 interrupted iterations
flash   [  92% ] 00512/02711 VUs  27.5s/30s  0126.29 iters/s

running (0m28.9s), 00367/02711 VUs, 18640 complete and 0 interrupted iterations
flash   [  95% ] 00367/02711 VUs  28.5s/30s  0076.48 iters/s

running (0m29.9s), 00207/02711 VUs, 18852 complete and 0 interrupted iterations
flash   [  98% ] 00207/02711 VUs  29.5s/30s  0025.48 iters/s

running (0m30.9s), 00073/02711 VUs, 18992 complete and 0 interrupted iterations
flash ↓ [ 100% ] 00140/02711 VUs  30s  0005.00 iters/s
time="2026-09-20T13:59:38-07:00" level=info msg="invariants after the flash sale: PASS" source=console
time="2026-09-20T13:59:38-07:00" level=info msg="final tally for event 93cabef7-b9d3-4aa6-9db0-915606649eea (capacity 5000): 1037 sold, 3892 held, 71 available" source=console

thresholds: PASS willcall_flash_server_errors: count==0
            PASS willcall_flash_errors: rate<0.001
            FAIL willcall_flash_hold_duration: p(99)<5000
            PASS willcall_invariants_held: rate==1

running (0m31.5s), 00000/02711 VUs, 19065 complete and 0 interrupted iterations
flash ✓ [ 100% ] 00000/02711 VUs  30s  0005.00 iters/s
time="2026-09-20T13:59:38-07:00" level=error msg="thresholds on metrics 'willcall_flash_hold_duration' have been crossed"
