
         /\      Grafana   /‾‾/  
    /\  /  \     |\  __   /  /   
   /  \/    \    | |/ /  /   ‾‾\ 
  /          \   |   (  |  (‾)  |
 / __________ \  |_|\_\  \_____/ 


     execution: local
        script: load/scripts/flash.ts
        output: -

     scenarios: (100.00%) 2 scenarios, 12001 max VUs, 1m10s max duration (incl. graceful stop):
              * flash: Up to 1000.00 iterations/s for 30s over 2 stages (maxVUs: 2000-12000, gracefulStop: 30s)
              * watcher: 1 looping VUs for 40s (exec: watchInventory, gracefulStop: 30s)

time="2026-09-20T14:14:42-07:00" level=info msg="flash sale: 10000 buyers arriving in 10s for 5000 seats (event 92e55697-c21b-4333-b13d-18a41a2f0512)" source=console

running (0m00.9s), 00451/02001 VUs, 156 complete and 0 interrupted iterations
flash     [   2% ] 00450/02000 VUs  00.6s/30s  1000.00 iters/s
watcher   [   2% ] 1 VUs            00.6s/40s 

running (0m01.9s), 01096/02001 VUs, 511 complete and 0 interrupted iterations
flash     [   5% ] 01095/02000 VUs  01.6s/30s  1000.00 iters/s
watcher   [   4% ] 1 VUs            01.6s/40s 

running (0m02.9s), 01724/02001 VUs, 885 complete and 0 interrupted iterations
flash     [   9% ] 01723/02000 VUs  02.6s/30s  1000.00 iters/s
watcher   [   7% ] 1 VUs            02.6s/40s 

running (0m03.9s), 02060/02084 VUs, 1434 complete and 0 interrupted iterations
flash     [  12% ] 02059/02083 VUs  03.6s/30s  1000.00 iters/s
watcher   [   9% ] 1 VUs            03.6s/40s 

running (0m04.9s), 02200/02218 VUs, 2121 complete and 0 interrupted iterations
flash     [  15% ] 02200/02217 VUs  04.6s/30s  1000.00 iters/s
watcher   [  12% ] 1 VUs            04.6s/40s 

running (0m05.9s), 02242/02288 VUs, 2986 complete and 0 interrupted iterations
flash     [  19% ] 02241/02287 VUs  05.6s/30s  1000.00 iters/s
watcher   [  14% ] 1 VUs            05.6s/40s 

running (0m06.9s), 02293/02341 VUs, 3863 complete and 0 interrupted iterations
flash     [  22% ] 02292/02340 VUs  06.6s/30s  1000.00 iters/s
watcher   [  17% ] 1 VUs            06.6s/40s 

running (0m07.9s), 01824/02342 VUs, 5332 complete and 0 interrupted iterations
flash     [  25% ] 01823/02341 VUs  07.6s/30s  1000.00 iters/s
watcher   [  19% ] 1 VUs            07.6s/40s 
time="2026-09-20T14:14:51-07:00" level=info msg="sold out after 8.3 s" source=console

running (0m08.9s), 00303/02342 VUs, 7854 complete and 0 interrupted iterations
flash     [  29% ] 00302/02341 VUs  08.6s/30s  1000.00 iters/s
watcher   [  22% ] 1 VUs            08.6s/40s 

running (0m09.9s), 00011/02342 VUs, 9147 complete and 0 interrupted iterations
flash     [  32% ] 00010/02341 VUs  09.6s/30s  1000.00 iters/s
watcher   [  24% ] 1 VUs            09.6s/40s 

running (0m10.9s), 00010/02342 VUs, 10141 complete and 0 interrupted iterations
flash     [  35% ] 00009/02341 VUs  10.6s/30s  0969.67 iters/s
watcher   [  27% ] 1 VUs            10.6s/40s 

running (0m11.9s), 00009/02342 VUs, 11087 complete and 0 interrupted iterations
flash     [  39% ] 00008/02341 VUs  11.6s/30s  0919.70 iters/s
watcher   [  29% ] 1 VUs            11.6s/40s 

running (0m12.9s), 00008/02342 VUs, 11984 complete and 0 interrupted iterations
flash     [  42% ] 00007/02341 VUs  12.6s/30s  0869.68 iters/s
watcher   [  32% ] 1 VUs            12.6s/40s 

running (0m13.9s), 00007/02342 VUs, 12830 complete and 0 interrupted iterations
flash     [  45% ] 00006/02341 VUs  13.6s/30s  0819.73 iters/s
watcher   [  34% ] 1 VUs            13.6s/40s 

running (0m14.9s), 00008/02342 VUs, 13625 complete and 0 interrupted iterations
flash     [  49% ] 00007/02341 VUs  14.6s/30s  0769.71 iters/s
watcher   [  37% ] 1 VUs            14.6s/40s 

running (0m15.9s), 00009/02342 VUs, 14370 complete and 0 interrupted iterations
flash     [  52% ] 00008/02341 VUs  15.6s/30s  0719.69 iters/s
watcher   [  39% ] 1 VUs            15.6s/40s 

running (0m16.9s), 00007/02342 VUs, 15067 complete and 0 interrupted iterations
flash     [  55% ] 00006/02341 VUs  16.6s/30s  0669.74 iters/s
watcher   [  42% ] 1 VUs            16.6s/40s 

running (0m17.9s), 00007/02342 VUs, 15713 complete and 0 interrupted iterations
flash     [  59% ] 00006/02341 VUs  17.6s/30s  0619.72 iters/s
watcher   [  44% ] 1 VUs            17.6s/40s 

running (0m18.9s), 00006/02342 VUs, 16310 complete and 0 interrupted iterations
flash     [  62% ] 00005/02341 VUs  18.6s/30s  0569.69 iters/s
watcher   [  47% ] 1 VUs            18.6s/40s 

running (0m19.9s), 00006/02342 VUs, 16856 complete and 0 interrupted iterations
flash     [  65% ] 00005/02341 VUs  19.6s/30s  0519.66 iters/s
watcher   [  49% ] 1 VUs            19.6s/40s 

running (0m20.9s), 00006/02342 VUs, 17352 complete and 0 interrupted iterations
flash     [  69% ] 00005/02341 VUs  20.6s/30s  0469.63 iters/s
watcher   [  52% ] 1 VUs            20.6s/40s 

running (0m21.9s), 00004/02342 VUs, 17799 complete and 0 interrupted iterations
flash     [  72% ] 00003/02341 VUs  21.6s/30s  0419.70 iters/s
watcher   [  54% ] 1 VUs            21.6s/40s 

running (0m22.9s), 00003/02342 VUs, 18196 complete and 0 interrupted iterations
flash     [  75% ] 00002/02341 VUs  22.6s/30s  0369.66 iters/s
watcher   [  57% ] 1 VUs            22.6s/40s 

running (0m23.9s), 00002/02342 VUs, 18542 complete and 0 interrupted iterations
flash     [  79% ] 00001/02341 VUs  23.6s/30s  0319.77 iters/s
watcher   [  59% ] 1 VUs            23.6s/40s 

running (0m24.9s), 00002/02342 VUs, 18838 complete and 0 interrupted iterations
flash     [  82% ] 00001/02341 VUs  24.6s/30s  0269.72 iters/s
watcher   [  62% ] 1 VUs            24.6s/40s 

running (0m25.9s), 00002/02342 VUs, 19084 complete and 0 interrupted iterations
flash     [  85% ] 00001/02341 VUs  25.6s/30s  0219.66 iters/s
watcher   [  64% ] 1 VUs            25.6s/40s 

running (0m26.9s), 00002/02342 VUs, 19280 complete and 0 interrupted iterations
flash     [  89% ] 00001/02341 VUs  26.6s/30s  0169.56 iters/s
watcher   [  67% ] 1 VUs            26.6s/40s 

running (0m27.9s), 00002/02342 VUs, 19425 complete and 0 interrupted iterations
flash     [  92% ] 00001/02341 VUs  27.6s/30s  0119.79 iters/s
watcher   [  69% ] 1 VUs            27.6s/40s 

running (0m28.9s), 00001/02342 VUs, 19522 complete and 0 interrupted iterations
flash     [  95% ] 00000/02341 VUs  28.6s/30s  0069.64 iters/s
watcher   [  72% ] 1 VUs            28.6s/40s 

running (0m29.9s), 00001/02342 VUs, 19568 complete and 0 interrupted iterations
flash     [  99% ] 00000/02341 VUs  29.6s/30s  0018.66 iters/s
watcher   [  74% ] 1 VUs            29.6s/40s 

running (0m30.9s), 00001/02342 VUs, 19572 complete and 0 interrupted iterations
flash   ✓ [ 100% ] 00000/02341 VUs  30s  0005.00 iters/s
watcher   [  77% ] 1 VUs            30.6s/40s

running (0m31.9s), 00001/02342 VUs, 19573 complete and 0 interrupted iterations
flash   ✓ [ 100% ] 00000/02341 VUs  30s  0005.00 iters/s
watcher   [  79% ] 1 VUs            31.6s/40s

running (0m32.9s), 00001/02342 VUs, 19574 complete and 0 interrupted iterations
flash   ✓ [ 100% ] 00000/02341 VUs  30s  0005.00 iters/s
watcher   [  82% ] 1 VUs            32.6s/40s

running (0m33.9s), 00001/02342 VUs, 19575 complete and 0 interrupted iterations
flash   ✓ [ 100% ] 00000/02341 VUs  30s  0005.00 iters/s
watcher   [  84% ] 1 VUs            33.6s/40s

running (0m34.9s), 00001/02342 VUs, 19576 complete and 0 interrupted iterations
flash   ✓ [ 100% ] 00000/02341 VUs  30s  0005.00 iters/s
watcher   [  87% ] 1 VUs            34.6s/40s

running (0m35.9s), 00001/02342 VUs, 19577 complete and 0 interrupted iterations
flash   ✓ [ 100% ] 00000/02341 VUs  30s  0005.00 iters/s
watcher   [  89% ] 1 VUs            35.6s/40s

running (0m36.9s), 00001/02342 VUs, 19578 complete and 0 interrupted iterations
flash   ✓ [ 100% ] 00000/02341 VUs  30s  0005.00 iters/s
watcher   [  92% ] 1 VUs            36.6s/40s

running (0m37.9s), 00001/02342 VUs, 19579 complete and 0 interrupted iterations
flash   ✓ [ 100% ] 00000/02341 VUs  30s  0005.00 iters/s
watcher   [  94% ] 1 VUs            37.6s/40s

running (0m38.9s), 00001/02342 VUs, 19580 complete and 0 interrupted iterations
flash   ✓ [ 100% ] 00000/02341 VUs  30s  0005.00 iters/s
watcher   [  97% ] 1 VUs            38.6s/40s

running (0m39.9s), 00001/02342 VUs, 19581 complete and 0 interrupted iterations
flash   ✓ [ 100% ] 00000/02341 VUs  30s  0005.00 iters/s
watcher   [  99% ] 1 VUs            39.6s/40s
time="2026-09-20T14:15:23-07:00" level=info msg="invariants after the flash sale: PASS" source=console
time="2026-09-20T14:15:23-07:00" level=info msg="final tally for event 92e55697-c21b-4333-b13d-18a41a2f0512 (capacity 5000): 3516 sold, 0 held, 1484 available" source=console

thresholds: PASS willcall_invariants_held: rate==1
            PASS willcall_flash_errors: rate<0.001
            PASS willcall_flash_hold_duration: p(99)<5000
            PASS willcall_flash_server_errors: count==0

running (0m40.7s), 00000/02342 VUs, 19582 complete and 0 interrupted iterations
flash   ✓ [ 100% ] 00000/02341 VUs  30s  0005.00 iters/s
watcher ✓ [ 100% ] 1 VUs            40s 
