
         /\      Grafana   /‾‾/  
    /\  /  \     |\  __   /  /   
   /  \/    \    | |/ /  /   ‾‾\ 
  /          \   |   (  |  (‾)  |
 / __________ \  |_|\_\  \_____/ 


     execution: local
        script: load/scripts/flash.ts
        output: -

     scenarios: (100.00%) 2 scenarios, 12001 max VUs, 1m10s max duration (incl. graceful stop):
              * flash: Up to 1000.00 iterations/s for 30s over 2 stages (maxVUs: 2000-12000, gracefulStop: 30s)
              * watcher: 1 looping VUs for 40s (exec: watchInventory, gracefulStop: 30s)

time="2026-09-20T14:23:50-07:00" level=info msg="flash sale: 10000 buyers arriving in 10s for 5000 seats (event 81c2779c-5c1b-4b17-a9b5-e428fd514737)" source=console

running (0m00.9s), 00469/02001 VUs, 141 complete and 0 interrupted iterations
flash     [   2% ] 00468/02000 VUs  00.6s/30s  1000.00 iters/s
watcher   [   2% ] 1 VUs            00.6s/40s 

running (0m01.9s), 01164/02001 VUs, 446 complete and 0 interrupted iterations
flash     [   5% ] 01163/02000 VUs  01.6s/30s  1000.00 iters/s
watcher   [   4% ] 1 VUs            01.6s/40s 

running (0m02.9s), 01785/02001 VUs, 827 complete and 0 interrupted iterations
flash     [   9% ] 01784/02000 VUs  02.6s/30s  1000.00 iters/s
watcher   [   7% ] 1 VUs            02.6s/40s 

running (0m03.9s), 02119/02120 VUs, 1334 complete and 0 interrupted iterations
flash     [  12% ] 02118/02119 VUs  03.6s/30s  1000.00 iters/s
watcher   [   9% ] 1 VUs            03.6s/40s 

running (0m04.9s), 02202/02228 VUs, 2110 complete and 0 interrupted iterations
flash     [  15% ] 02201/02227 VUs  04.6s/30s  1000.00 iters/s
watcher   [  12% ] 1 VUs            04.6s/40s 

running (0m05.9s), 02275/02309 VUs, 2934 complete and 0 interrupted iterations
flash     [  19% ] 02274/02308 VUs  05.6s/30s  1000.00 iters/s
watcher   [  14% ] 1 VUs            05.6s/40s 

running (0m06.9s), 02323/02365 VUs, 3800 complete and 0 interrupted iterations
flash     [  22% ] 02322/02364 VUs  06.6s/30s  1000.00 iters/s
watcher   [  17% ] 1 VUs            06.6s/40s 
time="2026-09-20T14:23:58-07:00" level=info msg="sold out after 7.5 s" source=console

running (0m07.9s), 01886/02381 VUs, 5211 complete and 0 interrupted iterations
flash     [  25% ] 01886/02380 VUs  07.6s/30s  1000.00 iters/s
watcher   [  19% ] 1 VUs            07.6s/40s 

running (0m08.9s), 00215/02381 VUs, 7884 complete and 0 interrupted iterations
flash     [  29% ] 00214/02380 VUs  08.6s/30s  1000.00 iters/s
watcher   [  22% ] 1 VUs            08.6s/40s 

running (0m09.9s), 00005/02381 VUs, 9094 complete and 0 interrupted iterations
flash     [  32% ] 00004/02380 VUs  09.6s/30s  1000.00 iters/s
watcher   [  24% ] 1 VUs            09.6s/40s 

running (0m10.9s), 00005/02381 VUs, 10086 complete and 0 interrupted iterations
flash     [  35% ] 00004/02380 VUs  10.6s/30s  0969.56 iters/s
watcher   [  27% ] 1 VUs            10.6s/40s 

running (0m11.9s), 00004/02381 VUs, 11032 complete and 0 interrupted iterations
flash     [  39% ] 00003/02380 VUs  11.6s/30s  0919.59 iters/s
watcher   [  29% ] 1 VUs            11.6s/40s 

running (0m12.9s), 00004/02381 VUs, 11928 complete and 0 interrupted iterations
flash     [  42% ] 00003/02380 VUs  12.6s/30s  0869.57 iters/s
watcher   [  32% ] 1 VUs            12.6s/40s 

running (0m13.9s), 00005/02381 VUs, 12773 complete and 0 interrupted iterations
flash     [  45% ] 00004/02380 VUs  13.6s/30s  0819.54 iters/s
watcher   [  34% ] 1 VUs            13.6s/40s 

running (0m14.9s), 00004/02381 VUs, 13569 complete and 0 interrupted iterations
flash     [  49% ] 00003/02380 VUs  14.6s/30s  0769.58 iters/s
watcher   [  37% ] 1 VUs            14.6s/40s 

running (0m15.9s), 00003/02381 VUs, 14315 complete and 0 interrupted iterations
flash     [  52% ] 00002/02380 VUs  15.6s/30s  0719.62 iters/s
watcher   [  39% ] 1 VUs            15.6s/40s 

running (0m16.9s), 00003/02381 VUs, 15011 complete and 0 interrupted iterations
flash     [  55% ] 00002/02380 VUs  16.6s/30s  0669.59 iters/s
watcher   [  42% ] 1 VUs            16.6s/40s 

running (0m17.9s), 00004/02381 VUs, 15656 complete and 0 interrupted iterations
flash     [  59% ] 00003/02380 VUs  17.6s/30s  0619.56 iters/s
watcher   [  44% ] 1 VUs            17.6s/40s 

running (0m18.9s), 00002/02381 VUs, 16253 complete and 0 interrupted iterations
flash     [  62% ] 00001/02380 VUs  18.6s/30s  0569.61 iters/s
watcher   [  47% ] 1 VUs            18.6s/40s 

running (0m19.9s), 00004/02381 VUs, 16797 complete and 0 interrupted iterations
flash     [  65% ] 00003/02380 VUs  19.6s/30s  0519.57 iters/s
watcher   [  49% ] 1 VUs            19.6s/40s 

running (0m20.9s), 00007/02381 VUs, 17289 complete and 0 interrupted iterations
flash     [  69% ] 00006/02380 VUs  20.6s/30s  0469.63 iters/s
watcher   [  52% ] 1 VUs            20.6s/40s 

running (0m21.9s), 00002/02381 VUs, 17740 complete and 0 interrupted iterations
flash     [  72% ] 00001/02380 VUs  21.6s/30s  0419.58 iters/s
watcher   [  54% ] 1 VUs            21.6s/40s 

running (0m22.9s), 00003/02381 VUs, 18135 complete and 0 interrupted iterations
flash     [  75% ] 00002/02380 VUs  22.6s/30s  0369.53 iters/s
watcher   [  57% ] 1 VUs            22.6s/40s 

running (0m23.9s), 00002/02381 VUs, 18481 complete and 0 interrupted iterations
flash     [  79% ] 00001/02380 VUs  23.6s/30s  0319.61 iters/s
watcher   [  59% ] 1 VUs            23.6s/40s 

running (0m24.9s), 00002/02381 VUs, 18777 complete and 0 interrupted iterations
flash     [  82% ] 00001/02380 VUs  24.6s/30s  0269.54 iters/s
watcher   [  62% ] 1 VUs            24.6s/40s 

running (0m25.9s), 00002/02381 VUs, 19022 complete and 0 interrupted iterations
flash     [  85% ] 00001/02380 VUs  25.6s/30s  0219.66 iters/s
watcher   [  64% ] 1 VUs            25.6s/40s 

running (0m26.9s), 00002/02381 VUs, 19218 complete and 0 interrupted iterations
flash     [  89% ] 00001/02380 VUs  26.6s/30s  0169.56 iters/s
watcher   [  67% ] 1 VUs            26.6s/40s 

running (0m27.9s), 00002/02381 VUs, 19364 complete and 0 interrupted iterations
flash     [  92% ] 00001/02380 VUs  27.6s/30s  0119.37 iters/s
watcher   [  69% ] 1 VUs            27.6s/40s 

running (0m28.9s), 00001/02381 VUs, 19460 complete and 0 interrupted iterations
flash     [  95% ] 00000/02380 VUs  28.6s/30s  0069.64 iters/s
watcher   [  72% ] 1 VUs            28.6s/40s 

running (0m29.9s), 00001/02381 VUs, 19506 complete and 0 interrupted iterations
flash     [  99% ] 00000/02380 VUs  29.6s/30s  0018.66 iters/s
watcher   [  74% ] 1 VUs            29.6s/40s 

running (0m30.9s), 00001/02381 VUs, 19510 complete and 0 interrupted iterations
flash   ✓ [ 100% ] 00000/02380 VUs  30s  0005.00 iters/s
watcher   [  77% ] 1 VUs            30.6s/40s

running (0m31.9s), 00001/02381 VUs, 19511 complete and 0 interrupted iterations
flash   ✓ [ 100% ] 00000/02380 VUs  30s  0005.00 iters/s
watcher   [  79% ] 1 VUs            31.6s/40s

running (0m32.9s), 00001/02381 VUs, 19512 complete and 0 interrupted iterations
flash   ✓ [ 100% ] 00000/02380 VUs  30s  0005.00 iters/s
watcher   [  82% ] 1 VUs            32.6s/40s

running (0m33.9s), 00001/02381 VUs, 19513 complete and 0 interrupted iterations
flash   ✓ [ 100% ] 00000/02380 VUs  30s  0005.00 iters/s
watcher   [  84% ] 1 VUs            33.6s/40s

running (0m34.9s), 00001/02381 VUs, 19514 complete and 0 interrupted iterations
flash   ✓ [ 100% ] 00000/02380 VUs  30s  0005.00 iters/s
watcher   [  87% ] 1 VUs            34.6s/40s

running (0m35.9s), 00001/02381 VUs, 19515 complete and 0 interrupted iterations
flash   ✓ [ 100% ] 00000/02380 VUs  30s  0005.00 iters/s
watcher   [  89% ] 1 VUs            35.6s/40s

running (0m36.9s), 00001/02381 VUs, 19516 complete and 0 interrupted iterations
flash   ✓ [ 100% ] 00000/02380 VUs  30s  0005.00 iters/s
watcher   [  92% ] 1 VUs            36.6s/40s

running (0m37.9s), 00001/02381 VUs, 19517 complete and 0 interrupted iterations
flash   ✓ [ 100% ] 00000/02380 VUs  30s  0005.00 iters/s
watcher   [  94% ] 1 VUs            37.6s/40s

running (0m38.9s), 00001/02381 VUs, 19518 complete and 0 interrupted iterations
flash   ✓ [ 100% ] 00000/02380 VUs  30s  0005.00 iters/s
watcher   [  97% ] 1 VUs            38.6s/40s

running (0m39.9s), 00001/02381 VUs, 19519 complete and 0 interrupted iterations
flash   ✓ [ 100% ] 00000/02380 VUs  30s  0005.00 iters/s
watcher   [  99% ] 1 VUs            39.6s/40s
time="2026-09-20T14:24:31-07:00" level=info msg="invariants after the flash sale: PASS" source=console
time="2026-09-20T14:24:31-07:00" level=info msg="final tally for event 81c2779c-5c1b-4b17-a9b5-e428fd514737 (capacity 5000): 3419 sold, 0 held, 1581 available" source=console

thresholds: PASS willcall_flash_hold_duration: p(99)<5000
            PASS willcall_invariants_held: rate==1
            PASS willcall_flash_server_errors: count==0
            PASS willcall_flash_errors: rate<0.001

running (0m40.8s), 00000/02381 VUs, 19520 complete and 0 interrupted iterations
flash   ✓ [ 100% ] 00000/02380 VUs  30s  0005.00 iters/s
watcher ✓ [ 100% ] 1 VUs            40s 
