
         /\      Grafana   /‾‾/  
    /\  /  \     |\  __   /  /   
   /  \/    \    | |/ /  /   ‾‾\ 
  /          \   |   (  |  (‾)  |
 / __________ \  |_|\_\  \_____/ 


     execution: local
        script: load/scripts/flash.ts
        output: -

     scenarios: (100.00%) 2 scenarios, 12001 max VUs, 1m10s max duration (incl. graceful stop):
              * flash: Up to 1000.00 iterations/s for 30s over 2 stages (maxVUs: 2000-12000, gracefulStop: 30s)
              * watcher: 1 looping VUs for 40s (exec: watchInventory, gracefulStop: 30s)

time="2026-09-20T15:55:50-07:00" level=info msg="flash sale: 10000 buyers arriving in 10s for 5000 seats (event 48aa9f5a-1a1e-425b-93af-30bf92538dc6)" source=console

running (0m00.9s), 00479/02001 VUs, 137 complete and 0 interrupted iterations
flash     [   2% ] 00478/02000 VUs  00.6s/30s  1000.00 iters/s
watcher   [   2% ] 1 VUs            00.6s/40s 

running (0m01.9s), 01223/02001 VUs, 394 complete and 0 interrupted iterations
flash     [   5% ] 01222/02000 VUs  01.6s/30s  1000.00 iters/s
watcher   [   4% ] 1 VUs            01.6s/40s 

running (0m02.9s), 01881/02001 VUs, 737 complete and 0 interrupted iterations
flash     [   9% ] 01880/02000 VUs  02.6s/30s  1000.00 iters/s
watcher   [   7% ] 1 VUs            02.6s/40s 

running (0m03.9s), 02120/02164 VUs, 1283 complete and 0 interrupted iterations
flash     [  12% ] 02119/02163 VUs  03.6s/30s  1000.00 iters/s
watcher   [   9% ] 1 VUs            03.6s/40s 

running (0m04.9s), 02228/02254 VUs, 2053 complete and 0 interrupted iterations
flash     [  15% ] 02227/02253 VUs  04.6s/30s  1000.00 iters/s
watcher   [  12% ] 1 VUs            04.6s/40s 

running (0m05.9s), 02312/02351 VUs, 2846 complete and 0 interrupted iterations
flash     [  19% ] 02311/02350 VUs  05.6s/30s  1000.00 iters/s
watcher   [  14% ] 1 VUs            05.6s/40s 

running (0m06.9s), 02378/02418 VUs, 3688 complete and 0 interrupted iterations
flash     [  22% ] 02377/02417 VUs  06.6s/30s  1000.00 iters/s
watcher   [  17% ] 1 VUs            06.6s/40s 

running (0m07.9s), 02231/02460 VUs, 4783 complete and 0 interrupted iterations
flash     [  25% ] 02230/02459 VUs  07.6s/30s  1000.00 iters/s
watcher   [  19% ] 1 VUs            07.6s/40s 
time="2026-09-20T15:55:58-07:00" level=info msg="sold out after 7.6 s" source=console

running (0m08.9s), 00917/02460 VUs, 7098 complete and 0 interrupted iterations
flash     [  29% ] 00916/02459 VUs  08.6s/30s  1000.00 iters/s
watcher   [  22% ] 1 VUs            08.6s/40s 

running (0m09.9s), 00006/02460 VUs, 9010 complete and 0 interrupted iterations
flash     [  32% ] 00005/02459 VUs  09.6s/30s  1000.00 iters/s
watcher   [  24% ] 1 VUs            09.6s/40s 

running (0m10.9s), 00007/02460 VUs, 10001 complete and 0 interrupted iterations
flash     [  35% ] 00006/02459 VUs  10.6s/30s  0969.25 iters/s
watcher   [  27% ] 1 VUs            10.6s/40s 

running (0m11.9s), 00006/02460 VUs, 10947 complete and 0 interrupted iterations
flash     [  39% ] 00005/02459 VUs  11.6s/30s  0919.27 iters/s
watcher   [  29% ] 1 VUs            11.6s/40s 

running (0m12.9s), 00004/02460 VUs, 11844 complete and 0 interrupted iterations
flash     [  42% ] 00003/02459 VUs  12.6s/30s  0869.28 iters/s
watcher   [  32% ] 1 VUs            12.6s/40s 

running (0m13.9s), 00003/02460 VUs, 12690 complete and 0 interrupted iterations
flash     [  45% ] 00002/02459 VUs  13.6s/30s  0819.30 iters/s
watcher   [  34% ] 1 VUs            13.6s/40s 

running (0m14.9s), 00004/02460 VUs, 13485 complete and 0 interrupted iterations
flash     [  49% ] 00003/02459 VUs  14.6s/30s  0769.25 iters/s
watcher   [  37% ] 1 VUs            14.6s/40s 

running (0m15.9s), 00005/02460 VUs, 14229 complete and 0 interrupted iterations
flash     [  52% ] 00004/02459 VUs  15.6s/30s  0719.27 iters/s
watcher   [  39% ] 1 VUs            15.6s/40s 

running (0m16.9s), 00004/02460 VUs, 14925 complete and 0 interrupted iterations
flash     [  55% ] 00003/02459 VUs  16.6s/30s  0669.29 iters/s
watcher   [  42% ] 1 VUs            16.6s/40s 

running (0m17.9s), 00004/02460 VUs, 15571 complete and 0 interrupted iterations
flash     [  59% ] 00003/02459 VUs  17.6s/30s  0619.23 iters/s
watcher   [  44% ] 1 VUs            17.6s/40s 

running (0m18.9s), 00005/02460 VUs, 16165 complete and 0 interrupted iterations
flash     [  62% ] 00004/02459 VUs  18.6s/30s  0569.25 iters/s
watcher   [  47% ] 1 VUs            18.6s/40s 

running (0m19.9s), 00003/02460 VUs, 16712 complete and 0 interrupted iterations
flash     [  65% ] 00002/02459 VUs  19.6s/30s  0519.28 iters/s
watcher   [  49% ] 1 VUs            19.6s/40s 

running (0m20.9s), 00004/02460 VUs, 17206 complete and 0 interrupted iterations
flash     [  69% ] 00003/02459 VUs  20.6s/30s  0469.31 iters/s
watcher   [  52% ] 1 VUs            20.6s/40s 

running (0m21.9s), 00003/02460 VUs, 17653 complete and 0 interrupted iterations
flash     [  72% ] 00002/02459 VUs  21.6s/30s  0419.23 iters/s
watcher   [  54% ] 1 VUs            21.6s/40s 

running (0m22.9s), 00002/02460 VUs, 18049 complete and 0 interrupted iterations
flash     [  75% ] 00001/02459 VUs  22.6s/30s  0369.26 iters/s
watcher   [  57% ] 1 VUs            22.6s/40s 

running (0m23.9s), 00002/02460 VUs, 18394 complete and 0 interrupted iterations
flash     [  79% ] 00001/02459 VUs  23.6s/30s  0319.30 iters/s
watcher   [  59% ] 1 VUs            23.6s/40s 

running (0m24.9s), 00002/02460 VUs, 18690 complete and 0 interrupted iterations
flash     [  82% ] 00001/02459 VUs  24.6s/30s  0269.17 iters/s
watcher   [  62% ] 1 VUs            24.6s/40s 

running (0m25.9s), 00002/02460 VUs, 18935 complete and 0 interrupted iterations
flash     [  85% ] 00001/02459 VUs  25.6s/30s  0219.20 iters/s
watcher   [  64% ] 1 VUs            25.6s/40s 

running (0m26.9s), 00002/02460 VUs, 19130 complete and 0 interrupted iterations
flash     [  89% ] 00001/02459 VUs  26.6s/30s  0169.26 iters/s
watcher   [  67% ] 1 VUs            26.6s/40s 

running (0m27.9s), 00001/02460 VUs, 19276 complete and 0 interrupted iterations
flash     [  92% ] 00000/02459 VUs  27.6s/30s  0119.37 iters/s
watcher   [  69% ] 1 VUs            27.6s/40s 

running (0m28.9s), 00002/02460 VUs, 19371 complete and 0 interrupted iterations
flash     [  95% ] 00001/02459 VUs  28.6s/30s  0068.92 iters/s
watcher   [  72% ] 1 VUs            28.6s/40s 

running (0m29.9s), 00001/02460 VUs, 19417 complete and 0 interrupted iterations
flash     [  99% ] 00000/02459 VUs  29.6s/30s  0018.66 iters/s
watcher   [  74% ] 1 VUs            29.6s/40s 

running (0m30.9s), 00001/02460 VUs, 19421 complete and 0 interrupted iterations
flash   ✓ [ 100% ] 00000/02459 VUs  30s  0005.00 iters/s
watcher   [  77% ] 1 VUs            30.6s/40s

running (0m31.9s), 00001/02460 VUs, 19422 complete and 0 interrupted iterations
flash   ✓ [ 100% ] 00000/02459 VUs  30s  0005.00 iters/s
watcher   [  79% ] 1 VUs            31.6s/40s

running (0m32.9s), 00001/02460 VUs, 19423 complete and 0 interrupted iterations
flash   ✓ [ 100% ] 00000/02459 VUs  30s  0005.00 iters/s
watcher   [  82% ] 1 VUs            32.6s/40s

running (0m33.9s), 00001/02460 VUs, 19424 complete and 0 interrupted iterations
flash   ✓ [ 100% ] 00000/02459 VUs  30s  0005.00 iters/s
watcher   [  84% ] 1 VUs            33.6s/40s

running (0m34.9s), 00001/02460 VUs, 19425 complete and 0 interrupted iterations
flash   ✓ [ 100% ] 00000/02459 VUs  30s  0005.00 iters/s
watcher   [  87% ] 1 VUs            34.6s/40s

running (0m35.9s), 00001/02460 VUs, 19426 complete and 0 interrupted iterations
flash   ✓ [ 100% ] 00000/02459 VUs  30s  0005.00 iters/s
watcher   [  89% ] 1 VUs            35.6s/40s

running (0m36.9s), 00001/02460 VUs, 19427 complete and 0 interrupted iterations
flash   ✓ [ 100% ] 00000/02459 VUs  30s  0005.00 iters/s
watcher   [  92% ] 1 VUs            36.6s/40s

running (0m37.9s), 00001/02460 VUs, 19428 complete and 0 interrupted iterations
flash   ✓ [ 100% ] 00000/02459 VUs  30s  0005.00 iters/s
watcher   [  94% ] 1 VUs            37.6s/40s

running (0m38.9s), 00001/02460 VUs, 19429 complete and 0 interrupted iterations
flash   ✓ [ 100% ] 00000/02459 VUs  30s  0005.00 iters/s
watcher   [  97% ] 1 VUs            38.6s/40s

running (0m39.9s), 00001/02460 VUs, 19430 complete and 0 interrupted iterations
flash   ✓ [ 100% ] 00000/02459 VUs  30s  0005.00 iters/s
watcher   [  99% ] 1 VUs            39.6s/40s

running (0m40.9s), 00001/02460 VUs, 19431 complete and 0 interrupted iterations
flash   ✓ [ 100% ] 00000/02459 VUs  30s  0005.00 iters/s
watcher ↓ [ 100% ] 1 VUs            40s 
time="2026-09-20T15:56:31-07:00" level=info msg="invariants after the flash sale: PASS" source=console
time="2026-09-20T15:56:31-07:00" level=info msg="final tally for event 48aa9f5a-1a1e-425b-93af-30bf92538dc6 (capacity 5000): 3323 sold, 0 held, 1677 available" source=console

thresholds: PASS willcall_flash_errors: rate<0.001
            PASS willcall_invariants_held: rate==1
            PASS willcall_flash_server_errors: count==0
            PASS willcall_flash_hold_duration: p(99)<5000

running (0m41.0s), 00000/02460 VUs, 19432 complete and 0 interrupted iterations
flash   ✓ [ 100% ] 00000/02459 VUs  30s  0005.00 iters/s
watcher ✓ [ 100% ] 1 VUs            40s 
