
         /\      Grafana   /‾‾/  
    /\  /  \     |\  __   /  /   
   /  \/    \    | |/ /  /   ‾‾\ 
  /          \   |   (  |  (‾)  |
 / __________ \  |_|\_\  \_____/ 


     execution: local
        script: load/scripts/flash.ts
        output: -

     scenarios: (100.00%) 2 scenarios, 12001 max VUs, 1m10s max duration (incl. graceful stop):
              * flash: Up to 1000.00 iterations/s for 30s over 2 stages (maxVUs: 2000-12000, gracefulStop: 30s)
              * watcher: 1 looping VUs for 40s (exec: watchInventory, gracefulStop: 30s)

time="2026-09-20T14:29:27-07:00" level=info msg="flash sale: 10000 buyers arriving in 10s for 5000 seats (event 9f7a878d-4f08-4fde-827c-5a6832e3c1c0)" source=console

running (0m00.9s), 00511/02001 VUs, 90 complete and 0 interrupted iterations
flash     [   2% ] 00510/02000 VUs  00.6s/30s  1000.00 iters/s
watcher   [   2% ] 1 VUs            00.6s/40s 

running (0m01.9s), 01240/02001 VUs, 362 complete and 0 interrupted iterations
flash     [   5% ] 01239/02000 VUs  01.6s/30s  1000.00 iters/s
watcher   [   4% ] 1 VUs            01.6s/40s 

running (0m02.9s), 01902/02001 VUs, 701 complete and 0 interrupted iterations
flash     [   9% ] 01901/02000 VUs  02.6s/30s  1000.00 iters/s
watcher   [   7% ] 1 VUs            02.6s/40s 

running (0m03.9s), 02156/02164 VUs, 1232 complete and 0 interrupted iterations
flash     [  12% ] 02155/02163 VUs  03.6s/30s  1000.00 iters/s
watcher   [   9% ] 1 VUs            03.6s/40s 

running (0m04.9s), 02252/02262 VUs, 2009 complete and 0 interrupted iterations
flash     [  15% ] 02251/02261 VUs  04.6s/30s  1000.00 iters/s
watcher   [  12% ] 1 VUs            04.6s/40s 

running (0m05.9s), 02333/02335 VUs, 2832 complete and 0 interrupted iterations
flash     [  19% ] 02332/02334 VUs  05.6s/30s  1000.00 iters/s
watcher   [  14% ] 1 VUs            05.6s/40s 

running (0m06.9s), 02394/02400 VUs, 3684 complete and 0 interrupted iterations
flash     [  22% ] 02393/02399 VUs  06.6s/30s  1000.00 iters/s
watcher   [  17% ] 1 VUs            06.6s/40s 
time="2026-09-20T14:29:35-07:00" level=info msg="sold out after 7.5 s" source=console

running (0m07.9s), 02162/02435 VUs, 4872 complete and 0 interrupted iterations
flash     [  25% ] 02161/02434 VUs  07.6s/30s  1000.00 iters/s
watcher   [  19% ] 1 VUs            07.6s/40s 

running (0m08.9s), 01005/02435 VUs, 7030 complete and 0 interrupted iterations
flash     [  29% ] 01004/02434 VUs  08.6s/30s  1000.00 iters/s
watcher   [  22% ] 1 VUs            08.6s/40s 

running (0m09.9s), 00006/02435 VUs, 9030 complete and 0 interrupted iterations
flash     [  32% ] 00005/02434 VUs  09.6s/30s  1000.00 iters/s
watcher   [  24% ] 1 VUs            09.6s/40s 

running (0m10.9s), 00006/02435 VUs, 10022 complete and 0 interrupted iterations
flash     [  35% ] 00005/02434 VUs  10.6s/30s  0970.03 iters/s
watcher   [  27% ] 1 VUs            10.6s/40s 

running (0m11.9s), 00004/02435 VUs, 10969 complete and 0 interrupted iterations
flash     [  39% ] 00003/02434 VUs  11.6s/30s  0920.08 iters/s
watcher   [  29% ] 1 VUs            11.6s/40s 

running (0m12.9s), 00005/02435 VUs, 11865 complete and 0 interrupted iterations
flash     [  42% ] 00004/02434 VUs  12.6s/30s  0870.03 iters/s
watcher   [  32% ] 1 VUs            12.6s/40s 

running (0m13.9s), 00003/02435 VUs, 12713 complete and 0 interrupted iterations
flash     [  45% ] 00002/02434 VUs  13.6s/30s  0820.03 iters/s
watcher   [  34% ] 1 VUs            13.6s/40s 

running (0m14.9s), 00004/02435 VUs, 13508 complete and 0 interrupted iterations
flash     [  49% ] 00003/02434 VUs  14.6s/30s  0770.03 iters/s
watcher   [  37% ] 1 VUs            14.6s/40s 

running (0m15.9s), 00003/02435 VUs, 14255 complete and 0 interrupted iterations
flash     [  52% ] 00002/02434 VUs  15.6s/30s  0720.03 iters/s
watcher   [  39% ] 1 VUs            15.6s/40s 

running (0m16.9s), 00003/02435 VUs, 14951 complete and 0 interrupted iterations
flash     [  55% ] 00002/02434 VUs  16.6s/30s  0670.04 iters/s
watcher   [  42% ] 1 VUs            16.6s/40s 

running (0m17.9s), 00003/02435 VUs, 15597 complete and 0 interrupted iterations
flash     [  59% ] 00002/02434 VUs  17.6s/30s  0620.04 iters/s
watcher   [  44% ] 1 VUs            17.6s/40s 

running (0m18.9s), 00003/02435 VUs, 16193 complete and 0 interrupted iterations
flash     [  62% ] 00002/02434 VUs  18.6s/30s  0570.04 iters/s
watcher   [  47% ] 1 VUs            18.6s/40s 

running (0m19.9s), 00003/02435 VUs, 16739 complete and 0 interrupted iterations
flash     [  65% ] 00002/02434 VUs  19.6s/30s  0520.05 iters/s
watcher   [  49% ] 1 VUs            19.6s/40s 

running (0m20.9s), 00002/02435 VUs, 17236 complete and 0 interrupted iterations
flash     [  69% ] 00001/02434 VUs  20.6s/30s  0470.05 iters/s
watcher   [  52% ] 1 VUs            20.6s/40s 

running (0m21.9s), 00002/02435 VUs, 17682 complete and 0 interrupted iterations
flash     [  72% ] 00001/02434 VUs  21.6s/30s  0420.06 iters/s
watcher   [  54% ] 1 VUs            21.6s/40s 

running (0m22.9s), 00002/02435 VUs, 18078 complete and 0 interrupted iterations
flash     [  75% ] 00001/02434 VUs  22.6s/30s  0370.07 iters/s
watcher   [  57% ] 1 VUs            22.6s/40s 

running (0m23.9s), 00002/02435 VUs, 18424 complete and 0 interrupted iterations
flash     [  79% ] 00001/02434 VUs  23.6s/30s  0320.08 iters/s
watcher   [  59% ] 1 VUs            23.6s/40s 

running (0m24.9s), 00002/02435 VUs, 18720 complete and 0 interrupted iterations
flash     [  82% ] 00001/02434 VUs  24.6s/30s  0270.09 iters/s
watcher   [  62% ] 1 VUs            24.6s/40s 

running (0m25.9s), 00001/02435 VUs, 18967 complete and 0 interrupted iterations
flash     [  85% ] 00000/02434 VUs  25.6s/30s  0220.11 iters/s
watcher   [  64% ] 1 VUs            25.6s/40s 

running (0m26.9s), 00002/02435 VUs, 19163 complete and 0 interrupted iterations
flash     [  89% ] 00001/02434 VUs  26.6s/30s  0169.85 iters/s
watcher   [  67% ] 1 VUs            26.6s/40s 

running (0m27.9s), 00001/02435 VUs, 19309 complete and 0 interrupted iterations
flash     [  92% ] 00000/02434 VUs  27.6s/30s  0120.21 iters/s
watcher   [  69% ] 1 VUs            27.6s/40s 

running (0m28.9s), 00001/02435 VUs, 19405 complete and 0 interrupted iterations
flash     [  95% ] 00000/02434 VUs  28.6s/30s  0070.36 iters/s
watcher   [  72% ] 1 VUs            28.6s/40s 

running (0m29.9s), 00001/02435 VUs, 19451 complete and 0 interrupted iterations
flash     [  99% ] 00000/02434 VUs  29.6s/30s  0021.18 iters/s
watcher   [  74% ] 1 VUs            29.6s/40s 

running (0m30.9s), 00001/02435 VUs, 19456 complete and 0 interrupted iterations
flash   ✓ [ 100% ] 00000/02434 VUs  30s  0005.00 iters/s
watcher   [  77% ] 1 VUs            30.6s/40s

running (0m31.9s), 00001/02435 VUs, 19457 complete and 0 interrupted iterations
flash   ✓ [ 100% ] 00000/02434 VUs  30s  0005.00 iters/s
watcher   [  79% ] 1 VUs            31.6s/40s

running (0m32.9s), 00001/02435 VUs, 19458 complete and 0 interrupted iterations
flash   ✓ [ 100% ] 00000/02434 VUs  30s  0005.00 iters/s
watcher   [  82% ] 1 VUs            32.6s/40s

running (0m33.9s), 00001/02435 VUs, 19459 complete and 0 interrupted iterations
flash   ✓ [ 100% ] 00000/02434 VUs  30s  0005.00 iters/s
watcher   [  84% ] 1 VUs            33.6s/40s

running (0m34.9s), 00001/02435 VUs, 19460 complete and 0 interrupted iterations
flash   ✓ [ 100% ] 00000/02434 VUs  30s  0005.00 iters/s
watcher   [  87% ] 1 VUs            34.6s/40s

running (0m35.9s), 00001/02435 VUs, 19461 complete and 0 interrupted iterations
flash   ✓ [ 100% ] 00000/02434 VUs  30s  0005.00 iters/s
watcher   [  89% ] 1 VUs            35.6s/40s

running (0m36.9s), 00001/02435 VUs, 19462 complete and 0 interrupted iterations
flash   ✓ [ 100% ] 00000/02434 VUs  30s  0005.00 iters/s
watcher   [  92% ] 1 VUs            36.6s/40s

running (0m37.9s), 00001/02435 VUs, 19463 complete and 0 interrupted iterations
flash   ✓ [ 100% ] 00000/02434 VUs  30s  0005.00 iters/s
watcher   [  94% ] 1 VUs            37.6s/40s

running (0m38.9s), 00001/02435 VUs, 19464 complete and 0 interrupted iterations
flash   ✓ [ 100% ] 00000/02434 VUs  30s  0005.00 iters/s
watcher   [  97% ] 1 VUs            38.6s/40s

running (0m39.9s), 00001/02435 VUs, 19465 complete and 0 interrupted iterations
flash   ✓ [ 100% ] 00000/02434 VUs  30s  0005.00 iters/s
watcher   [  99% ] 1 VUs            39.6s/40s
time="2026-09-20T14:30:08-07:00" level=info msg="invariants after the flash sale: PASS" source=console
time="2026-09-20T14:30:08-07:00" level=info msg="final tally for event 9f7a878d-4f08-4fde-827c-5a6832e3c1c0 (capacity 5000): 3365 sold, 0 held, 1635 available" source=console

thresholds: PASS willcall_flash_hold_duration: p(99)<5000
            PASS willcall_flash_server_errors: count==0
            PASS willcall_invariants_held: rate==1
            PASS willcall_flash_errors: rate<0.001

running (0m40.8s), 00000/02435 VUs, 19466 complete and 0 interrupted iterations
flash   ✓ [ 100% ] 00000/02434 VUs  30s  0005.00 iters/s
watcher ✓ [ 100% ] 1 VUs            40s 
