
         /\      Grafana   /‾‾/  
    /\  /  \     |\  __   /  /   
   /  \/    \    | |/ /  /   ‾‾\ 
  /          \   |   (  |  (‾)  |
 / __________ \  |_|\_\  \_____/ 


     execution: local
        script: load/scripts/flash.ts
        output: -

     scenarios: (100.00%) 2 scenarios, 12001 max VUs, 1m10s max duration (incl. graceful stop):
              * flash: Up to 1000.00 iterations/s for 30s over 2 stages (maxVUs: 2000-12000, gracefulStop: 30s)
              * watcher: 1 looping VUs for 40s (exec: watchInventory, gracefulStop: 30s)

time="2026-09-20T14:17:31-07:00" level=info msg="flash sale: 10000 buyers arriving in 10s for 5000 seats (event 89d4f580-12bc-488a-bfdf-597bea69a061)" source=console

running (0m00.9s), 00518/02001 VUs, 100 complete and 0 interrupted iterations
flash     [   2% ] 00517/02000 VUs  00.6s/30s  1000.00 iters/s
watcher   [   2% ] 1 VUs            00.6s/40s 

running (0m01.9s), 01227/02001 VUs, 390 complete and 0 interrupted iterations
flash     [   5% ] 01226/02000 VUs  01.6s/30s  1000.00 iters/s
watcher   [   4% ] 1 VUs            01.6s/40s 

running (0m02.9s), 01880/02001 VUs, 737 complete and 0 interrupted iterations
flash     [   9% ] 01879/02000 VUs  02.6s/30s  1000.00 iters/s
watcher   [   7% ] 1 VUs            02.6s/40s 

running (0m03.9s), 02161/02161 VUs, 1240 complete and 0 interrupted iterations
flash     [  12% ] 02160/02160 VUs  03.6s/30s  1000.00 iters/s
watcher   [   9% ] 1 VUs            03.6s/40s 

running (0m04.9s), 02263/02263 VUs, 1999 complete and 0 interrupted iterations
flash     [  15% ] 02262/02262 VUs  04.6s/30s  1000.00 iters/s
watcher   [  12% ] 1 VUs            04.6s/40s 

running (0m05.9s), 02352/02352 VUs, 2784 complete and 0 interrupted iterations
flash     [  19% ] 02351/02351 VUs  05.6s/30s  1000.00 iters/s
watcher   [  14% ] 1 VUs            05.6s/40s 

running (0m06.9s), 02432/02433 VUs, 3597 complete and 0 interrupted iterations
flash     [  22% ] 02431/02432 VUs  06.6s/30s  1000.00 iters/s
watcher   [  17% ] 1 VUs            06.6s/40s 

running (0m07.9s), 02345/02472 VUs, 4627 complete and 0 interrupted iterations
flash     [  25% ] 02344/02471 VUs  07.6s/30s  1000.00 iters/s
watcher   [  19% ] 1 VUs            07.6s/40s 
time="2026-09-20T14:17:40-07:00" level=info msg="sold out after 8.3 s" source=console

running (0m08.9s), 01090/02472 VUs, 6883 complete and 0 interrupted iterations
flash     [  29% ] 01089/02471 VUs  08.6s/30s  1000.00 iters/s
watcher   [  22% ] 1 VUs            08.6s/40s 

running (0m09.9s), 00004/02472 VUs, 8969 complete and 0 interrupted iterations
flash     [  32% ] 00003/02471 VUs  09.6s/30s  1000.00 iters/s
watcher   [  24% ] 1 VUs            09.6s/40s 

running (0m10.9s), 00005/02472 VUs, 9960 complete and 0 interrupted iterations
flash     [  35% ] 00004/02471 VUs  10.6s/30s  0969.20 iters/s
watcher   [  27% ] 1 VUs            10.6s/40s 

running (0m11.9s), 00003/02472 VUs, 10907 complete and 0 interrupted iterations
flash     [  39% ] 00002/02471 VUs  11.6s/30s  0919.16 iters/s
watcher   [  29% ] 1 VUs            11.6s/40s 

running (0m12.9s), 00004/02472 VUs, 11802 complete and 0 interrupted iterations
flash     [  42% ] 00003/02471 VUs  12.6s/30s  0869.17 iters/s
watcher   [  32% ] 1 VUs            12.6s/40s 

running (0m13.9s), 00003/02472 VUs, 12647 complete and 0 interrupted iterations
flash     [  45% ] 00002/02471 VUs  13.6s/30s  0819.24 iters/s
watcher   [  34% ] 1 VUs            13.6s/40s 

running (0m14.9s), 00003/02472 VUs, 13443 complete and 0 interrupted iterations
flash     [  49% ] 00002/02471 VUs  14.6s/30s  0769.19 iters/s
watcher   [  37% ] 1 VUs            14.6s/40s 

running (0m15.9s), 00019/02472 VUs, 14173 complete and 0 interrupted iterations
flash     [  52% ] 00018/02471 VUs  15.6s/30s  0719.13 iters/s
watcher   [  39% ] 1 VUs            15.6s/40s 

running (0m16.9s), 00003/02472 VUs, 14884 complete and 0 interrupted iterations
flash     [  55% ] 00002/02471 VUs  16.6s/30s  0669.14 iters/s
watcher   [  42% ] 1 VUs            16.6s/40s 

running (0m17.9s), 00003/02472 VUs, 15529 complete and 0 interrupted iterations
flash     [  59% ] 00002/02471 VUs  17.6s/30s  0619.15 iters/s
watcher   [  44% ] 1 VUs            17.6s/40s 

running (0m18.9s), 00003/02472 VUs, 16124 complete and 0 interrupted iterations
flash     [  62% ] 00002/02471 VUs  18.6s/30s  0569.17 iters/s
watcher   [  47% ] 1 VUs            18.6s/40s 

running (0m19.9s), 00006/02472 VUs, 16666 complete and 0 interrupted iterations
flash     [  65% ] 00005/02471 VUs  19.6s/30s  0519.18 iters/s
watcher   [  49% ] 1 VUs            19.6s/40s 

running (0m20.9s), 00002/02472 VUs, 17165 complete and 0 interrupted iterations
flash     [  69% ] 00001/02471 VUs  20.6s/30s  0469.20 iters/s
watcher   [  52% ] 1 VUs            20.6s/40s 

running (0m21.9s), 00002/02472 VUs, 17610 complete and 0 interrupted iterations
flash     [  72% ] 00001/02471 VUs  21.6s/30s  0419.23 iters/s
watcher   [  54% ] 1 VUs            21.6s/40s 

running (0m22.9s), 00003/02472 VUs, 18005 complete and 0 interrupted iterations
flash     [  75% ] 00002/02471 VUs  22.6s/30s  0369.12 iters/s
watcher   [  57% ] 1 VUs            22.6s/40s 

running (0m23.9s), 00002/02472 VUs, 18351 complete and 0 interrupted iterations
flash     [  79% ] 00001/02471 VUs  23.6s/30s  0319.14 iters/s
watcher   [  59% ] 1 VUs            23.6s/40s 

running (0m24.9s), 00003/02472 VUs, 18645 complete and 0 interrupted iterations
flash     [  82% ] 00002/02471 VUs  24.6s/30s  0269.17 iters/s
watcher   [  62% ] 1 VUs            24.6s/40s 

running (0m25.9s), 00002/02472 VUs, 18891 complete and 0 interrupted iterations
flash     [  85% ] 00001/02471 VUs  25.6s/30s  0219.20 iters/s
watcher   [  64% ] 1 VUs            25.6s/40s 

running (0m26.9s), 00001/02472 VUs, 19087 complete and 0 interrupted iterations
flash     [  89% ] 00000/02471 VUs  26.6s/30s  0169.26 iters/s
watcher   [  67% ] 1 VUs            26.6s/40s 

running (0m27.9s), 00001/02472 VUs, 19232 complete and 0 interrupted iterations
flash     [  92% ] 00000/02471 VUs  27.6s/30s  0119.37 iters/s
watcher   [  69% ] 1 VUs            27.6s/40s 

running (0m28.9s), 00002/02472 VUs, 19327 complete and 0 interrupted iterations
flash     [  95% ] 00001/02471 VUs  28.6s/30s  0068.92 iters/s
watcher   [  72% ] 1 VUs            28.6s/40s 

running (0m29.9s), 00001/02472 VUs, 19373 complete and 0 interrupted iterations
flash     [  99% ] 00000/02471 VUs  29.6s/30s  0018.66 iters/s
watcher   [  74% ] 1 VUs            29.6s/40s 

running (0m30.9s), 00001/02472 VUs, 19377 complete and 0 interrupted iterations
flash   ✓ [ 100% ] 00000/02471 VUs  30s  0005.00 iters/s
watcher   [  77% ] 1 VUs            30.6s/40s

running (0m31.9s), 00001/02472 VUs, 19378 complete and 0 interrupted iterations
flash   ✓ [ 100% ] 00000/02471 VUs  30s  0005.00 iters/s
watcher   [  79% ] 1 VUs            31.6s/40s

running (0m32.9s), 00001/02472 VUs, 19379 complete and 0 interrupted iterations
flash   ✓ [ 100% ] 00000/02471 VUs  30s  0005.00 iters/s
watcher   [  82% ] 1 VUs            32.6s/40s

running (0m33.9s), 00001/02472 VUs, 19380 complete and 0 interrupted iterations
flash   ✓ [ 100% ] 00000/02471 VUs  30s  0005.00 iters/s
watcher   [  84% ] 1 VUs            33.6s/40s

running (0m34.9s), 00001/02472 VUs, 19381 complete and 0 interrupted iterations
flash   ✓ [ 100% ] 00000/02471 VUs  30s  0005.00 iters/s
watcher   [  87% ] 1 VUs            34.6s/40s

running (0m35.9s), 00001/02472 VUs, 19382 complete and 0 interrupted iterations
flash   ✓ [ 100% ] 00000/02471 VUs  30s  0005.00 iters/s
watcher   [  89% ] 1 VUs            35.6s/40s

running (0m36.9s), 00001/02472 VUs, 19383 complete and 0 interrupted iterations
flash   ✓ [ 100% ] 00000/02471 VUs  30s  0005.00 iters/s
watcher   [  92% ] 1 VUs            36.6s/40s

running (0m37.9s), 00001/02472 VUs, 19384 complete and 0 interrupted iterations
flash   ✓ [ 100% ] 00000/02471 VUs  30s  0005.00 iters/s
watcher   [  94% ] 1 VUs            37.6s/40s

running (0m38.9s), 00001/02472 VUs, 19385 complete and 0 interrupted iterations
flash   ✓ [ 100% ] 00000/02471 VUs  30s  0005.00 iters/s
watcher   [  97% ] 1 VUs            38.6s/40s

running (0m39.9s), 00001/02472 VUs, 19386 complete and 0 interrupted iterations
flash   ✓ [ 100% ] 00000/02471 VUs  30s  0005.00 iters/s
watcher   [  99% ] 1 VUs            39.6s/40s
time="2026-09-20T14:18:12-07:00" level=info msg="invariants after the flash sale: PASS" source=console
time="2026-09-20T14:18:12-07:00" level=info msg="final tally for event 89d4f580-12bc-488a-bfdf-597bea69a061 (capacity 5000): 3354 sold, 0 held, 1646 available" source=console

thresholds: PASS willcall_flash_errors: rate<0.001
            PASS willcall_flash_server_errors: count==0
            PASS willcall_invariants_held: rate==1
            PASS willcall_flash_hold_duration: p(99)<5000

running (0m40.6s), 00000/02472 VUs, 19387 complete and 0 interrupted iterations
flash   ✓ [ 100% ] 00000/02471 VUs  30s  0005.00 iters/s
watcher ✓ [ 100% ] 1 VUs            40s 
