
         /\      Grafana   /‾‾/  
    /\  /  \     |\  __   /  /   
   /  \/    \    | |/ /  /   ‾‾\ 
  /          \   |   (  |  (‾)  |
 / __________ \  |_|\_\  \_____/ 


     execution: local
        script: load/scripts/flash.ts
        output: -

     scenarios: (100.00%) 2 scenarios, 12001 max VUs, 1m10s max duration (incl. graceful stop):
              * flash: Up to 1000.00 iterations/s for 30s over 2 stages (maxVUs: 2000-12000, gracefulStop: 30s)
              * watcher: 1 looping VUs for 40s (exec: watchInventory, gracefulStop: 30s)

time="2026-09-20T15:44:35-07:00" level=info msg="flash sale: 10000 buyers arriving in 10s for 5000 seats (event fbe5501d-f892-4d17-a2bc-ec015589d831)" source=console

running (0m00.9s), 00514/02001 VUs, 87 complete and 0 interrupted iterations
flash     [   2% ] 00513/02000 VUs  00.6s/30s  1000.00 iters/s
watcher   [   2% ] 1 VUs            00.6s/40s 

running (0m01.9s), 01245/02001 VUs, 358 complete and 0 interrupted iterations
flash     [   5% ] 01244/02000 VUs  01.6s/30s  1000.00 iters/s
watcher   [   4% ] 1 VUs            01.6s/40s 

running (0m02.9s), 01945/02001 VUs, 659 complete and 0 interrupted iterations
flash     [   9% ] 01944/02000 VUs  02.6s/30s  1000.00 iters/s
watcher   [   7% ] 1 VUs            02.6s/40s 

running (0m03.9s), 02182/02183 VUs, 1172 complete and 0 interrupted iterations
flash     [  12% ] 02181/02182 VUs  03.6s/30s  1000.00 iters/s
watcher   [   9% ] 1 VUs            03.6s/40s 

running (0m04.9s), 02286/02287 VUs, 1935 complete and 0 interrupted iterations
flash     [  15% ] 02285/02286 VUs  04.6s/30s  1000.00 iters/s
watcher   [  12% ] 1 VUs            04.6s/40s 

running (0m05.9s), 02374/02374 VUs, 2729 complete and 0 interrupted iterations
flash     [  19% ] 02373/02373 VUs  05.6s/30s  1000.00 iters/s
watcher   [  14% ] 1 VUs            05.6s/40s 

running (0m06.9s), 02451/02452 VUs, 3546 complete and 0 interrupted iterations
flash     [  22% ] 02450/02451 VUs  06.6s/30s  1000.00 iters/s
watcher   [  17% ] 1 VUs            06.6s/40s 

running (0m07.9s), 02353/02485 VUs, 4603 complete and 0 interrupted iterations
flash     [  25% ] 02352/02484 VUs  07.6s/30s  1000.00 iters/s
watcher   [  19% ] 1 VUs            07.6s/40s 
time="2026-09-20T15:44:43-07:00" level=info msg="sold out after 8.4 s" source=console

running (0m08.9s), 01097/02485 VUs, 6862 complete and 0 interrupted iterations
flash     [  29% ] 01096/02484 VUs  08.6s/30s  1000.00 iters/s
watcher   [  22% ] 1 VUs            08.6s/40s 

running (0m09.9s), 00005/02485 VUs, 8954 complete and 0 interrupted iterations
flash     [  32% ] 00004/02484 VUs  09.6s/30s  1000.00 iters/s
watcher   [  24% ] 1 VUs            09.6s/40s 

running (0m10.9s), 00007/02485 VUs, 9945 complete and 0 interrupted iterations
flash     [  35% ] 00006/02484 VUs  10.6s/30s  0969.92 iters/s
watcher   [  27% ] 1 VUs            10.6s/40s 

running (0m11.9s), 00004/02485 VUs, 10893 complete and 0 interrupted iterations
flash     [  39% ] 00003/02484 VUs  11.6s/30s  0919.97 iters/s
watcher   [  29% ] 1 VUs            11.6s/40s 

running (0m12.9s), 00006/02485 VUs, 11787 complete and 0 interrupted iterations
flash     [  42% ] 00005/02484 VUs  12.6s/30s  0869.97 iters/s
watcher   [  32% ] 1 VUs            12.6s/40s 

running (0m13.9s), 00005/02485 VUs, 12634 complete and 0 interrupted iterations
flash     [  45% ] 00004/02484 VUs  13.6s/30s  0819.97 iters/s
watcher   [  34% ] 1 VUs            13.6s/40s 

running (0m14.9s), 00004/02485 VUs, 13431 complete and 0 interrupted iterations
flash     [  49% ] 00003/02484 VUs  14.6s/30s  0769.97 iters/s
watcher   [  37% ] 1 VUs            14.6s/40s 

running (0m15.9s), 00005/02485 VUs, 14176 complete and 0 interrupted iterations
flash     [  52% ] 00004/02484 VUs  15.6s/30s  0719.97 iters/s
watcher   [  39% ] 1 VUs            15.6s/40s 

running (0m16.9s), 00004/02485 VUs, 14873 complete and 0 interrupted iterations
flash     [  55% ] 00003/02484 VUs  16.6s/30s  0669.96 iters/s
watcher   [  42% ] 1 VUs            16.6s/40s 

running (0m17.9s), 00005/02485 VUs, 15519 complete and 0 interrupted iterations
flash     [  59% ] 00004/02484 VUs  17.6s/30s  0619.88 iters/s
watcher   [  44% ] 1 VUs            17.6s/40s 

running (0m18.9s), 00003/02485 VUs, 16116 complete and 0 interrupted iterations
flash     [  62% ] 00002/02484 VUs  18.6s/30s  0569.96 iters/s
watcher   [  47% ] 1 VUs            18.6s/40s 

running (0m19.9s), 00003/02485 VUs, 16662 complete and 0 interrupted iterations
flash     [  65% ] 00002/02484 VUs  19.6s/30s  0519.95 iters/s
watcher   [  49% ] 1 VUs            19.6s/40s 

running (0m20.9s), 00002/02485 VUs, 17159 complete and 0 interrupted iterations
flash     [  69% ] 00001/02484 VUs  20.6s/30s  0469.95 iters/s
watcher   [  52% ] 1 VUs            20.6s/40s 

running (0m21.9s), 00002/02485 VUs, 17605 complete and 0 interrupted iterations
flash     [  72% ] 00001/02484 VUs  21.6s/30s  0419.94 iters/s
watcher   [  54% ] 1 VUs            21.6s/40s 

running (0m22.9s), 00003/02485 VUs, 18000 complete and 0 interrupted iterations
flash     [  75% ] 00002/02484 VUs  22.6s/30s  0369.93 iters/s
watcher   [  57% ] 1 VUs            22.6s/40s 

running (0m23.9s), 00002/02485 VUs, 18347 complete and 0 interrupted iterations
flash     [  79% ] 00001/02484 VUs  23.6s/30s  0319.92 iters/s
watcher   [  59% ] 1 VUs            23.6s/40s 

running (0m24.9s), 00002/02485 VUs, 18643 complete and 0 interrupted iterations
flash     [  82% ] 00001/02484 VUs  24.6s/30s  0269.91 iters/s
watcher   [  62% ] 1 VUs            24.6s/40s 

running (0m25.9s), 00002/02485 VUs, 18889 complete and 0 interrupted iterations
flash     [  85% ] 00001/02484 VUs  25.6s/30s  0219.89 iters/s
watcher   [  64% ] 1 VUs            25.6s/40s 

running (0m26.9s), 00002/02485 VUs, 19085 complete and 0 interrupted iterations
flash     [  89% ] 00001/02484 VUs  26.6s/30s  0169.85 iters/s
watcher   [  67% ] 1 VUs            26.6s/40s 

running (0m27.9s), 00002/02485 VUs, 19231 complete and 0 interrupted iterations
flash     [  92% ] 00001/02484 VUs  27.6s/30s  0119.79 iters/s
watcher   [  69% ] 1 VUs            27.6s/40s 

running (0m28.9s), 00002/02485 VUs, 19327 complete and 0 interrupted iterations
flash     [  95% ] 00001/02484 VUs  28.6s/30s  0069.64 iters/s
watcher   [  72% ] 1 VUs            28.6s/40s 

running (0m29.9s), 00002/02485 VUs, 19373 complete and 0 interrupted iterations
flash     [  99% ] 00001/02484 VUs  29.6s/30s  0018.66 iters/s
watcher   [  74% ] 1 VUs            29.6s/40s 

running (0m30.9s), 00001/02485 VUs, 19378 complete and 0 interrupted iterations
flash   ✓ [ 100% ] 00000/02484 VUs  30s  0005.00 iters/s
watcher   [  77% ] 1 VUs            30.6s/40s

running (0m31.9s), 00001/02485 VUs, 19379 complete and 0 interrupted iterations
flash   ✓ [ 100% ] 00000/02484 VUs  30s  0005.00 iters/s
watcher   [  79% ] 1 VUs            31.6s/40s

running (0m32.9s), 00001/02485 VUs, 19380 complete and 0 interrupted iterations
flash   ✓ [ 100% ] 00000/02484 VUs  30s  0005.00 iters/s
watcher   [  82% ] 1 VUs            32.6s/40s

running (0m33.9s), 00001/02485 VUs, 19381 complete and 0 interrupted iterations
flash   ✓ [ 100% ] 00000/02484 VUs  30s  0005.00 iters/s
watcher   [  84% ] 1 VUs            33.6s/40s

running (0m34.9s), 00001/02485 VUs, 19382 complete and 0 interrupted iterations
flash   ✓ [ 100% ] 00000/02484 VUs  30s  0005.00 iters/s
watcher   [  87% ] 1 VUs            34.6s/40s

running (0m35.9s), 00001/02485 VUs, 19383 complete and 0 interrupted iterations
flash   ✓ [ 100% ] 00000/02484 VUs  30s  0005.00 iters/s
watcher   [  89% ] 1 VUs            35.6s/40s

running (0m36.9s), 00001/02485 VUs, 19384 complete and 0 interrupted iterations
flash   ✓ [ 100% ] 00000/02484 VUs  30s  0005.00 iters/s
watcher   [  92% ] 1 VUs            36.6s/40s

running (0m37.9s), 00001/02485 VUs, 19385 complete and 0 interrupted iterations
flash   ✓ [ 100% ] 00000/02484 VUs  30s  0005.00 iters/s
watcher   [  94% ] 1 VUs            37.6s/40s

running (0m38.9s), 00001/02485 VUs, 19386 complete and 0 interrupted iterations
flash   ✓ [ 100% ] 00000/02484 VUs  30s  0005.00 iters/s
watcher   [  97% ] 1 VUs            38.6s/40s

running (0m39.9s), 00001/02485 VUs, 19387 complete and 0 interrupted iterations
flash   ✓ [ 100% ] 00000/02484 VUs  30s  0005.00 iters/s
watcher   [  99% ] 1 VUs            39.6s/40s
time="2026-09-20T15:45:15-07:00" level=info msg="invariants after the flash sale: PASS" source=console
time="2026-09-20T15:45:15-07:00" level=info msg="final tally for event fbe5501d-f892-4d17-a2bc-ec015589d831 (capacity 5000): 3352 sold, 0 held, 1648 available" source=console

thresholds: PASS willcall_invariants_held: rate==1
            PASS willcall_flash_errors: rate<0.001
            PASS willcall_flash_hold_duration: p(99)<5000
            PASS willcall_flash_server_errors: count==0

running (0m40.8s), 00000/02485 VUs, 19388 complete and 0 interrupted iterations
flash   ✓ [ 100% ] 00000/02484 VUs  30s  0005.00 iters/s
watcher ✓ [ 100% ] 1 VUs            40s 
