
         /\      Grafana   /‾‾/  
    /\  /  \     |\  __   /  /   
   /  \/    \    | |/ /  /   ‾‾\ 
  /          \   |   (  |  (‾)  |
 / __________ \  |_|\_\  \_____/ 


     execution: local
        script: load/scripts/flash.ts
        output: -

     scenarios: (100.00%) 2 scenarios, 12001 max VUs, 1m10s max duration (incl. graceful stop):
              * flash: Up to 1000.00 iterations/s for 30s over 2 stages (maxVUs: 2000-12000, gracefulStop: 30s)
              * watcher: 1 looping VUs for 40s (exec: watchInventory, gracefulStop: 30s)

time="2026-09-20T14:47:02-07:00" level=info msg="flash sale: 10000 buyers arriving in 10s for 5000 seats (event f63f6205-7592-4366-adaa-8f795e67babb)" source=console

running (0m00.9s), 00461/02001 VUs, 151 complete and 0 interrupted iterations
flash     [   2% ] 00460/02000 VUs  00.6s/30s  1000.00 iters/s
watcher   [   2% ] 1 VUs            00.6s/40s 

running (0m01.9s), 01154/02001 VUs, 458 complete and 0 interrupted iterations
flash     [   5% ] 01153/02000 VUs  01.6s/30s  1000.00 iters/s
watcher   [   4% ] 1 VUs            01.6s/40s 

running (0m02.9s), 01799/02001 VUs, 814 complete and 0 interrupted iterations
flash     [   9% ] 01798/02000 VUs  02.6s/30s  1000.00 iters/s
watcher   [   7% ] 1 VUs            02.6s/40s 

running (0m03.9s), 02113/02118 VUs, 1327 complete and 0 interrupted iterations
flash     [  12% ] 02112/02117 VUs  03.6s/30s  1000.00 iters/s
watcher   [   9% ] 1 VUs            03.6s/40s 

running (0m04.9s), 02192/02226 VUs, 2108 complete and 0 interrupted iterations
flash     [  15% ] 02191/02225 VUs  04.6s/30s  1000.00 iters/s
watcher   [  12% ] 1 VUs            04.6s/40s 

running (0m05.9s), 02285/02310 VUs, 2912 complete and 0 interrupted iterations
flash     [  19% ] 02284/02309 VUs  05.6s/30s  1000.00 iters/s
watcher   [  14% ] 1 VUs            05.6s/40s 

running (0m06.9s), 02330/02371 VUs, 3777 complete and 0 interrupted iterations
flash     [  22% ] 02329/02370 VUs  06.6s/30s  1000.00 iters/s
watcher   [  17% ] 1 VUs            06.6s/40s 

running (0m07.9s), 02103/02404 VUs, 4961 complete and 0 interrupted iterations
flash     [  25% ] 02102/02403 VUs  07.6s/30s  1000.00 iters/s
watcher   [  19% ] 1 VUs            07.6s/40s 

running (0m08.9s), 00712/02404 VUs, 7351 complete and 0 interrupted iterations
flash     [  29% ] 00711/02403 VUs  08.6s/30s  1000.00 iters/s
watcher   [  22% ] 1 VUs            08.6s/40s 
time="2026-09-20T14:47:11-07:00" level=info msg="sold out after 9.0 s" source=console

running (0m09.9s), 00008/02404 VUs, 9057 complete and 0 interrupted iterations
flash     [  32% ] 00007/02403 VUs  09.6s/30s  1000.00 iters/s
watcher   [  24% ] 1 VUs            09.6s/40s 

running (0m10.9s), 00007/02404 VUs, 10049 complete and 0 interrupted iterations
flash     [  35% ] 00006/02403 VUs  10.6s/30s  0969.51 iters/s
watcher   [  27% ] 1 VUs            10.6s/40s 

running (0m11.9s), 00005/02404 VUs, 10997 complete and 0 interrupted iterations
flash     [  39% ] 00004/02403 VUs  11.6s/30s  0919.48 iters/s
watcher   [  29% ] 1 VUs            11.6s/40s 

running (0m12.9s), 00006/02404 VUs, 11892 complete and 0 interrupted iterations
flash     [  42% ] 00005/02403 VUs  12.6s/30s  0869.45 iters/s
watcher   [  32% ] 1 VUs            12.6s/40s 

running (0m13.9s), 00004/02404 VUs, 12739 complete and 0 interrupted iterations
flash     [  45% ] 00003/02403 VUs  13.6s/30s  0819.48 iters/s
watcher   [  34% ] 1 VUs            13.6s/40s 

running (0m14.9s), 00003/02404 VUs, 13534 complete and 0 interrupted iterations
flash     [  49% ] 00002/02403 VUs  14.6s/30s  0769.58 iters/s
watcher   [  37% ] 1 VUs            14.6s/40s 

running (0m15.9s), 00004/02404 VUs, 14280 complete and 0 interrupted iterations
flash     [  52% ] 00003/02403 VUs  15.6s/30s  0719.48 iters/s
watcher   [  39% ] 1 VUs            15.6s/40s 

running (0m16.9s), 00004/02404 VUs, 14975 complete and 0 interrupted iterations
flash     [  55% ] 00003/02403 VUs  16.6s/30s  0669.51 iters/s
watcher   [  42% ] 1 VUs            16.6s/40s 

running (0m17.9s), 00004/02404 VUs, 15621 complete and 0 interrupted iterations
flash     [  59% ] 00003/02403 VUs  17.6s/30s  0619.48 iters/s
watcher   [  44% ] 1 VUs            17.6s/40s 

running (0m18.9s), 00003/02404 VUs, 16217 complete and 0 interrupted iterations
flash     [  62% ] 00002/02403 VUs  18.6s/30s  0569.52 iters/s
watcher   [  47% ] 1 VUs            18.6s/40s 

running (0m19.9s), 00003/02404 VUs, 16763 complete and 0 interrupted iterations
flash     [  65% ] 00002/02403 VUs  19.6s/30s  0519.47 iters/s
watcher   [  49% ] 1 VUs            19.6s/40s 

running (0m20.9s), 00003/02404 VUs, 17258 complete and 0 interrupted iterations
flash     [  69% ] 00002/02403 VUs  20.6s/30s  0469.52 iters/s
watcher   [  52% ] 1 VUs            20.6s/40s 

running (0m21.9s), 00003/02404 VUs, 17704 complete and 0 interrupted iterations
flash     [  72% ] 00002/02403 VUs  21.6s/30s  0419.46 iters/s
watcher   [  54% ] 1 VUs            21.6s/40s 

running (0m22.9s), 00002/02404 VUs, 18100 complete and 0 interrupted iterations
flash     [  75% ] 00001/02403 VUs  22.6s/30s  0369.53 iters/s
watcher   [  57% ] 1 VUs            22.6s/40s 

running (0m23.9s), 00003/02404 VUs, 18445 complete and 0 interrupted iterations
flash     [  79% ] 00002/02403 VUs  23.6s/30s  0319.45 iters/s
watcher   [  59% ] 1 VUs            23.6s/40s 

running (0m24.9s), 00002/02404 VUs, 18741 complete and 0 interrupted iterations
flash     [  82% ] 00001/02403 VUs  24.6s/30s  0269.54 iters/s
watcher   [  62% ] 1 VUs            24.6s/40s 

running (0m25.9s), 00002/02404 VUs, 18987 complete and 0 interrupted iterations
flash     [  85% ] 00001/02403 VUs  25.6s/30s  0219.43 iters/s
watcher   [  64% ] 1 VUs            25.6s/40s 

running (0m26.9s), 00001/02404 VUs, 19183 complete and 0 interrupted iterations
flash     [  89% ] 00000/02403 VUs  26.6s/30s  0169.56 iters/s
watcher   [  67% ] 1 VUs            26.6s/40s 

running (0m27.9s), 00002/02404 VUs, 19328 complete and 0 interrupted iterations
flash     [  92% ] 00001/02403 VUs  27.6s/30s  0119.37 iters/s
watcher   [  69% ] 1 VUs            27.6s/40s 

running (0m28.9s), 00001/02404 VUs, 19424 complete and 0 interrupted iterations
flash     [  95% ] 00000/02403 VUs  28.6s/30s  0069.64 iters/s
watcher   [  72% ] 1 VUs            28.6s/40s 

running (0m29.9s), 00001/02404 VUs, 19470 complete and 0 interrupted iterations
flash     [  99% ] 00000/02403 VUs  29.6s/30s  0018.66 iters/s
watcher   [  74% ] 1 VUs            29.6s/40s 

running (0m30.9s), 00001/02404 VUs, 19474 complete and 0 interrupted iterations
flash   ✓ [ 100% ] 00000/02403 VUs  30s  0005.00 iters/s
watcher   [  77% ] 1 VUs            30.6s/40s

running (0m31.9s), 00001/02404 VUs, 19475 complete and 0 interrupted iterations
flash   ✓ [ 100% ] 00000/02403 VUs  30s  0005.00 iters/s
watcher   [  79% ] 1 VUs            31.6s/40s

running (0m32.9s), 00001/02404 VUs, 19476 complete and 0 interrupted iterations
flash   ✓ [ 100% ] 00000/02403 VUs  30s  0005.00 iters/s
watcher   [  82% ] 1 VUs            32.6s/40s

running (0m33.9s), 00001/02404 VUs, 19477 complete and 0 interrupted iterations
flash   ✓ [ 100% ] 00000/02403 VUs  30s  0005.00 iters/s
watcher   [  84% ] 1 VUs            33.6s/40s

running (0m34.9s), 00001/02404 VUs, 19478 complete and 0 interrupted iterations
flash   ✓ [ 100% ] 00000/02403 VUs  30s  0005.00 iters/s
watcher   [  87% ] 1 VUs            34.6s/40s

running (0m35.9s), 00001/02404 VUs, 19479 complete and 0 interrupted iterations
flash   ✓ [ 100% ] 00000/02403 VUs  30s  0005.00 iters/s
watcher   [  89% ] 1 VUs            35.6s/40s

running (0m36.9s), 00001/02404 VUs, 19480 complete and 0 interrupted iterations
flash   ✓ [ 100% ] 00000/02403 VUs  30s  0005.00 iters/s
watcher   [  92% ] 1 VUs            36.6s/40s

running (0m37.9s), 00001/02404 VUs, 19481 complete and 0 interrupted iterations
flash   ✓ [ 100% ] 00000/02403 VUs  30s  0005.00 iters/s
watcher   [  94% ] 1 VUs            37.6s/40s

running (0m38.9s), 00001/02404 VUs, 19482 complete and 0 interrupted iterations
flash   ✓ [ 100% ] 00000/02403 VUs  30s  0005.00 iters/s
watcher   [  97% ] 1 VUs            38.6s/40s

running (0m39.9s), 00001/02404 VUs, 19483 complete and 0 interrupted iterations
flash   ✓ [ 100% ] 00000/02403 VUs  30s  0005.00 iters/s
watcher   [  99% ] 1 VUs            39.6s/40s
time="2026-09-20T14:47:42-07:00" level=info msg="invariants after the flash sale: PASS" source=console
time="2026-09-20T14:47:42-07:00" level=info msg="final tally for event f63f6205-7592-4366-adaa-8f795e67babb (capacity 5000): 3400 sold, 0 held, 1600 available" source=console

thresholds: PASS willcall_invariants_held: rate==1
            PASS willcall_flash_errors: rate<0.001
            PASS willcall_flash_server_errors: count==0
            PASS willcall_flash_hold_duration: p(99)<5000

running (0m40.3s), 00000/02404 VUs, 19484 complete and 0 interrupted iterations
flash   ✓ [ 100% ] 00000/02403 VUs  30s  0005.00 iters/s
watcher ✓ [ 100% ] 1 VUs            40s 
