
         /\      Grafana   /‾‾/  
    /\  /  \     |\  __   /  /   
   /  \/    \    | |/ /  /   ‾‾\ 
  /          \   |   (  |  (‾)  |
 / __________ \  |_|\_\  \_____/ 


     execution: local
        script: load/scripts/flash.ts
        output: -

     scenarios: (100.00%) 2 scenarios, 12001 max VUs, 1m10s max duration (incl. graceful stop):
              * flash: Up to 1000.00 iterations/s for 30s over 2 stages (maxVUs: 2000-12000, gracefulStop: 30s)
              * watcher: 1 looping VUs for 40s (exec: watchInventory, gracefulStop: 30s)

time="2026-09-20T14:13:17-07:00" level=info msg="flash sale: 10000 buyers arriving in 10s for 5000 seats (event c8a9746e-aa7e-4357-8e31-d22f5d0db0de)" source=console

running (0m00.9s), 00512/02001 VUs, 106 complete and 0 interrupted iterations
flash     [   2% ] 00512/02000 VUs  00.6s/30s  1000.00 iters/s
watcher   [   2% ] 1 VUs            00.6s/40s 

running (0m01.9s), 01182/02001 VUs, 438 complete and 0 interrupted iterations
flash     [   5% ] 01181/02000 VUs  01.6s/30s  1000.00 iters/s
watcher   [   4% ] 1 VUs            01.6s/40s 

running (0m02.9s), 01792/02001 VUs, 828 complete and 0 interrupted iterations
flash     [   9% ] 01791/02000 VUs  02.6s/30s  1000.00 iters/s
watcher   [   7% ] 1 VUs            02.6s/40s 

running (0m03.9s), 02117/02123 VUs, 1349 complete and 0 interrupted iterations
flash     [  12% ] 02116/02122 VUs  03.6s/30s  1000.00 iters/s
watcher   [   9% ] 1 VUs            03.6s/40s 

running (0m04.9s), 02232/02233 VUs, 2085 complete and 0 interrupted iterations
flash     [  15% ] 02231/02232 VUs  04.6s/30s  1000.00 iters/s
watcher   [  12% ] 1 VUs            04.6s/40s 

running (0m05.9s), 02296/02301 VUs, 2927 complete and 0 interrupted iterations
flash     [  19% ] 02295/02300 VUs  05.6s/30s  1000.00 iters/s
watcher   [  14% ] 1 VUs            05.6s/40s 

running (0m06.9s), 02335/02343 VUs, 3838 complete and 0 interrupted iterations
flash     [  22% ] 02334/02342 VUs  06.6s/30s  1000.00 iters/s
watcher   [  17% ] 1 VUs            06.6s/40s 

running (0m07.9s), 01723/02369 VUs, 5419 complete and 0 interrupted iterations
flash     [  25% ] 01722/02368 VUs  07.6s/30s  1000.00 iters/s
watcher   [  19% ] 1 VUs            07.6s/40s 
time="2026-09-20T14:13:25-07:00" level=info msg="sold out after 7.9 s" source=console

running (0m08.9s), 00010/02369 VUs, 8134 complete and 0 interrupted iterations
flash     [  29% ] 00009/02368 VUs  08.6s/30s  1000.00 iters/s
watcher   [  22% ] 1 VUs            08.6s/40s 

running (0m09.9s), 00011/02369 VUs, 9134 complete and 0 interrupted iterations
flash     [  32% ] 00010/02368 VUs  09.6s/30s  1000.00 iters/s
watcher   [  24% ] 1 VUs            09.6s/40s 

running (0m10.9s), 00010/02369 VUs, 10127 complete and 0 interrupted iterations
flash     [  35% ] 00009/02368 VUs  10.6s/30s  0969.10 iters/s
watcher   [  27% ] 1 VUs            10.6s/40s 

running (0m11.9s), 00011/02369 VUs, 11071 complete and 0 interrupted iterations
flash     [  39% ] 00010/02368 VUs  11.6s/30s  0919.10 iters/s
watcher   [  29% ] 1 VUs            11.6s/40s 

running (0m12.9s), 00008/02369 VUs, 11968 complete and 0 interrupted iterations
flash     [  42% ] 00007/02368 VUs  12.6s/30s  0869.17 iters/s
watcher   [  32% ] 1 VUs            12.6s/40s 

running (0m13.9s), 00008/02369 VUs, 12814 complete and 0 interrupted iterations
flash     [  45% ] 00007/02368 VUs  13.6s/30s  0819.11 iters/s
watcher   [  34% ] 1 VUs            13.6s/40s 

running (0m14.9s), 00008/02369 VUs, 13609 complete and 0 interrupted iterations
flash     [  49% ] 00007/02368 VUs  14.6s/30s  0769.12 iters/s
watcher   [  37% ] 1 VUs            14.6s/40s 

running (0m15.9s), 00008/02369 VUs, 14354 complete and 0 interrupted iterations
flash     [  52% ] 00007/02368 VUs  15.6s/30s  0719.13 iters/s
watcher   [  39% ] 1 VUs            15.6s/40s 

running (0m16.9s), 00008/02369 VUs, 15050 complete and 0 interrupted iterations
flash     [  55% ] 00007/02368 VUs  16.6s/30s  0669.07 iters/s
watcher   [  42% ] 1 VUs            16.6s/40s 

running (0m17.9s), 00006/02369 VUs, 15697 complete and 0 interrupted iterations
flash     [  59% ] 00005/02368 VUs  17.6s/30s  0619.07 iters/s
watcher   [  44% ] 1 VUs            17.6s/40s 

running (0m18.9s), 00005/02369 VUs, 16292 complete and 0 interrupted iterations
flash     [  62% ] 00004/02368 VUs  18.6s/30s  0569.17 iters/s
watcher   [  47% ] 1 VUs            18.6s/40s 

running (0m19.9s), 00004/02369 VUs, 16838 complete and 0 interrupted iterations
flash     [  65% ] 00003/02368 VUs  19.6s/30s  0519.18 iters/s
watcher   [  49% ] 1 VUs            19.6s/40s 

running (0m20.9s), 00004/02369 VUs, 17333 complete and 0 interrupted iterations
flash     [  69% ] 00003/02368 VUs  20.6s/30s  0469.20 iters/s
watcher   [  52% ] 1 VUs            20.6s/40s 

running (0m21.9s), 00005/02369 VUs, 17778 complete and 0 interrupted iterations
flash     [  72% ] 00004/02368 VUs  21.6s/30s  0419.11 iters/s
watcher   [  54% ] 1 VUs            21.6s/40s 

running (0m22.9s), 00004/02369 VUs, 18174 complete and 0 interrupted iterations
flash     [  75% ] 00003/02368 VUs  22.6s/30s  0369.12 iters/s
watcher   [  57% ] 1 VUs            22.6s/40s 

running (0m23.9s), 00003/02369 VUs, 18520 complete and 0 interrupted iterations
flash     [  79% ] 00002/02368 VUs  23.6s/30s  0319.14 iters/s
watcher   [  59% ] 1 VUs            23.6s/40s 

running (0m24.9s), 00002/02369 VUs, 18816 complete and 0 interrupted iterations
flash     [  82% ] 00001/02368 VUs  24.6s/30s  0269.17 iters/s
watcher   [  62% ] 1 VUs            24.6s/40s 

running (0m25.9s), 00002/02369 VUs, 19061 complete and 0 interrupted iterations
flash     [  85% ] 00001/02368 VUs  25.6s/30s  0219.20 iters/s
watcher   [  64% ] 1 VUs            25.6s/40s 

running (0m26.9s), 00003/02369 VUs, 19256 complete and 0 interrupted iterations
flash     [  89% ] 00002/02368 VUs  26.6s/30s  0168.97 iters/s
watcher   [  67% ] 1 VUs            26.6s/40s 

running (0m27.9s), 00001/02369 VUs, 19402 complete and 0 interrupted iterations
flash     [  92% ] 00000/02368 VUs  27.6s/30s  0119.37 iters/s
watcher   [  69% ] 1 VUs            27.6s/40s 

running (0m28.9s), 00002/02369 VUs, 19497 complete and 0 interrupted iterations
flash     [  95% ] 00001/02368 VUs  28.6s/30s  0068.92 iters/s
watcher   [  72% ] 1 VUs            28.6s/40s 

running (0m29.9s), 00001/02369 VUs, 19543 complete and 0 interrupted iterations
flash     [  99% ] 00000/02368 VUs  29.6s/30s  0018.66 iters/s
watcher   [  74% ] 1 VUs            29.6s/40s 

running (0m30.9s), 00001/02369 VUs, 19547 complete and 0 interrupted iterations
flash   ✓ [ 100% ] 00000/02368 VUs  30s  0005.00 iters/s
watcher   [  77% ] 1 VUs            30.6s/40s

running (0m31.9s), 00001/02369 VUs, 19548 complete and 0 interrupted iterations
flash   ✓ [ 100% ] 00000/02368 VUs  30s  0005.00 iters/s
watcher   [  79% ] 1 VUs            31.6s/40s

running (0m32.9s), 00001/02369 VUs, 19549 complete and 0 interrupted iterations
flash   ✓ [ 100% ] 00000/02368 VUs  30s  0005.00 iters/s
watcher   [  82% ] 1 VUs            32.6s/40s

running (0m33.9s), 00001/02369 VUs, 19550 complete and 0 interrupted iterations
flash   ✓ [ 100% ] 00000/02368 VUs  30s  0005.00 iters/s
watcher   [  84% ] 1 VUs            33.6s/40s

running (0m34.9s), 00001/02369 VUs, 19551 complete and 0 interrupted iterations
flash   ✓ [ 100% ] 00000/02368 VUs  30s  0005.00 iters/s
watcher   [  87% ] 1 VUs            34.6s/40s

running (0m35.9s), 00001/02369 VUs, 19552 complete and 0 interrupted iterations
flash   ✓ [ 100% ] 00000/02368 VUs  30s  0005.00 iters/s
watcher   [  89% ] 1 VUs            35.6s/40s

running (0m36.9s), 00001/02369 VUs, 19553 complete and 0 interrupted iterations
flash   ✓ [ 100% ] 00000/02368 VUs  30s  0005.00 iters/s
watcher   [  92% ] 1 VUs            36.6s/40s

running (0m37.9s), 00001/02369 VUs, 19554 complete and 0 interrupted iterations
flash   ✓ [ 100% ] 00000/02368 VUs  30s  0005.00 iters/s
watcher   [  94% ] 1 VUs            37.6s/40s

running (0m38.9s), 00001/02369 VUs, 19555 complete and 0 interrupted iterations
flash   ✓ [ 100% ] 00000/02368 VUs  30s  0005.00 iters/s
watcher   [  97% ] 1 VUs            38.6s/40s

running (0m39.9s), 00001/02369 VUs, 19556 complete and 0 interrupted iterations
flash   ✓ [ 100% ] 00000/02368 VUs  30s  0005.00 iters/s
watcher   [  99% ] 1 VUs            39.6s/40s

running (0m40.9s), 00001/02369 VUs, 19557 complete and 0 interrupted iterations
flash   ✓ [ 100% ] 00000/02368 VUs  30s  0005.00 iters/s
watcher ↓ [ 100% ] 1 VUs            40s 
time="2026-09-20T14:13:58-07:00" level=info msg="invariants after the flash sale: PASS" source=console
time="2026-09-20T14:13:58-07:00" level=info msg="final tally for event c8a9746e-aa7e-4357-8e31-d22f5d0db0de (capacity 5000): 3543 sold, 0 held, 1457 available" source=console

thresholds: PASS willcall_flash_server_errors: count==0
            PASS willcall_invariants_held: rate==1
            PASS willcall_flash_hold_duration: p(99)<5000
            PASS willcall_flash_errors: rate<0.001

running (0m41.2s), 00000/02369 VUs, 19558 complete and 0 interrupted iterations
flash   ✓ [ 100% ] 00000/02368 VUs  30s  0005.00 iters/s
watcher ✓ [ 100% ] 1 VUs            40s 
