
         /\      Grafana   /‾‾/  
    /\  /  \     |\  __   /  /   
   /  \/    \    | |/ /  /   ‾‾\ 
  /          \   |   (  |  (‾)  |
 / __________ \  |_|\_\  \_____/ 


     execution: local
        script: load/scripts/flash.ts
        output: -

     scenarios: (100.00%) 2 scenarios, 12001 max VUs, 1m10s max duration (incl. graceful stop):
              * flash: Up to 1000.00 iterations/s for 30s over 2 stages (maxVUs: 2000-12000, gracefulStop: 30s)
              * watcher: 1 looping VUs for 40s (exec: watchInventory, gracefulStop: 30s)

time="2026-09-20T14:07:54-07:00" level=info msg="flash sale: 10000 buyers arriving in 10s for 5000 seats (event ecb48993-29af-4a24-a46c-b24b109703ce)" source=console

running (0m00.9s), 00464/02001 VUs, 117 complete and 0 interrupted iterations
flash     [   2% ] 00463/02000 VUs  00.6s/30s  1000.00 iters/s
watcher   [   2% ] 1 VUs            00.6s/40s 

running (0m01.9s), 01227/02001 VUs, 355 complete and 0 interrupted iterations
flash     [   5% ] 01226/02000 VUs  01.6s/30s  1000.00 iters/s
watcher   [   4% ] 1 VUs            01.6s/40s 

running (0m02.9s), 02007/02007 VUs, 568 complete and 0 interrupted iterations
flash     [   9% ] 02006/02006 VUs  02.6s/30s  1000.00 iters/s
watcher   [   7% ] 1 VUs            02.6s/40s 

running (0m03.9s), 02236/02238 VUs, 1027 complete and 0 interrupted iterations
flash     [  12% ] 02235/02237 VUs  03.6s/30s  1000.00 iters/s
watcher   [   9% ] 1 VUs            03.6s/40s 

running (0m04.9s), 02377/02378 VUs, 1711 complete and 0 interrupted iterations
flash     [  15% ] 02376/02377 VUs  04.6s/30s  1000.00 iters/s
watcher   [  12% ] 1 VUs            04.6s/40s 

running (0m05.9s), 02512/02513 VUs, 2402 complete and 0 interrupted iterations
flash     [  19% ] 02511/02512 VUs  05.6s/30s  1000.00 iters/s
watcher   [  14% ] 1 VUs            05.6s/40s 

running (0m06.9s), 02607/02607 VUs, 3179 complete and 0 interrupted iterations
flash     [  22% ] 02606/02606 VUs  06.6s/30s  1000.00 iters/s
watcher   [  17% ] 1 VUs            06.6s/40s 

running (0m07.9s), 02711/02712 VUs, 3936 complete and 0 interrupted iterations
flash     [  25% ] 02710/02711 VUs  07.6s/30s  1000.00 iters/s
watcher   [  19% ] 1 VUs            07.6s/40s 

running (0m08.9s), 02793/02796 VUs, 4746 complete and 0 interrupted iterations
flash     [  29% ] 02792/02795 VUs  08.6s/30s  1000.00 iters/s
watcher   [  22% ] 1 VUs            08.6s/40s 

running (0m09.9s), 02406/02811 VUs, 6113 complete and 0 interrupted iterations
flash     [  32% ] 02405/02810 VUs  09.6s/30s  1000.00 iters/s
watcher   [  24% ] 1 VUs            09.6s/40s 
time="2026-09-20T14:08:04-07:00" level=info msg="sold out after 10.1 s" source=console

running (0m10.9s), 00830/02811 VUs, 8683 complete and 0 interrupted iterations
flash     [  35% ] 00829/02810 VUs  10.6s/30s  0971.00 iters/s
watcher   [  27% ] 1 VUs            10.6s/40s 

running (0m11.9s), 00010/02811 VUs, 10450 complete and 0 interrupted iterations
flash     [  39% ] 00009/02810 VUs  11.6s/30s  0921.01 iters/s
watcher   [  29% ] 1 VUs            11.6s/40s 

running (0m12.9s), 00009/02811 VUs, 11348 complete and 0 interrupted iterations
flash     [  42% ] 00008/02810 VUs  12.6s/30s  0871.01 iters/s
watcher   [  32% ] 1 VUs            12.6s/40s 

running (0m13.9s), 00008/02811 VUs, 12196 complete and 0 interrupted iterations
flash     [  45% ] 00007/02810 VUs  13.6s/30s  0821.01 iters/s
watcher   [  34% ] 1 VUs            13.6s/40s 

running (0m14.9s), 00008/02811 VUs, 12993 complete and 0 interrupted iterations
flash     [  49% ] 00007/02810 VUs  14.6s/30s  0771.01 iters/s
watcher   [  37% ] 1 VUs            14.6s/40s 

running (0m15.9s), 00008/02811 VUs, 13740 complete and 0 interrupted iterations
flash     [  52% ] 00007/02810 VUs  15.6s/30s  0721.01 iters/s
watcher   [  39% ] 1 VUs            15.6s/40s 

running (0m16.9s), 00007/02811 VUs, 14438 complete and 0 interrupted iterations
flash     [  55% ] 00006/02810 VUs  16.6s/30s  0671.01 iters/s
watcher   [  42% ] 1 VUs            16.6s/40s 

running (0m17.9s), 00006/02811 VUs, 15086 complete and 0 interrupted iterations
flash     [  59% ] 00005/02810 VUs  17.6s/30s  0621.01 iters/s
watcher   [  44% ] 1 VUs            17.6s/40s 

running (0m18.9s), 00008/02811 VUs, 15681 complete and 0 interrupted iterations
flash     [  62% ] 00007/02810 VUs  18.6s/30s  0571.01 iters/s
watcher   [  47% ] 1 VUs            18.6s/40s 

running (0m19.9s), 00177/02811 VUs, 16061 complete and 0 interrupted iterations
flash     [  65% ] 00176/02810 VUs  19.6s/30s  0520.82 iters/s
watcher   [  49% ] 1 VUs            19.6s/40s 

running (0m20.9s), 00618/02811 VUs, 16117 complete and 0 interrupted iterations
flash     [  69% ] 00617/02810 VUs  20.6s/30s  0470.80 iters/s
watcher   [  52% ] 1 VUs            20.6s/40s 

running (0m21.9s), 00951/02811 VUs, 16229 complete and 0 interrupted iterations
flash     [  72% ] 00950/02810 VUs  21.6s/30s  0421.01 iters/s
watcher   [  54% ] 1 VUs            21.6s/40s 

running (0m22.9s), 00971/02811 VUs, 16607 complete and 0 interrupted iterations
flash     [  75% ] 00970/02810 VUs  22.6s/30s  0370.88 iters/s
watcher   [  57% ] 1 VUs            22.6s/40s 

running (0m23.9s), 00904/02811 VUs, 17021 complete and 0 interrupted iterations
flash     [  79% ] 00903/02810 VUs  23.6s/30s  0320.86 iters/s
watcher   [  59% ] 1 VUs            23.6s/40s 

running (0m24.9s), 00782/02811 VUs, 17439 complete and 0 interrupted iterations
flash     [  82% ] 00781/02810 VUs  24.6s/30s  0271.02 iters/s
watcher   [  62% ] 1 VUs            24.6s/40s 

running (0m25.9s), 00685/02811 VUs, 17783 complete and 0 interrupted iterations
flash     [  85% ] 00684/02810 VUs  25.6s/30s  0221.02 iters/s
watcher   [  64% ] 1 VUs            25.6s/40s 

running (0m26.9s), 00606/02811 VUs, 18059 complete and 0 interrupted iterations
flash     [  89% ] 00605/02810 VUs  26.6s/30s  0171.03 iters/s
watcher   [  67% ] 1 VUs            26.6s/40s 

running (0m27.9s), 00471/02811 VUs, 18341 complete and 0 interrupted iterations
flash     [  92% ] 00470/02810 VUs  27.6s/30s  0121.04 iters/s
watcher   [  69% ] 1 VUs            27.6s/40s 

running (0m28.9s), 00366/02811 VUs, 18543 complete and 0 interrupted iterations
flash     [  95% ] 00365/02810 VUs  28.6s/30s  0071.06 iters/s
watcher   [  72% ] 1 VUs            28.6s/40s 

running (0m29.9s), 00236/02811 VUs, 18720 complete and 0 interrupted iterations
flash     [  99% ] 00235/02810 VUs  29.6s/30s  0021.18 iters/s
watcher   [  74% ] 1 VUs            29.6s/40s 

running (0m30.9s), 00115/02811 VUs, 18846 complete and 0 interrupted iterations
flash   ↓ [ 100% ] 00181/02810 VUs  30s  0005.00 iters/s
watcher   [  77% ] 1 VUs            30.6s/40s

running (0m31.9s), 00008/02811 VUs, 18954 complete and 0 interrupted iterations
flash   ↓ [ 100% ] 00181/02810 VUs  30s  0005.00 iters/s
watcher   [  79% ] 1 VUs            31.6s/40s

running (0m32.9s), 00001/02811 VUs, 18962 complete and 0 interrupted iterations
flash   ✓ [ 100% ] 00000/02810 VUs  30s  0005.00 iters/s
watcher   [  82% ] 1 VUs            32.6s/40s

running (0m33.9s), 00001/02811 VUs, 18963 complete and 0 interrupted iterations
flash   ✓ [ 100% ] 00000/02810 VUs  30s  0005.00 iters/s
watcher   [  84% ] 1 VUs            33.6s/40s

running (0m34.9s), 00001/02811 VUs, 18964 complete and 0 interrupted iterations
flash   ✓ [ 100% ] 00000/02810 VUs  30s  0005.00 iters/s
watcher   [  87% ] 1 VUs            34.6s/40s

running (0m35.9s), 00001/02811 VUs, 18965 complete and 0 interrupted iterations
flash   ✓ [ 100% ] 00000/02810 VUs  30s  0005.00 iters/s
watcher   [  89% ] 1 VUs            35.6s/40s

running (0m36.9s), 00001/02811 VUs, 18966 complete and 0 interrupted iterations
flash   ✓ [ 100% ] 00000/02810 VUs  30s  0005.00 iters/s
watcher   [  92% ] 1 VUs            36.6s/40s

running (0m37.9s), 00001/02811 VUs, 18967 complete and 0 interrupted iterations
flash   ✓ [ 100% ] 00000/02810 VUs  30s  0005.00 iters/s
watcher   [  94% ] 1 VUs            37.6s/40s

running (0m38.9s), 00001/02811 VUs, 18968 complete and 0 interrupted iterations
flash   ✓ [ 100% ] 00000/02810 VUs  30s  0005.00 iters/s
watcher   [  97% ] 1 VUs            38.6s/40s

running (0m39.9s), 00001/02811 VUs, 18969 complete and 0 interrupted iterations
flash   ✓ [ 100% ] 00000/02810 VUs  30s  0005.00 iters/s
watcher   [  99% ] 1 VUs            39.6s/40s
time="2026-09-20T14:08:34-07:00" level=info msg="invariants after the flash sale: PASS" source=console
time="2026-09-20T14:08:34-07:00" level=info msg="final tally for event ecb48993-29af-4a24-a46c-b24b109703ce (capacity 5000): 2777 sold, 1 held, 2222 available" source=console

thresholds: PASS willcall_flash_errors: rate<0.001
            PASS willcall_invariants_held: rate==1
            PASS willcall_flash_hold_duration: p(99)<5000
            PASS willcall_flash_server_errors: count==0

running (0m40.5s), 00000/02811 VUs, 18970 complete and 0 interrupted iterations
flash   ✓ [ 100% ] 00000/02810 VUs  30s  0005.00 iters/s
watcher ✓ [ 100% ] 1 VUs            40s 
