
         /\      Grafana   /‾‾/  
    /\  /  \     |\  __   /  /   
   /  \/    \    | |/ /  /   ‾‾\ 
  /          \   |   (  |  (‾)  |
 / __________ \  |_|\_\  \_____/ 


     execution: local
        script: load/scripts/flash.ts
        output: -

     scenarios: (100.00%) 2 scenarios, 12001 max VUs, 1m10s max duration (incl. graceful stop):
              * flash: Up to 1000.00 iterations/s for 30s over 2 stages (maxVUs: 2000-12000, gracefulStop: 30s)
              * watcher: 1 looping VUs for 40s (exec: watchInventory, gracefulStop: 30s)

time="2026-09-20T14:33:40-07:00" level=info msg="flash sale: 10000 buyers arriving in 10s for 5000 seats (event 0c87dd7e-1674-4447-b21a-424cd9e2a35c)" source=console

running (0m00.9s), 00492/02001 VUs, 129 complete and 0 interrupted iterations
flash     [   2% ] 00491/02000 VUs  00.6s/30s  1000.00 iters/s
watcher   [   2% ] 1 VUs            00.6s/40s 

running (0m01.9s), 01219/02001 VUs, 403 complete and 0 interrupted iterations
flash     [   5% ] 01218/02000 VUs  01.6s/30s  1000.00 iters/s
watcher   [   4% ] 1 VUs            01.6s/40s 

running (0m02.9s), 01892/02001 VUs, 731 complete and 0 interrupted iterations
flash     [   9% ] 01891/02000 VUs  02.6s/30s  1000.00 iters/s
watcher   [   7% ] 1 VUs            02.6s/40s 

running (0m03.9s), 02157/02157 VUs, 1254 complete and 0 interrupted iterations
flash     [  12% ] 02156/02156 VUs  03.6s/30s  1000.00 iters/s
watcher   [   9% ] 1 VUs            03.6s/40s 

running (0m04.9s), 02243/02244 VUs, 2055 complete and 0 interrupted iterations
flash     [  15% ] 02242/02243 VUs  04.6s/30s  1000.00 iters/s
watcher   [  12% ] 1 VUs            04.6s/40s 

running (0m05.9s), 02337/02346 VUs, 2823 complete and 0 interrupted iterations
flash     [  19% ] 02336/02345 VUs  05.6s/30s  1000.00 iters/s
watcher   [  14% ] 1 VUs            05.6s/40s 

running (0m06.9s), 02373/02398 VUs, 3716 complete and 0 interrupted iterations
flash     [  22% ] 02372/02397 VUs  06.6s/30s  1000.00 iters/s
watcher   [  17% ] 1 VUs            06.6s/40s 

running (0m07.9s), 02097/02422 VUs, 4962 complete and 0 interrupted iterations
flash     [  25% ] 02096/02421 VUs  07.6s/30s  1000.00 iters/s
watcher   [  19% ] 1 VUs            07.6s/40s 
time="2026-09-20T14:33:48-07:00" level=info msg="sold out after 8.1 s" source=console

running (0m08.9s), 00587/02422 VUs, 7473 complete and 0 interrupted iterations
flash     [  29% ] 00586/02421 VUs  08.6s/30s  1000.00 iters/s
watcher   [  22% ] 1 VUs            08.6s/40s 

running (0m09.9s), 00006/02422 VUs, 9055 complete and 0 interrupted iterations
flash     [  32% ] 00005/02421 VUs  09.6s/30s  1000.00 iters/s
watcher   [  24% ] 1 VUs            09.6s/40s 

running (0m10.9s), 00006/02422 VUs, 10047 complete and 0 interrupted iterations
flash     [  35% ] 00005/02421 VUs  10.6s/30s  0968.99 iters/s
watcher   [  27% ] 1 VUs            10.6s/40s 

running (0m11.9s), 00005/02422 VUs, 10993 complete and 0 interrupted iterations
flash     [  39% ] 00004/02421 VUs  11.6s/30s  0918.99 iters/s
watcher   [  29% ] 1 VUs            11.6s/40s 

running (0m12.9s), 00005/02422 VUs, 11888 complete and 0 interrupted iterations
flash     [  42% ] 00004/02421 VUs  12.6s/30s  0868.99 iters/s
watcher   [  32% ] 1 VUs            12.6s/40s 

running (0m13.9s), 00005/02422 VUs, 12733 complete and 0 interrupted iterations
flash     [  45% ] 00004/02421 VUs  13.6s/30s  0818.99 iters/s
watcher   [  34% ] 1 VUs            13.6s/40s 

running (0m14.9s), 00004/02422 VUs, 13529 complete and 0 interrupted iterations
flash     [  49% ] 00003/02421 VUs  14.6s/30s  0768.99 iters/s
watcher   [  37% ] 1 VUs            14.6s/40s 

running (0m15.9s), 00003/02422 VUs, 14275 complete and 0 interrupted iterations
flash     [  52% ] 00002/02421 VUs  15.6s/30s  0718.99 iters/s
watcher   [  39% ] 1 VUs            15.6s/40s 

running (0m16.9s), 00004/02422 VUs, 14969 complete and 0 interrupted iterations
flash     [  55% ] 00003/02421 VUs  16.6s/30s  0668.99 iters/s
watcher   [  42% ] 1 VUs            16.6s/40s 

running (0m17.9s), 00003/02422 VUs, 15615 complete and 0 interrupted iterations
flash     [  59% ] 00002/02421 VUs  17.6s/30s  0618.99 iters/s
watcher   [  44% ] 1 VUs            17.6s/40s 

running (0m18.9s), 00003/02422 VUs, 16210 complete and 0 interrupted iterations
flash     [  62% ] 00002/02421 VUs  18.6s/30s  0568.99 iters/s
watcher   [  47% ] 1 VUs            18.6s/40s 

running (0m19.9s), 00003/02422 VUs, 16755 complete and 0 interrupted iterations
flash     [  65% ] 00002/02421 VUs  19.6s/30s  0518.99 iters/s
watcher   [  49% ] 1 VUs            19.6s/40s 

running (0m20.9s), 00003/02422 VUs, 17250 complete and 0 interrupted iterations
flash     [  69% ] 00002/02421 VUs  20.6s/30s  0468.99 iters/s
watcher   [  52% ] 1 VUs            20.6s/40s 

running (0m21.9s), 00003/02422 VUs, 17695 complete and 0 interrupted iterations
flash     [  72% ] 00002/02421 VUs  21.6s/30s  0418.99 iters/s
watcher   [  54% ] 1 VUs            21.6s/40s 

running (0m22.9s), 00003/02422 VUs, 18090 complete and 0 interrupted iterations
flash     [  75% ] 00002/02421 VUs  22.6s/30s  0368.99 iters/s
watcher   [  57% ] 1 VUs            22.6s/40s 

running (0m23.9s), 00002/02422 VUs, 18436 complete and 0 interrupted iterations
flash     [  79% ] 00001/02421 VUs  23.6s/30s  0318.98 iters/s
watcher   [  59% ] 1 VUs            23.6s/40s 

running (0m24.9s), 00002/02422 VUs, 18731 complete and 0 interrupted iterations
flash     [  82% ] 00001/02421 VUs  24.6s/30s  0268.98 iters/s
watcher   [  62% ] 1 VUs            24.6s/40s 

running (0m25.9s), 00002/02422 VUs, 18976 complete and 0 interrupted iterations
flash     [  85% ] 00001/02421 VUs  25.6s/30s  0218.97 iters/s
watcher   [  64% ] 1 VUs            25.6s/40s 

running (0m26.9s), 00002/02422 VUs, 19171 complete and 0 interrupted iterations
flash     [  89% ] 00001/02421 VUs  26.6s/30s  0168.97 iters/s
watcher   [  67% ] 1 VUs            26.6s/40s 

running (0m27.9s), 00002/02422 VUs, 19316 complete and 0 interrupted iterations
flash     [  92% ] 00001/02421 VUs  27.6s/30s  0118.95 iters/s
watcher   [  69% ] 1 VUs            27.6s/40s 

running (0m28.9s), 00001/02422 VUs, 19412 complete and 0 interrupted iterations
flash     [  95% ] 00000/02421 VUs  28.6s/30s  0068.92 iters/s
watcher   [  72% ] 1 VUs            28.6s/40s 

running (0m29.9s), 00001/02422 VUs, 19457 complete and 0 interrupted iterations
flash     [  99% ] 00000/02421 VUs  29.6s/30s  0018.66 iters/s
watcher   [  74% ] 1 VUs            29.6s/40s 

running (0m30.9s), 00001/02422 VUs, 19461 complete and 0 interrupted iterations
flash   ✓ [ 100% ] 00000/02421 VUs  30s  0005.00 iters/s
watcher   [  77% ] 1 VUs            30.6s/40s

running (0m31.9s), 00001/02422 VUs, 19462 complete and 0 interrupted iterations
flash   ✓ [ 100% ] 00000/02421 VUs  30s  0005.00 iters/s
watcher   [  79% ] 1 VUs            31.6s/40s

running (0m32.9s), 00001/02422 VUs, 19463 complete and 0 interrupted iterations
flash   ✓ [ 100% ] 00000/02421 VUs  30s  0005.00 iters/s
watcher   [  82% ] 1 VUs            32.6s/40s

running (0m33.9s), 00001/02422 VUs, 19464 complete and 0 interrupted iterations
flash   ✓ [ 100% ] 00000/02421 VUs  30s  0005.00 iters/s
watcher   [  84% ] 1 VUs            33.6s/40s

running (0m34.9s), 00001/02422 VUs, 19465 complete and 0 interrupted iterations
flash   ✓ [ 100% ] 00000/02421 VUs  30s  0005.00 iters/s
watcher   [  87% ] 1 VUs            34.6s/40s

running (0m35.9s), 00001/02422 VUs, 19466 complete and 0 interrupted iterations
flash   ✓ [ 100% ] 00000/02421 VUs  30s  0005.00 iters/s
watcher   [  89% ] 1 VUs            35.6s/40s

running (0m36.9s), 00001/02422 VUs, 19467 complete and 0 interrupted iterations
flash   ✓ [ 100% ] 00000/02421 VUs  30s  0005.00 iters/s
watcher   [  92% ] 1 VUs            36.6s/40s

running (0m37.9s), 00001/02422 VUs, 19468 complete and 0 interrupted iterations
flash   ✓ [ 100% ] 00000/02421 VUs  30s  0005.00 iters/s
watcher   [  94% ] 1 VUs            37.6s/40s

running (0m38.9s), 00001/02422 VUs, 19469 complete and 0 interrupted iterations
flash   ✓ [ 100% ] 00000/02421 VUs  30s  0005.00 iters/s
watcher   [  97% ] 1 VUs            38.6s/40s

running (0m39.9s), 00001/02422 VUs, 19470 complete and 0 interrupted iterations
flash   ✓ [ 100% ] 00000/02421 VUs  30s  0005.00 iters/s
watcher   [  99% ] 1 VUs            39.6s/40s
time="2026-09-20T14:34:20-07:00" level=info msg="invariants after the flash sale: PASS" source=console
time="2026-09-20T14:34:20-07:00" level=info msg="final tally for event 0c87dd7e-1674-4447-b21a-424cd9e2a35c (capacity 5000): 3325 sold, 0 held, 1675 available" source=console

thresholds: PASS willcall_flash_server_errors: count==0
            PASS willcall_flash_hold_duration: p(99)<5000
            PASS willcall_flash_errors: rate<0.001
            PASS willcall_invariants_held: rate==1

running (0m40.4s), 00000/02422 VUs, 19471 complete and 0 interrupted iterations
flash   ✓ [ 100% ] 00000/02421 VUs  30s  0005.00 iters/s
watcher ✓ [ 100% ] 1 VUs            40s 
