
         /\      Grafana   /‾‾/  
    /\  /  \     |\  __   /  /   
   /  \/    \    | |/ /  /   ‾‾\ 
  /          \   |   (  |  (‾)  |
 / __________ \  |_|\_\  \_____/ 


     execution: local
        script: load/scripts/flash.ts
        output: -

     scenarios: (100.00%) 2 scenarios, 12001 max VUs, 1m10s max duration (incl. graceful stop):
              * flash: Up to 1000.00 iterations/s for 30s over 2 stages (maxVUs: 2000-12000, gracefulStop: 30s)
              * watcher: 1 looping VUs for 40s (exec: watchInventory, gracefulStop: 30s)

time="2026-09-20T14:28:45-07:00" level=info msg="flash sale: 10000 buyers arriving in 10s for 5000 seats (event 4766ed36-d2de-414e-8d4f-abe1c28088bc)" source=console

running (0m00.9s), 00512/02001 VUs, 108 complete and 0 interrupted iterations
flash     [   2% ] 00511/02000 VUs  00.6s/30s  1000.00 iters/s
watcher   [   2% ] 1 VUs            00.6s/40s 

running (0m01.9s), 01252/02001 VUs, 369 complete and 0 interrupted iterations
flash     [   5% ] 01251/02000 VUs  01.6s/30s  1000.00 iters/s
watcher   [   4% ] 1 VUs            01.6s/40s 

running (0m02.9s), 01930/02001 VUs, 691 complete and 0 interrupted iterations
flash     [   9% ] 01929/02000 VUs  02.6s/30s  1000.00 iters/s
watcher   [   7% ] 1 VUs            02.6s/40s 

running (0m03.9s), 02167/02167 VUs, 1233 complete and 0 interrupted iterations
flash     [  12% ] 02166/02166 VUs  03.6s/30s  1000.00 iters/s
watcher   [   9% ] 1 VUs            03.6s/40s 

running (0m04.9s), 02263/02268 VUs, 1999 complete and 0 interrupted iterations
flash     [  15% ] 02262/02267 VUs  04.6s/30s  1000.00 iters/s
watcher   [  12% ] 1 VUs            04.6s/40s 

running (0m05.9s), 02344/02358 VUs, 2801 complete and 0 interrupted iterations
flash     [  19% ] 02343/02357 VUs  05.6s/30s  1000.00 iters/s
watcher   [  14% ] 1 VUs            05.6s/40s 

running (0m06.9s), 02423/02423 VUs, 3630 complete and 0 interrupted iterations
flash     [  22% ] 02422/02422 VUs  06.6s/30s  1000.00 iters/s
watcher   [  17% ] 1 VUs            06.6s/40s 

running (0m07.9s), 02276/02458 VUs, 4728 complete and 0 interrupted iterations
flash     [  25% ] 02275/02457 VUs  07.6s/30s  1000.00 iters/s
watcher   [  19% ] 1 VUs            07.6s/40s 
time="2026-09-20T14:28:54-07:00" level=info msg="sold out after 8.6 s" source=console

running (0m08.9s), 01128/02458 VUs, 6879 complete and 0 interrupted iterations
flash     [  29% ] 01127/02457 VUs  08.6s/30s  1000.00 iters/s
watcher   [  22% ] 1 VUs            08.6s/40s 

running (0m09.9s), 00005/02458 VUs, 9002 complete and 0 interrupted iterations
flash     [  32% ] 00004/02457 VUs  09.6s/30s  1000.00 iters/s
watcher   [  24% ] 1 VUs            09.6s/40s 

running (0m10.9s), 00006/02458 VUs, 9993 complete and 0 interrupted iterations
flash     [  35% ] 00005/02457 VUs  10.6s/30s  0969.10 iters/s
watcher   [  27% ] 1 VUs            10.6s/40s 

running (0m11.9s), 00004/02458 VUs, 10940 complete and 0 interrupted iterations
flash     [  39% ] 00003/02457 VUs  11.6s/30s  0919.10 iters/s
watcher   [  29% ] 1 VUs            11.6s/40s 

running (0m12.9s), 00006/02458 VUs, 11834 complete and 0 interrupted iterations
flash     [  42% ] 00005/02457 VUs  12.6s/30s  0869.05 iters/s
watcher   [  32% ] 1 VUs            12.6s/40s 

running (0m13.9s), 00005/02458 VUs, 12680 complete and 0 interrupted iterations
flash     [  45% ] 00004/02457 VUs  13.6s/30s  0819.05 iters/s
watcher   [  34% ] 1 VUs            13.6s/40s 

running (0m14.9s), 00005/02458 VUs, 13474 complete and 0 interrupted iterations
flash     [  49% ] 00004/02457 VUs  14.6s/30s  0769.12 iters/s
watcher   [  37% ] 1 VUs            14.6s/40s 

running (0m15.9s), 00004/02458 VUs, 14221 complete and 0 interrupted iterations
flash     [  52% ] 00003/02457 VUs  15.6s/30s  0719.06 iters/s
watcher   [  39% ] 1 VUs            15.6s/40s 

running (0m16.9s), 00004/02458 VUs, 14916 complete and 0 interrupted iterations
flash     [  55% ] 00003/02457 VUs  16.6s/30s  0669.07 iters/s
watcher   [  42% ] 1 VUs            16.6s/40s 

running (0m17.9s), 00003/02458 VUs, 15562 complete and 0 interrupted iterations
flash     [  59% ] 00002/02457 VUs  17.6s/30s  0619.07 iters/s
watcher   [  44% ] 1 VUs            17.6s/40s 

running (0m18.9s), 00004/02458 VUs, 16156 complete and 0 interrupted iterations
flash     [  62% ] 00003/02457 VUs  18.6s/30s  0569.08 iters/s
watcher   [  47% ] 1 VUs            18.6s/40s 

running (0m19.9s), 00003/02458 VUs, 16702 complete and 0 interrupted iterations
flash     [  65% ] 00002/02457 VUs  19.6s/30s  0519.09 iters/s
watcher   [  49% ] 1 VUs            19.6s/40s 

running (0m20.9s), 00003/02458 VUs, 17197 complete and 0 interrupted iterations
flash     [  69% ] 00002/02457 VUs  20.6s/30s  0469.09 iters/s
watcher   [  52% ] 1 VUs            20.6s/40s 

running (0m21.9s), 00003/02458 VUs, 17642 complete and 0 interrupted iterations
flash     [  72% ] 00002/02457 VUs  21.6s/30s  0419.11 iters/s
watcher   [  54% ] 1 VUs            21.6s/40s 

running (0m22.9s), 00002/02458 VUs, 18038 complete and 0 interrupted iterations
flash     [  75% ] 00001/02457 VUs  22.6s/30s  0369.12 iters/s
watcher   [  57% ] 1 VUs            22.6s/40s 

running (0m23.9s), 00002/02458 VUs, 18383 complete and 0 interrupted iterations
flash     [  79% ] 00001/02457 VUs  23.6s/30s  0319.14 iters/s
watcher   [  59% ] 1 VUs            23.6s/40s 

running (0m24.9s), 00003/02458 VUs, 18678 complete and 0 interrupted iterations
flash     [  82% ] 00002/02457 VUs  24.6s/30s  0268.98 iters/s
watcher   [  62% ] 1 VUs            24.6s/40s 

running (0m25.9s), 00002/02458 VUs, 18924 complete and 0 interrupted iterations
flash     [  85% ] 00001/02457 VUs  25.6s/30s  0218.97 iters/s
watcher   [  64% ] 1 VUs            25.6s/40s 

running (0m26.9s), 00002/02458 VUs, 19119 complete and 0 interrupted iterations
flash     [  89% ] 00001/02457 VUs  26.6s/30s  0168.97 iters/s
watcher   [  67% ] 1 VUs            26.6s/40s 

running (0m27.9s), 00002/02458 VUs, 19264 complete and 0 interrupted iterations
flash     [  92% ] 00001/02457 VUs  27.6s/30s  0118.95 iters/s
watcher   [  69% ] 1 VUs            27.6s/40s 

running (0m28.9s), 00002/02458 VUs, 19359 complete and 0 interrupted iterations
flash     [  95% ] 00001/02457 VUs  28.6s/30s  0068.92 iters/s
watcher   [  72% ] 1 VUs            28.6s/40s 

running (0m29.9s), 00001/02458 VUs, 19405 complete and 0 interrupted iterations
flash     [  99% ] 00000/02457 VUs  29.6s/30s  0018.66 iters/s
watcher   [  74% ] 1 VUs            29.6s/40s 

running (0m30.9s), 00001/02458 VUs, 19409 complete and 0 interrupted iterations
flash   ✓ [ 100% ] 00000/02457 VUs  30s  0005.00 iters/s
watcher   [  77% ] 1 VUs            30.6s/40s

running (0m31.9s), 00001/02458 VUs, 19410 complete and 0 interrupted iterations
flash   ✓ [ 100% ] 00000/02457 VUs  30s  0005.00 iters/s
watcher   [  79% ] 1 VUs            31.6s/40s

running (0m32.9s), 00001/02458 VUs, 19411 complete and 0 interrupted iterations
flash   ✓ [ 100% ] 00000/02457 VUs  30s  0005.00 iters/s
watcher   [  82% ] 1 VUs            32.6s/40s

running (0m33.9s), 00001/02458 VUs, 19412 complete and 0 interrupted iterations
flash   ✓ [ 100% ] 00000/02457 VUs  30s  0005.00 iters/s
watcher   [  84% ] 1 VUs            33.6s/40s

running (0m34.9s), 00001/02458 VUs, 19413 complete and 0 interrupted iterations
flash   ✓ [ 100% ] 00000/02457 VUs  30s  0005.00 iters/s
watcher   [  87% ] 1 VUs            34.6s/40s

running (0m35.9s), 00001/02458 VUs, 19414 complete and 0 interrupted iterations
flash   ✓ [ 100% ] 00000/02457 VUs  30s  0005.00 iters/s
watcher   [  89% ] 1 VUs            35.6s/40s

running (0m36.9s), 00001/02458 VUs, 19415 complete and 0 interrupted iterations
flash   ✓ [ 100% ] 00000/02457 VUs  30s  0005.00 iters/s
watcher   [  92% ] 1 VUs            36.6s/40s

running (0m37.9s), 00001/02458 VUs, 19416 complete and 0 interrupted iterations
flash   ✓ [ 100% ] 00000/02457 VUs  30s  0005.00 iters/s
watcher   [  94% ] 1 VUs            37.6s/40s

running (0m38.9s), 00001/02458 VUs, 19417 complete and 0 interrupted iterations
flash   ✓ [ 100% ] 00000/02457 VUs  30s  0005.00 iters/s
watcher   [  97% ] 1 VUs            38.6s/40s

running (0m39.9s), 00001/02458 VUs, 19418 complete and 0 interrupted iterations
flash   ✓ [ 100% ] 00000/02457 VUs  30s  0005.00 iters/s
watcher   [  99% ] 1 VUs            39.6s/40s
time="2026-09-20T14:29:26-07:00" level=info msg="invariants after the flash sale: PASS" source=console
time="2026-09-20T14:29:26-07:00" level=info msg="final tally for event 4766ed36-d2de-414e-8d4f-abe1c28088bc (capacity 5000): 3282 sold, 0 held, 1718 available" source=console

running (0m40.9s), 00000/02458 VUs, 19419 complete and 0 interrupted iterations
flash   ✓ [ 100% ] 00000/02457 VUs  30s  0005.00 iters/s
watcher ✓ [ 100% ] 1 VUs            40s 

thresholds: PASS willcall_flash_server_errors: count==0
            PASS willcall_invariants_held: rate==1
            PASS willcall_flash_hold_duration: p(99)<5000
            PASS willcall_flash_errors: rate<0.001

running (0m40.9s), 00000/02458 VUs, 19419 complete and 0 interrupted iterations
flash   ✓ [ 100% ] 00000/02457 VUs  30s  0005.00 iters/s
watcher ✓ [ 100% ] 1 VUs            40s 
