
         /\      Grafana   /‾‾/  
    /\  /  \     |\  __   /  /   
   /  \/    \    | |/ /  /   ‾‾\ 
  /          \   |   (  |  (‾)  |
 / __________ \  |_|\_\  \_____/ 


     execution: local
        script: load/scripts/flash.ts
        output: -

     scenarios: (100.00%) 2 scenarios, 12001 max VUs, 1m10s max duration (incl. graceful stop):
              * flash: Up to 1000.00 iterations/s for 30s over 2 stages (maxVUs: 2000-12000, gracefulStop: 30s)
              * watcher: 1 looping VUs for 40s (exec: watchInventory, gracefulStop: 30s)

time="2026-09-20T16:08:29-07:00" level=info msg="flash sale: 10000 buyers arriving in 10s for 5000 seats (event d560b2f1-b4f8-4753-ba7c-18b6d380289c)" source=console

running (0m00.9s), 00517/02001 VUs, 94 complete and 0 interrupted iterations
flash     [   2% ] 00516/02000 VUs  00.6s/30s  1000.00 iters/s
watcher   [   2% ] 1 VUs            00.6s/40s 

running (0m01.9s), 01283/02001 VUs, 329 complete and 0 interrupted iterations
flash     [   5% ] 01282/02000 VUs  01.6s/30s  1000.00 iters/s
watcher   [   4% ] 1 VUs            01.6s/40s 

running (0m02.9s), 01939/02001 VUs, 674 complete and 0 interrupted iterations
flash     [   9% ] 01938/02000 VUs  02.6s/30s  1000.00 iters/s
watcher   [   7% ] 1 VUs            02.6s/40s 

running (0m03.9s), 02181/02181 VUs, 1192 complete and 0 interrupted iterations
flash     [  12% ] 02180/02180 VUs  03.6s/30s  1000.00 iters/s
watcher   [   9% ] 1 VUs            03.6s/40s 

running (0m04.9s), 02272/02272 VUs, 1979 complete and 0 interrupted iterations
flash     [  15% ] 02271/02271 VUs  04.6s/30s  1000.00 iters/s
watcher   [  12% ] 1 VUs            04.6s/40s 

running (0m05.9s), 02354/02354 VUs, 2792 complete and 0 interrupted iterations
flash     [  19% ] 02353/02353 VUs  05.6s/30s  1000.00 iters/s
watcher   [  14% ] 1 VUs            05.6s/40s 

running (0m06.9s), 02440/02440 VUs, 3590 complete and 0 interrupted iterations
flash     [  22% ] 02439/02439 VUs  06.6s/30s  1000.00 iters/s
watcher   [  17% ] 1 VUs            06.6s/40s 

running (0m07.9s), 02391/02490 VUs, 4574 complete and 0 interrupted iterations
flash     [  25% ] 02390/02489 VUs  07.6s/30s  1000.00 iters/s
watcher   [  19% ] 1 VUs            07.6s/40s 
time="2026-09-20T16:08:37-07:00" level=info msg="sold out after 8.2 s" source=console

running (0m08.9s), 01142/02490 VUs, 6825 complete and 0 interrupted iterations
flash     [  29% ] 01141/02489 VUs  08.6s/30s  1000.00 iters/s
watcher   [  22% ] 1 VUs            08.6s/40s 

running (0m09.9s), 00008/02490 VUs, 8960 complete and 0 interrupted iterations
flash     [  32% ] 00007/02489 VUs  09.6s/30s  1000.00 iters/s
watcher   [  24% ] 1 VUs            09.6s/40s 

running (0m10.9s), 00006/02490 VUs, 9954 complete and 0 interrupted iterations
flash     [  35% ] 00005/02489 VUs  10.6s/30s  0969.51 iters/s
watcher   [  27% ] 1 VUs            10.6s/40s 

running (0m11.9s), 00006/02490 VUs, 10900 complete and 0 interrupted iterations
flash     [  39% ] 00005/02489 VUs  11.6s/30s  0919.48 iters/s
watcher   [  29% ] 1 VUs            11.6s/40s 

running (0m12.9s), 00007/02490 VUs, 11794 complete and 0 interrupted iterations
flash     [  42% ] 00006/02489 VUs  12.6s/30s  0869.51 iters/s
watcher   [  32% ] 1 VUs            12.6s/40s 

running (0m13.9s), 00006/02490 VUs, 12640 complete and 0 interrupted iterations
flash     [  45% ] 00005/02489 VUs  13.6s/30s  0819.54 iters/s
watcher   [  34% ] 1 VUs            13.6s/40s 

running (0m14.9s), 00004/02490 VUs, 13438 complete and 0 interrupted iterations
flash     [  49% ] 00003/02489 VUs  14.6s/30s  0769.51 iters/s
watcher   [  37% ] 1 VUs            14.6s/40s 

running (0m15.9s), 00003/02490 VUs, 14184 complete and 0 interrupted iterations
flash     [  52% ] 00002/02489 VUs  15.6s/30s  0719.55 iters/s
watcher   [  39% ] 1 VUs            15.6s/40s 

running (0m16.9s), 00003/02490 VUs, 14880 complete and 0 interrupted iterations
flash     [  55% ] 00002/02489 VUs  16.6s/30s  0669.51 iters/s
watcher   [  42% ] 1 VUs            16.6s/40s 

running (0m17.9s), 00004/02490 VUs, 15525 complete and 0 interrupted iterations
flash     [  59% ] 00003/02489 VUs  17.6s/30s  0619.48 iters/s
watcher   [  44% ] 1 VUs            17.6s/40s 

running (0m18.9s), 00003/02490 VUs, 16121 complete and 0 interrupted iterations
flash     [  62% ] 00002/02489 VUs  18.6s/30s  0569.52 iters/s
watcher   [  47% ] 1 VUs            18.6s/40s 

running (0m19.9s), 00004/02490 VUs, 16665 complete and 0 interrupted iterations
flash     [  65% ] 00003/02489 VUs  19.6s/30s  0519.57 iters/s
watcher   [  49% ] 1 VUs            19.6s/40s 

running (0m20.9s), 00004/02490 VUs, 17161 complete and 0 interrupted iterations
flash     [  69% ] 00003/02489 VUs  20.6s/30s  0469.52 iters/s
watcher   [  52% ] 1 VUs            20.6s/40s 

running (0m21.9s), 00003/02490 VUs, 17607 complete and 0 interrupted iterations
flash     [  72% ] 00002/02489 VUs  21.6s/30s  0419.46 iters/s
watcher   [  54% ] 1 VUs            21.6s/40s 

running (0m22.9s), 00002/02490 VUs, 18004 complete and 0 interrupted iterations
flash     [  75% ] 00001/02489 VUs  22.6s/30s  0369.53 iters/s
watcher   [  57% ] 1 VUs            22.6s/40s 

running (0m23.9s), 00002/02490 VUs, 18350 complete and 0 interrupted iterations
flash     [  79% ] 00001/02489 VUs  23.6s/30s  0319.45 iters/s
watcher   [  59% ] 1 VUs            23.6s/40s 

running (0m24.9s), 00002/02490 VUs, 18645 complete and 0 interrupted iterations
flash     [  82% ] 00001/02489 VUs  24.6s/30s  0269.54 iters/s
watcher   [  62% ] 1 VUs            24.6s/40s 

running (0m25.9s), 00003/02490 VUs, 18890 complete and 0 interrupted iterations
flash     [  85% ] 00002/02489 VUs  25.6s/30s  0219.43 iters/s
watcher   [  64% ] 1 VUs            25.6s/40s 

running (0m26.9s), 00002/02490 VUs, 19086 complete and 0 interrupted iterations
flash     [  89% ] 00000/02489 VUs  26.6s/30s  0169.56 iters/s
watcher   [  67% ] 1 VUs            26.6s/40s 

running (0m27.9s), 00002/02490 VUs, 19232 complete and 0 interrupted iterations
flash     [  92% ] 00001/02489 VUs  27.6s/30s  0119.37 iters/s
watcher   [  69% ] 1 VUs            27.6s/40s 

running (0m28.9s), 00001/02490 VUs, 19328 complete and 0 interrupted iterations
flash     [  95% ] 00000/02489 VUs  28.6s/30s  0069.64 iters/s
watcher   [  72% ] 1 VUs            28.6s/40s 

running (0m29.9s), 00001/02490 VUs, 19374 complete and 0 interrupted iterations
flash     [  99% ] 00000/02489 VUs  29.6s/30s  0018.66 iters/s
watcher   [  74% ] 1 VUs            29.6s/40s 

running (0m30.9s), 00001/02490 VUs, 19378 complete and 0 interrupted iterations
flash   ✓ [ 100% ] 00000/02489 VUs  30s  0005.00 iters/s
watcher   [  77% ] 1 VUs            30.6s/40s

running (0m31.9s), 00001/02490 VUs, 19379 complete and 0 interrupted iterations
flash   ✓ [ 100% ] 00000/02489 VUs  30s  0005.00 iters/s
watcher   [  79% ] 1 VUs            31.6s/40s

running (0m32.9s), 00001/02490 VUs, 19380 complete and 0 interrupted iterations
flash   ✓ [ 100% ] 00000/02489 VUs  30s  0005.00 iters/s
watcher   [  82% ] 1 VUs            32.6s/40s

running (0m33.9s), 00001/02490 VUs, 19381 complete and 0 interrupted iterations
flash   ✓ [ 100% ] 00000/02489 VUs  30s  0005.00 iters/s
watcher   [  84% ] 1 VUs            33.6s/40s

running (0m34.9s), 00001/02490 VUs, 19382 complete and 0 interrupted iterations
flash   ✓ [ 100% ] 00000/02489 VUs  30s  0005.00 iters/s
watcher   [  87% ] 1 VUs            34.6s/40s

running (0m35.9s), 00001/02490 VUs, 19383 complete and 0 interrupted iterations
flash   ✓ [ 100% ] 00000/02489 VUs  30s  0005.00 iters/s
watcher   [  89% ] 1 VUs            35.6s/40s

running (0m36.9s), 00001/02490 VUs, 19384 complete and 0 interrupted iterations
flash   ✓ [ 100% ] 00000/02489 VUs  30s  0005.00 iters/s
watcher   [  92% ] 1 VUs            36.6s/40s

running (0m37.9s), 00001/02490 VUs, 19385 complete and 0 interrupted iterations
flash   ✓ [ 100% ] 00000/02489 VUs  30s  0005.00 iters/s
watcher   [  94% ] 1 VUs            37.6s/40s

running (0m38.9s), 00001/02490 VUs, 19386 complete and 0 interrupted iterations
flash   ✓ [ 100% ] 00000/02489 VUs  30s  0005.00 iters/s
watcher   [  97% ] 1 VUs            38.6s/40s

running (0m39.9s), 00001/02490 VUs, 19387 complete and 0 interrupted iterations
flash   ✓ [ 100% ] 00000/02489 VUs  30s  0005.00 iters/s
watcher   [  99% ] 1 VUs            39.6s/40s
time="2026-09-20T16:09:09-07:00" level=info msg="invariants after the flash sale: PASS" source=console
time="2026-09-20T16:09:09-07:00" level=info msg="final tally for event d560b2f1-b4f8-4753-ba7c-18b6d380289c (capacity 5000): 3263 sold, 0 held, 1737 available" source=console

thresholds: PASS willcall_flash_errors: rate<0.001
            PASS willcall_flash_server_errors: count==0
            PASS willcall_flash_hold_duration: p(99)<5000
            PASS willcall_invariants_held: rate==1

running (0m40.5s), 00000/02490 VUs, 19388 complete and 0 interrupted iterations
flash   ✓ [ 100% ] 00000/02489 VUs  30s  0005.00 iters/s
watcher ✓ [ 100% ] 1 VUs            40s 
