
         /\      Grafana   /‾‾/  
    /\  /  \     |\  __   /  /   
   /  \/    \    | |/ /  /   ‾‾\ 
  /          \   |   (  |  (‾)  |
 / __________ \  |_|\_\  \_____/ 


     execution: local
        script: load/scripts/flash.ts
        output: -

     scenarios: (100.00%) 2 scenarios, 12001 max VUs, 1m10s max duration (incl. graceful stop):
              * flash: Up to 1000.00 iterations/s for 30s over 2 stages (maxVUs: 2000-12000, gracefulStop: 30s)
              * watcher: 1 looping VUs for 40s (exec: watchInventory, gracefulStop: 30s)

time="2026-09-20T16:07:04-07:00" level=info msg="flash sale: 10000 buyers arriving in 10s for 5000 seats (event f6606a16-8e08-4b24-9542-c8687cf8fb52)" source=console

running (0m00.9s), 00444/02001 VUs, 146 complete and 0 interrupted iterations
flash     [   2% ] 00443/02000 VUs  00.6s/30s  1000.00 iters/s
watcher   [   2% ] 1 VUs            00.6s/40s 

running (0m01.9s), 01168/02001 VUs, 423 complete and 0 interrupted iterations
flash     [   5% ] 01167/02000 VUs  01.6s/30s  1000.00 iters/s
watcher   [   4% ] 1 VUs            01.6s/40s 

running (0m02.9s), 01832/02001 VUs, 759 complete and 0 interrupted iterations
flash     [   9% ] 01831/02000 VUs  02.6s/30s  1000.00 iters/s
watcher   [   7% ] 1 VUs            02.6s/40s 

running (0m03.9s), 02110/02134 VUs, 1300 complete and 0 interrupted iterations
flash     [  12% ] 02109/02133 VUs  03.6s/30s  1000.00 iters/s
watcher   [   9% ] 1 VUs            03.6s/40s 

running (0m04.9s), 02210/02240 VUs, 2065 complete and 0 interrupted iterations
flash     [  15% ] 02209/02239 VUs  04.6s/30s  1000.00 iters/s
watcher   [  12% ] 1 VUs            04.6s/40s 

running (0m05.9s), 02285/02327 VUs, 2876 complete and 0 interrupted iterations
flash     [  19% ] 02284/02326 VUs  05.6s/30s  1000.00 iters/s
watcher   [  14% ] 1 VUs            05.6s/40s 

running (0m06.9s), 02332/02382 VUs, 3753 complete and 0 interrupted iterations
flash     [  22% ] 02331/02381 VUs  06.6s/30s  1000.00 iters/s
watcher   [  17% ] 1 VUs            06.6s/40s 

running (0m07.9s), 02004/02402 VUs, 5056 complete and 0 interrupted iterations
flash     [  25% ] 02003/02401 VUs  07.6s/30s  1000.00 iters/s
watcher   [  19% ] 1 VUs            07.6s/40s 
time="2026-09-20T16:07:12-07:00" level=info msg="sold out after 7.9 s" source=console

running (0m08.9s), 00543/02402 VUs, 7518 complete and 0 interrupted iterations
flash     [  29% ] 00542/02401 VUs  08.6s/30s  1000.00 iters/s
watcher   [  22% ] 1 VUs            08.6s/40s 

running (0m09.9s), 00006/02402 VUs, 9057 complete and 0 interrupted iterations
flash     [  32% ] 00005/02401 VUs  09.6s/30s  1000.00 iters/s
watcher   [  24% ] 1 VUs            09.6s/40s 

running (0m10.9s), 00005/02402 VUs, 10047 complete and 0 interrupted iterations
flash     [  35% ] 00004/02401 VUs  10.6s/30s  0970.75 iters/s
watcher   [  27% ] 1 VUs            10.6s/40s 

running (0m11.9s), 00006/02402 VUs, 10996 complete and 0 interrupted iterations
flash     [  39% ] 00005/02401 VUs  11.6s/30s  0920.57 iters/s
watcher   [  29% ] 1 VUs            11.6s/40s 

running (0m12.9s), 00004/02402 VUs, 11894 complete and 0 interrupted iterations
flash     [  42% ] 00003/02401 VUs  12.6s/30s  0870.60 iters/s
watcher   [  32% ] 1 VUs            12.6s/40s 

running (0m13.9s), 00004/02402 VUs, 12741 complete and 0 interrupted iterations
flash     [  45% ] 00003/02401 VUs  13.6s/30s  0820.58 iters/s
watcher   [  34% ] 1 VUs            13.6s/40s 

running (0m14.9s), 00004/02402 VUs, 13538 complete and 0 interrupted iterations
flash     [  49% ] 00003/02401 VUs  14.6s/30s  0770.55 iters/s
watcher   [  37% ] 1 VUs            14.6s/40s 

running (0m15.9s), 00003/02402 VUs, 14285 complete and 0 interrupted iterations
flash     [  52% ] 00002/02401 VUs  15.6s/30s  0720.59 iters/s
watcher   [  39% ] 1 VUs            15.6s/40s 

running (0m16.9s), 00004/02402 VUs, 14981 complete and 0 interrupted iterations
flash     [  55% ] 00003/02401 VUs  16.6s/30s  0670.56 iters/s
watcher   [  42% ] 1 VUs            16.6s/40s 

running (0m17.9s), 00003/02402 VUs, 15628 complete and 0 interrupted iterations
flash     [  59% ] 00002/02401 VUs  17.6s/30s  0620.60 iters/s
watcher   [  44% ] 1 VUs            17.6s/40s 

running (0m18.9s), 00003/02402 VUs, 16225 complete and 0 interrupted iterations
flash     [  62% ] 00002/02401 VUs  18.6s/30s  0570.57 iters/s
watcher   [  47% ] 1 VUs            18.6s/40s 

running (0m19.9s), 00003/02402 VUs, 16771 complete and 0 interrupted iterations
flash     [  65% ] 00002/02401 VUs  19.6s/30s  0520.62 iters/s
watcher   [  49% ] 1 VUs            19.6s/40s 

running (0m20.9s), 00003/02402 VUs, 17268 complete and 0 interrupted iterations
flash     [  69% ] 00002/02401 VUs  20.6s/30s  0470.58 iters/s
watcher   [  52% ] 1 VUs            20.6s/40s 

running (0m21.9s), 00003/02402 VUs, 17715 complete and 0 interrupted iterations
flash     [  72% ] 00002/02401 VUs  21.6s/30s  0420.54 iters/s
watcher   [  54% ] 1 VUs            21.6s/40s 

running (0m22.9s), 00002/02402 VUs, 18112 complete and 0 interrupted iterations
flash     [  75% ] 00001/02401 VUs  22.6s/30s  0370.61 iters/s
watcher   [  57% ] 1 VUs            22.6s/40s 

running (0m23.9s), 00002/02402 VUs, 18459 complete and 0 interrupted iterations
flash     [  79% ] 00001/02401 VUs  23.6s/30s  0320.55 iters/s
watcher   [  59% ] 1 VUs            23.6s/40s 

running (0m24.9s), 00002/02402 VUs, 18755 complete and 0 interrupted iterations
flash     [  82% ] 00001/02401 VUs  24.6s/30s  0270.65 iters/s
watcher   [  62% ] 1 VUs            24.6s/40s 

running (0m25.9s), 00003/02402 VUs, 19001 complete and 0 interrupted iterations
flash     [  85% ] 00002/02401 VUs  25.6s/30s  0220.57 iters/s
watcher   [  64% ] 1 VUs            25.6s/40s 

running (0m26.9s), 00002/02402 VUs, 19199 complete and 0 interrupted iterations
flash     [  89% ] 00001/02401 VUs  26.6s/30s  0170.44 iters/s
watcher   [  67% ] 1 VUs            26.6s/40s 

running (0m27.9s), 00001/02402 VUs, 19346 complete and 0 interrupted iterations
flash     [  92% ] 00000/02401 VUs  27.6s/30s  0120.62 iters/s
watcher   [  69% ] 1 VUs            27.6s/40s 

running (0m28.9s), 00002/02402 VUs, 19442 complete and 0 interrupted iterations
flash     [  95% ] 00001/02401 VUs  28.6s/30s  0070.36 iters/s
watcher   [  72% ] 1 VUs            28.6s/40s 

running (0m29.9s), 00001/02402 VUs, 19489 complete and 0 interrupted iterations
flash     [  99% ] 00000/02401 VUs  29.6s/30s  0021.18 iters/s
watcher   [  74% ] 1 VUs            29.6s/40s 

running (0m30.9s), 00001/02402 VUs, 19494 complete and 0 interrupted iterations
flash   ✓ [ 100% ] 00000/02401 VUs  30s  0005.00 iters/s
watcher   [  77% ] 1 VUs            30.6s/40s

running (0m31.9s), 00001/02402 VUs, 19495 complete and 0 interrupted iterations
flash   ✓ [ 100% ] 00000/02401 VUs  30s  0005.00 iters/s
watcher   [  79% ] 1 VUs            31.6s/40s

running (0m32.9s), 00001/02402 VUs, 19496 complete and 0 interrupted iterations
flash   ✓ [ 100% ] 00000/02401 VUs  30s  0005.00 iters/s
watcher   [  82% ] 1 VUs            32.6s/40s

running (0m33.9s), 00001/02402 VUs, 19497 complete and 0 interrupted iterations
flash   ✓ [ 100% ] 00000/02401 VUs  30s  0005.00 iters/s
watcher   [  84% ] 1 VUs            33.6s/40s

running (0m34.9s), 00001/02402 VUs, 19498 complete and 0 interrupted iterations
flash   ✓ [ 100% ] 00000/02401 VUs  30s  0005.00 iters/s
watcher   [  87% ] 1 VUs            34.6s/40s

running (0m35.9s), 00001/02402 VUs, 19499 complete and 0 interrupted iterations
flash   ✓ [ 100% ] 00000/02401 VUs  30s  0005.00 iters/s
watcher   [  89% ] 1 VUs            35.6s/40s

running (0m36.9s), 00001/02402 VUs, 19500 complete and 0 interrupted iterations
flash   ✓ [ 100% ] 00000/02401 VUs  30s  0005.00 iters/s
watcher   [  92% ] 1 VUs            36.6s/40s

running (0m37.9s), 00001/02402 VUs, 19501 complete and 0 interrupted iterations
flash   ✓ [ 100% ] 00000/02401 VUs  30s  0005.00 iters/s
watcher   [  94% ] 1 VUs            37.6s/40s

running (0m38.9s), 00001/02402 VUs, 19502 complete and 0 interrupted iterations
flash   ✓ [ 100% ] 00000/02401 VUs  30s  0005.00 iters/s
watcher   [  97% ] 1 VUs            38.6s/40s

running (0m39.9s), 00001/02402 VUs, 19503 complete and 0 interrupted iterations
flash   ✓ [ 100% ] 00000/02401 VUs  30s  0005.00 iters/s
watcher   [  99% ] 1 VUs            39.6s/40s

running (0m40.9s), 00001/02402 VUs, 19504 complete and 0 interrupted iterations
flash   ✓ [ 100% ] 00000/02401 VUs  30s  0005.00 iters/s
watcher ↓ [ 100% ] 1 VUs            40s 
time="2026-09-20T16:07:45-07:00" level=info msg="invariants after the flash sale: PASS" source=console
time="2026-09-20T16:07:45-07:00" level=info msg="final tally for event f6606a16-8e08-4b24-9542-c8687cf8fb52 (capacity 5000): 3336 sold, 0 held, 1664 available" source=console

thresholds: PASS willcall_invariants_held: rate==1
            PASS willcall_flash_server_errors: count==0
            PASS willcall_flash_hold_duration: p(99)<5000
            PASS willcall_flash_errors: rate<0.001

running (0m41.3s), 00000/02402 VUs, 19505 complete and 0 interrupted iterations
flash   ✓ [ 100% ] 00000/02401 VUs  30s  0005.00 iters/s
watcher ✓ [ 100% ] 1 VUs            40s 
