
         /\      Grafana   /‾‾/  
    /\  /  \     |\  __   /  /   
   /  \/    \    | |/ /  /   ‾‾\ 
  /          \   |   (  |  (‾)  |
 / __________ \  |_|\_\  \_____/ 


     execution: local
        script: load/scripts/flash.ts
        output: -

     scenarios: (100.00%) 2 scenarios, 12001 max VUs, 1m10s max duration (incl. graceful stop):
              * flash: Up to 1000.00 iterations/s for 30s over 2 stages (maxVUs: 2000-12000, gracefulStop: 30s)
              * watcher: 1 looping VUs for 40s (exec: watchInventory, gracefulStop: 30s)

time="2026-09-20T16:02:52-07:00" level=info msg="flash sale: 10000 buyers arriving in 10s for 5000 seats (event daf773cf-b097-4ac1-931f-276f5c0bcb96)" source=console

running (0m00.9s), 00465/02001 VUs, 95 complete and 0 interrupted iterations
flash     [   2% ] 00464/02000 VUs  00.6s/30s  1000.00 iters/s
watcher   [   1% ] 1 VUs            00.6s/40s 

running (0m01.9s), 01178/02001 VUs, 384 complete and 0 interrupted iterations
flash     [   5% ] 01177/02000 VUs  01.6s/30s  1000.00 iters/s
watcher   [   4% ] 1 VUs            01.6s/40s 

running (0m02.9s), 01878/02001 VUs, 684 complete and 0 interrupted iterations
flash     [   9% ] 01877/02000 VUs  02.6s/30s  1000.00 iters/s
watcher   [   6% ] 1 VUs            02.6s/40s 

running (0m03.9s), 02131/02131 VUs, 1252 complete and 0 interrupted iterations
flash     [  12% ] 02130/02130 VUs  03.6s/30s  1000.00 iters/s
watcher   [   9% ] 1 VUs            03.6s/40s 

running (0m04.9s), 02240/02243 VUs, 2000 complete and 0 interrupted iterations
flash     [  15% ] 02239/02242 VUs  04.6s/30s  1000.00 iters/s
watcher   [  11% ] 1 VUs            04.6s/40s 

running (0m05.9s), 02296/02320 VUs, 2844 complete and 0 interrupted iterations
flash     [  19% ] 02295/02319 VUs  05.6s/30s  1000.00 iters/s
watcher   [  14% ] 1 VUs            05.6s/40s 

running (0m06.9s), 02363/02376 VUs, 3702 complete and 0 interrupted iterations
flash     [  22% ] 02362/02375 VUs  06.6s/30s  1000.00 iters/s
watcher   [  16% ] 1 VUs            06.6s/40s 

running (0m07.9s), 02147/02411 VUs, 4873 complete and 0 interrupted iterations
flash     [  25% ] 02146/02410 VUs  07.6s/30s  1000.00 iters/s
watcher   [  19% ] 1 VUs            07.6s/40s 
time="2026-09-20T16:03:00-07:00" level=info msg="sold out after 7.7 s" source=console

running (0m08.9s), 00727/02411 VUs, 7294 complete and 0 interrupted iterations
flash     [  29% ] 00726/02410 VUs  08.6s/30s  1000.00 iters/s
watcher   [  21% ] 1 VUs            08.6s/40s 

running (0m09.9s), 00005/02411 VUs, 9018 complete and 0 interrupted iterations
flash     [  32% ] 00003/02410 VUs  09.6s/30s  1000.00 iters/s
watcher   [  24% ] 1 VUs            09.6s/40s 

running (0m10.9s), 00005/02411 VUs, 10011 complete and 0 interrupted iterations
flash     [  35% ] 00004/02410 VUs  10.6s/30s  0972.03 iters/s
watcher   [  26% ] 1 VUs            10.6s/40s 

running (0m11.9s), 00005/02411 VUs, 10959 complete and 0 interrupted iterations
flash     [  39% ] 00004/02410 VUs  11.6s/30s  0922.04 iters/s
watcher   [  29% ] 1 VUs            11.6s/40s 

running (0m12.9s), 00006/02411 VUs, 11857 complete and 0 interrupted iterations
flash     [  42% ] 00005/02410 VUs  12.6s/30s  0871.98 iters/s
watcher   [  31% ] 1 VUs            12.6s/40s 

running (0m13.9s), 00003/02411 VUs, 12707 complete and 0 interrupted iterations
flash     [  45% ] 00002/02410 VUs  13.6s/30s  0822.04 iters/s
watcher   [  34% ] 1 VUs            13.6s/40s 

running (0m14.9s), 00003/02411 VUs, 13505 complete and 0 interrupted iterations
flash     [  49% ] 00002/02410 VUs  14.6s/30s  0772.04 iters/s
watcher   [  36% ] 1 VUs            14.6s/40s 

running (0m15.9s), 00003/02411 VUs, 14253 complete and 0 interrupted iterations
flash     [  52% ] 00002/02410 VUs  15.6s/30s  0722.05 iters/s
watcher   [  39% ] 1 VUs            15.6s/40s 

running (0m16.9s), 00004/02411 VUs, 14951 complete and 0 interrupted iterations
flash     [  55% ] 00003/02410 VUs  16.6s/30s  0671.97 iters/s
watcher   [  41% ] 1 VUs            16.6s/40s 

running (0m17.9s), 00002/02411 VUs, 15600 complete and 0 interrupted iterations
flash     [  59% ] 00001/02410 VUs  17.6s/30s  0622.05 iters/s
watcher   [  44% ] 1 VUs            17.6s/40s 

running (0m18.9s), 00004/02411 VUs, 16197 complete and 0 interrupted iterations
flash     [  62% ] 00003/02410 VUs  18.6s/30s  0571.97 iters/s
watcher   [  46% ] 1 VUs            18.6s/40s 

running (0m19.9s), 00003/02411 VUs, 16745 complete and 0 interrupted iterations
flash     [  65% ] 00002/02410 VUs  19.6s/30s  0522.06 iters/s
watcher   [  49% ] 1 VUs            19.6s/40s 

running (0m20.9s), 00003/02411 VUs, 17244 complete and 0 interrupted iterations
flash     [  69% ] 00002/02410 VUs  20.6s/30s  0471.96 iters/s
watcher   [  51% ] 1 VUs            20.6s/40s 

running (0m21.9s), 00002/02411 VUs, 17692 complete and 0 interrupted iterations
flash     [  72% ] 00001/02410 VUs  21.6s/30s  0422.08 iters/s
watcher   [  54% ] 1 VUs            21.6s/40s 

running (0m22.9s), 00002/02411 VUs, 18091 complete and 0 interrupted iterations
flash     [  75% ] 00001/02410 VUs  22.6s/30s  0371.95 iters/s
watcher   [  56% ] 1 VUs            22.6s/40s 

running (0m23.9s), 00002/02411 VUs, 18439 complete and 0 interrupted iterations
flash     [  79% ] 00001/02410 VUs  23.6s/30s  0321.95 iters/s
watcher   [  59% ] 1 VUs            23.6s/40s 

running (0m24.9s), 00002/02411 VUs, 18737 complete and 0 interrupted iterations
flash     [  82% ] 00001/02410 VUs  24.6s/30s  0271.94 iters/s
watcher   [  61% ] 1 VUs            24.6s/40s 

running (0m25.9s), 00002/02411 VUs, 18985 complete and 0 interrupted iterations
flash     [  85% ] 00001/02410 VUs  25.6s/30s  0221.92 iters/s
watcher   [  64% ] 1 VUs            25.6s/40s 

running (0m26.9s), 00002/02411 VUs, 19183 complete and 0 interrupted iterations
flash     [  89% ] 00001/02410 VUs  26.6s/30s  0171.90 iters/s
watcher   [  66% ] 1 VUs            26.6s/40s 

running (0m27.9s), 00002/02411 VUs, 19331 complete and 0 interrupted iterations
flash     [  92% ] 00001/02410 VUs  27.6s/30s  0121.86 iters/s
watcher   [  69% ] 1 VUs            27.6s/40s 

running (0m28.9s), 00002/02411 VUs, 19429 complete and 0 interrupted iterations
flash     [  95% ] 00001/02410 VUs  28.6s/30s  0071.76 iters/s
watcher   [  71% ] 1 VUs            28.6s/40s 

running (0m29.9s), 00001/02411 VUs, 19478 complete and 0 interrupted iterations
flash     [  99% ] 00000/02410 VUs  29.6s/30s  0021.18 iters/s
watcher   [  74% ] 1 VUs            29.6s/40s 

running (0m30.9s), 00001/02411 VUs, 19483 complete and 0 interrupted iterations
flash   ✓ [ 100% ] 00000/02410 VUs  30s  0005.00 iters/s
watcher   [  76% ] 1 VUs            30.6s/40s

running (0m31.9s), 00001/02411 VUs, 19484 complete and 0 interrupted iterations
flash   ✓ [ 100% ] 00000/02410 VUs  30s  0005.00 iters/s
watcher   [  79% ] 1 VUs            31.6s/40s

running (0m32.9s), 00001/02411 VUs, 19485 complete and 0 interrupted iterations
flash   ✓ [ 100% ] 00000/02410 VUs  30s  0005.00 iters/s
watcher   [  81% ] 1 VUs            32.6s/40s

running (0m33.9s), 00001/02411 VUs, 19486 complete and 0 interrupted iterations
flash   ✓ [ 100% ] 00000/02410 VUs  30s  0005.00 iters/s
watcher   [  84% ] 1 VUs            33.6s/40s

running (0m34.9s), 00001/02411 VUs, 19487 complete and 0 interrupted iterations
flash   ✓ [ 100% ] 00000/02410 VUs  30s  0005.00 iters/s
watcher   [  86% ] 1 VUs            34.6s/40s

running (0m35.9s), 00001/02411 VUs, 19488 complete and 0 interrupted iterations
flash   ✓ [ 100% ] 00000/02410 VUs  30s  0005.00 iters/s
watcher   [  89% ] 1 VUs            35.6s/40s

running (0m36.9s), 00001/02411 VUs, 19489 complete and 0 interrupted iterations
flash   ✓ [ 100% ] 00000/02410 VUs  30s  0005.00 iters/s
watcher   [  91% ] 1 VUs            36.6s/40s

running (0m37.9s), 00001/02411 VUs, 19490 complete and 0 interrupted iterations
flash   ✓ [ 100% ] 00000/02410 VUs  30s  0005.00 iters/s
watcher   [  94% ] 1 VUs            37.6s/40s

running (0m38.9s), 00001/02411 VUs, 19491 complete and 0 interrupted iterations
flash   ✓ [ 100% ] 00000/02410 VUs  30s  0005.00 iters/s
watcher   [  96% ] 1 VUs            38.6s/40s

running (0m39.9s), 00001/02411 VUs, 19492 complete and 0 interrupted iterations
flash   ✓ [ 100% ] 00000/02410 VUs  30s  0005.00 iters/s
watcher   [  99% ] 1 VUs            39.6s/40s

running (0m40.9s), 00001/02411 VUs, 19493 complete and 0 interrupted iterations
flash   ✓ [ 100% ] 00000/02410 VUs  30s  0005.00 iters/s
watcher ↓ [ 100% ] 1 VUs            40s 
time="2026-09-20T16:03:33-07:00" level=info msg="invariants after the flash sale: PASS" source=console
time="2026-09-20T16:03:33-07:00" level=info msg="final tally for event daf773cf-b097-4ac1-931f-276f5c0bcb96 (capacity 5000): 3377 sold, 0 held, 1623 available" source=console

thresholds: PASS willcall_flash_errors: rate<0.001
            PASS willcall_invariants_held: rate==1
            PASS willcall_flash_hold_duration: p(99)<5000
            PASS willcall_flash_server_errors: count==0

running (0m41.1s), 00000/02411 VUs, 19494 complete and 0 interrupted iterations
flash   ✓ [ 100% ] 00000/02410 VUs  30s  0005.00 iters/s
watcher ✓ [ 100% ] 1 VUs            40s 
