
         /\      Grafana   /‾‾/  
    /\  /  \     |\  __   /  /   
   /  \/    \    | |/ /  /   ‾‾\ 
  /          \   |   (  |  (‾)  |
 / __________ \  |_|\_\  \_____/ 


     execution: local
        script: load/scripts/flash.ts
        output: -

     scenarios: (100.00%) 2 scenarios, 12001 max VUs, 1m10s max duration (incl. graceful stop):
              * flash: Up to 1000.00 iterations/s for 30s over 2 stages (maxVUs: 2000-12000, gracefulStop: 30s)
              * watcher: 1 looping VUs for 40s (exec: watchInventory, gracefulStop: 30s)

time="2026-09-20T14:07:10-07:00" level=info msg="flash sale: 10000 buyers arriving in 10s for 5000 seats (event 3805dc32-5685-4acf-899b-3ffa822728e6)" source=console

running (0m00.9s), 00473/02001 VUs, 100 complete and 0 interrupted iterations
flash     [   2% ] 00472/02000 VUs  00.6s/30s  1000.00 iters/s
watcher   [   2% ] 1 VUs            00.6s/40s 

running (0m01.9s), 01272/02001 VUs, 302 complete and 0 interrupted iterations
flash     [   5% ] 01271/02000 VUs  01.6s/30s  1000.00 iters/s
watcher   [   4% ] 1 VUs            01.6s/40s 

running (0m02.9s), 02034/02038 VUs, 491 complete and 0 interrupted iterations
flash     [   9% ] 02033/02037 VUs  02.6s/30s  1000.00 iters/s
watcher   [   7% ] 1 VUs            02.6s/40s 

running (0m03.9s), 02217/02237 VUs, 1028 complete and 0 interrupted iterations
flash     [  12% ] 02216/02236 VUs  03.6s/30s  1000.00 iters/s
watcher   [   9% ] 1 VUs            03.6s/40s 

running (0m04.9s), 02366/02382 VUs, 1689 complete and 0 interrupted iterations
flash     [  15% ] 02365/02381 VUs  04.6s/30s  1000.00 iters/s
watcher   [  12% ] 1 VUs            04.6s/40s 

running (0m05.9s), 02390/02460 VUs, 2464 complete and 0 interrupted iterations
flash     [  19% ] 02389/02459 VUs  05.6s/30s  1000.00 iters/s
watcher   [  14% ] 1 VUs            05.6s/40s 

running (0m06.9s), 02489/02511 VUs, 3307 complete and 0 interrupted iterations
flash     [  22% ] 02488/02510 VUs  06.6s/30s  1000.00 iters/s
watcher   [  17% ] 1 VUs            06.6s/40s 

running (0m07.9s), 02556/02587 VUs, 4139 complete and 0 interrupted iterations
flash     [  25% ] 02554/02586 VUs  07.6s/30s  1000.00 iters/s
watcher   [  19% ] 1 VUs            07.6s/40s 

running (0m08.9s), 02557/02588 VUs, 5134 complete and 0 interrupted iterations
flash     [  29% ] 02556/02587 VUs  08.6s/30s  1000.00 iters/s
watcher   [  22% ] 1 VUs            08.6s/40s 

running (0m09.9s), 02575/02598 VUs, 6101 complete and 0 interrupted iterations
flash     [  32% ] 02574/02597 VUs  09.6s/30s  1000.00 iters/s
watcher   [  24% ] 1 VUs            09.6s/40s 

running (0m10.9s), 02548/02601 VUs, 7117 complete and 0 interrupted iterations
flash     [  35% ] 02547/02600 VUs  10.6s/30s  0971.42 iters/s
watcher   [  27% ] 1 VUs            10.6s/40s 

running (0m11.9s), 02490/02601 VUs, 8123 complete and 0 interrupted iterations
flash     [  39% ] 02489/02600 VUs  11.6s/30s  0921.38 iters/s
watcher   [  29% ] 1 VUs            11.6s/40s 

running (0m12.9s), 02393/02601 VUs, 9116 complete and 0 interrupted iterations
flash     [  42% ] 02392/02600 VUs  12.6s/30s  0871.41 iters/s
watcher   [  32% ] 1 VUs            12.6s/40s 

running (0m13.9s), 02274/02601 VUs, 10082 complete and 0 interrupted iterations
flash     [  45% ] 02273/02600 VUs  13.6s/30s  0821.43 iters/s
watcher   [  34% ] 1 VUs            13.6s/40s 

running (0m14.9s), 02167/02601 VUs, 10986 complete and 0 interrupted iterations
flash     [  49% ] 02166/02600 VUs  14.6s/30s  0771.39 iters/s
watcher   [  37% ] 1 VUs            14.6s/40s 

running (0m15.9s), 02045/02601 VUs, 11854 complete and 0 interrupted iterations
flash     [  52% ] 02044/02600 VUs  15.6s/30s  0721.42 iters/s
watcher   [  39% ] 1 VUs            15.6s/40s 

running (0m16.9s), 01926/02601 VUs, 12670 complete and 0 interrupted iterations
flash     [  55% ] 01925/02600 VUs  16.6s/30s  0671.45 iters/s
watcher   [  42% ] 1 VUs            16.6s/40s 

running (0m17.9s), 01839/02601 VUs, 13404 complete and 0 interrupted iterations
flash     [  59% ] 01838/02600 VUs  17.6s/30s  0621.41 iters/s
watcher   [  44% ] 1 VUs            17.6s/40s 

running (0m18.9s), 01736/02601 VUs, 14104 complete and 0 interrupted iterations
flash     [  62% ] 01735/02600 VUs  18.6s/30s  0571.45 iters/s
watcher   [  47% ] 1 VUs            18.6s/40s 

running (0m19.9s), 01642/02601 VUs, 14745 complete and 0 interrupted iterations
flash     [  65% ] 01641/02600 VUs  19.6s/30s  0521.39 iters/s
watcher   [  49% ] 1 VUs            19.6s/40s 

running (0m20.9s), 01497/02601 VUs, 15386 complete and 0 interrupted iterations
flash     [  69% ] 01496/02600 VUs  20.6s/30s  0471.43 iters/s
watcher   [  52% ] 1 VUs            20.6s/40s 

running (0m21.9s), 01350/02601 VUs, 15981 complete and 0 interrupted iterations
flash     [  72% ] 01349/02600 VUs  21.6s/30s  0421.37 iters/s
watcher   [  54% ] 1 VUs            21.6s/40s 

running (0m22.9s), 01227/02601 VUs, 16500 complete and 0 interrupted iterations
flash     [  75% ] 01226/02600 VUs  22.6s/30s  0371.42 iters/s
watcher   [  57% ] 1 VUs            22.6s/40s 

running (0m23.9s), 01112/02601 VUs, 16962 complete and 0 interrupted iterations
flash     [  79% ] 01111/02600 VUs  23.6s/30s  0321.48 iters/s
watcher   [  59% ] 1 VUs            23.6s/40s 

running (0m24.9s), 01023/02601 VUs, 17348 complete and 0 interrupted iterations
flash     [  82% ] 01022/02600 VUs  24.6s/30s  0271.39 iters/s
watcher   [  62% ] 1 VUs            24.6s/40s 

running (0m25.9s), 00925/02601 VUs, 17692 complete and 0 interrupted iterations
flash     [  85% ] 00924/02600 VUs  25.6s/30s  0221.47 iters/s
watcher   [  64% ] 1 VUs            25.6s/40s 

running (0m26.9s), 00796/02601 VUs, 18019 complete and 0 interrupted iterations
flash     [  89% ] 00795/02600 VUs  26.6s/30s  0171.32 iters/s
watcher   [  67% ] 1 VUs            26.6s/40s 

running (0m27.9s), 00683/02601 VUs, 18278 complete and 0 interrupted iterations
flash     [  92% ] 00682/02600 VUs  27.6s/30s  0121.45 iters/s
watcher   [  69% ] 1 VUs            27.6s/40s 

running (0m28.9s), 00567/02601 VUs, 18492 complete and 0 interrupted iterations
flash     [  95% ] 00566/02600 VUs  28.6s/30s  0071.06 iters/s
watcher   [  72% ] 1 VUs            28.6s/40s 

running (0m29.9s), 00416/02601 VUs, 18689 complete and 0 interrupted iterations
flash     [  99% ] 00415/02600 VUs  29.6s/30s  0021.18 iters/s
watcher   [  74% ] 1 VUs            29.6s/40s 

running (0m30.9s), 00254/02601 VUs, 18856 complete and 0 interrupted iterations
flash   ↓ [ 100% ] 00347/02600 VUs  30s  0005.00 iters/s
watcher   [  77% ] 1 VUs            30.6s/40s

running (0m31.9s), 00001/02601 VUs, 19110 complete and 0 interrupted iterations
flash   ✓ [ 100% ] 00000/02600 VUs  30s  0005.00 iters/s
watcher   [  79% ] 1 VUs            31.6s/40s

running (0m32.9s), 00001/02601 VUs, 19112 complete and 0 interrupted iterations
flash   ✓ [ 100% ] 00000/02600 VUs  30s  0005.00 iters/s
watcher   [  82% ] 1 VUs            32.6s/40s

running (0m33.9s), 00001/02601 VUs, 19114 complete and 0 interrupted iterations
flash   ✓ [ 100% ] 00000/02600 VUs  30s  0005.00 iters/s
watcher   [  84% ] 1 VUs            33.6s/40s

running (0m34.9s), 00001/02601 VUs, 19116 complete and 0 interrupted iterations
flash   ✓ [ 100% ] 00000/02600 VUs  30s  0005.00 iters/s
watcher   [  87% ] 1 VUs            34.6s/40s

running (0m35.9s), 00001/02601 VUs, 19118 complete and 0 interrupted iterations
flash   ✓ [ 100% ] 00000/02600 VUs  30s  0005.00 iters/s
watcher   [  89% ] 1 VUs            35.6s/40s

running (0m36.9s), 00001/02601 VUs, 19120 complete and 0 interrupted iterations
flash   ✓ [ 100% ] 00000/02600 VUs  30s  0005.00 iters/s
watcher   [  92% ] 1 VUs            36.6s/40s

running (0m37.9s), 00001/02601 VUs, 19122 complete and 0 interrupted iterations
flash   ✓ [ 100% ] 00000/02600 VUs  30s  0005.00 iters/s
watcher   [  94% ] 1 VUs            37.6s/40s

running (0m38.9s), 00001/02601 VUs, 19124 complete and 0 interrupted iterations
flash   ✓ [ 100% ] 00000/02600 VUs  30s  0005.00 iters/s
watcher   [  97% ] 1 VUs            38.6s/40s

running (0m39.9s), 00001/02601 VUs, 19126 complete and 0 interrupted iterations
flash   ✓ [ 100% ] 00000/02600 VUs  30s  0005.00 iters/s
watcher   [  99% ] 1 VUs            39.6s/40s
time="2026-09-20T14:07:50-07:00" level=info msg="invariants after the flash sale: PASS" source=console
time="2026-09-20T14:07:50-07:00" level=info msg="final tally for event 3805dc32-5685-4acf-899b-3ffa822728e6 (capacity 5000): 1069 sold, 1754 held, 2177 available" source=console

thresholds: FAIL willcall_flash_hold_duration: p(99)<5000
            PASS willcall_flash_errors: rate<0.001
            PASS willcall_flash_server_errors: count==0
            PASS willcall_invariants_held: rate==1

running (0m40.6s), 00000/02601 VUs, 19128 complete and 0 interrupted iterations
flash   ✓ [ 100% ] 00000/02600 VUs  30s  0005.00 iters/s
watcher ✓ [ 100% ] 1 VUs            40s 
time="2026-09-20T14:07:51-07:00" level=error msg="thresholds on metrics 'willcall_flash_hold_duration' have been crossed"
