
         /\      Grafana   /‾‾/  
    /\  /  \     |\  __   /  /   
   /  \/    \    | |/ /  /   ‾‾\ 
  /          \   |   (  |  (‾)  |
 / __________ \  |_|\_\  \_____/ 


     execution: local
        script: load/scripts/flash.ts
        output: -

     scenarios: (100.00%) 2 scenarios, 12001 max VUs, 1m10s max duration (incl. graceful stop):
              * flash: Up to 1000.00 iterations/s for 30s over 2 stages (maxVUs: 2000-12000, gracefulStop: 30s)
              * watcher: 1 looping VUs for 40s (exec: watchInventory, gracefulStop: 30s)

time="2026-09-20T14:44:13-07:00" level=info msg="flash sale: 10000 buyers arriving in 10s for 5000 seats (event 21798b72-2192-493c-a83f-b107bb3ac84a)" source=console

running (0m00.9s), 00490/02001 VUs, 103 complete and 0 interrupted iterations
flash     [   2% ] 00489/02000 VUs  00.6s/30s  1000.00 iters/s
watcher   [   2% ] 1 VUs            00.6s/40s 

running (0m01.9s), 01213/02001 VUs, 382 complete and 0 interrupted iterations
flash     [   5% ] 01212/02000 VUs  01.6s/30s  1000.00 iters/s
watcher   [   4% ] 1 VUs            01.6s/40s 

running (0m02.9s), 01836/02001 VUs, 760 complete and 0 interrupted iterations
flash     [   9% ] 01835/02000 VUs  02.6s/30s  1000.00 iters/s
watcher   [   7% ] 1 VUs            02.6s/40s 

running (0m03.9s), 02082/02082 VUs, 1402 complete and 0 interrupted iterations
flash     [  12% ] 02081/02081 VUs  03.6s/30s  1000.00 iters/s
watcher   [   9% ] 1 VUs            03.6s/40s 

running (0m04.9s), 02187/02198 VUs, 2143 complete and 0 interrupted iterations
flash     [  15% ] 02186/02197 VUs  04.6s/30s  1000.00 iters/s
watcher   [  12% ] 1 VUs            04.6s/40s 

running (0m05.9s), 02281/02281 VUs, 2934 complete and 0 interrupted iterations
flash     [  19% ] 02280/02280 VUs  05.6s/30s  1000.00 iters/s
watcher   [  14% ] 1 VUs            05.6s/40s 

running (0m06.9s), 02407/02415 VUs, 3633 complete and 0 interrupted iterations
flash     [  22% ] 02406/02414 VUs  06.6s/30s  1000.00 iters/s
watcher   [  17% ] 1 VUs            06.6s/40s 

running (0m07.9s), 02448/02473 VUs, 4512 complete and 0 interrupted iterations
flash     [  25% ] 02447/02472 VUs  07.6s/30s  1000.00 iters/s
watcher   [  19% ] 1 VUs            07.6s/40s 

running (0m08.9s), 01945/02473 VUs, 6014 complete and 0 interrupted iterations
flash     [  29% ] 01944/02472 VUs  08.6s/30s  1000.00 iters/s
watcher   [  22% ] 1 VUs            08.6s/40s 
time="2026-09-20T14:44:22-07:00" level=info msg="sold out after 8.9 s" source=console

running (0m09.9s), 01420/02473 VUs, 7540 complete and 0 interrupted iterations
flash     [  32% ] 01419/02472 VUs  09.6s/30s  1000.00 iters/s
watcher   [  24% ] 1 VUs            09.6s/40s 

running (0m10.9s), 01043/02473 VUs, 8910 complete and 0 interrupted iterations
flash     [  35% ] 01042/02472 VUs  10.6s/30s  0970.33 iters/s
watcher   [  27% ] 1 VUs            10.6s/40s 

running (0m11.9s), 00744/02473 VUs, 10155 complete and 0 interrupted iterations
flash     [  39% ] 00743/02472 VUs  11.6s/30s  0920.35 iters/s
watcher   [  29% ] 1 VUs            11.6s/40s 

running (0m12.9s), 00502/02473 VUs, 11293 complete and 0 interrupted iterations
flash     [  42% ] 00501/02472 VUs  12.6s/30s  0870.37 iters/s
watcher   [  32% ] 1 VUs            12.6s/40s 

running (0m13.9s), 00206/02473 VUs, 12435 complete and 0 interrupted iterations
flash     [  45% ] 00205/02472 VUs  13.6s/30s  0820.40 iters/s
watcher   [  34% ] 1 VUs            13.6s/40s 

running (0m14.9s), 00007/02473 VUs, 13431 complete and 0 interrupted iterations
flash     [  49% ] 00006/02472 VUs  14.6s/30s  0770.36 iters/s
watcher   [  37% ] 1 VUs            14.6s/40s 

running (0m15.9s), 00004/02473 VUs, 14180 complete and 0 interrupted iterations
flash     [  52% ] 00003/02472 VUs  15.6s/30s  0720.38 iters/s
watcher   [  39% ] 1 VUs            15.6s/40s 

running (0m16.9s), 00005/02473 VUs, 14876 complete and 0 interrupted iterations
flash     [  55% ] 00004/02472 VUs  16.6s/30s  0670.34 iters/s
watcher   [  42% ] 1 VUs            16.6s/40s 

running (0m17.9s), 00004/02473 VUs, 15523 complete and 0 interrupted iterations
flash     [  59% ] 00003/02472 VUs  17.6s/30s  0620.36 iters/s
watcher   [  44% ] 1 VUs            17.6s/40s 

running (0m18.9s), 00005/02473 VUs, 16119 complete and 0 interrupted iterations
flash     [  62% ] 00004/02472 VUs  18.6s/30s  0570.31 iters/s
watcher   [  47% ] 1 VUs            18.6s/40s 

running (0m19.9s), 00005/02473 VUs, 16665 complete and 0 interrupted iterations
flash     [  65% ] 00004/02472 VUs  19.6s/30s  0520.34 iters/s
watcher   [  49% ] 1 VUs            19.6s/40s 

running (0m20.9s), 00004/02473 VUs, 17163 complete and 0 interrupted iterations
flash     [  69% ] 00003/02472 VUs  20.6s/30s  0470.27 iters/s
watcher   [  52% ] 1 VUs            20.6s/40s 

running (0m21.9s), 00003/02473 VUs, 17609 complete and 0 interrupted iterations
flash     [  72% ] 00002/02472 VUs  21.6s/30s  0420.42 iters/s
watcher   [  54% ] 1 VUs            21.6s/40s 

running (0m22.9s), 00003/02473 VUs, 18006 complete and 0 interrupted iterations
flash     [  75% ] 00002/02472 VUs  22.6s/30s  0370.34 iters/s
watcher   [  57% ] 1 VUs            22.6s/40s 

running (0m23.9s), 00002/02473 VUs, 18353 complete and 0 interrupted iterations
flash     [  79% ] 00001/02472 VUs  23.6s/30s  0320.39 iters/s
watcher   [  59% ] 1 VUs            23.6s/40s 

running (0m24.9s), 00003/02473 VUs, 18649 complete and 0 interrupted iterations
flash     [  82% ] 00002/02472 VUs  24.6s/30s  0270.28 iters/s
watcher   [  62% ] 1 VUs            24.6s/40s 

running (0m25.9s), 00002/02473 VUs, 18896 complete and 0 interrupted iterations
flash     [  85% ] 00001/02472 VUs  25.6s/30s  0220.34 iters/s
watcher   [  64% ] 1 VUs            25.6s/40s 

running (0m26.9s), 00002/02473 VUs, 19092 complete and 0 interrupted iterations
flash     [  89% ] 00001/02472 VUs  26.6s/30s  0170.44 iters/s
watcher   [  67% ] 1 VUs            26.6s/40s 

running (0m27.9s), 00002/02473 VUs, 19239 complete and 0 interrupted iterations
flash     [  92% ] 00001/02472 VUs  27.6s/30s  0120.21 iters/s
watcher   [  69% ] 1 VUs            27.6s/40s 

running (0m28.9s), 00001/02473 VUs, 19336 complete and 0 interrupted iterations
flash     [  95% ] 00000/02472 VUs  28.6s/30s  0070.36 iters/s
watcher   [  72% ] 1 VUs            28.6s/40s 

running (0m29.9s), 00001/02473 VUs, 19382 complete and 0 interrupted iterations
flash     [  99% ] 00000/02472 VUs  29.6s/30s  0021.18 iters/s
watcher   [  74% ] 1 VUs            29.6s/40s 

running (0m30.9s), 00001/02473 VUs, 19387 complete and 0 interrupted iterations
flash   ✓ [ 100% ] 00000/02472 VUs  30s  0005.00 iters/s
watcher   [  77% ] 1 VUs            30.6s/40s

running (0m31.9s), 00001/02473 VUs, 19388 complete and 0 interrupted iterations
flash   ✓ [ 100% ] 00000/02472 VUs  30s  0005.00 iters/s
watcher   [  79% ] 1 VUs            31.6s/40s

running (0m32.9s), 00001/02473 VUs, 19389 complete and 0 interrupted iterations
flash   ✓ [ 100% ] 00000/02472 VUs  30s  0005.00 iters/s
watcher   [  82% ] 1 VUs            32.6s/40s

running (0m33.9s), 00001/02473 VUs, 19390 complete and 0 interrupted iterations
flash   ✓ [ 100% ] 00000/02472 VUs  30s  0005.00 iters/s
watcher   [  84% ] 1 VUs            33.6s/40s

running (0m34.9s), 00001/02473 VUs, 19391 complete and 0 interrupted iterations
flash   ✓ [ 100% ] 00000/02472 VUs  30s  0005.00 iters/s
watcher   [  87% ] 1 VUs            34.6s/40s

running (0m35.9s), 00001/02473 VUs, 19392 complete and 0 interrupted iterations
flash   ✓ [ 100% ] 00000/02472 VUs  30s  0005.00 iters/s
watcher   [  89% ] 1 VUs            35.6s/40s

running (0m36.9s), 00001/02473 VUs, 19393 complete and 0 interrupted iterations
flash   ✓ [ 100% ] 00000/02472 VUs  30s  0005.00 iters/s
watcher   [  92% ] 1 VUs            36.6s/40s

running (0m37.9s), 00001/02473 VUs, 19394 complete and 0 interrupted iterations
flash   ✓ [ 100% ] 00000/02472 VUs  30s  0005.00 iters/s
watcher   [  94% ] 1 VUs            37.6s/40s

running (0m38.9s), 00001/02473 VUs, 19395 complete and 0 interrupted iterations
flash   ✓ [ 100% ] 00000/02472 VUs  30s  0005.00 iters/s
watcher   [  97% ] 1 VUs            38.6s/40s

running (0m39.9s), 00001/02473 VUs, 19396 complete and 0 interrupted iterations
flash   ✓ [ 100% ] 00000/02472 VUs  30s  0005.00 iters/s
watcher   [  99% ] 1 VUs            39.6s/40s

running (0m40.9s), 00001/02473 VUs, 19397 complete and 0 interrupted iterations
flash   ✓ [ 100% ] 00000/02472 VUs  30s  0005.00 iters/s
watcher ↓ [ 100% ] 1 VUs            40s 
time="2026-09-20T14:44:54-07:00" level=info msg="invariants after the flash sale: PASS" source=console
time="2026-09-20T14:44:54-07:00" level=info msg="final tally for event 21798b72-2192-493c-a83f-b107bb3ac84a (capacity 5000): 3050 sold, 0 held, 1950 available" source=console

thresholds: PASS willcall_flash_hold_duration: p(99)<5000
            PASS willcall_invariants_held: rate==1
            PASS willcall_flash_errors: rate<0.001
            PASS willcall_flash_server_errors: count==0

running (0m41.2s), 00000/02473 VUs, 19398 complete and 0 interrupted iterations
flash   ✓ [ 100% ] 00000/02472 VUs  30s  0005.00 iters/s
watcher ✓ [ 100% ] 1 VUs            40s 
