
         /\      Grafana   /‾‾/  
    /\  /  \     |\  __   /  /   
   /  \/    \    | |/ /  /   ‾‾\ 
  /          \   |   (  |  (‾)  |
 / __________ \  |_|\_\  \_____/ 


     execution: local
        script: load/scripts/flash.ts
        output: -

     scenarios: (100.00%) 2 scenarios, 12001 max VUs, 1m10s max duration (incl. graceful stop):
              * flash: Up to 1000.00 iterations/s for 30s over 2 stages (maxVUs: 2000-12000, gracefulStop: 30s)
              * watcher: 1 looping VUs for 40s (exec: watchInventory, gracefulStop: 30s)

time="2026-09-20T14:40:00-07:00" level=info msg="flash sale: 10000 buyers arriving in 10s for 5000 seats (event b6b942ed-e7fd-41fa-a113-78b55f8285e2)" source=console

running (0m00.9s), 00507/02001 VUs, 102 complete and 0 interrupted iterations
flash     [   2% ] 00506/02000 VUs  00.6s/30s  1000.00 iters/s
watcher   [   2% ] 1 VUs            00.6s/40s 

running (0m01.9s), 01211/02001 VUs, 399 complete and 0 interrupted iterations
flash     [   5% ] 01210/02000 VUs  01.6s/30s  1000.00 iters/s
watcher   [   4% ] 1 VUs            01.6s/40s 

running (0m02.9s), 01936/02001 VUs, 673 complete and 0 interrupted iterations
flash     [   9% ] 01935/02000 VUs  02.6s/30s  1000.00 iters/s
watcher   [   7% ] 1 VUs            02.6s/40s 

running (0m03.9s), 02190/02190 VUs, 1174 complete and 0 interrupted iterations
flash     [  12% ] 02189/02189 VUs  03.6s/30s  1000.00 iters/s
watcher   [   9% ] 1 VUs            03.6s/40s 

running (0m04.9s), 02286/02286 VUs, 1941 complete and 0 interrupted iterations
flash     [  15% ] 02285/02285 VUs  04.6s/30s  1000.00 iters/s
watcher   [  12% ] 1 VUs            04.6s/40s 

running (0m05.9s), 02377/02378 VUs, 2729 complete and 0 interrupted iterations
flash     [  19% ] 02376/02377 VUs  05.6s/30s  1000.00 iters/s
watcher   [  14% ] 1 VUs            05.6s/40s 

running (0m06.9s), 02476/02476 VUs, 3503 complete and 0 interrupted iterations
flash     [  22% ] 02475/02475 VUs  06.6s/30s  1000.00 iters/s
watcher   [  17% ] 1 VUs            06.6s/40s 

running (0m07.9s), 02586/02586 VUs, 4249 complete and 0 interrupted iterations
flash     [  25% ] 02585/02585 VUs  07.6s/30s  1000.00 iters/s
watcher   [  19% ] 1 VUs            07.6s/40s 

running (0m08.9s), 02616/02665 VUs, 5115 complete and 0 interrupted iterations
flash     [  29% ] 02615/02664 VUs  08.6s/30s  1000.00 iters/s
watcher   [  22% ] 1 VUs            08.6s/40s 
time="2026-09-20T14:40:09-07:00" level=info msg="sold out after 9.4 s" source=console

running (0m09.9s), 02226/02665 VUs, 6508 complete and 0 interrupted iterations
flash     [  32% ] 02225/02664 VUs  09.6s/30s  1000.00 iters/s
watcher   [  24% ] 1 VUs            09.6s/40s 

running (0m10.9s), 01218/02665 VUs, 8507 complete and 0 interrupted iterations
flash     [  35% ] 01217/02664 VUs  10.6s/30s  0969.61 iters/s
watcher   [  27% ] 1 VUs            10.6s/40s 

running (0m11.9s), 00168/02665 VUs, 10503 complete and 0 interrupted iterations
flash     [  39% ] 00167/02664 VUs  11.6s/30s  0919.59 iters/s
watcher   [  29% ] 1 VUs            11.6s/40s 

running (0m12.9s), 00006/02665 VUs, 11560 complete and 0 interrupted iterations
flash     [  42% ] 00005/02664 VUs  12.6s/30s  0869.63 iters/s
watcher   [  32% ] 1 VUs            12.6s/40s 

running (0m13.9s), 00006/02665 VUs, 12406 complete and 0 interrupted iterations
flash     [  45% ] 00005/02664 VUs  13.6s/30s  0819.60 iters/s
watcher   [  34% ] 1 VUs            13.6s/40s 

running (0m14.9s), 00003/02665 VUs, 13205 complete and 0 interrupted iterations
flash     [  49% ] 00002/02664 VUs  14.6s/30s  0769.58 iters/s
watcher   [  37% ] 1 VUs            14.6s/40s 

running (0m15.9s), 00004/02665 VUs, 13949 complete and 0 interrupted iterations
flash     [  52% ] 00003/02664 VUs  15.6s/30s  0719.62 iters/s
watcher   [  39% ] 1 VUs            15.6s/40s 

running (0m16.9s), 00004/02665 VUs, 14645 complete and 0 interrupted iterations
flash     [  55% ] 00003/02664 VUs  16.6s/30s  0669.59 iters/s
watcher   [  42% ] 1 VUs            16.6s/40s 

running (0m17.9s), 00003/02665 VUs, 15291 complete and 0 interrupted iterations
flash     [  59% ] 00002/02664 VUs  17.6s/30s  0619.64 iters/s
watcher   [  44% ] 1 VUs            17.6s/40s 

running (0m18.9s), 00003/02665 VUs, 15888 complete and 0 interrupted iterations
flash     [  62% ] 00002/02664 VUs  18.6s/30s  0569.52 iters/s
watcher   [  47% ] 1 VUs            18.6s/40s 

running (0m19.9s), 00003/02665 VUs, 16434 complete and 0 interrupted iterations
flash     [  65% ] 00002/02664 VUs  19.6s/30s  0519.47 iters/s
watcher   [  49% ] 1 VUs            19.6s/40s 

running (0m20.9s), 00002/02665 VUs, 16929 complete and 0 interrupted iterations
flash     [  69% ] 00001/02664 VUs  20.6s/30s  0469.63 iters/s
watcher   [  52% ] 1 VUs            20.6s/40s 

running (0m21.9s), 00003/02665 VUs, 17374 complete and 0 interrupted iterations
flash     [  72% ] 00002/02664 VUs  21.6s/30s  0419.58 iters/s
watcher   [  54% ] 1 VUs            21.6s/40s 

running (0m22.9s), 00003/02665 VUs, 17770 complete and 0 interrupted iterations
flash     [  75% ] 00002/02664 VUs  22.6s/30s  0369.53 iters/s
watcher   [  57% ] 1 VUs            22.6s/40s 

running (0m23.9s), 00002/02665 VUs, 18116 complete and 0 interrupted iterations
flash     [  79% ] 00001/02664 VUs  23.6s/30s  0319.61 iters/s
watcher   [  59% ] 1 VUs            23.6s/40s 

running (0m24.9s), 00002/02665 VUs, 18412 complete and 0 interrupted iterations
flash     [  82% ] 00001/02664 VUs  24.6s/30s  0269.54 iters/s
watcher   [  62% ] 1 VUs            24.6s/40s 

running (0m25.9s), 00002/02665 VUs, 18657 complete and 0 interrupted iterations
flash     [  85% ] 00001/02664 VUs  25.6s/30s  0219.66 iters/s
watcher   [  64% ] 1 VUs            25.6s/40s 

running (0m26.9s), 00002/02665 VUs, 18853 complete and 0 interrupted iterations
flash     [  89% ] 00001/02664 VUs  26.6s/30s  0169.56 iters/s
watcher   [  67% ] 1 VUs            26.6s/40s 

running (0m27.9s), 00001/02665 VUs, 18999 complete and 0 interrupted iterations
flash     [  92% ] 00000/02664 VUs  27.6s/30s  0119.79 iters/s
watcher   [  69% ] 1 VUs            27.6s/40s 

running (0m28.9s), 00001/02665 VUs, 19095 complete and 0 interrupted iterations
flash     [  95% ] 00000/02664 VUs  28.6s/30s  0069.64 iters/s
watcher   [  72% ] 1 VUs            28.6s/40s 

running (0m29.9s), 00001/02665 VUs, 19141 complete and 0 interrupted iterations
flash     [  99% ] 00000/02664 VUs  29.6s/30s  0018.66 iters/s
watcher   [  74% ] 1 VUs            29.6s/40s 

running (0m30.9s), 00001/02665 VUs, 19145 complete and 0 interrupted iterations
flash   ✓ [ 100% ] 00000/02664 VUs  30s  0005.00 iters/s
watcher   [  77% ] 1 VUs            30.6s/40s

running (0m31.9s), 00001/02665 VUs, 19146 complete and 0 interrupted iterations
flash   ✓ [ 100% ] 00000/02664 VUs  30s  0005.00 iters/s
watcher   [  79% ] 1 VUs            31.6s/40s

running (0m32.9s), 00001/02665 VUs, 19147 complete and 0 interrupted iterations
flash   ✓ [ 100% ] 00000/02664 VUs  30s  0005.00 iters/s
watcher   [  82% ] 1 VUs            32.6s/40s

running (0m33.9s), 00001/02665 VUs, 19148 complete and 0 interrupted iterations
flash   ✓ [ 100% ] 00000/02664 VUs  30s  0005.00 iters/s
watcher   [  84% ] 1 VUs            33.6s/40s

running (0m34.9s), 00001/02665 VUs, 19149 complete and 0 interrupted iterations
flash   ✓ [ 100% ] 00000/02664 VUs  30s  0005.00 iters/s
watcher   [  87% ] 1 VUs            34.6s/40s

running (0m35.9s), 00001/02665 VUs, 19150 complete and 0 interrupted iterations
flash   ✓ [ 100% ] 00000/02664 VUs  30s  0005.00 iters/s
watcher   [  89% ] 1 VUs            35.6s/40s

running (0m36.9s), 00001/02665 VUs, 19151 complete and 0 interrupted iterations
flash   ✓ [ 100% ] 00000/02664 VUs  30s  0005.00 iters/s
watcher   [  92% ] 1 VUs            36.6s/40s

running (0m37.9s), 00001/02665 VUs, 19152 complete and 0 interrupted iterations
flash   ✓ [ 100% ] 00000/02664 VUs  30s  0005.00 iters/s
watcher   [  94% ] 1 VUs            37.6s/40s

running (0m38.9s), 00001/02665 VUs, 19153 complete and 0 interrupted iterations
flash   ✓ [ 100% ] 00000/02664 VUs  30s  0005.00 iters/s
watcher   [  97% ] 1 VUs            38.6s/40s

running (0m39.9s), 00001/02665 VUs, 19154 complete and 0 interrupted iterations
flash   ✓ [ 100% ] 00000/02664 VUs  30s  0005.00 iters/s
watcher   [  99% ] 1 VUs            39.6s/40s
time="2026-09-20T14:40:40-07:00" level=info msg="invariants after the flash sale: PASS" source=console
time="2026-09-20T14:40:40-07:00" level=info msg="final tally for event b6b942ed-e7fd-41fa-a113-78b55f8285e2 (capacity 5000): 2707 sold, 0 held, 2293 available" source=console

thresholds: PASS willcall_flash_errors: rate<0.001
            PASS willcall_flash_server_errors: count==0
            PASS willcall_flash_hold_duration: p(99)<5000
            PASS willcall_invariants_held: rate==1

running (0m40.7s), 00000/02665 VUs, 19155 complete and 0 interrupted iterations
flash   ✓ [ 100% ] 00000/02664 VUs  30s  0005.00 iters/s
watcher ✓ [ 100% ] 1 VUs            40s 
