
         /\      Grafana   /‾‾/  
    /\  /  \     |\  __   /  /   
   /  \/    \    | |/ /  /   ‾‾\ 
  /          \   |   (  |  (‾)  |
 / __________ \  |_|\_\  \_____/ 


     execution: local
        script: load/scripts/flash.ts
        output: -

     scenarios: (100.00%) 2 scenarios, 12001 max VUs, 1m10s max duration (incl. graceful stop):
              * flash: Up to 1000.00 iterations/s for 30s over 2 stages (maxVUs: 2000-12000, gracefulStop: 30s)
              * watcher: 1 looping VUs for 40s (exec: watchInventory, gracefulStop: 30s)

time="2026-09-20T14:46:20-07:00" level=info msg="flash sale: 10000 buyers arriving in 10s for 5000 seats (event 3afe30af-e941-467b-bc9a-e81687d87580)" source=console

running (0m00.9s), 00493/02001 VUs, 123 complete and 0 interrupted iterations
flash     [   2% ] 00492/02000 VUs  00.6s/30s  1000.00 iters/s
watcher   [   2% ] 1 VUs            00.6s/40s 

running (0m01.9s), 01215/02001 VUs, 401 complete and 0 interrupted iterations
flash     [   5% ] 01214/02000 VUs  01.6s/30s  1000.00 iters/s
watcher   [   4% ] 1 VUs            01.6s/40s 

running (0m02.9s), 01907/02001 VUs, 710 complete and 0 interrupted iterations
flash     [   9% ] 01906/02000 VUs  02.6s/30s  1000.00 iters/s
watcher   [   7% ] 1 VUs            02.6s/40s 

running (0m03.9s), 02144/02145 VUs, 1285 complete and 0 interrupted iterations
flash     [  12% ] 02143/02144 VUs  03.6s/30s  1000.00 iters/s
watcher   [   9% ] 1 VUs            03.6s/40s 

running (0m04.9s), 02256/02256 VUs, 2026 complete and 0 interrupted iterations
flash     [  15% ] 02255/02255 VUs  04.6s/30s  1000.00 iters/s
watcher   [  12% ] 1 VUs            04.6s/40s 

running (0m05.9s), 02328/02328 VUs, 2861 complete and 0 interrupted iterations
flash     [  19% ] 02327/02327 VUs  05.6s/30s  1000.00 iters/s
watcher   [  14% ] 1 VUs            05.6s/40s 

running (0m06.9s), 02384/02402 VUs, 3705 complete and 0 interrupted iterations
flash     [  22% ] 02383/02401 VUs  06.6s/30s  1000.00 iters/s
watcher   [  17% ] 1 VUs            06.6s/40s 

running (0m07.9s), 02184/02430 VUs, 4867 complete and 0 interrupted iterations
flash     [  25% ] 02183/02429 VUs  07.6s/30s  1000.00 iters/s
watcher   [  19% ] 1 VUs            07.6s/40s 
time="2026-09-20T14:46:28-07:00" level=info msg="sold out after 8.5 s" source=console

running (0m08.9s), 01035/02430 VUs, 7017 complete and 0 interrupted iterations
flash     [  29% ] 01034/02429 VUs  08.6s/30s  1000.00 iters/s
watcher   [  22% ] 1 VUs            08.6s/40s 

running (0m09.9s), 00006/02430 VUs, 9048 complete and 0 interrupted iterations
flash     [  32% ] 00005/02429 VUs  09.6s/30s  1000.00 iters/s
watcher   [  24% ] 1 VUs            09.6s/40s 

running (0m10.9s), 00007/02430 VUs, 10039 complete and 0 interrupted iterations
flash     [  35% ] 00006/02429 VUs  10.6s/30s  0969.25 iters/s
watcher   [  27% ] 1 VUs            10.6s/40s 

running (0m11.9s), 00004/02430 VUs, 10987 complete and 0 interrupted iterations
flash     [  39% ] 00003/02429 VUs  11.6s/30s  0919.27 iters/s
watcher   [  29% ] 1 VUs            11.6s/40s 

running (0m12.9s), 00004/02430 VUs, 11882 complete and 0 interrupted iterations
flash     [  42% ] 00003/02429 VUs  12.6s/30s  0869.28 iters/s
watcher   [  32% ] 1 VUs            12.6s/40s 

running (0m13.9s), 00004/02430 VUs, 12727 complete and 0 interrupted iterations
flash     [  45% ] 00003/02429 VUs  13.6s/30s  0819.30 iters/s
watcher   [  34% ] 1 VUs            13.6s/40s 

running (0m14.9s), 00004/02430 VUs, 13522 complete and 0 interrupted iterations
flash     [  49% ] 00003/02429 VUs  14.6s/30s  0769.32 iters/s
watcher   [  37% ] 1 VUs            14.6s/40s 

running (0m15.9s), 00004/02430 VUs, 14268 complete and 0 interrupted iterations
flash     [  52% ] 00003/02429 VUs  15.6s/30s  0719.27 iters/s
watcher   [  39% ] 1 VUs            15.6s/40s 

running (0m16.9s), 00004/02430 VUs, 14963 complete and 0 interrupted iterations
flash     [  55% ] 00003/02429 VUs  16.6s/30s  0669.29 iters/s
watcher   [  42% ] 1 VUs            16.6s/40s 

running (0m17.9s), 00003/02430 VUs, 15609 complete and 0 interrupted iterations
flash     [  59% ] 00002/02429 VUs  17.6s/30s  0619.31 iters/s
watcher   [  44% ] 1 VUs            17.6s/40s 

running (0m18.9s), 00003/02430 VUs, 16205 complete and 0 interrupted iterations
flash     [  62% ] 00002/02429 VUs  18.6s/30s  0569.25 iters/s
watcher   [  47% ] 1 VUs            18.6s/40s 

running (0m19.9s), 00003/02430 VUs, 16750 complete and 0 interrupted iterations
flash     [  65% ] 00002/02429 VUs  19.6s/30s  0519.28 iters/s
watcher   [  49% ] 1 VUs            19.6s/40s 

running (0m20.9s), 00003/02430 VUs, 17245 complete and 0 interrupted iterations
flash     [  69% ] 00002/02429 VUs  20.6s/30s  0469.31 iters/s
watcher   [  52% ] 1 VUs            20.6s/40s 

running (0m21.9s), 00004/02430 VUs, 17690 complete and 0 interrupted iterations
flash     [  72% ] 00003/02429 VUs  21.6s/30s  0419.23 iters/s
watcher   [  54% ] 1 VUs            21.6s/40s 

running (0m22.9s), 00002/02430 VUs, 18087 complete and 0 interrupted iterations
flash     [  75% ] 00001/02429 VUs  22.6s/30s  0369.26 iters/s
watcher   [  57% ] 1 VUs            22.6s/40s 

running (0m23.9s), 00002/02430 VUs, 18432 complete and 0 interrupted iterations
flash     [  79% ] 00001/02429 VUs  23.6s/30s  0319.30 iters/s
watcher   [  59% ] 1 VUs            23.6s/40s 

running (0m24.9s), 00002/02430 VUs, 18727 complete and 0 interrupted iterations
flash     [  82% ] 00001/02429 VUs  24.6s/30s  0269.35 iters/s
watcher   [  62% ] 1 VUs            24.6s/40s 

running (0m25.9s), 00002/02430 VUs, 18973 complete and 0 interrupted iterations
flash     [  85% ] 00001/02429 VUs  25.6s/30s  0219.20 iters/s
watcher   [  64% ] 1 VUs            25.6s/40s 

running (0m26.9s), 00002/02430 VUs, 19168 complete and 0 interrupted iterations
flash     [  89% ] 00001/02429 VUs  26.6s/30s  0169.26 iters/s
watcher   [  67% ] 1 VUs            26.6s/40s 

running (0m27.9s), 00001/02430 VUs, 19314 complete and 0 interrupted iterations
flash     [  92% ] 00000/02429 VUs  27.6s/30s  0119.37 iters/s
watcher   [  69% ] 1 VUs            27.6s/40s 

running (0m28.9s), 00002/02430 VUs, 19409 complete and 0 interrupted iterations
flash     [  95% ] 00001/02429 VUs  28.6s/30s  0068.92 iters/s
watcher   [  72% ] 1 VUs            28.6s/40s 

running (0m29.9s), 00001/02430 VUs, 19455 complete and 0 interrupted iterations
flash     [  99% ] 00000/02429 VUs  29.6s/30s  0018.66 iters/s
watcher   [  74% ] 1 VUs            29.6s/40s 

running (0m30.9s), 00001/02430 VUs, 19459 complete and 0 interrupted iterations
flash   ✓ [ 100% ] 00000/02429 VUs  30s  0005.00 iters/s
watcher   [  77% ] 1 VUs            30.6s/40s

running (0m31.9s), 00001/02430 VUs, 19460 complete and 0 interrupted iterations
flash   ✓ [ 100% ] 00000/02429 VUs  30s  0005.00 iters/s
watcher   [  79% ] 1 VUs            31.6s/40s

running (0m32.9s), 00001/02430 VUs, 19461 complete and 0 interrupted iterations
flash   ✓ [ 100% ] 00000/02429 VUs  30s  0005.00 iters/s
watcher   [  82% ] 1 VUs            32.6s/40s

running (0m33.9s), 00001/02430 VUs, 19462 complete and 0 interrupted iterations
flash   ✓ [ 100% ] 00000/02429 VUs  30s  0005.00 iters/s
watcher   [  84% ] 1 VUs            33.6s/40s

running (0m34.9s), 00001/02430 VUs, 19463 complete and 0 interrupted iterations
flash   ✓ [ 100% ] 00000/02429 VUs  30s  0005.00 iters/s
watcher   [  87% ] 1 VUs            34.6s/40s

running (0m35.9s), 00001/02430 VUs, 19464 complete and 0 interrupted iterations
flash   ✓ [ 100% ] 00000/02429 VUs  30s  0005.00 iters/s
watcher   [  89% ] 1 VUs            35.6s/40s

running (0m36.9s), 00001/02430 VUs, 19465 complete and 0 interrupted iterations
flash   ✓ [ 100% ] 00000/02429 VUs  30s  0005.00 iters/s
watcher   [  92% ] 1 VUs            36.6s/40s

running (0m37.9s), 00001/02430 VUs, 19466 complete and 0 interrupted iterations
flash   ✓ [ 100% ] 00000/02429 VUs  30s  0005.00 iters/s
watcher   [  94% ] 1 VUs            37.6s/40s

running (0m38.9s), 00001/02430 VUs, 19467 complete and 0 interrupted iterations
flash   ✓ [ 100% ] 00000/02429 VUs  30s  0005.00 iters/s
watcher   [  97% ] 1 VUs            38.6s/40s

running (0m39.9s), 00001/02430 VUs, 19468 complete and 0 interrupted iterations
flash   ✓ [ 100% ] 00000/02429 VUs  30s  0005.00 iters/s
watcher   [  99% ] 1 VUs            39.6s/40s
time="2026-09-20T14:47:00-07:00" level=info msg="invariants after the flash sale: PASS" source=console
time="2026-09-20T14:47:00-07:00" level=info msg="final tally for event 3afe30af-e941-467b-bc9a-e81687d87580 (capacity 5000): 3324 sold, 0 held, 1676 available" source=console

thresholds: PASS willcall_flash_server_errors: count==0
            PASS willcall_flash_hold_duration: p(99)<5000
            PASS willcall_invariants_held: rate==1
            PASS willcall_flash_errors: rate<0.001

running (0m40.8s), 00000/02430 VUs, 19469 complete and 0 interrupted iterations
flash   ✓ [ 100% ] 00000/02429 VUs  30s  0005.00 iters/s
watcher ✓ [ 100% ] 1 VUs            40s 
