
         /\      Grafana   /‾‾/  
    /\  /  \     |\  __   /  /   
   /  \/    \    | |/ /  /   ‾‾\ 
  /          \   |   (  |  (‾)  |
 / __________ \  |_|\_\  \_____/ 


     execution: local
        script: load/scripts/flash.ts
        output: -

     scenarios: (100.00%) 2 scenarios, 12001 max VUs, 1m10s max duration (incl. graceful stop):
              * flash: Up to 1000.00 iterations/s for 30s over 2 stages (maxVUs: 2000-12000, gracefulStop: 30s)
              * watcher: 1 looping VUs for 40s (exec: watchInventory, gracefulStop: 30s)

time="2026-09-20T14:37:53-07:00" level=info msg="flash sale: 10000 buyers arriving in 10s for 5000 seats (event 4152e56c-7237-4fbd-98b0-6f84c990ddd4)" source=console

running (0m00.9s), 00486/02001 VUs, 136 complete and 0 interrupted iterations
flash     [   2% ] 00485/02000 VUs  00.6s/30s  1000.00 iters/s
watcher   [   2% ] 1 VUs            00.6s/40s 

running (0m01.9s), 01210/02001 VUs, 411 complete and 0 interrupted iterations
flash     [   5% ] 01209/02000 VUs  01.6s/30s  1000.00 iters/s
watcher   [   4% ] 1 VUs            01.6s/40s 

running (0m02.9s), 01857/02001 VUs, 766 complete and 0 interrupted iterations
flash     [   9% ] 01856/02000 VUs  02.6s/30s  1000.00 iters/s
watcher   [   7% ] 1 VUs            02.6s/40s 

running (0m03.9s), 02139/02139 VUs, 1283 complete and 0 interrupted iterations
flash     [  12% ] 02138/02138 VUs  03.6s/30s  1000.00 iters/s
watcher   [   9% ] 1 VUs            03.6s/40s 

running (0m04.9s), 02248/02259 VUs, 2009 complete and 0 interrupted iterations
flash     [  15% ] 02247/02258 VUs  04.6s/30s  1000.00 iters/s
watcher   [  12% ] 1 VUs            04.6s/40s 

running (0m05.9s), 02318/02340 VUs, 2829 complete and 0 interrupted iterations
flash     [  19% ] 02317/02339 VUs  05.6s/30s  1000.00 iters/s
watcher   [  14% ] 1 VUs            05.6s/40s 

running (0m06.9s), 02403/02406 VUs, 3655 complete and 0 interrupted iterations
flash     [  22% ] 02402/02405 VUs  06.6s/30s  1000.00 iters/s
watcher   [  17% ] 1 VUs            06.6s/40s 

running (0m07.9s), 02146/02444 VUs, 4865 complete and 0 interrupted iterations
flash     [  25% ] 02145/02443 VUs  07.6s/30s  1000.00 iters/s
watcher   [  19% ] 1 VUs            07.6s/40s 
time="2026-09-20T14:38:01-07:00" level=info msg="sold out after 8.0 s" source=console

running (0m08.9s), 00818/02444 VUs, 7194 complete and 0 interrupted iterations
flash     [  29% ] 00817/02443 VUs  08.6s/30s  1000.00 iters/s
watcher   [  22% ] 1 VUs            08.6s/40s 

running (0m09.9s), 00005/02444 VUs, 9007 complete and 0 interrupted iterations
flash     [  32% ] 00004/02443 VUs  09.6s/30s  1000.00 iters/s
watcher   [  24% ] 1 VUs            09.6s/40s 

running (0m10.9s), 00006/02444 VUs, 9999 complete and 0 interrupted iterations
flash     [  35% ] 00005/02443 VUs  10.6s/30s  0968.99 iters/s
watcher   [  27% ] 1 VUs            10.6s/40s 

running (0m11.9s), 00004/02444 VUs, 10946 complete and 0 interrupted iterations
flash     [  39% ] 00003/02443 VUs  11.6s/30s  0918.99 iters/s
watcher   [  29% ] 1 VUs            11.6s/40s 

running (0m12.9s), 00004/02444 VUs, 11841 complete and 0 interrupted iterations
flash     [  42% ] 00003/02443 VUs  12.6s/30s  0868.99 iters/s
watcher   [  32% ] 1 VUs            12.6s/40s 

running (0m13.9s), 00004/02444 VUs, 12686 complete and 0 interrupted iterations
flash     [  45% ] 00003/02443 VUs  13.6s/30s  0818.99 iters/s
watcher   [  34% ] 1 VUs            13.6s/40s 

running (0m14.9s), 00005/02444 VUs, 13480 complete and 0 interrupted iterations
flash     [  49% ] 00004/02443 VUs  14.6s/30s  0768.99 iters/s
watcher   [  37% ] 1 VUs            14.6s/40s 

running (0m15.9s), 00003/02444 VUs, 14227 complete and 0 interrupted iterations
flash     [  52% ] 00002/02443 VUs  15.6s/30s  0718.99 iters/s
watcher   [  39% ] 1 VUs            15.6s/40s 

running (0m16.9s), 00004/02444 VUs, 14921 complete and 0 interrupted iterations
flash     [  55% ] 00003/02443 VUs  16.6s/30s  0668.99 iters/s
watcher   [  42% ] 1 VUs            16.6s/40s 

running (0m17.9s), 00004/02444 VUs, 15566 complete and 0 interrupted iterations
flash     [  59% ] 00003/02443 VUs  17.6s/30s  0618.99 iters/s
watcher   [  44% ] 1 VUs            17.6s/40s 

running (0m18.9s), 00003/02444 VUs, 16161 complete and 0 interrupted iterations
flash     [  62% ] 00002/02443 VUs  18.6s/30s  0569.08 iters/s
watcher   [  47% ] 1 VUs            18.6s/40s 

running (0m19.9s), 00004/02444 VUs, 16706 complete and 0 interrupted iterations
flash     [  65% ] 00003/02443 VUs  19.6s/30s  0518.99 iters/s
watcher   [  49% ] 1 VUs            19.6s/40s 

running (0m20.9s), 00003/02444 VUs, 17202 complete and 0 interrupted iterations
flash     [  69% ] 00002/02443 VUs  20.6s/30s  0468.99 iters/s
watcher   [  52% ] 1 VUs            20.6s/40s 

running (0m21.9s), 00003/02444 VUs, 17647 complete and 0 interrupted iterations
flash     [  72% ] 00002/02443 VUs  21.6s/30s  0418.99 iters/s
watcher   [  54% ] 1 VUs            21.6s/40s 

running (0m22.9s), 00003/02444 VUs, 18042 complete and 0 interrupted iterations
flash     [  75% ] 00002/02443 VUs  22.6s/30s  0368.99 iters/s
watcher   [  57% ] 1 VUs            22.6s/40s 

running (0m23.9s), 00002/02444 VUs, 18388 complete and 0 interrupted iterations
flash     [  79% ] 00001/02443 VUs  23.6s/30s  0318.98 iters/s
watcher   [  59% ] 1 VUs            23.6s/40s 

running (0m24.9s), 00002/02444 VUs, 18683 complete and 0 interrupted iterations
flash     [  82% ] 00001/02443 VUs  24.6s/30s  0268.98 iters/s
watcher   [  62% ] 1 VUs            24.6s/40s 

running (0m25.9s), 00002/02444 VUs, 18928 complete and 0 interrupted iterations
flash     [  85% ] 00001/02443 VUs  25.6s/30s  0218.97 iters/s
watcher   [  64% ] 1 VUs            25.6s/40s 

running (0m26.9s), 00002/02444 VUs, 19123 complete and 0 interrupted iterations
flash     [  89% ] 00001/02443 VUs  26.6s/30s  0168.97 iters/s
watcher   [  67% ] 1 VUs            26.6s/40s 

running (0m27.9s), 00001/02444 VUs, 19269 complete and 0 interrupted iterations
flash     [  92% ] 00000/02443 VUs  27.6s/30s  0118.95 iters/s
watcher   [  69% ] 1 VUs            27.6s/40s 

running (0m28.9s), 00001/02444 VUs, 19364 complete and 0 interrupted iterations
flash     [  95% ] 00000/02443 VUs  28.6s/30s  0068.92 iters/s
watcher   [  72% ] 1 VUs            28.6s/40s 

running (0m29.9s), 00001/02444 VUs, 19409 complete and 0 interrupted iterations
flash     [  99% ] 00000/02443 VUs  29.6s/30s  0018.66 iters/s
watcher   [  74% ] 1 VUs            29.6s/40s 

running (0m30.9s), 00001/02444 VUs, 19413 complete and 0 interrupted iterations
flash   ✓ [ 100% ] 00000/02443 VUs  30s  0005.00 iters/s
watcher   [  77% ] 1 VUs            30.6s/40s

running (0m31.9s), 00001/02444 VUs, 19414 complete and 0 interrupted iterations
flash   ✓ [ 100% ] 00000/02443 VUs  30s  0005.00 iters/s
watcher   [  79% ] 1 VUs            31.6s/40s

running (0m32.9s), 00001/02444 VUs, 19415 complete and 0 interrupted iterations
flash   ✓ [ 100% ] 00000/02443 VUs  30s  0005.00 iters/s
watcher   [  82% ] 1 VUs            32.6s/40s

running (0m33.9s), 00001/02444 VUs, 19416 complete and 0 interrupted iterations
flash   ✓ [ 100% ] 00000/02443 VUs  30s  0005.00 iters/s
watcher   [  84% ] 1 VUs            33.6s/40s

running (0m34.9s), 00001/02444 VUs, 19417 complete and 0 interrupted iterations
flash   ✓ [ 100% ] 00000/02443 VUs  30s  0005.00 iters/s
watcher   [  87% ] 1 VUs            34.6s/40s

running (0m35.9s), 00001/02444 VUs, 19418 complete and 0 interrupted iterations
flash   ✓ [ 100% ] 00000/02443 VUs  30s  0005.00 iters/s
watcher   [  89% ] 1 VUs            35.6s/40s

running (0m36.9s), 00001/02444 VUs, 19419 complete and 0 interrupted iterations
flash   ✓ [ 100% ] 00000/02443 VUs  30s  0005.00 iters/s
watcher   [  92% ] 1 VUs            36.6s/40s

running (0m37.9s), 00001/02444 VUs, 19420 complete and 0 interrupted iterations
flash   ✓ [ 100% ] 00000/02443 VUs  30s  0005.00 iters/s
watcher   [  94% ] 1 VUs            37.6s/40s

running (0m38.9s), 00001/02444 VUs, 19421 complete and 0 interrupted iterations
flash   ✓ [ 100% ] 00000/02443 VUs  30s  0005.00 iters/s
watcher   [  97% ] 1 VUs            38.6s/40s

running (0m39.9s), 00001/02444 VUs, 19422 complete and 0 interrupted iterations
flash   ✓ [ 100% ] 00000/02443 VUs  30s  0005.00 iters/s
watcher   [  99% ] 1 VUs            39.6s/40s
time="2026-09-20T14:38:33-07:00" level=info msg="invariants after the flash sale: PASS" source=console
time="2026-09-20T14:38:33-07:00" level=info msg="final tally for event 4152e56c-7237-4fbd-98b0-6f84c990ddd4 (capacity 5000): 3391 sold, 0 held, 1609 available" source=console

thresholds: PASS willcall_flash_errors: rate<0.001
            PASS willcall_flash_server_errors: count==0
            PASS willcall_invariants_held: rate==1
            PASS willcall_flash_hold_duration: p(99)<5000

running (0m40.3s), 00000/02444 VUs, 19423 complete and 0 interrupted iterations
flash   ✓ [ 100% ] 00000/02443 VUs  30s  0005.00 iters/s
watcher ✓ [ 100% ] 1 VUs            40s 
