
         /\      Grafana   /‾‾/  
    /\  /  \     |\  __   /  /   
   /  \/    \    | |/ /  /   ‾‾\ 
  /          \   |   (  |  (‾)  |
 / __________ \  |_|\_\  \_____/ 


     execution: local
        script: load/scripts/flash.ts
        output: -

     scenarios: (100.00%) 1 scenario, 12000 max VUs, 55s max duration (incl. graceful stop):
              * flash: Up to 100.00 iterations/s for 25s over 2 stages (maxVUs: 2000-12000, gracefulStop: 30s)

time="2026-09-20T13:52:33-07:00" level=info msg="flash sale: 1000 buyers arriving in 5s for 500 seats (event 2f8588cd-a6e4-4f09-b25c-88f1654d4ebc)" source=console

running (00.9s), 00000/02000 VUs, 82 complete and 0 interrupted iterations
flash   [   3% ] 00000/02000 VUs  00.9s/25s  100.00 iters/s

running (01.9s), 00001/02000 VUs, 182 complete and 0 interrupted iterations
flash   [   7% ] 00001/02000 VUs  01.9s/25s  100.00 iters/s

running (02.9s), 00000/02000 VUs, 282 complete and 0 interrupted iterations
flash   [  11% ] 00000/02000 VUs  02.9s/25s  100.00 iters/s

running (03.9s), 00001/02000 VUs, 382 complete and 0 interrupted iterations
flash   [  15% ] 00001/02000 VUs  03.9s/25s  100.00 iters/s

running (04.9s), 00001/02000 VUs, 482 complete and 0 interrupted iterations
flash   [  19% ] 00001/02000 VUs  04.9s/25s  100.00 iters/s

running (05.9s), 00001/02000 VUs, 580 complete and 0 interrupted iterations
flash   [  23% ] 00001/02000 VUs  05.9s/25s  095.84 iters/s

running (06.9s), 00000/02000 VUs, 674 complete and 0 interrupted iterations
flash   [  27% ] 00000/02000 VUs  06.9s/25s  090.86 iters/s

running (07.9s), 00000/02000 VUs, 762 complete and 0 interrupted iterations
flash   [  31% ] 00000/02000 VUs  07.9s/25s  085.88 iters/s

running (08.9s), 00001/02000 VUs, 845 complete and 0 interrupted iterations
flash   [  35% ] 00001/02000 VUs  08.9s/25s  080.84 iters/s

running (09.9s), 00000/02000 VUs, 924 complete and 0 interrupted iterations
flash   [  39% ] 00000/02000 VUs  09.9s/25s  075.86 iters/s

running (10.9s), 00001/02000 VUs, 997 complete and 0 interrupted iterations
flash   [  43% ] 00001/02000 VUs  10.9s/25s  070.82 iters/s

running (11.9s), 00000/02000 VUs, 1066 complete and 0 interrupted iterations
flash   [  47% ] 00000/02000 VUs  11.9s/25s  065.84 iters/s

running (12.9s), 00000/02000 VUs, 1129 complete and 0 interrupted iterations
flash   [  51% ] 00000/02000 VUs  12.9s/25s  060.87 iters/s

running (13.9s), 00001/02000 VUs, 1187 complete and 0 interrupted iterations
flash   [  55% ] 00001/02000 VUs  13.9s/25s  055.81 iters/s

running (14.9s), 00000/02000 VUs, 1241 complete and 0 interrupted iterations
flash   [  59% ] 00000/02000 VUs  14.9s/25s  050.84 iters/s

running (15.9s), 00000/02000 VUs, 1289 complete and 0 interrupted iterations
flash   [  63% ] 00000/02000 VUs  15.9s/25s  045.88 iters/s

running (16.9s), 00001/02000 VUs, 1332 complete and 0 interrupted iterations
flash   [  67% ] 00001/02000 VUs  16.9s/25s  040.80 iters/s

running (17.9s), 00000/02000 VUs, 1371 complete and 0 interrupted iterations
flash   [  71% ] 00000/02000 VUs  17.9s/25s  035.85 iters/s

running (18.9s), 00000/02000 VUs, 1404 complete and 0 interrupted iterations
flash   [  75% ] 00000/02000 VUs  18.9s/25s  030.90 iters/s

running (19.9s), 00000/02000 VUs, 1433 complete and 0 interrupted iterations
flash   [  79% ] 00000/02000 VUs  19.9s/25s  025.79 iters/s

running (20.9s), 00000/02000 VUs, 1456 complete and 0 interrupted iterations
flash   [  83% ] 00000/02000 VUs  20.9s/25s  020.86 iters/s

running (21.9s), 00000/02000 VUs, 1474 complete and 0 interrupted iterations
flash   [  87% ] 00000/02000 VUs  21.9s/25s  015.97 iters/s

running (22.9s), 00000/02000 VUs, 1488 complete and 0 interrupted iterations
flash   [  91% ] 00000/02000 VUs  22.9s/25s  010.72 iters/s

running (23.9s), 00000/02000 VUs, 1496 complete and 0 interrupted iterations
flash   [  95% ] 00000/02000 VUs  23.9s/25s  005.90 iters/s

running (24.9s), 00000/02000 VUs, 1499 complete and 0 interrupted iterations
flash   [  99% ] 00000/02000 VUs  24.9s/25s  001.58 iters/s
time="2026-09-20T13:52:58-07:00" level=info msg="invariants after the flash sale: PASS" source=console
time="2026-09-20T13:52:58-07:00" level=info msg="final tally for event 2f8588cd-a6e4-4f09-b25c-88f1654d4ebc (capacity 500): 0 sold, 500 held, 0 available" source=console

thresholds: PASS willcall_invariants_held: rate==1
            PASS willcall_flash_hold_duration: p(99)<5000
            PASS willcall_flash_server_errors: count==0
            PASS willcall_flash_errors: rate<0.001

running (25.1s), 00000/02000 VUs, 1499 complete and 0 interrupted iterations
flash ✓ [ 100% ] 00000/02000 VUs  25s  001.58 iters/s
