
         /\      Grafana   /‾‾/  
    /\  /  \     |\  __   /  /   
   /  \/    \    | |/ /  /   ‾‾\ 
  /          \   |   (  |  (‾)  |
 / __________ \  |_|\_\  \_____/ 


     execution: local
        script: load/scripts/flash.ts
        output: -

     scenarios: (100.00%) 2 scenarios, 12001 max VUs, 1m10s max duration (incl. graceful stop):
              * flash: Up to 1000.00 iterations/s for 30s over 2 stages (maxVUs: 2000-12000, gracefulStop: 30s)
              * watcher: 1 looping VUs for 40s (exec: watchInventory, gracefulStop: 30s)

time="2026-09-20T14:32:16-07:00" level=info msg="flash sale: 10000 buyers arriving in 10s for 5000 seats (event 123a9ac8-c04c-45b0-9616-7057b3c7f3d3)" source=console

running (0m00.9s), 00505/02001 VUs, 112 complete and 0 interrupted iterations
flash     [   2% ] 00504/02000 VUs  00.6s/30s  1000.00 iters/s
watcher   [   2% ] 1 VUs            00.6s/40s 

running (0m01.9s), 01246/02001 VUs, 373 complete and 0 interrupted iterations
flash     [   5% ] 01245/02000 VUs  01.6s/30s  1000.00 iters/s
watcher   [   4% ] 1 VUs            01.6s/40s 

running (0m02.9s), 01961/02001 VUs, 657 complete and 0 interrupted iterations
flash     [   9% ] 01960/02000 VUs  02.6s/30s  1000.00 iters/s
watcher   [   7% ] 1 VUs            02.6s/40s 

running (0m03.9s), 02205/02205 VUs, 1133 complete and 0 interrupted iterations
flash     [  12% ] 02204/02204 VUs  03.6s/30s  1000.00 iters/s
watcher   [   9% ] 1 VUs            03.6s/40s 

running (0m04.9s), 02306/02309 VUs, 1886 complete and 0 interrupted iterations
flash     [  15% ] 02305/02308 VUs  04.6s/30s  1000.00 iters/s
watcher   [  12% ] 1 VUs            04.6s/40s 

running (0m05.9s), 02430/02430 VUs, 2607 complete and 0 interrupted iterations
flash     [  19% ] 02429/02429 VUs  05.6s/30s  1000.00 iters/s
watcher   [  14% ] 1 VUs            05.6s/40s 

running (0m06.9s), 02542/02543 VUs, 3343 complete and 0 interrupted iterations
flash     [  22% ] 02541/02542 VUs  06.6s/30s  1000.00 iters/s
watcher   [  17% ] 1 VUs            06.6s/40s 

running (0m07.9s), 02592/02603 VUs, 4213 complete and 0 interrupted iterations
flash     [  25% ] 02591/02602 VUs  07.6s/30s  1000.00 iters/s
watcher   [  19% ] 1 VUs            07.6s/40s 

running (0m08.9s), 02656/02656 VUs, 5083 complete and 0 interrupted iterations
flash     [  29% ] 02655/02655 VUs  08.6s/30s  1000.00 iters/s
watcher   [  22% ] 1 VUs            08.6s/40s 

running (0m09.9s), 02354/02682 VUs, 6351 complete and 0 interrupted iterations
flash     [  32% ] 02353/02681 VUs  09.6s/30s  1000.00 iters/s
watcher   [  24% ] 1 VUs            09.6s/40s 
time="2026-09-20T14:32:27-07:00" level=info msg="sold out after 10.5 s" source=console

running (0m10.9s), 01528/02682 VUs, 8169 complete and 0 interrupted iterations
flash     [  35% ] 01527/02681 VUs  10.6s/30s  0969.20 iters/s
watcher   [  27% ] 1 VUs            10.6s/40s 

running (0m11.9s), 00509/02682 VUs, 10133 complete and 0 interrupted iterations
flash     [  39% ] 00508/02681 VUs  11.6s/30s  0919.21 iters/s
watcher   [  29% ] 1 VUs            11.6s/40s 

running (0m12.9s), 00006/02682 VUs, 11531 complete and 0 interrupted iterations
flash     [  42% ] 00005/02681 VUs  12.6s/30s  0869.22 iters/s
watcher   [  32% ] 1 VUs            12.6s/40s 

running (0m13.9s), 00006/02682 VUs, 12377 complete and 0 interrupted iterations
flash     [  45% ] 00005/02681 VUs  13.6s/30s  0819.18 iters/s
watcher   [  34% ] 1 VUs            13.6s/40s 

running (0m14.9s), 00005/02682 VUs, 13173 complete and 0 interrupted iterations
flash     [  49% ] 00004/02681 VUs  14.6s/30s  0769.19 iters/s
watcher   [  37% ] 1 VUs            14.6s/40s 

running (0m15.9s), 00006/02682 VUs, 13917 complete and 0 interrupted iterations
flash     [  52% ] 00005/02681 VUs  15.6s/30s  0719.20 iters/s
watcher   [  39% ] 1 VUs            15.6s/40s 

running (0m16.9s), 00005/02682 VUs, 14613 complete and 0 interrupted iterations
flash     [  55% ] 00004/02681 VUs  16.6s/30s  0669.22 iters/s
watcher   [  42% ] 1 VUs            16.6s/40s 

running (0m17.9s), 00003/02682 VUs, 15260 complete and 0 interrupted iterations
flash     [  59% ] 00002/02681 VUs  17.6s/30s  0619.23 iters/s
watcher   [  44% ] 1 VUs            17.6s/40s 

running (0m18.9s), 00003/02682 VUs, 15855 complete and 0 interrupted iterations
flash     [  62% ] 00002/02681 VUs  18.6s/30s  0569.25 iters/s
watcher   [  47% ] 1 VUs            18.6s/40s 

running (0m19.9s), 00003/02682 VUs, 16401 complete and 0 interrupted iterations
flash     [  65% ] 00002/02681 VUs  19.6s/30s  0519.18 iters/s
watcher   [  49% ] 1 VUs            19.6s/40s 

running (0m20.9s), 00003/02682 VUs, 16896 complete and 0 interrupted iterations
flash     [  69% ] 00002/02681 VUs  20.6s/30s  0469.20 iters/s
watcher   [  52% ] 1 VUs            20.6s/40s 

running (0m21.9s), 00003/02682 VUs, 17341 complete and 0 interrupted iterations
flash     [  72% ] 00001/02681 VUs  21.6s/30s  0419.23 iters/s
watcher   [  54% ] 1 VUs            21.6s/40s 

running (0m22.9s), 00002/02682 VUs, 17737 complete and 0 interrupted iterations
flash     [  75% ] 00001/02681 VUs  22.6s/30s  0369.26 iters/s
watcher   [  57% ] 1 VUs            22.6s/40s 

running (0m23.9s), 00003/02682 VUs, 18082 complete and 0 interrupted iterations
flash     [  79% ] 00002/02681 VUs  23.6s/30s  0319.14 iters/s
watcher   [  59% ] 1 VUs            23.6s/40s 

running (0m24.9s), 00003/02682 VUs, 18377 complete and 0 interrupted iterations
flash     [  82% ] 00002/02681 VUs  24.6s/30s  0269.17 iters/s
watcher   [  62% ] 1 VUs            24.6s/40s 

running (0m25.9s), 00002/02682 VUs, 18623 complete and 0 interrupted iterations
flash     [  85% ] 00001/02681 VUs  25.6s/30s  0219.20 iters/s
watcher   [  64% ] 1 VUs            25.6s/40s 

running (0m26.9s), 00002/02682 VUs, 18818 complete and 0 interrupted iterations
flash     [  89% ] 00001/02681 VUs  26.6s/30s  0169.26 iters/s
watcher   [  67% ] 1 VUs            26.6s/40s 

running (0m27.9s), 00002/02682 VUs, 18964 complete and 0 interrupted iterations
flash     [  92% ] 00001/02681 VUs  27.6s/30s  0118.95 iters/s
watcher   [  69% ] 1 VUs            27.6s/40s 

running (0m28.9s), 00002/02682 VUs, 19059 complete and 0 interrupted iterations
flash     [  95% ] 00001/02681 VUs  28.6s/30s  0068.92 iters/s
watcher   [  72% ] 1 VUs            28.6s/40s 

running (0m29.9s), 00001/02682 VUs, 19105 complete and 0 interrupted iterations
flash     [  99% ] 00000/02681 VUs  29.6s/30s  0018.66 iters/s
watcher   [  74% ] 1 VUs            29.6s/40s 

running (0m30.9s), 00001/02682 VUs, 19109 complete and 0 interrupted iterations
flash   ✓ [ 100% ] 00000/02681 VUs  30s  0005.00 iters/s
watcher   [  77% ] 1 VUs            30.6s/40s

running (0m31.9s), 00001/02682 VUs, 19110 complete and 0 interrupted iterations
flash   ✓ [ 100% ] 00000/02681 VUs  30s  0005.00 iters/s
watcher   [  79% ] 1 VUs            31.6s/40s

running (0m32.9s), 00001/02682 VUs, 19111 complete and 0 interrupted iterations
flash   ✓ [ 100% ] 00000/02681 VUs  30s  0005.00 iters/s
watcher   [  82% ] 1 VUs            32.6s/40s

running (0m33.9s), 00001/02682 VUs, 19112 complete and 0 interrupted iterations
flash   ✓ [ 100% ] 00000/02681 VUs  30s  0005.00 iters/s
watcher   [  84% ] 1 VUs            33.6s/40s

running (0m34.9s), 00001/02682 VUs, 19113 complete and 0 interrupted iterations
flash   ✓ [ 100% ] 00000/02681 VUs  30s  0005.00 iters/s
watcher   [  87% ] 1 VUs            34.6s/40s

running (0m35.9s), 00001/02682 VUs, 19114 complete and 0 interrupted iterations
flash   ✓ [ 100% ] 00000/02681 VUs  30s  0005.00 iters/s
watcher   [  89% ] 1 VUs            35.6s/40s

running (0m36.9s), 00001/02682 VUs, 19115 complete and 0 interrupted iterations
flash   ✓ [ 100% ] 00000/02681 VUs  30s  0005.00 iters/s
watcher   [  92% ] 1 VUs            36.6s/40s

running (0m37.9s), 00001/02682 VUs, 19116 complete and 0 interrupted iterations
flash   ✓ [ 100% ] 00000/02681 VUs  30s  0005.00 iters/s
watcher   [  94% ] 1 VUs            37.6s/40s

running (0m38.9s), 00001/02682 VUs, 19117 complete and 0 interrupted iterations
flash   ✓ [ 100% ] 00000/02681 VUs  30s  0005.00 iters/s
watcher   [  97% ] 1 VUs            38.6s/40s

running (0m39.9s), 00001/02682 VUs, 19118 complete and 0 interrupted iterations
flash   ✓ [ 100% ] 00000/02681 VUs  30s  0005.00 iters/s
watcher   [  99% ] 1 VUs            39.6s/40s
time="2026-09-20T14:32:57-07:00" level=info msg="invariants after the flash sale: PASS" source=console
time="2026-09-20T14:32:57-07:00" level=info msg="final tally for event 123a9ac8-c04c-45b0-9616-7057b3c7f3d3 (capacity 5000): 2633 sold, 0 held, 2367 available" source=console

thresholds: PASS willcall_flash_server_errors: count==0
            PASS willcall_flash_errors: rate<0.001
            PASS willcall_flash_hold_duration: p(99)<5000
            PASS willcall_invariants_held: rate==1

running (0m40.8s), 00000/02682 VUs, 19119 complete and 0 interrupted iterations
flash   ✓ [ 100% ] 00000/02681 VUs  30s  0005.00 iters/s
watcher ✓ [ 100% ] 1 VUs            40s 
