
         /\      Grafana   /‾‾/  
    /\  /  \     |\  __   /  /   
   /  \/    \    | |/ /  /   ‾‾\ 
  /          \   |   (  |  (‾)  |
 / __________ \  |_|\_\  \_____/ 


     execution: local
        script: load/scripts/flash.ts
        output: -

     scenarios: (100.00%) 1 scenario, 12000 max VUs, 1m0s max duration (incl. graceful stop):
              * flash: Up to 1000.00 iterations/s for 30s over 2 stages (maxVUs: 2000-12000, gracefulStop: 30s)

time="2026-09-20T13:55:23-07:00" level=info msg="flash sale: 10000 buyers arriving in 10s for 5000 seats (event c4def532-7141-401a-83b2-26e5e7b8aaa6)" source=console

running (0m00.9s), 00495/02000 VUs, 129 complete and 0 interrupted iterations
flash   [   2% ] 00495/02000 VUs  00.6s/30s  1000.00 iters/s

running (0m01.9s), 01256/02000 VUs, 368 complete and 0 interrupted iterations
flash   [   5% ] 01256/02000 VUs  01.6s/30s  1000.00 iters/s

running (0m02.9s), 01946/02000 VUs, 678 complete and 0 interrupted iterations
flash   [   9% ] 01946/02000 VUs  02.6s/30s  1000.00 iters/s

running (0m03.9s), 02182/02183 VUs, 1190 complete and 0 interrupted iterations
flash   [  12% ] 02182/02183 VUs  03.7s/30s  1000.00 iters/s

running (0m04.9s), 02274/02290 VUs, 1955 complete and 0 interrupted iterations
flash   [  16% ] 02274/02290 VUs  04.7s/30s  1000.00 iters/s

running (0m05.9s), 02351/02362 VUs, 2782 complete and 0 interrupted iterations
flash   [  19% ] 02351/02362 VUs  05.7s/30s  1000.00 iters/s

running (0m06.9s), 02425/02460 VUs, 3580 complete and 0 interrupted iterations
flash   [  22% ] 02425/02460 VUs  06.7s/30s  1000.00 iters/s

running (0m07.9s), 02498/02498 VUs, 4455 complete and 0 interrupted iterations
flash   [  25% ] 02498/02498 VUs  07.6s/30s  1000.00 iters/s

running (0m08.9s), 01833/02508 VUs, 6107 complete and 0 interrupted iterations
flash   [  29% ] 01833/02508 VUs  08.7s/30s  1000.00 iters/s

running (0m09.9s), 00021/02508 VUs, 8919 complete and 0 interrupted iterations
flash   [  32% ] 00021/02508 VUs  09.6s/30s  1000.00 iters/s

running (0m10.9s), 00004/02508 VUs, 9925 complete and 0 interrupted iterations
flash   [  35% ] 00004/02508 VUs  10.6s/30s  0968.84 iters/s

running (0m11.9s), 00003/02508 VUs, 10871 complete and 0 interrupted iterations
flash   [  39% ] 00003/02508 VUs  11.6s/30s  0918.78 iters/s

running (0m12.9s), 00003/02508 VUs, 11765 complete and 0 interrupted iterations
flash   [  42% ] 00003/02508 VUs  12.7s/30s  0868.76 iters/s

running (0m13.9s), 00003/02508 VUs, 12608 complete and 0 interrupted iterations
flash   [  46% ] 00003/02508 VUs  13.7s/30s  0818.81 iters/s

running (0m14.9s), 00004/02508 VUs, 13402 complete and 0 interrupted iterations
flash   [  49% ] 00004/02508 VUs  14.7s/30s  0768.73 iters/s

running (0m15.9s), 00003/02508 VUs, 14146 complete and 0 interrupted iterations
flash   [  52% ] 00003/02508 VUs  15.6s/30s  0718.78 iters/s

running (0m16.9s), 00003/02508 VUs, 14840 complete and 0 interrupted iterations
flash   [  56% ] 00003/02508 VUs  16.7s/30s  0668.77 iters/s

running (0m17.9s), 00002/02508 VUs, 15485 complete and 0 interrupted iterations
flash   [  59% ] 00002/02508 VUs  17.7s/30s  0618.75 iters/s

running (0m18.9s), 00002/02508 VUs, 16079 complete and 0 interrupted iterations
flash   [  62% ] 00002/02508 VUs  18.7s/30s  0568.73 iters/s

running (0m19.9s), 00002/02508 VUs, 16622 complete and 0 interrupted iterations
flash   [  65% ] 00002/02508 VUs  19.6s/30s  0518.80 iters/s

running (0m20.9s), 00002/02508 VUs, 17116 complete and 0 interrupted iterations
flash   [  69% ] 00002/02508 VUs  20.7s/30s  0468.78 iters/s

running (0m21.9s), 00002/02508 VUs, 17560 complete and 0 interrupted iterations
flash   [  72% ] 00002/02508 VUs  21.7s/30s  0418.75 iters/s

running (0m22.9s), 00002/02508 VUs, 17954 complete and 0 interrupted iterations
flash   [  76% ] 00002/02508 VUs  22.7s/30s  0368.71 iters/s

running (0m23.9s), 00001/02508 VUs, 18298 complete and 0 interrupted iterations
flash   [  79% ] 00001/02508 VUs  23.7s/30s  0318.83 iters/s

running (0m24.9s), 00001/02508 VUs, 18592 complete and 0 interrupted iterations
flash   [  82% ] 00001/02508 VUs  24.7s/30s  0268.79 iters/s

running (0m25.9s), 00001/02508 VUs, 18836 complete and 0 interrupted iterations
flash   [  86% ] 00001/02508 VUs  25.7s/30s  0218.75 iters/s

running (0m26.9s), 00001/02508 VUs, 19030 complete and 0 interrupted iterations
flash   [  89% ] 00001/02508 VUs  26.7s/30s  0168.67 iters/s

running (0m27.9s), 00000/02508 VUs, 19174 complete and 0 interrupted iterations
flash   [  92% ] 00000/02508 VUs  27.7s/30s  0118.95 iters/s

running (0m28.9s), 00000/02508 VUs, 19268 complete and 0 interrupted iterations
flash   [  96% ] 00000/02508 VUs  28.7s/30s  0068.92 iters/s

running (0m29.9s), 00000/02508 VUs, 19312 complete and 0 interrupted iterations
flash   [  99% ] 00000/02508 VUs  29.7s/30s  0018.66 iters/s
time="2026-09-20T13:55:53-07:00" level=info msg="invariants after the flash sale: PASS" source=console
time="2026-09-20T13:55:53-07:00" level=info msg="final tally for event c4def532-7141-401a-83b2-26e5e7b8aaa6 (capacity 5000): 3154 sold, 1846 held, 0 available" source=console

thresholds: PASS willcall_flash_hold_duration: p(99)<5000
            PASS willcall_invariants_held: rate==1
            FAIL willcall_flash_server_errors: count==0
            FAIL willcall_flash_errors: rate<0.001

running (0m30.3s), 00000/02508 VUs, 19315 complete and 0 interrupted iterations
flash ✓ [ 100% ] 00000/02508 VUs  30s  0005.00 iters/s
time="2026-09-20T13:55:53-07:00" level=error msg="thresholds on metrics 'willcall_flash_errors, willcall_flash_server_errors' have been crossed"
