
         /\      Grafana   /‾‾/  
    /\  /  \     |\  __   /  /   
   /  \/    \    | |/ /  /   ‾‾\ 
  /          \   |   (  |  (‾)  |
 / __________ \  |_|\_\  \_____/ 


     execution: local
        script: load/scripts/flash.ts
        output: -

     scenarios: (100.00%) 2 scenarios, 12001 max VUs, 1m10s max duration (incl. graceful stop):
              * flash: Up to 1000.00 iterations/s for 30s over 2 stages (maxVUs: 2000-12000, gracefulStop: 30s)
              * watcher: 1 looping VUs for 40s (exec: watchInventory, gracefulStop: 30s)

time="2026-09-20T14:15:24-07:00" level=info msg="flash sale: 10000 buyers arriving in 10s for 5000 seats (event 327407cd-f81d-4a68-b886-45525c7fcab3)" source=console

running (0m00.9s), 00492/02001 VUs, 136 complete and 0 interrupted iterations
flash     [   2% ] 00491/02000 VUs  00.7s/30s  1000.00 iters/s
watcher   [   2% ] 1 VUs            00.7s/40s 

running (0m01.9s), 01193/02001 VUs, 435 complete and 0 interrupted iterations
flash     [   6% ] 01192/02000 VUs  01.7s/30s  1000.00 iters/s
watcher   [   4% ] 1 VUs            01.7s/40s 

running (0m02.9s), 01831/02001 VUs, 800 complete and 0 interrupted iterations
flash     [   9% ] 01830/02000 VUs  02.7s/30s  1000.00 iters/s
watcher   [   7% ] 1 VUs            02.7s/40s 

running (0m03.9s), 02118/02128 VUs, 1329 complete and 0 interrupted iterations
flash     [  12% ] 02117/02127 VUs  03.7s/30s  1000.00 iters/s
watcher   [   9% ] 1 VUs            03.7s/40s 

running (0m04.9s), 02199/02226 VUs, 2129 complete and 0 interrupted iterations
flash     [  16% ] 02198/02225 VUs  04.7s/30s  1000.00 iters/s
watcher   [  12% ] 1 VUs            04.7s/40s 

running (0m05.9s), 02298/02317 VUs, 2905 complete and 0 interrupted iterations
flash     [  19% ] 02297/02316 VUs  05.7s/30s  1000.00 iters/s
watcher   [  14% ] 1 VUs            05.7s/40s 

running (0m06.9s), 02340/02376 VUs, 3790 complete and 0 interrupted iterations
flash     [  22% ] 02339/02375 VUs  06.7s/30s  1000.00 iters/s
watcher   [  17% ] 1 VUs            06.7s/40s 

running (0m07.9s), 02007/02405 VUs, 5089 complete and 0 interrupted iterations
flash     [  26% ] 02006/02404 VUs  07.7s/30s  1000.00 iters/s
watcher   [  19% ] 1 VUs            07.7s/40s 
time="2026-09-20T14:15:32-07:00" level=info msg="sold out after 7.7 s" source=console

running (0m08.9s), 00759/02405 VUs, 7338 complete and 0 interrupted iterations
flash     [  29% ] 00758/02404 VUs  08.7s/30s  1000.00 iters/s
watcher   [  22% ] 1 VUs            08.7s/40s 

running (0m09.9s), 00006/02405 VUs, 9092 complete and 0 interrupted iterations
flash     [  32% ] 00005/02404 VUs  09.7s/30s  1000.00 iters/s
watcher   [  24% ] 1 VUs            09.7s/40s 

running (0m10.9s), 00005/02405 VUs, 10084 complete and 0 interrupted iterations
flash     [  36% ] 00004/02404 VUs  10.7s/30s  0968.68 iters/s
watcher   [  27% ] 1 VUs            10.7s/40s 

running (0m11.9s), 00005/02405 VUs, 11029 complete and 0 interrupted iterations
flash     [  39% ] 00004/02404 VUs  11.7s/30s  0918.67 iters/s
watcher   [  29% ] 1 VUs            11.7s/40s 

running (0m12.9s), 00003/02405 VUs, 11925 complete and 0 interrupted iterations
flash     [  42% ] 00002/02404 VUs  12.7s/30s  0868.71 iters/s
watcher   [  32% ] 1 VUs            12.7s/40s 

running (0m13.9s), 00004/02405 VUs, 12769 complete and 0 interrupted iterations
flash     [  46% ] 00003/02404 VUs  13.7s/30s  0818.69 iters/s
watcher   [  34% ] 1 VUs            13.7s/40s 

running (0m14.9s), 00004/02405 VUs, 13564 complete and 0 interrupted iterations
flash     [  49% ] 00003/02404 VUs  14.7s/30s  0768.67 iters/s
watcher   [  37% ] 1 VUs            14.7s/40s 

running (0m15.9s), 00004/02405 VUs, 14309 complete and 0 interrupted iterations
flash     [  52% ] 00003/02404 VUs  15.7s/30s  0718.64 iters/s
watcher   [  39% ] 1 VUs            15.7s/40s 

running (0m16.9s), 00003/02405 VUs, 15004 complete and 0 interrupted iterations
flash     [  56% ] 00002/02404 VUs  16.7s/30s  0668.69 iters/s
watcher   [  42% ] 1 VUs            16.7s/40s 

running (0m17.9s), 00003/02405 VUs, 15649 complete and 0 interrupted iterations
flash     [  59% ] 00002/02404 VUs  17.7s/30s  0618.67 iters/s
watcher   [  44% ] 1 VUs            17.7s/40s 

running (0m18.9s), 00003/02405 VUs, 16244 complete and 0 interrupted iterations
flash     [  62% ] 00002/02404 VUs  18.7s/30s  0568.64 iters/s
watcher   [  47% ] 1 VUs            18.7s/40s 

running (0m19.9s), 00003/02405 VUs, 16788 complete and 0 interrupted iterations
flash     [  66% ] 00002/02404 VUs  19.7s/30s  0518.70 iters/s
watcher   [  49% ] 1 VUs            19.7s/40s 

running (0m20.9s), 00003/02405 VUs, 17283 complete and 0 interrupted iterations
flash     [  69% ] 00002/02404 VUs  20.7s/30s  0468.67 iters/s
watcher   [  52% ] 1 VUs            20.7s/40s 

running (0m21.9s), 00004/02405 VUs, 17727 complete and 0 interrupted iterations
flash     [  72% ] 00003/02404 VUs  21.7s/30s  0418.63 iters/s
watcher   [  54% ] 1 VUs            21.7s/40s 

running (0m22.9s), 00002/02405 VUs, 18123 complete and 0 interrupted iterations
flash     [  76% ] 00001/02404 VUs  22.7s/30s  0368.71 iters/s
watcher   [  57% ] 1 VUs            22.7s/40s 

running (0m23.9s), 00002/02405 VUs, 18468 complete and 0 interrupted iterations
flash     [  79% ] 00001/02404 VUs  23.7s/30s  0318.67 iters/s
watcher   [  59% ] 1 VUs            23.7s/40s 

running (0m24.9s), 00002/02405 VUs, 18763 complete and 0 interrupted iterations
flash     [  82% ] 00001/02404 VUs  24.7s/30s  0268.61 iters/s
watcher   [  62% ] 1 VUs            24.7s/40s 

running (0m25.9s), 00001/02405 VUs, 19008 complete and 0 interrupted iterations
flash     [  86% ] 00000/02404 VUs  25.7s/30s  0218.75 iters/s
watcher   [  64% ] 1 VUs            25.7s/40s 

running (0m26.9s), 00002/02405 VUs, 19202 complete and 0 interrupted iterations
flash     [  89% ] 00001/02404 VUs  26.7s/30s  0168.67 iters/s
watcher   [  67% ] 1 VUs            26.7s/40s 

running (0m27.9s), 00002/02405 VUs, 19347 complete and 0 interrupted iterations
flash     [  92% ] 00001/02404 VUs  27.7s/30s  0118.53 iters/s
watcher   [  69% ] 1 VUs            27.7s/40s 

running (0m28.9s), 00001/02405 VUs, 19442 complete and 0 interrupted iterations
flash     [  96% ] 00000/02404 VUs  28.7s/30s  0068.92 iters/s
watcher   [  72% ] 1 VUs            28.7s/40s 

running (0m29.9s), 00001/02405 VUs, 19487 complete and 0 interrupted iterations
flash     [  99% ] 00000/02404 VUs  29.7s/30s  0018.66 iters/s
watcher   [  74% ] 1 VUs            29.7s/40s 

running (0m30.9s), 00001/02405 VUs, 19491 complete and 0 interrupted iterations
flash   ✓ [ 100% ] 00000/02404 VUs  30s  0005.00 iters/s
watcher   [  77% ] 1 VUs            30.7s/40s

running (0m31.9s), 00001/02405 VUs, 19492 complete and 0 interrupted iterations
flash   ✓ [ 100% ] 00000/02404 VUs  30s  0005.00 iters/s
watcher   [  79% ] 1 VUs            31.7s/40s

running (0m32.9s), 00001/02405 VUs, 19493 complete and 0 interrupted iterations
flash   ✓ [ 100% ] 00000/02404 VUs  30s  0005.00 iters/s
watcher   [  82% ] 1 VUs            32.7s/40s

running (0m33.9s), 00001/02405 VUs, 19494 complete and 0 interrupted iterations
flash   ✓ [ 100% ] 00000/02404 VUs  30s  0005.00 iters/s
watcher   [  84% ] 1 VUs            33.7s/40s

running (0m34.9s), 00001/02405 VUs, 19495 complete and 0 interrupted iterations
flash   ✓ [ 100% ] 00000/02404 VUs  30s  0005.00 iters/s
watcher   [  87% ] 1 VUs            34.7s/40s

running (0m35.9s), 00001/02405 VUs, 19496 complete and 0 interrupted iterations
flash   ✓ [ 100% ] 00000/02404 VUs  30s  0005.00 iters/s
watcher   [  89% ] 1 VUs            35.7s/40s

running (0m36.9s), 00001/02405 VUs, 19497 complete and 0 interrupted iterations
flash   ✓ [ 100% ] 00000/02404 VUs  30s  0005.00 iters/s
watcher   [  92% ] 1 VUs            36.7s/40s

running (0m37.9s), 00001/02405 VUs, 19498 complete and 0 interrupted iterations
flash   ✓ [ 100% ] 00000/02404 VUs  30s  0005.00 iters/s
watcher   [  94% ] 1 VUs            37.7s/40s

running (0m38.9s), 00001/02405 VUs, 19499 complete and 0 interrupted iterations
flash   ✓ [ 100% ] 00000/02404 VUs  30s  0005.00 iters/s
watcher   [  97% ] 1 VUs            38.7s/40s

running (0m39.9s), 00001/02405 VUs, 19500 complete and 0 interrupted iterations
flash   ✓ [ 100% ] 00000/02404 VUs  30s  0005.00 iters/s
watcher   [  99% ] 1 VUs            39.7s/40s

running (0m40.9s), 00001/02405 VUs, 19501 complete and 0 interrupted iterations
flash   ✓ [ 100% ] 00000/02404 VUs  30s  0005.00 iters/s
watcher ↓ [ 100% ] 1 VUs            40s 
time="2026-09-20T14:16:05-07:00" level=info msg="invariants after the flash sale: PASS" source=console
time="2026-09-20T14:16:05-07:00" level=info msg="final tally for event 327407cd-f81d-4a68-b886-45525c7fcab3 (capacity 5000): 3373 sold, 0 held, 1627 available" source=console

thresholds: PASS willcall_flash_hold_duration: p(99)<5000
            PASS willcall_flash_errors: rate<0.001
            PASS willcall_invariants_held: rate==1
            PASS willcall_flash_server_errors: count==0

running (0m41.1s), 00000/02405 VUs, 19502 complete and 0 interrupted iterations
flash   ✓ [ 100% ] 00000/02404 VUs  30s  0005.00 iters/s
watcher ✓ [ 100% ] 1 VUs            40s 
