
         /\      Grafana   /‾‾/  
    /\  /  \     |\  __   /  /   
   /  \/    \    | |/ /  /   ‾‾\ 
  /          \   |   (  |  (‾)  |
 / __________ \  |_|\_\  \_____/ 


     execution: local
        script: load/scripts/flash.ts
        output: -

     scenarios: (100.00%) 2 scenarios, 12001 max VUs, 1m10s max duration (incl. graceful stop):
              * flash: Up to 1000.00 iterations/s for 30s over 2 stages (maxVUs: 2000-12000, gracefulStop: 30s)
              * watcher: 1 looping VUs for 40s (exec: watchInventory, gracefulStop: 30s)

time="2026-09-20T15:48:06-07:00" level=info msg="flash sale: 10000 buyers arriving in 10s for 5000 seats (event eb0ddad3-dfa6-4740-9ba2-0ed2397a5578)" source=console

running (0m00.9s), 00474/02001 VUs, 108 complete and 0 interrupted iterations
flash     [   2% ] 00473/02000 VUs  00.6s/30s  1000.00 iters/s
watcher   [   2% ] 1 VUs            00.6s/40s 

running (0m01.9s), 01183/02001 VUs, 401 complete and 0 interrupted iterations
flash     [   5% ] 01182/02000 VUs  01.6s/30s  1000.00 iters/s
watcher   [   4% ] 1 VUs            01.6s/40s 

running (0m02.9s), 01841/02001 VUs, 743 complete and 0 interrupted iterations
flash     [   9% ] 01840/02000 VUs  02.6s/30s  1000.00 iters/s
watcher   [   7% ] 1 VUs            02.6s/40s 

running (0m03.9s), 02104/02133 VUs, 1302 complete and 0 interrupted iterations
flash     [  12% ] 02103/02132 VUs  03.6s/30s  1000.00 iters/s
watcher   [   9% ] 1 VUs            03.6s/40s 

running (0m04.9s), 02224/02257 VUs, 2019 complete and 0 interrupted iterations
flash     [  15% ] 02223/02256 VUs  04.6s/30s  1000.00 iters/s
watcher   [  12% ] 1 VUs            04.6s/40s 

running (0m05.9s), 02322/02342 VUs, 2811 complete and 0 interrupted iterations
flash     [  19% ] 02321/02341 VUs  05.6s/30s  1000.00 iters/s
watcher   [  14% ] 1 VUs            05.6s/40s 

running (0m06.9s), 02348/02386 VUs, 3726 complete and 0 interrupted iterations
flash     [  22% ] 02347/02385 VUs  06.6s/30s  1000.00 iters/s
watcher   [  17% ] 1 VUs            06.6s/40s 
time="2026-09-20T15:48:13-07:00" level=info msg="sold out after 7.4 s" source=console

running (0m07.9s), 01917/02404 VUs, 5138 complete and 0 interrupted iterations
flash     [  25% ] 01916/02403 VUs  07.6s/30s  1000.00 iters/s
watcher   [  19% ] 1 VUs            07.6s/40s 

running (0m08.9s), 00518/02404 VUs, 7537 complete and 0 interrupted iterations
flash     [  29% ] 00517/02403 VUs  08.6s/30s  1000.00 iters/s
watcher   [  22% ] 1 VUs            08.6s/40s 

running (0m09.9s), 00014/02404 VUs, 9043 complete and 0 interrupted iterations
flash     [  32% ] 00013/02403 VUs  09.6s/30s  1000.00 iters/s
watcher   [  24% ] 1 VUs            09.6s/40s 

running (0m10.9s), 00011/02404 VUs, 10039 complete and 0 interrupted iterations
flash     [  35% ] 00010/02403 VUs  10.6s/30s  0970.90 iters/s
watcher   [  27% ] 1 VUs            10.6s/40s 

running (0m11.9s), 00011/02404 VUs, 10986 complete and 0 interrupted iterations
flash     [  39% ] 00010/02403 VUs  11.6s/30s  0920.90 iters/s
watcher   [  29% ] 1 VUs            11.6s/40s 

running (0m12.9s), 00009/02404 VUs, 11884 complete and 0 interrupted iterations
flash     [  42% ] 00008/02403 VUs  12.6s/30s  0870.95 iters/s
watcher   [  32% ] 1 VUs            12.6s/40s 

running (0m13.9s), 00008/02404 VUs, 12732 complete and 0 interrupted iterations
flash     [  45% ] 00007/02403 VUs  13.6s/30s  0820.94 iters/s
watcher   [  34% ] 1 VUs            13.6s/40s 

running (0m14.9s), 00008/02404 VUs, 13530 complete and 0 interrupted iterations
flash     [  49% ] 00007/02403 VUs  14.6s/30s  0770.88 iters/s
watcher   [  37% ] 1 VUs            14.6s/40s 

running (0m15.9s), 00007/02404 VUs, 14277 complete and 0 interrupted iterations
flash     [  52% ] 00006/02403 VUs  15.6s/30s  0720.94 iters/s
watcher   [  39% ] 1 VUs            15.6s/40s 

running (0m16.9s), 00007/02404 VUs, 14974 complete and 0 interrupted iterations
flash     [  55% ] 00006/02403 VUs  16.6s/30s  0670.93 iters/s
watcher   [  42% ] 1 VUs            16.6s/40s 

running (0m17.9s), 00006/02404 VUs, 15622 complete and 0 interrupted iterations
flash     [  59% ] 00005/02403 VUs  17.6s/30s  0620.93 iters/s
watcher   [  44% ] 1 VUs            17.6s/40s 

running (0m18.9s), 00007/02404 VUs, 16218 complete and 0 interrupted iterations
flash     [  62% ] 00006/02403 VUs  18.6s/30s  0570.92 iters/s
watcher   [  47% ] 1 VUs            18.6s/40s 

running (0m19.9s), 00006/02404 VUs, 16766 complete and 0 interrupted iterations
flash     [  65% ] 00005/02403 VUs  19.6s/30s  0520.91 iters/s
watcher   [  49% ] 1 VUs            19.6s/40s 

running (0m20.9s), 00005/02404 VUs, 17264 complete and 0 interrupted iterations
flash     [  69% ] 00004/02403 VUs  20.6s/30s  0470.90 iters/s
watcher   [  52% ] 1 VUs            20.6s/40s 

running (0m21.9s), 00005/02404 VUs, 17711 complete and 0 interrupted iterations
flash     [  72% ] 00004/02403 VUs  21.6s/30s  0420.89 iters/s
watcher   [  54% ] 1 VUs            21.6s/40s 

running (0m22.9s), 00004/02404 VUs, 18109 complete and 0 interrupted iterations
flash     [  75% ] 00003/02403 VUs  22.6s/30s  0370.88 iters/s
watcher   [  57% ] 1 VUs            22.6s/40s 

running (0m23.9s), 00004/02404 VUs, 18456 complete and 0 interrupted iterations
flash     [  79% ] 00003/02403 VUs  23.6s/30s  0320.86 iters/s
watcher   [  59% ] 1 VUs            23.6s/40s 

running (0m24.9s), 00004/02404 VUs, 18753 complete and 0 interrupted iterations
flash     [  82% ] 00003/02403 VUs  24.6s/30s  0270.83 iters/s
watcher   [  62% ] 1 VUs            24.6s/40s 

running (0m25.9s), 00002/02404 VUs, 19001 complete and 0 interrupted iterations
flash     [  85% ] 00001/02403 VUs  25.6s/30s  0221.02 iters/s
watcher   [  64% ] 1 VUs            25.6s/40s 

running (0m26.9s), 00001/02404 VUs, 19199 complete and 0 interrupted iterations
flash     [  89% ] 00000/02403 VUs  26.6s/30s  0171.03 iters/s
watcher   [  67% ] 1 VUs            26.6s/40s 

running (0m27.9s), 00001/02404 VUs, 19346 complete and 0 interrupted iterations
flash     [  92% ] 00000/02403 VUs  27.6s/30s  0121.04 iters/s
watcher   [  69% ] 1 VUs            27.6s/40s 

running (0m28.9s), 00001/02404 VUs, 19443 complete and 0 interrupted iterations
flash     [  95% ] 00000/02403 VUs  28.6s/30s  0071.06 iters/s
watcher   [  72% ] 1 VUs            28.6s/40s 

running (0m29.9s), 00001/02404 VUs, 19490 complete and 0 interrupted iterations
flash     [  99% ] 00000/02403 VUs  29.6s/30s  0021.18 iters/s
watcher   [  74% ] 1 VUs            29.6s/40s 

running (0m30.9s), 00001/02404 VUs, 19495 complete and 0 interrupted iterations
flash   ✓ [ 100% ] 00000/02403 VUs  30s  0005.00 iters/s
watcher   [  77% ] 1 VUs            30.6s/40s

running (0m31.9s), 00001/02404 VUs, 19496 complete and 0 interrupted iterations
flash   ✓ [ 100% ] 00000/02403 VUs  30s  0005.00 iters/s
watcher   [  79% ] 1 VUs            31.6s/40s

running (0m32.9s), 00001/02404 VUs, 19497 complete and 0 interrupted iterations
flash   ✓ [ 100% ] 00000/02403 VUs  30s  0005.00 iters/s
watcher   [  82% ] 1 VUs            32.6s/40s

running (0m33.9s), 00001/02404 VUs, 19498 complete and 0 interrupted iterations
flash   ✓ [ 100% ] 00000/02403 VUs  30s  0005.00 iters/s
watcher   [  84% ] 1 VUs            33.6s/40s

running (0m34.9s), 00001/02404 VUs, 19499 complete and 0 interrupted iterations
flash   ✓ [ 100% ] 00000/02403 VUs  30s  0005.00 iters/s
watcher   [  87% ] 1 VUs            34.6s/40s

running (0m35.9s), 00001/02404 VUs, 19500 complete and 0 interrupted iterations
flash   ✓ [ 100% ] 00000/02403 VUs  30s  0005.00 iters/s
watcher   [  89% ] 1 VUs            35.6s/40s

running (0m36.9s), 00001/02404 VUs, 19501 complete and 0 interrupted iterations
flash   ✓ [ 100% ] 00000/02403 VUs  30s  0005.00 iters/s
watcher   [  92% ] 1 VUs            36.6s/40s

running (0m37.9s), 00001/02404 VUs, 19502 complete and 0 interrupted iterations
flash   ✓ [ 100% ] 00000/02403 VUs  30s  0005.00 iters/s
watcher   [  94% ] 1 VUs            37.6s/40s

running (0m38.9s), 00001/02404 VUs, 19503 complete and 0 interrupted iterations
flash   ✓ [ 100% ] 00000/02403 VUs  30s  0005.00 iters/s
watcher   [  97% ] 1 VUs            38.6s/40s

running (0m39.9s), 00001/02404 VUs, 19504 complete and 0 interrupted iterations
flash   ✓ [ 100% ] 00000/02403 VUs  30s  0005.00 iters/s
watcher   [  99% ] 1 VUs            39.6s/40s
time="2026-09-20T15:48:46-07:00" level=info msg="invariants after the flash sale: PASS" source=console
time="2026-09-20T15:48:46-07:00" level=info msg="final tally for event eb0ddad3-dfa6-4740-9ba2-0ed2397a5578 (capacity 5000): 3465 sold, 0 held, 1535 available" source=console

thresholds: PASS willcall_flash_hold_duration: p(99)<5000
            PASS willcall_invariants_held: rate==1
            PASS willcall_flash_errors: rate<0.001
            PASS willcall_flash_server_errors: count==0

running (0m40.7s), 00000/02404 VUs, 19505 complete and 0 interrupted iterations
flash   ✓ [ 100% ] 00000/02403 VUs  30s  0005.00 iters/s
watcher ✓ [ 100% ] 1 VUs            40s 
